ARM GAS  C:\Users\pc\AppData\Local\Temp\cc1J25QT.s 			page 1


   1              		.cpu cortex-m0plus
   2              		.arch armv6s-m
   3              		.fpu softvfp
   4              		.eabi_attribute 20, 1
   5              		.eabi_attribute 21, 1
   6              		.eabi_attribute 23, 3
   7              		.eabi_attribute 24, 1
   8              		.eabi_attribute 25, 1
   9              		.eabi_attribute 26, 1
  10              		.eabi_attribute 30, 1
  11              		.eabi_attribute 34, 0
  12              		.eabi_attribute 18, 4
  13              		.file	"ancs_client.c"
  14              		.text
  15              		.section	.text.ancs_client_notify_ind_cb,"ax",%progbits
  16              		.align	1
  17              		.syntax unified
  18              		.code	16
  19              		.thumb_func
  21              	ancs_client_notify_ind_cb:
  22              		@ args = 4, pretend = 0, frame = 16
  23              		@ frame_needed = 0, uses_anonymous_args = 0
  24 0000 30B5     		push	{r4, r5, lr}
  25 0002 85B0     		sub	sp, sp, #20
  26 0004 0100     		movs	r1, r0
  27 0006 0001     		lsls	r0, r0, #4
  28 0008 124C     		ldr	r4, .L8
  29 000a 2468     		ldr	r4, [r4]
  30 000c 2418     		adds	r4, r4, r0
  31 000e 01A8     		add	r0, sp, #4
  32 0010 0225     		movs	r5, #2
  33 0012 0570     		strb	r5, [r0]
  34 0014 A089     		ldrh	r0, [r4, #12]
  35 0016 9042     		cmp	r0, r2
  36 0018 0AD0     		beq	.L7
  37 001a 2489     		ldrh	r4, [r4, #8]
  38 001c 0020     		movs	r0, #0
  39 001e 9442     		cmp	r4, r2
  40 0020 14D1     		bne	.L4
  41 0022 01AA     		add	r2, sp, #4
  42 0024 0130     		adds	r0, r0, #1
  43 0026 1071     		strb	r0, [r2, #4]
  44 0028 D380     		strh	r3, [r2, #6]
  45 002a 089B     		ldr	r3, [sp, #32]
  46 002c 0393     		str	r3, [sp, #12]
  47 002e 05E0     		b	.L3
  48              	.L7:
  49 0030 01AA     		add	r2, sp, #4
  50 0032 0020     		movs	r0, #0
  51 0034 1071     		strb	r0, [r2, #4]
  52 0036 D380     		strh	r3, [r2, #6]
  53 0038 089B     		ldr	r3, [sp, #32]
  54 003a 0393     		str	r3, [sp, #12]
  55              	.L3:
  56 003c 064B     		ldr	r3, .L8+4
  57 003e 1B68     		ldr	r3, [r3]
  58 0040 002B     		cmp	r3, #0
ARM GAS  C:\Users\pc\AppData\Local\Temp\cc1J25QT.s 			page 2


  59 0042 05D0     		beq	.L6
  60 0044 054A     		ldr	r2, .L8+8
  61 0046 1078     		ldrb	r0, [r2]
  62 0048 01AA     		add	r2, sp, #4
  63 004a 9847     		blx	r3
  64              	.L4:
  65 004c 05B0     		add	sp, sp, #20
  66              		@ sp needed
  67 004e 30BD     		pop	{r4, r5, pc}
  68              	.L6:
  69 0050 0020     		movs	r0, #0
  70 0052 FBE7     		b	.L4
  71              	.L9:
  72              		.align	2
  73              	.L8:
  74 0054 00000000 		.word	.LANCHOR0
  75 0058 00000000 		.word	.LANCHOR1
  76 005c 00000000 		.word	.LANCHOR2
  78              		.section	.text.ancs_client_write_result_cb,"ax",%progbits
  79              		.align	1
  80              		.syntax unified
  81              		.code	16
  82              		.thumb_func
  84              	ancs_client_write_result_cb:
  85              		@ args = 4, pretend = 0, frame = 16
  86              		@ frame_needed = 0, uses_anonymous_args = 0
  87 0000 F0B5     		push	{r4, r5, r6, r7, lr}
  88 0002 CE46     		mov	lr, r9
  89 0004 4746     		mov	r7, r8
  90 0006 80B5     		push	{r7, lr}
  91 0008 87B0     		sub	sp, sp, #28
  92 000a 0700     		movs	r7, r0
  93 000c 1400     		movs	r4, r2
  94 000e 9946     		mov	r9, r3
  95 0010 0301     		lsls	r3, r0, #4
  96 0012 9846     		mov	r8, r3
  97 0014 224B     		ldr	r3, .L19
  98 0016 1D68     		ldr	r5, [r3]
  99 0018 4544     		add	r5, r5, r8
 100 001a 03AE     		add	r6, sp, #12
 101 001c 0122     		movs	r2, #1
 102 001e 3270     		strb	r2, [r6]
 103 0020 4B46     		mov	r3, r9
 104 0022 0093     		str	r3, [sp]
 105 0024 2300     		movs	r3, r4
 106 0026 0132     		adds	r2, r2, #1
 107 0028 1E49     		ldr	r1, .L19+4
 108 002a 1F48     		ldr	r0, .L19+8
 109 002c FFF7FEFF 		bl	log_buffer
 110 0030 4B46     		mov	r3, r9
 111 0032 F380     		strh	r3, [r6, #6]
 112 0034 6B89     		ldrh	r3, [r5, #10]
 113 0036 A342     		cmp	r3, r4
 114 0038 16D0     		beq	.L17
 115 003a EB89     		ldrh	r3, [r5, #14]
 116 003c A342     		cmp	r3, r4
 117 003e 20D0     		beq	.L18
ARM GAS  C:\Users\pc\AppData\Local\Temp\cc1J25QT.s 			page 3


 118 0040 EB88     		ldrh	r3, [r5, #6]
 119 0042 A342     		cmp	r3, r4
 120 0044 0BD1     		bne	.L10
 121 0046 03AB     		add	r3, sp, #12
 122 0048 0422     		movs	r2, #4
 123 004a 1A71     		strb	r2, [r3, #4]
 124              	.L13:
 125 004c 174B     		ldr	r3, .L19+12
 126 004e 1B68     		ldr	r3, [r3]
 127 0050 002B     		cmp	r3, #0
 128 0052 04D0     		beq	.L10
 129 0054 164A     		ldr	r2, .L19+16
 130 0056 1078     		ldrb	r0, [r2]
 131 0058 03AA     		add	r2, sp, #12
 132 005a 3900     		movs	r1, r7
 133 005c 9847     		blx	r3
 134              	.L10:
 135 005e 07B0     		add	sp, sp, #28
 136              		@ sp needed
 137 0060 C0BC     		pop	{r6, r7}
 138 0062 B946     		mov	r9, r7
 139 0064 B046     		mov	r8, r6
 140 0066 F0BD     		pop	{r4, r5, r6, r7, pc}
 141              	.L17:
 142 0068 0D4B     		ldr	r3, .L19
 143 006a 1B68     		ldr	r3, [r3]
 144 006c 4344     		add	r3, r3, r8
 145 006e 5B78     		ldrb	r3, [r3, #1]
 146 0070 002B     		cmp	r3, #0
 147 0072 02D1     		bne	.L12
 148 0074 0122     		movs	r2, #1
 149 0076 3271     		strb	r2, [r6, #4]
 150 0078 E8E7     		b	.L13
 151              	.L12:
 152 007a 03AB     		add	r3, sp, #12
 153 007c 0022     		movs	r2, #0
 154 007e 1A71     		strb	r2, [r3, #4]
 155 0080 E4E7     		b	.L13
 156              	.L18:
 157 0082 074B     		ldr	r3, .L19
 158 0084 1B68     		ldr	r3, [r3]
 159 0086 4344     		add	r3, r3, r8
 160 0088 5B78     		ldrb	r3, [r3, #1]
 161 008a 002B     		cmp	r3, #0
 162 008c 03D1     		bne	.L15
 163 008e 03AB     		add	r3, sp, #12
 164 0090 0322     		movs	r2, #3
 165 0092 1A71     		strb	r2, [r3, #4]
 166 0094 DAE7     		b	.L13
 167              	.L15:
 168 0096 03AB     		add	r3, sp, #12
 169 0098 0222     		movs	r2, #2
 170 009a 1A71     		strb	r2, [r3, #4]
 171 009c D6E7     		b	.L13
 172              	.L20:
 173 009e C046     		.align	2
 174              	.L19:
ARM GAS  C:\Users\pc\AppData\Local\Temp\cc1J25QT.s 			page 4


 175 00a0 00000000 		.word	.LANCHOR0
 176 00a4 00000000 		.word	.LANCHOR3
 177 00a8 02301025 		.word	621817858
 178 00ac 00000000 		.word	.LANCHOR1
 179 00b0 00000000 		.word	.LANCHOR2
 181              		.section	.text.ancs_client_disc_cb,"ax",%progbits
 182              		.align	1
 183              		.syntax unified
 184              		.code	16
 185              		.thumb_func
 187              	ancs_client_disc_cb:
 188              		@ args = 0, pretend = 0, frame = 16
 189              		@ frame_needed = 0, uses_anonymous_args = 0
 190 0000 10B5     		push	{r4, lr}
 191 0002 84B0     		sub	sp, sp, #16
 192 0004 0400     		movs	r4, r0
 193 0006 0D49     		ldr	r1, .L23
 194 0008 0022     		movs	r2, #0
 195 000a 3831     		adds	r1, r1, #56
 196 000c 0C48     		ldr	r0, .L23+4
 197 000e FFF7FEFF 		bl	log_buffer
 198 0012 2301     		lsls	r3, r4, #4
 199 0014 0B4A     		ldr	r2, .L23+8
 200 0016 1068     		ldr	r0, [r2]
 201 0018 C018     		adds	r0, r0, r3
 202 001a 1022     		movs	r2, #16
 203 001c 0021     		movs	r1, #0
 204 001e FFF7FEFF 		bl	memset
 205 0022 094B     		ldr	r3, .L23+12
 206 0024 1B68     		ldr	r3, [r3]
 207 0026 002B     		cmp	r3, #0
 208 0028 06D0     		beq	.L21
 209 002a 01AA     		add	r2, sp, #4
 210 002c 0321     		movs	r1, #3
 211 002e 1170     		strb	r1, [r2]
 212 0030 0649     		ldr	r1, .L23+16
 213 0032 0878     		ldrb	r0, [r1]
 214 0034 2100     		movs	r1, r4
 215 0036 9847     		blx	r3
 216              	.L21:
 217 0038 04B0     		add	sp, sp, #16
 218              		@ sp needed
 219 003a 10BD     		pop	{r4, pc}
 220              	.L24:
 221              		.align	2
 222              	.L23:
 223 003c 00000000 		.word	.LANCHOR3
 224 0040 02301025 		.word	621817858
 225 0044 00000000 		.word	.LANCHOR0
 226 0048 00000000 		.word	.LANCHOR1
 227 004c 00000000 		.word	.LANCHOR2
 229              		.section	.text.ancs_client_discover_result_cb,"ax",%progbits
 230              		.align	1
 231              		.syntax unified
 232              		.code	16
 233              		.thumb_func
 235              	ancs_client_discover_result_cb:
ARM GAS  C:\Users\pc\AppData\Local\Temp\cc1J25QT.s 			page 5


 236              		@ args = 0, pretend = 0, frame = 0
 237              		@ frame_needed = 0, uses_anonymous_args = 0
 238 0000 70B5     		push	{r4, r5, r6, lr}
 239 0002 0400     		movs	r4, r0
 240 0004 0D00     		movs	r5, r1
 241 0006 1600     		movs	r6, r2
 242 0008 1F49     		ldr	r1, .L34
 243 000a 2B00     		movs	r3, r5
 244 000c 0122     		movs	r2, #1
 245 000e 5031     		adds	r1, r1, #80
 246 0010 1E48     		ldr	r0, .L34+4
 247 0012 FFF7FEFF 		bl	log_buffer
 248 0016 2001     		lsls	r0, r4, #4
 249 0018 1D4B     		ldr	r3, .L34+8
 250 001a 1B68     		ldr	r3, [r3]
 251 001c 1C18     		adds	r4, r3, r0
 252 001e 1B5C     		ldrb	r3, [r3, r0]
 253 0020 012B     		cmp	r3, #1
 254 0022 00D0     		beq	.L33
 255              	.L25:
 256              		@ sp needed
 257 0024 70BD     		pop	{r4, r5, r6, pc}
 258              	.L33:
 259 0026 022D     		cmp	r5, #2
 260 0028 07D0     		beq	.L27
 261 002a 042D     		cmp	r5, #4
 262 002c 0AD0     		beq	.L28
 263 002e 0022     		movs	r2, #0
 264 0030 1849     		ldr	r1, .L34+12
 265 0032 1948     		ldr	r0, .L34+16
 266 0034 FFF7FEFF 		bl	log_buffer
 267 0038 F4E7     		b	.L25
 268              	.L27:
 269 003a 3388     		ldrh	r3, [r6]
 270 003c 6380     		strh	r3, [r4, #2]
 271 003e 7388     		ldrh	r3, [r6, #2]
 272 0040 A380     		strh	r3, [r4, #4]
 273 0042 EFE7     		b	.L25
 274              	.L28:
 275 0044 B588     		ldrh	r5, [r6, #4]
 276 0046 0636     		adds	r6, r6, #6
 277 0048 1022     		movs	r2, #16
 278 004a 3100     		movs	r1, r6
 279 004c 1348     		ldr	r0, .L34+20
 280 004e FFF7FEFF 		bl	memcmp
 281 0052 0028     		cmp	r0, #0
 282 0054 01D1     		bne	.L30
 283 0056 E580     		strh	r5, [r4, #6]
 284 0058 E4E7     		b	.L25
 285              	.L30:
 286 005a 1022     		movs	r2, #16
 287 005c 3100     		movs	r1, r6
 288 005e 1048     		ldr	r0, .L34+24
 289 0060 FFF7FEFF 		bl	memcmp
 290 0064 0028     		cmp	r0, #0
 291 0066 03D1     		bne	.L31
 292 0068 2581     		strh	r5, [r4, #8]
ARM GAS  C:\Users\pc\AppData\Local\Temp\cc1J25QT.s 			page 6


 293 006a 0135     		adds	r5, r5, #1
 294 006c 6581     		strh	r5, [r4, #10]
 295 006e D9E7     		b	.L25
 296              	.L31:
 297 0070 1022     		movs	r2, #16
 298 0072 3100     		movs	r1, r6
 299 0074 0B48     		ldr	r0, .L34+28
 300 0076 FFF7FEFF 		bl	memcmp
 301 007a 0028     		cmp	r0, #0
 302 007c D2D1     		bne	.L25
 303 007e A581     		strh	r5, [r4, #12]
 304 0080 0135     		adds	r5, r5, #1
 305 0082 E581     		strh	r5, [r4, #14]
 306 0084 CEE7     		b	.L25
 307              	.L35:
 308 0086 C046     		.align	2
 309              	.L34:
 310 0088 00000000 		.word	.LANCHOR3
 311 008c 02301025 		.word	621817858
 312 0090 00000000 		.word	.LANCHOR0
 313 0094 80000000 		.word	.LANCHOR7
 314 0098 00301025 		.word	621817856
 315 009c 00000000 		.word	.LANCHOR4
 316 00a0 00000000 		.word	.LANCHOR5
 317 00a4 00000000 		.word	.LANCHOR6
 319              		.section	.text.ancs_client_discover_state_cb,"ax",%progbits
 320              		.align	1
 321              		.syntax unified
 322              		.code	16
 323              		.thumb_func
 325              	ancs_client_discover_state_cb:
 326              		@ args = 0, pretend = 0, frame = 16
 327              		@ frame_needed = 0, uses_anonymous_args = 0
 328 0000 70B5     		push	{r4, r5, r6, lr}
 329 0002 84B0     		sub	sp, sp, #16
 330 0004 0500     		movs	r5, r0
 331 0006 0C00     		movs	r4, r1
 332 0008 01AB     		add	r3, sp, #4
 333 000a 0022     		movs	r2, #0
 334 000c 1A70     		strb	r2, [r3]
 335 000e 2849     		ldr	r1, .L46
 336 0010 2300     		movs	r3, r4
 337 0012 0132     		adds	r2, r2, #1
 338 0014 2431     		adds	r1, r1, #36
 339 0016 2748     		ldr	r0, .L46+4
 340 0018 FFF7FEFF 		bl	log_buffer
 341 001c 2E01     		lsls	r6, r5, #4
 342 001e 264B     		ldr	r3, .L46+8
 343 0020 1B68     		ldr	r3, [r3]
 344 0022 9A19     		adds	r2, r3, r6
 345 0024 9B5D     		ldrb	r3, [r3, r6]
 346 0026 012B     		cmp	r3, #1
 347 0028 01D0     		beq	.L44
 348              	.L36:
 349 002a 04B0     		add	sp, sp, #16
 350              		@ sp needed
 351 002c 70BD     		pop	{r4, r5, r6, pc}
ARM GAS  C:\Users\pc\AppData\Local\Temp\cc1J25QT.s 			page 7


 352              	.L44:
 353 002e 062C     		cmp	r4, #6
 354 0030 2AD0     		beq	.L38
 355 0032 0B2C     		cmp	r4, #11
 356 0034 38D0     		beq	.L39
 357 0036 022C     		cmp	r4, #2
 358 0038 06D0     		beq	.L45
 359 003a 1D49     		ldr	r1, .L46
 360 003c 0022     		movs	r2, #0
 361 003e 7831     		adds	r1, r1, #120
 362 0040 1E48     		ldr	r0, .L46+12
 363 0042 FFF7FEFF 		bl	log_buffer
 364 0046 F0E7     		b	.L36
 365              	.L45:
 366 0048 5388     		ldrh	r3, [r2, #2]
 367 004a 002B     		cmp	r3, #0
 368 004c 02D1     		bne	.L41
 369 004e 9388     		ldrh	r3, [r2, #4]
 370 0050 002B     		cmp	r3, #0
 371 0052 16D0     		beq	.L42
 372              	.L41:
 373 0054 1649     		ldr	r1, .L46
 374 0056 0022     		movs	r2, #0
 375 0058 5831     		adds	r1, r1, #88
 376 005a 1648     		ldr	r0, .L46+4
 377 005c FFF7FEFF 		bl	log_buffer
 378 0060 154B     		ldr	r3, .L46+8
 379 0062 1A68     		ldr	r2, [r3]
 380 0064 9219     		adds	r2, r2, r6
 381 0066 9388     		ldrh	r3, [r2, #4]
 382 0068 5288     		ldrh	r2, [r2, #2]
 383 006a 1549     		ldr	r1, .L46+16
 384 006c 0978     		ldrb	r1, [r1]
 385 006e 2800     		movs	r0, r5
 386 0070 FFF7FEFF 		bl	client_all_char_discovery
 387 0074 0028     		cmp	r0, #0
 388 0076 D8D0     		beq	.L36
 389 0078 0F4B     		ldr	r3, .L46+8
 390 007a 1B68     		ldr	r3, [r3]
 391 007c 0322     		movs	r2, #3
 392 007e 9A55     		strb	r2, [r3, r6]
 393 0080 04E0     		b	.L43
 394              	.L42:
 395 0082 0323     		movs	r3, #3
 396 0084 1370     		strb	r3, [r2]
 397 0086 01E0     		b	.L43
 398              	.L38:
 399 0088 0223     		movs	r3, #2
 400 008a 1370     		strb	r3, [r2]
 401              	.L43:
 402 008c 0D4B     		ldr	r3, .L46+20
 403 008e 1B68     		ldr	r3, [r3]
 404 0090 002B     		cmp	r3, #0
 405 0092 CAD0     		beq	.L36
 406 0094 084A     		ldr	r2, .L46+8
 407 0096 1268     		ldr	r2, [r2]
 408 0098 915D     		ldrb	r1, [r2, r6]
ARM GAS  C:\Users\pc\AppData\Local\Temp\cc1J25QT.s 			page 8


 409 009a 01AA     		add	r2, sp, #4
 410 009c 1171     		strb	r1, [r2, #4]
 411 009e 0849     		ldr	r1, .L46+16
 412 00a0 0878     		ldrb	r0, [r1]
 413 00a2 2900     		movs	r1, r5
 414 00a4 9847     		blx	r3
 415 00a6 C0E7     		b	.L36
 416              	.L39:
 417 00a8 0323     		movs	r3, #3
 418 00aa 1370     		strb	r3, [r2]
 419 00ac EEE7     		b	.L43
 420              	.L47:
 421 00ae C046     		.align	2
 422              	.L46:
 423 00b0 80000000 		.word	.LANCHOR7
 424 00b4 02301025 		.word	621817858
 425 00b8 00000000 		.word	.LANCHOR0
 426 00bc 00301025 		.word	621817856
 427 00c0 00000000 		.word	.LANCHOR2
 428 00c4 00000000 		.word	.LANCHOR1
 430              		.section	.text.ancs_search_handle,"ax",%progbits
 431              		.align	1
 432              		.global	ancs_search_handle
 433              		.syntax unified
 434              		.code	16
 435              		.thumb_func
 437              	ancs_search_handle:
 438              		@ args = 0, pretend = 0, frame = 0
 439              		@ frame_needed = 0, uses_anonymous_args = 0
 440 0000 10B5     		push	{r4, lr}
 441 0002 0629     		cmp	r1, #6
 442 0004 0FD8     		bhi	.L51
 443 0006 0D4B     		ldr	r3, .L52
 444 0008 1B68     		ldr	r3, [r3]
 445 000a 0001     		lsls	r0, r0, #4
 446 000c 1818     		adds	r0, r3, r0
 447 000e 4900     		lsls	r1, r1, #1
 448 0010 4018     		adds	r0, r0, r1
 449 0012 4488     		ldrh	r4, [r0, #2]
 450 0014 0A49     		ldr	r1, .L52+4
 451 0016 2300     		movs	r3, r4
 452 0018 0122     		movs	r2, #1
 453 001a 4031     		adds	r1, r1, #64
 454 001c 0948     		ldr	r0, .L52+8
 455 001e FFF7FEFF 		bl	log_buffer
 456              	.L50:
 457 0022 2000     		movs	r0, r4
 458              		@ sp needed
 459 0024 10BD     		pop	{r4, pc}
 460              	.L51:
 461 0026 0648     		ldr	r0, .L52+4
 462 0028 0B00     		movs	r3, r1
 463 002a 0122     		movs	r2, #1
 464 002c 0100     		movs	r1, r0
 465 002e 1431     		adds	r1, r1, #20
 466 0030 0548     		ldr	r0, .L52+12
 467 0032 FFF7FEFF 		bl	log_buffer
ARM GAS  C:\Users\pc\AppData\Local\Temp\cc1J25QT.s 			page 9


 468 0036 0724     		movs	r4, #7
 469 0038 F3E7     		b	.L50
 470              	.L53:
 471 003a C046     		.align	2
 472              	.L52:
 473 003c 00000000 		.word	.LANCHOR0
 474 0040 00010000 		.word	.LANCHOR8
 475 0044 02301025 		.word	621817858
 476 0048 00301025 		.word	621817856
 478              		.section	.text.ancs_start_discovery,"ax",%progbits
 479              		.align	1
 480              		.global	ancs_start_discovery
 481              		.syntax unified
 482              		.code	16
 483              		.thumb_func
 485              	ancs_start_discovery:
 486              		@ args = 0, pretend = 0, frame = 0
 487              		@ frame_needed = 0, uses_anonymous_args = 0
 488 0000 70B5     		push	{r4, r5, r6, lr}
 489 0002 0400     		movs	r4, r0
 490 0004 1349     		ldr	r1, .L58
 491 0006 0022     		movs	r2, #0
 492 0008 6C31     		adds	r1, r1, #108
 493 000a 1348     		ldr	r0, .L58+4
 494 000c FFF7FEFF 		bl	log_buffer
 495 0010 124B     		ldr	r3, .L58+8
 496 0012 1B78     		ldrb	r3, [r3]
 497 0014 A342     		cmp	r3, r4
 498 0016 14D9     		bls	.L57
 499 0018 2301     		lsls	r3, r4, #4
 500 001a 114A     		ldr	r2, .L58+12
 501 001c 1568     		ldr	r5, [r2]
 502 001e ED18     		adds	r5, r5, r3
 503 0020 A81C     		adds	r0, r5, #2
 504 0022 0E22     		movs	r2, #14
 505 0024 0021     		movs	r1, #0
 506 0026 FFF7FEFF 		bl	memset
 507 002a 0123     		movs	r3, #1
 508 002c 2B70     		strb	r3, [r5]
 509 002e 0D4B     		ldr	r3, .L58+16
 510 0030 1978     		ldrb	r1, [r3]
 511 0032 0D4A     		ldr	r2, .L58+20
 512 0034 2000     		movs	r0, r4
 513 0036 FFF7FEFF 		bl	client_by_uuid128_srv_discovery
 514 003a 4342     		rsbs	r3, r0, #0
 515 003c 5841     		adcs	r0, r0, r3
 516 003e C0B2     		uxtb	r0, r0
 517              	.L56:
 518              		@ sp needed
 519 0040 70BD     		pop	{r4, r5, r6, pc}
 520              	.L57:
 521 0042 0A49     		ldr	r1, .L58+24
 522 0044 2300     		movs	r3, r4
 523 0046 0122     		movs	r2, #1
 524 0048 0431     		adds	r1, r1, #4
 525 004a 0948     		ldr	r0, .L58+28
 526 004c FFF7FEFF 		bl	log_buffer
ARM GAS  C:\Users\pc\AppData\Local\Temp\cc1J25QT.s 			page 10


 527 0050 0020     		movs	r0, #0
 528 0052 F5E7     		b	.L56
 529              	.L59:
 530              		.align	2
 531              	.L58:
 532 0054 00010000 		.word	.LANCHOR8
 533 0058 02301025 		.word	621817858
 534 005c 00000000 		.word	.LANCHOR9
 535 0060 00000000 		.word	.LANCHOR0
 536 0064 00000000 		.word	.LANCHOR2
 537 0068 00000000 		.word	.LANCHOR11
 538 006c 80010000 		.word	.LANCHOR10
 539 0070 00331025 		.word	621818624
 541              		.section	.text.ancs_get_hdl_cache,"ax",%progbits
 542              		.align	1
 543              		.global	ancs_get_hdl_cache
 544              		.syntax unified
 545              		.code	16
 546              		.thumb_func
 548              	ancs_get_hdl_cache:
 549              		@ args = 0, pretend = 0, frame = 0
 550              		@ frame_needed = 0, uses_anonymous_args = 0
 551 0000 20B5     		push	{r5, lr}
 552 0002 0D00     		movs	r5, r1
 553 0004 164B     		ldr	r3, .L67
 554 0006 1B78     		ldrb	r3, [r3]
 555 0008 8342     		cmp	r3, r0
 556 000a 11D9     		bls	.L65
 557 000c 0001     		lsls	r0, r0, #4
 558 000e 154B     		ldr	r3, .L67+4
 559 0010 1B68     		ldr	r3, [r3]
 560 0012 1918     		adds	r1, r3, r0
 561 0014 1B5C     		ldrb	r3, [r3, r0]
 562 0016 022B     		cmp	r3, #2
 563 0018 13D1     		bne	.L66
 564 001a 0E2A     		cmp	r2, #14
 565 001c 19D0     		beq	.L64
 566 001e 1249     		ldr	r1, .L67+8
 567 0020 1300     		movs	r3, r2
 568 0022 0122     		movs	r2, #1
 569 0024 1C31     		adds	r1, r1, #28
 570 0026 1148     		ldr	r0, .L67+12
 571 0028 FFF7FEFF 		bl	log_buffer
 572 002c 0020     		movs	r0, #0
 573              	.L62:
 574              		@ sp needed
 575 002e 20BD     		pop	{r5, pc}
 576              	.L65:
 577 0030 0F49     		ldr	r1, .L67+16
 578 0032 0300     		movs	r3, r0
 579 0034 0122     		movs	r2, #1
 580 0036 3831     		adds	r1, r1, #56
 581 0038 0C48     		ldr	r0, .L67+12
 582 003a FFF7FEFF 		bl	log_buffer
 583 003e 0020     		movs	r0, #0
 584 0040 F5E7     		b	.L62
 585              	.L66:
ARM GAS  C:\Users\pc\AppData\Local\Temp\cc1J25QT.s 			page 11


 586 0042 0B49     		ldr	r1, .L67+16
 587 0044 0122     		movs	r2, #1
 588 0046 6C31     		adds	r1, r1, #108
 589 0048 0848     		ldr	r0, .L67+12
 590 004a FFF7FEFF 		bl	log_buffer
 591 004e 0020     		movs	r0, #0
 592 0050 EDE7     		b	.L62
 593              	.L64:
 594 0052 0231     		adds	r1, r1, #2
 595 0054 0E22     		movs	r2, #14
 596 0056 2800     		movs	r0, r5
 597 0058 FFF7FEFF 		bl	memcpy
 598 005c 0120     		movs	r0, #1
 599 005e E6E7     		b	.L62
 600              	.L68:
 601              		.align	2
 602              	.L67:
 603 0060 00000000 		.word	.LANCHOR9
 604 0064 00000000 		.word	.LANCHOR0
 605 0068 00020000 		.word	.LANCHOR12
 606 006c 00331025 		.word	621818624
 607 0070 80010000 		.word	.LANCHOR10
 609              		.section	.text.ancs_set_hdl_cache,"ax",%progbits
 610              		.align	1
 611              		.global	ancs_set_hdl_cache
 612              		.syntax unified
 613              		.code	16
 614              		.thumb_func
 616              	ancs_set_hdl_cache:
 617              		@ args = 0, pretend = 0, frame = 0
 618              		@ frame_needed = 0, uses_anonymous_args = 0
 619 0000 10B5     		push	{r4, lr}
 620 0002 174B     		ldr	r3, .L76
 621 0004 1B78     		ldrb	r3, [r3]
 622 0006 8342     		cmp	r3, r0
 623 0008 11D9     		bls	.L74
 624 000a 0001     		lsls	r0, r0, #4
 625 000c 154B     		ldr	r3, .L76+4
 626 000e 1B68     		ldr	r3, [r3]
 627 0010 1C18     		adds	r4, r3, r0
 628 0012 1B5C     		ldrb	r3, [r3, r0]
 629 0014 002B     		cmp	r3, #0
 630 0016 13D1     		bne	.L75
 631 0018 0E2A     		cmp	r2, #14
 632 001a 18D0     		beq	.L73
 633 001c 1249     		ldr	r1, .L76+8
 634 001e 1300     		movs	r3, r2
 635 0020 0122     		movs	r2, #1
 636 0022 3031     		adds	r1, r1, #48
 637 0024 1148     		ldr	r0, .L76+12
 638 0026 FFF7FEFF 		bl	log_buffer
 639 002a 0020     		movs	r0, #0
 640              	.L71:
 641              		@ sp needed
 642 002c 10BD     		pop	{r4, pc}
 643              	.L74:
 644 002e 1049     		ldr	r1, .L76+16
ARM GAS  C:\Users\pc\AppData\Local\Temp\cc1J25QT.s 			page 12


 645 0030 0300     		movs	r3, r0
 646 0032 0122     		movs	r2, #1
 647 0034 4C31     		adds	r1, r1, #76
 648 0036 0D48     		ldr	r0, .L76+12
 649 0038 FFF7FEFF 		bl	log_buffer
 650 003c 0020     		movs	r0, #0
 651 003e F5E7     		b	.L71
 652              	.L75:
 653 0040 0122     		movs	r2, #1
 654 0042 0949     		ldr	r1, .L76+8
 655 0044 0948     		ldr	r0, .L76+12
 656 0046 FFF7FEFF 		bl	log_buffer
 657 004a 0020     		movs	r0, #0
 658 004c EEE7     		b	.L71
 659              	.L73:
 660 004e A01C     		adds	r0, r4, #2
 661 0050 0E22     		movs	r2, #14
 662 0052 FFF7FEFF 		bl	memcpy
 663 0056 0223     		movs	r3, #2
 664 0058 2370     		strb	r3, [r4]
 665 005a 0120     		movs	r0, #1
 666 005c E6E7     		b	.L71
 667              	.L77:
 668 005e C046     		.align	2
 669              	.L76:
 670 0060 00000000 		.word	.LANCHOR9
 671 0064 00000000 		.word	.LANCHOR0
 672 0068 80020000 		.word	.LANCHOR13
 673 006c 00331025 		.word	621818624
 674 0070 00020000 		.word	.LANCHOR12
 676              		.section	.text.ancs_set_notification_source_notify,"ax",%progbits
 677              		.align	1
 678              		.global	ancs_set_notification_source_notify
 679              		.syntax unified
 680              		.code	16
 681              		.thumb_func
 683              	ancs_set_notification_source_notify:
 684              		@ args = 0, pretend = 0, frame = 8
 685              		@ frame_needed = 0, uses_anonymous_args = 0
 686 0000 70B5     		push	{r4, r5, r6, lr}
 687 0002 84B0     		sub	sp, sp, #16
 688 0004 0400     		movs	r4, r0
 689 0006 0D00     		movs	r5, r1
 690 0008 164B     		ldr	r3, .L85
 691 000a 1B78     		ldrb	r3, [r3]
 692 000c 8342     		cmp	r3, r0
 693 000e 09D9     		bls	.L83
 694 0010 0601     		lsls	r6, r0, #4
 695 0012 154B     		ldr	r3, .L85+4
 696 0014 1B68     		ldr	r3, [r3]
 697 0016 9B19     		adds	r3, r3, r6
 698 0018 5B89     		ldrh	r3, [r3, #10]
 699 001a 0020     		movs	r0, #0
 700 001c 002B     		cmp	r3, #0
 701 001e 0AD1     		bne	.L84
 702              	.L80:
 703 0020 04B0     		add	sp, sp, #16
ARM GAS  C:\Users\pc\AppData\Local\Temp\cc1J25QT.s 			page 13


 704              		@ sp needed
 705 0022 70BD     		pop	{r4, r5, r6, pc}
 706              	.L83:
 707 0024 1149     		ldr	r1, .L85+8
 708 0026 0300     		movs	r3, r0
 709 0028 0122     		movs	r2, #1
 710 002a 6031     		adds	r1, r1, #96
 711 002c 1048     		ldr	r0, .L85+12
 712 002e FFF7FEFF 		bl	log_buffer
 713 0032 0020     		movs	r0, #0
 714 0034 F4E7     		b	.L80
 715              	.L84:
 716 0036 0E22     		movs	r2, #14
 717 0038 6A44     		add	r2, r2, sp
 718 003a 1180     		strh	r1, [r2]
 719 003c 0D49     		ldr	r1, .L85+16
 720 003e 0978     		ldrb	r1, [r1]
 721 0040 0192     		str	r2, [sp, #4]
 722 0042 0222     		movs	r2, #2
 723 0044 0092     		str	r2, [sp]
 724 0046 013A     		subs	r2, r2, #1
 725 0048 2000     		movs	r0, r4
 726 004a FFF7FEFF 		bl	client_attr_write
 727 004e 0300     		movs	r3, r0
 728 0050 0020     		movs	r0, #0
 729 0052 002B     		cmp	r3, #0
 730 0054 E4D1     		bne	.L80
 731 0056 044B     		ldr	r3, .L85+4
 732 0058 1B68     		ldr	r3, [r3]
 733 005a 9E19     		adds	r6, r3, r6
 734 005c 7570     		strb	r5, [r6, #1]
 735 005e 0130     		adds	r0, r0, #1
 736 0060 DEE7     		b	.L80
 737              	.L86:
 738 0062 C046     		.align	2
 739              	.L85:
 740 0064 00000000 		.word	.LANCHOR9
 741 0068 00000000 		.word	.LANCHOR0
 742 006c 80020000 		.word	.LANCHOR13
 743 0070 00331025 		.word	621818624
 744 0074 00000000 		.word	.LANCHOR2
 746              		.section	.text.ancs_set_data_source_notify,"ax",%progbits
 747              		.align	1
 748              		.global	ancs_set_data_source_notify
 749              		.syntax unified
 750              		.code	16
 751              		.thumb_func
 753              	ancs_set_data_source_notify:
 754              		@ args = 0, pretend = 0, frame = 8
 755              		@ frame_needed = 0, uses_anonymous_args = 0
 756 0000 70B5     		push	{r4, r5, r6, lr}
 757 0002 84B0     		sub	sp, sp, #16
 758 0004 0400     		movs	r4, r0
 759 0006 0D00     		movs	r5, r1
 760 0008 164B     		ldr	r3, .L94
 761 000a 1B78     		ldrb	r3, [r3]
 762 000c 8342     		cmp	r3, r0
ARM GAS  C:\Users\pc\AppData\Local\Temp\cc1J25QT.s 			page 14


 763 000e 09D9     		bls	.L92
 764 0010 0601     		lsls	r6, r0, #4
 765 0012 154B     		ldr	r3, .L94+4
 766 0014 1B68     		ldr	r3, [r3]
 767 0016 9B19     		adds	r3, r3, r6
 768 0018 DB89     		ldrh	r3, [r3, #14]
 769 001a 0020     		movs	r0, #0
 770 001c 002B     		cmp	r3, #0
 771 001e 0AD1     		bne	.L93
 772              	.L89:
 773 0020 04B0     		add	sp, sp, #16
 774              		@ sp needed
 775 0022 70BD     		pop	{r4, r5, r6, pc}
 776              	.L92:
 777 0024 1149     		ldr	r1, .L94+8
 778 0026 0300     		movs	r3, r0
 779 0028 0122     		movs	r2, #1
 780 002a 2431     		adds	r1, r1, #36
 781 002c 1048     		ldr	r0, .L94+12
 782 002e FFF7FEFF 		bl	log_buffer
 783 0032 0020     		movs	r0, #0
 784 0034 F4E7     		b	.L89
 785              	.L93:
 786 0036 0E22     		movs	r2, #14
 787 0038 6A44     		add	r2, r2, sp
 788 003a 1180     		strh	r1, [r2]
 789 003c 0D49     		ldr	r1, .L94+16
 790 003e 0978     		ldrb	r1, [r1]
 791 0040 0192     		str	r2, [sp, #4]
 792 0042 0222     		movs	r2, #2
 793 0044 0092     		str	r2, [sp]
 794 0046 013A     		subs	r2, r2, #1
 795 0048 2000     		movs	r0, r4
 796 004a FFF7FEFF 		bl	client_attr_write
 797 004e 0300     		movs	r3, r0
 798 0050 0020     		movs	r0, #0
 799 0052 002B     		cmp	r3, #0
 800 0054 E4D1     		bne	.L89
 801 0056 044B     		ldr	r3, .L94+4
 802 0058 1B68     		ldr	r3, [r3]
 803 005a 9E19     		adds	r6, r3, r6
 804 005c 7570     		strb	r5, [r6, #1]
 805 005e 0130     		adds	r0, r0, #1
 806 0060 DEE7     		b	.L89
 807              	.L95:
 808 0062 C046     		.align	2
 809              	.L94:
 810 0064 00000000 		.word	.LANCHOR9
 811 0068 00000000 		.word	.LANCHOR0
 812 006c 00030000 		.word	.LANCHOR14
 813 0070 00331025 		.word	621818624
 814 0074 00000000 		.word	.LANCHOR2
 816              		.section	.text.ancs_get_notification_attr,"ax",%progbits
 817              		.align	1
 818              		.global	ancs_get_notification_attr
 819              		.syntax unified
 820              		.code	16
ARM GAS  C:\Users\pc\AppData\Local\Temp\cc1J25QT.s 			page 15


 821              		.thumb_func
 823              	ancs_get_notification_attr:
 824              		@ args = 0, pretend = 0, frame = 40
 825              		@ frame_needed = 0, uses_anonymous_args = 0
 826 0000 F0B5     		push	{r4, r5, r6, r7, lr}
 827 0002 8DB0     		sub	sp, sp, #52
 828 0004 0400     		movs	r4, r0
 829 0006 0391     		str	r1, [sp, #12]
 830 0008 0292     		str	r2, [sp, #8]
 831 000a 1D00     		movs	r5, r3
 832 000c 1B4B     		ldr	r3, .L103
 833 000e 1B78     		ldrb	r3, [r3]
 834 0010 8342     		cmp	r3, r0
 835 0012 0BD9     		bls	.L101
 836 0014 192D     		cmp	r5, #25
 837 0016 2FD8     		bhi	.L99
 838 0018 0201     		lsls	r2, r0, #4
 839 001a 194B     		ldr	r3, .L103+4
 840 001c 1E68     		ldr	r6, [r3]
 841 001e B618     		adds	r6, r6, r2
 842 0020 F388     		ldrh	r3, [r6, #6]
 843 0022 0020     		movs	r0, #0
 844 0024 002B     		cmp	r3, #0
 845 0026 0AD1     		bne	.L102
 846              	.L98:
 847 0028 0DB0     		add	sp, sp, #52
 848              		@ sp needed
 849 002a F0BD     		pop	{r4, r5, r6, r7, pc}
 850              	.L101:
 851 002c 1549     		ldr	r1, .L103+8
 852 002e 0300     		movs	r3, r0
 853 0030 0122     		movs	r2, #1
 854 0032 6031     		adds	r1, r1, #96
 855 0034 1448     		ldr	r0, .L103+12
 856 0036 FFF7FEFF 		bl	log_buffer
 857 003a 0020     		movs	r0, #0
 858 003c F4E7     		b	.L98
 859              	.L102:
 860 003e 04AF     		add	r7, sp, #16
 861 0040 0023     		movs	r3, #0
 862 0042 3B70     		strb	r3, [r7]
 863 0044 0422     		movs	r2, #4
 864 0046 03A9     		add	r1, sp, #12
 865 0048 1130     		adds	r0, r0, #17
 866 004a 6844     		add	r0, r0, sp
 867 004c FFF7FEFF 		bl	memcpy
 868 0050 2A00     		movs	r2, r5
 869 0052 0299     		ldr	r1, [sp, #8]
 870 0054 1520     		movs	r0, #21
 871 0056 6844     		add	r0, r0, sp
 872 0058 FFF7FEFF 		bl	memcpy
 873 005c F388     		ldrh	r3, [r6, #6]
 874 005e 0B4A     		ldr	r2, .L103+16
 875 0060 1178     		ldrb	r1, [r2]
 876 0062 0197     		str	r7, [sp, #4]
 877 0064 0535     		adds	r5, r5, #5
 878 0066 0095     		str	r5, [sp]
ARM GAS  C:\Users\pc\AppData\Local\Temp\cc1J25QT.s 			page 16


 879 0068 0122     		movs	r2, #1
 880 006a 2000     		movs	r0, r4
 881 006c FFF7FEFF 		bl	client_attr_write
 882 0070 4342     		rsbs	r3, r0, #0
 883 0072 5841     		adcs	r0, r0, r3
 884 0074 C0B2     		uxtb	r0, r0
 885 0076 D7E7     		b	.L98
 886              	.L99:
 887 0078 0020     		movs	r0, #0
 888 007a D5E7     		b	.L98
 889              	.L104:
 890              		.align	2
 891              	.L103:
 892 007c 00000000 		.word	.LANCHOR9
 893 0080 00000000 		.word	.LANCHOR0
 894 0084 00030000 		.word	.LANCHOR14
 895 0088 00331025 		.word	621818624
 896 008c 00000000 		.word	.LANCHOR2
 898              		.section	.text.ancs_get_app_attr,"ax",%progbits
 899              		.align	1
 900              		.global	ancs_get_app_attr
 901              		.syntax unified
 902              		.code	16
 903              		.thumb_func
 905              	ancs_get_app_attr:
 906              		@ args = 0, pretend = 0, frame = 8
 907              		@ frame_needed = 0, uses_anonymous_args = 0
 908 0000 F0B5     		push	{r4, r5, r6, r7, lr}
 909 0002 C646     		mov	lr, r8
 910 0004 00B5     		push	{lr}
 911 0006 84B0     		sub	sp, sp, #16
 912 0008 0400     		movs	r4, r0
 913 000a 8846     		mov	r8, r1
 914 000c 0392     		str	r2, [sp, #12]
 915 000e 0293     		str	r3, [sp, #8]
 916 0010 2F4B     		ldr	r3, .L113
 917 0012 1B78     		ldrb	r3, [r3]
 918 0014 8342     		cmp	r3, r0
 919 0016 0CD9     		bls	.L110
 920 0018 0501     		lsls	r5, r0, #4
 921 001a 2E4B     		ldr	r3, .L113+4
 922 001c 1B68     		ldr	r3, [r3]
 923 001e 5B19     		adds	r3, r3, r5
 924 0020 DB88     		ldrh	r3, [r3, #6]
 925 0022 0027     		movs	r7, #0
 926 0024 002B     		cmp	r3, #0
 927 0026 0DD1     		bne	.L111
 928              	.L107:
 929 0028 3800     		movs	r0, r7
 930 002a 04B0     		add	sp, sp, #16
 931              		@ sp needed
 932 002c 80BC     		pop	{r7}
 933 002e B846     		mov	r8, r7
 934 0030 F0BD     		pop	{r4, r5, r6, r7, pc}
 935              	.L110:
 936 0032 2949     		ldr	r1, .L113+8
 937 0034 0300     		movs	r3, r0
ARM GAS  C:\Users\pc\AppData\Local\Temp\cc1J25QT.s 			page 17


 938 0036 0122     		movs	r2, #1
 939 0038 1C31     		adds	r1, r1, #28
 940 003a 2848     		ldr	r0, .L113+12
 941 003c FFF7FEFF 		bl	log_buffer
 942 0040 0027     		movs	r7, #0
 943 0042 F1E7     		b	.L107
 944              	.L111:
 945 0044 0800     		movs	r0, r1
 946 0046 FFF7FEFF 		bl	strlen
 947 004a 029B     		ldr	r3, [sp, #8]
 948 004c 0233     		adds	r3, r3, #2
 949 004e 1B18     		adds	r3, r3, r0
 950 0050 9FB2     		uxth	r7, r3
 951 0052 A323     		movs	r3, #163
 952 0054 5B00     		lsls	r3, r3, #1
 953 0056 224A     		ldr	r2, .L113+16
 954 0058 3900     		movs	r1, r7
 955 005a 0020     		movs	r0, #0
 956 005c FFF7FEFF 		bl	os_mem_zalloc_intern
 957 0060 061E     		subs	r6, r0, #0
 958 0062 2BD0     		beq	.L112
 959 0064 0123     		movs	r3, #1
 960 0066 0370     		strb	r3, [r0]
 961 0068 4046     		mov	r0, r8
 962 006a FFF7FEFF 		bl	strlen
 963 006e 0200     		movs	r2, r0
 964 0070 701C     		adds	r0, r6, #1
 965 0072 4146     		mov	r1, r8
 966 0074 FFF7FEFF 		bl	memcpy
 967 0078 4046     		mov	r0, r8
 968 007a FFF7FEFF 		bl	strlen
 969 007e 80B2     		uxth	r0, r0
 970 0080 431C     		adds	r3, r0, #1
 971 0082 9BB2     		uxth	r3, r3
 972 0084 0022     		movs	r2, #0
 973 0086 F254     		strb	r2, [r6, r3]
 974 0088 0230     		adds	r0, r0, #2
 975 008a 80B2     		uxth	r0, r0
 976 008c 3018     		adds	r0, r6, r0
 977 008e 029A     		ldr	r2, [sp, #8]
 978 0090 0399     		ldr	r1, [sp, #12]
 979 0092 FFF7FEFF 		bl	memcpy
 980 0096 0F4B     		ldr	r3, .L113+4
 981 0098 1B68     		ldr	r3, [r3]
 982 009a 5B19     		adds	r3, r3, r5
 983 009c DB88     		ldrh	r3, [r3, #6]
 984 009e 114A     		ldr	r2, .L113+20
 985 00a0 1178     		ldrb	r1, [r2]
 986 00a2 0196     		str	r6, [sp, #4]
 987 00a4 0097     		str	r7, [sp]
 988 00a6 0122     		movs	r2, #1
 989 00a8 2000     		movs	r0, r4
 990 00aa FFF7FEFF 		bl	client_attr_write
 991 00ae 4342     		rsbs	r3, r0, #0
 992 00b0 5841     		adcs	r0, r0, r3
 993 00b2 C7B2     		uxtb	r7, r0
 994 00b4 3000     		movs	r0, r6
ARM GAS  C:\Users\pc\AppData\Local\Temp\cc1J25QT.s 			page 18


 995 00b6 FFF7FEFF 		bl	os_mem_free
 996 00ba B5E7     		b	.L107
 997              	.L112:
 998 00bc 0649     		ldr	r1, .L113+8
 999 00be 0097     		str	r7, [sp]
 1000 00c0 2300     		movs	r3, r4
 1001 00c2 0222     		movs	r2, #2
 1002 00c4 4C31     		adds	r1, r1, #76
 1003 00c6 0548     		ldr	r0, .L113+12
 1004 00c8 FFF7FEFF 		bl	log_buffer
 1005 00cc 0027     		movs	r7, #0
 1006 00ce ABE7     		b	.L107
 1007              	.L114:
 1008              		.align	2
 1009              	.L113:
 1010 00d0 00000000 		.word	.LANCHOR9
 1011 00d4 00000000 		.word	.LANCHOR0
 1012 00d8 80030000 		.word	.LANCHOR15
 1013 00dc 00331025 		.word	621818624
 1014 00e0 00000000 		.word	.LANCHOR16
 1015 00e4 00000000 		.word	.LANCHOR2
 1017              		.section	.text.ancs_perform_notification_action,"ax",%progbits
 1018              		.align	1
 1019              		.global	ancs_perform_notification_action
 1020              		.syntax unified
 1021              		.code	16
 1022              		.thumb_func
 1024              	ancs_perform_notification_action:
 1025              		@ args = 0, pretend = 0, frame = 24
 1026              		@ frame_needed = 0, uses_anonymous_args = 0
 1027 0000 F0B5     		push	{r4, r5, r6, r7, lr}
 1028 0002 89B0     		sub	sp, sp, #36
 1029 0004 0400     		movs	r4, r0
 1030 0006 0391     		str	r1, [sp, #12]
 1031 0008 1500     		movs	r5, r2
 1032 000a 174B     		ldr	r3, .L121
 1033 000c 1B78     		ldrb	r3, [r3]
 1034 000e 8342     		cmp	r3, r0
 1035 0010 09D9     		bls	.L119
 1036 0012 164B     		ldr	r3, .L121+4
 1037 0014 1B68     		ldr	r3, [r3]
 1038 0016 0201     		lsls	r2, r0, #4
 1039 0018 9B18     		adds	r3, r3, r2
 1040 001a DE88     		ldrh	r6, [r3, #6]
 1041 001c 0020     		movs	r0, #0
 1042 001e 002E     		cmp	r6, #0
 1043 0020 0AD1     		bne	.L120
 1044              	.L117:
 1045 0022 09B0     		add	sp, sp, #36
 1046              		@ sp needed
 1047 0024 F0BD     		pop	{r4, r5, r6, r7, pc}
 1048              	.L119:
 1049 0026 1249     		ldr	r1, .L121+8
 1050 0028 0300     		movs	r3, r0
 1051 002a 0122     		movs	r2, #1
 1052 002c 0C31     		adds	r1, r1, #12
 1053 002e 1148     		ldr	r0, .L121+12
ARM GAS  C:\Users\pc\AppData\Local\Temp\cc1J25QT.s 			page 19


 1054 0030 FFF7FEFF 		bl	log_buffer
 1055 0034 0020     		movs	r0, #0
 1056 0036 F4E7     		b	.L117
 1057              	.L120:
 1058 0038 05AF     		add	r7, sp, #20
 1059 003a 0223     		movs	r3, #2
 1060 003c 3B70     		strb	r3, [r7]
 1061 003e 0422     		movs	r2, #4
 1062 0040 03A9     		add	r1, sp, #12
 1063 0042 1530     		adds	r0, r0, #21
 1064 0044 6844     		add	r0, r0, sp
 1065 0046 FFF7FEFF 		bl	memcpy
 1066 004a 7D71     		strb	r5, [r7, #5]
 1067 004c 0A4B     		ldr	r3, .L121+16
 1068 004e 1978     		ldrb	r1, [r3]
 1069 0050 0197     		str	r7, [sp, #4]
 1070 0052 0623     		movs	r3, #6
 1071 0054 0093     		str	r3, [sp]
 1072 0056 3300     		movs	r3, r6
 1073 0058 0122     		movs	r2, #1
 1074 005a 2000     		movs	r0, r4
 1075 005c FFF7FEFF 		bl	client_attr_write
 1076 0060 4342     		rsbs	r3, r0, #0
 1077 0062 5841     		adcs	r0, r0, r3
 1078 0064 C0B2     		uxtb	r0, r0
 1079 0066 DCE7     		b	.L117
 1080              	.L122:
 1081              		.align	2
 1082              	.L121:
 1083 0068 00000000 		.word	.LANCHOR9
 1084 006c 00000000 		.word	.LANCHOR0
 1085 0070 00040000 		.word	.LANCHOR17
 1086 0074 00331025 		.word	621818624
 1087 0078 00000000 		.word	.LANCHOR2
 1089              		.section	.text.ancs_add_client,"ax",%progbits
 1090              		.align	1
 1091              		.global	ancs_add_client
 1092              		.syntax unified
 1093              		.code	16
 1094              		.thumb_func
 1096              	ancs_add_client:
 1097              		@ args = 0, pretend = 0, frame = 0
 1098              		@ frame_needed = 0, uses_anonymous_args = 0
 1099 0000 70B5     		push	{r4, r5, r6, lr}
 1100 0002 0500     		movs	r5, r0
 1101 0004 0C00     		movs	r4, r1
 1102 0006 0429     		cmp	r1, #4
 1103 0008 1BD8     		bhi	.L127
 1104 000a 1849     		ldr	r1, .L129
 1105 000c 1848     		ldr	r0, .L129+4
 1106 000e FFF7FEFF 		bl	client_register_spec_client_cb
 1107 0012 0028     		cmp	r0, #0
 1108 0014 1ED0     		beq	.L128
 1109 0016 164E     		ldr	r6, .L129+4
 1110 0018 3378     		ldrb	r3, [r6]
 1111 001a 1649     		ldr	r1, .L129+8
 1112 001c 0122     		movs	r2, #1
ARM GAS  C:\Users\pc\AppData\Local\Temp\cc1J25QT.s 			page 20


 1113 001e 1031     		adds	r1, r1, #16
 1114 0020 1548     		ldr	r0, .L129+12
 1115 0022 FFF7FEFF 		bl	log_buffer
 1116 0026 154B     		ldr	r3, .L129+16
 1117 0028 1D60     		str	r5, [r3]
 1118 002a 154B     		ldr	r3, .L129+20
 1119 002c 1C70     		strb	r4, [r3]
 1120 002e 2101     		lsls	r1, r4, #4
 1121 0030 144B     		ldr	r3, .L129+24
 1122 0032 154A     		ldr	r2, .L129+28
 1123 0034 0020     		movs	r0, #0
 1124 0036 FFF7FEFF 		bl	os_mem_zalloc_intern
 1125 003a 144B     		ldr	r3, .L129+32
 1126 003c 1860     		str	r0, [r3]
 1127 003e 3078     		ldrb	r0, [r6]
 1128              	.L125:
 1129              		@ sp needed
 1130 0040 70BD     		pop	{r4, r5, r6, pc}
 1131              	.L127:
 1132 0042 1349     		ldr	r1, .L129+36
 1133 0044 2300     		movs	r3, r4
 1134 0046 0122     		movs	r2, #1
 1135 0048 4C31     		adds	r1, r1, #76
 1136 004a 1248     		ldr	r0, .L129+40
 1137 004c FFF7FEFF 		bl	log_buffer
 1138 0050 FF20     		movs	r0, #255
 1139 0052 F5E7     		b	.L125
 1140              	.L128:
 1141 0054 064C     		ldr	r4, .L129+4
 1142 0056 FF23     		movs	r3, #255
 1143 0058 2370     		strb	r3, [r4]
 1144 005a 0D49     		ldr	r1, .L129+36
 1145 005c 0022     		movs	r2, #0
 1146 005e 7431     		adds	r1, r1, #116
 1147 0060 0D48     		ldr	r0, .L129+44
 1148 0062 FFF7FEFF 		bl	log_buffer
 1149 0066 2078     		ldrb	r0, [r4]
 1150 0068 EAE7     		b	.L125
 1151              	.L130:
 1152 006a C046     		.align	2
 1153              	.L129:
 1154 006c 00000000 		.word	.LANCHOR18
 1155 0070 00000000 		.word	.LANCHOR2
 1156 0074 80040000 		.word	.LANCHOR19
 1157 0078 02301025 		.word	621817858
 1158 007c 00000000 		.word	.LANCHOR1
 1159 0080 00000000 		.word	.LANCHOR9
 1160 0084 A5020000 		.word	677
 1161 0088 00000000 		.word	.LANCHOR20
 1162 008c 00000000 		.word	.LANCHOR0
 1163 0090 00040000 		.word	.LANCHOR17
 1164 0094 00331025 		.word	621818624
 1165 0098 00301025 		.word	621817856
 1167              		.global	ancs_cbs
 1168              		.global	ANCS_UUID128_CHAR_DATA_SOURCE
 1169              		.global	ANCS_UUID128_CHAR_NOTIFICATION_SOURCE
 1170              		.global	ANCS_UUID128_CHAR_CONTROL_POINT
ARM GAS  C:\Users\pc\AppData\Local\Temp\cc1J25QT.s 			page 21


 1171              		.global	ANCS_UUID128_SRV
 1172              		.section	.TRACE,"a"
 1173              		.align	2
 1174              		.set	.LANCHOR3,. + 0
 1175              		.set	.LANCHOR7,. + 128
 1176              		.set	.LANCHOR8,. + 256
 1177              		.set	.LANCHOR10,. + 384
 1178              		.set	.LANCHOR12,. + 512
 1179              		.set	.LANCHOR13,. + 640
 1180              		.set	.LANCHOR14,. + 768
 1181              		.set	.LANCHOR15,. + 896
 1182              		.set	.LANCHOR17,. + 1024
 1183              		.set	.LANCHOR19,. + 1152
 1186              	format.6:
 1187 0000 212A2A61 		.ascii	"!**ancs_client_write_result_cb: handle 0x%x, cause "
 1187      6E63735F 
 1187      636C6965 
 1187      6E745F77 
 1187      72697465 
 1188 0033 30782578 		.ascii	"0x%x\000"
 1188      00
 1191              	format.5:
 1192 0038 212A2A67 		.ascii	"!**gap_client_disc_cb.\000"
 1192      61705F63 
 1192      6C69656E 
 1192      745F6469 
 1192      73635F63 
 1193 004f 00       		.space	1
 1196              	format.8:
 1197 0050 212A2A67 		.ascii	"!**gap_client_discover_result_cb: resultType %d\000"
 1197      61705F63 
 1197      6C69656E 
 1197      745F6469 
 1197      73636F76 
 1200              	format.7:
 1201 0080 21212149 		.ascii	"!!!Invalid Discovery Result Type!\000"
 1201      6E76616C 
 1201      69642044 
 1201      6973636F 
 1201      76657279 
 1202 00a2 0000     		.space	2
 1205              	format.10:
 1206 00a4 212A2A61 		.ascii	"!**ancs_client_discover_state_cb: discoveryState %d"
 1206      6E63735F 
 1206      636C6965 
 1206      6E745F64 
 1206      6973636F 
 1207 00d7 00       		.ascii	"\000"
 1210              	format.23:
 1211 00d8 212A2A61 		.ascii	"!**ancs_start_char_discovery\000"
 1211      6E63735F 
 1211      73746172 
 1211      745F6368 
 1211      61725F64 
 1212 00f5 000000   		.space	3
 1215              	format.9:
 1216 00f8 21212149 		.ascii	"!!!Invalid Discovery State!\000"
ARM GAS  C:\Users\pc\AppData\Local\Temp\cc1J25QT.s 			page 22


 1216      6E76616C 
 1216      69642044 
 1216      6973636F 
 1216      76657279 
 1219              	format.27:
 1220 0114 21212161 		.ascii	"!!!ancs_search_handle: no handle_type %d\000"
 1220      6E63735F 
 1220      73656172 
 1220      63685F68 
 1220      616E646C 
 1221 013d 000000   		.space	3
 1224              	format.26:
 1225 0140 212A2A61 		.ascii	"!**ancs_search_handle: ancs handle 0x%08x\000"
 1225      6E63735F 
 1225      73656172 
 1225      63685F68 
 1225      616E646C 
 1226 016a 0000     		.space	2
 1229              	format.25:
 1230 016c 212A2A61 		.ascii	"!**ancs_start_discovery\000"
 1230      6E63735F 
 1230      73746172 
 1230      745F6469 
 1230      73636F76 
 1233              	format.24:
 1234 0184 21212161 		.ascii	"!!!ancs_start_discovery: failed invalid conn_id %d\000"
 1234      6E63735F 
 1234      73746172 
 1234      745F6469 
 1234      73636F76 
 1235 01b7 00       		.space	1
 1238              	format.22:
 1239 01b8 21212161 		.ascii	"!!!ancs_get_hdl_cache: failed invalid conn_id %d\000"
 1239      6E63735F 
 1239      6765745F 
 1239      68646C5F 
 1239      63616368 
 1240 01e9 000000   		.space	3
 1243              	format.21:
 1244 01ec 21212161 		.ascii	"!!!ancs_get_hdl_cache: failed invalid state %d\000"
 1244      6E63735F 
 1244      6765745F 
 1244      68646C5F 
 1244      63616368 
 1245 021b 00       		.space	1
 1248              	format.20:
 1249 021c 21212161 		.ascii	"!!!ancs_get_hdl_cache: failed invalid len %d\000"
 1249      6E63735F 
 1249      6765745F 
 1249      68646C5F 
 1249      63616368 
 1250 0249 000000   		.space	3
 1253              	format.19:
 1254 024c 21212161 		.ascii	"!!!ancs_set_hdl_cache: failed invalid conn_id %d\000"
 1254      6E63735F 
 1254      7365745F 
 1254      68646C5F 
ARM GAS  C:\Users\pc\AppData\Local\Temp\cc1J25QT.s 			page 23


 1254      63616368 
 1255 027d 000000   		.space	3
 1258              	format.18:
 1259 0280 21212161 		.ascii	"!!!ancs_set_hdl_cache: failed invalid state %d\000"
 1259      6E63735F 
 1259      7365745F 
 1259      68646C5F 
 1259      63616368 
 1260 02af 00       		.space	1
 1263              	format.17:
 1264 02b0 21212161 		.ascii	"!!!ancs_set_hdl_cache: failed invalid len %d\000"
 1264      6E63735F 
 1264      7365745F 
 1264      68646C5F 
 1264      63616368 
 1265 02dd 000000   		.space	3
 1268              	format.16:
 1269 02e0 21212161 		.ascii	"!!!ancs_set_notification_source_notify: failed inva"
 1269      6E63735F 
 1269      7365745F 
 1269      6E6F7469 
 1269      66696361 
 1270 0313 6C696420 		.ascii	"lid conn_id %d\000"
 1270      636F6E6E 
 1270      5F696420 
 1270      256400
 1271 0322 0000     		.space	2
 1274              	format.15:
 1275 0324 21212161 		.ascii	"!!!ancs_set_data_source_notify: failed invalid conn"
 1275      6E63735F 
 1275      7365745F 
 1275      64617461 
 1275      5F736F75 
 1276 0357 5F696420 		.ascii	"_id %d\000"
 1276      256400
 1277 035e 0000     		.space	2
 1280              	format.14:
 1281 0360 21212161 		.ascii	"!!!ancs_get_notification_attr: failed invalid conn_"
 1281      6E63735F 
 1281      6765745F 
 1281      6E6F7469 
 1281      66696361 
 1282 0393 69642025 		.ascii	"id %d\000"
 1282      6400
 1283 0399 000000   		.space	3
 1286              	format.13:
 1287 039c 21212161 		.ascii	"!!!ancs_get_app_attr: failed invalid conn_id %d\000"
 1287      6E63735F 
 1287      6765745F 
 1287      6170705F 
 1287      61747472 
 1290              	format.12:
 1291 03cc 21212161 		.ascii	"!!!ancs_get_app_attr: allocation failed, conn_id %d"
 1291      6E63735F 
 1291      6765745F 
 1291      6170705F 
 1291      61747472 
ARM GAS  C:\Users\pc\AppData\Local\Temp\cc1J25QT.s 			page 24


 1292 03ff 2C206C65 		.ascii	", length %d\000"
 1292      6E677468 
 1292      20256400 
 1293 040b 00       		.space	1
 1296              	format.11:
 1297 040c 21212161 		.ascii	"!!!ancs_perform_notification_action: failed invalid"
 1297      6E63735F 
 1297      70657266 
 1297      6F726D5F 
 1297      6E6F7469 
 1298 043f 20636F6E 		.ascii	" conn_id %d\000"
 1298      6E5F6964 
 1298      20256400 
 1299 044b 00       		.space	1
 1302              	format.4:
 1303 044c 21212161 		.ascii	"!!!ancs_add_client: invalid link_num %d\000"
 1303      6E63735F 
 1303      6164645F 
 1303      636C6965 
 1303      6E743A20 
 1306              	format.3:
 1307 0474 21212161 		.ascii	"!!!ancs_add_client Fail !!!\000"
 1307      6E63735F 
 1307      6164645F 
 1307      636C6965 
 1307      6E742046 
 1310              	format.2:
 1311 0490 212A2A61 		.ascii	"!**ancs_add_client: client ID %d\000"
 1311      6E63735F 
 1311      6164645F 
 1311      636C6965 
 1311      6E743A20 
 1312              		.section	.bss.ancs_client_cb,"aw",%nobits
 1313              		.align	2
 1314              		.set	.LANCHOR1,. + 0
 1317              	ancs_client_cb:
 1318 0000 00000000 		.space	4
 1319              		.section	.bss.ancs_link_num,"aw",%nobits
 1320              		.set	.LANCHOR9,. + 0
 1323              	ancs_link_num:
 1324 0000 00       		.space	1
 1325              		.section	.bss.ancs_table,"aw",%nobits
 1326              		.align	2
 1327              		.set	.LANCHOR0,. + 0
 1330              	ancs_table:
 1331 0000 00000000 		.space	4
 1332              		.section	.data.ANCS_UUID128_SRV,"aw"
 1333              		.align	2
 1334              		.set	.LANCHOR11,. + 0
 1337              	ANCS_UUID128_SRV:
 1338 0000 D0002D12 		.ascii	"\320\000-\022\036K\017\244\231N\316\2651\364\005y"
 1338      1E4B0FA4 
 1338      994ECEB5 
 1338      31F40579 
 1339              		.section	.data.ancs_client_id,"aw"
 1340              		.set	.LANCHOR2,. + 0
 1343              	ancs_client_id:
ARM GAS  C:\Users\pc\AppData\Local\Temp\cc1J25QT.s 			page 25


 1344 0000 FF       		.byte	-1
 1345              		.section	.rodata.ANCS_UUID128_CHAR_CONTROL_POINT,"a"
 1346              		.align	2
 1347              		.set	.LANCHOR4,. + 0
 1350              	ANCS_UUID128_CHAR_CONTROL_POINT:
 1351 0000 D9D9AAFD 		.ascii	"\331\331\252\375\275\233!\230\250I\341E\363\330\321"
 1351      BD9B2198 
 1351      A849E145 
 1351      F3D8D1
 1352 000f 69       		.ascii	"i"
 1353              		.section	.rodata.ANCS_UUID128_CHAR_DATA_SOURCE,"a"
 1354              		.align	2
 1355              		.set	.LANCHOR6,. + 0
 1358              	ANCS_UUID128_CHAR_DATA_SOURCE:
 1359 0000 FB7B7CCE 		.ascii	"\373{|\316j\263D\276\265K\326$\351\306\352\""
 1359      6AB344BE 
 1359      B54BD624 
 1359      E9C6EA22 
 1360              		.section	.rodata.ANCS_UUID128_CHAR_NOTIFICATION_SOURCE,"a"
 1361              		.align	2
 1362              		.set	.LANCHOR5,. + 0
 1365              	ANCS_UUID128_CHAR_NOTIFICATION_SOURCE:
 1366 0000 BD1DA299 		.ascii	"\275\035\242\231\346%X\214\331B\001c\015\022\277\237"
 1366      E625588C 
 1366      D9420163 
 1366      0D12BF9F 
 1367              		.section	.rodata.__func__.0,"a"
 1368              		.align	2
 1369              		.set	.LANCHOR20,. + 0
 1372              	__func__.0:
 1373 0000 616E6373 		.ascii	"ancs_add_client\000"
 1373      5F616464 
 1373      5F636C69 
 1373      656E7400 
 1374              		.section	.rodata.__func__.1,"a"
 1375              		.align	2
 1376              		.set	.LANCHOR16,. + 0
 1379              	__func__.1:
 1380 0000 616E6373 		.ascii	"ancs_get_app_attr\000"
 1380      5F676574 
 1380      5F617070 
 1380      5F617474 
 1380      7200
 1381              		.section	.rodata.ancs_cbs,"a"
 1382              		.align	2
 1383              		.set	.LANCHOR18,. + 0
 1386              	ancs_cbs:
 1387 0000 00000000 		.word	ancs_client_discover_state_cb
 1388 0004 00000000 		.word	ancs_client_discover_result_cb
 1389 0008 00000000 		.word	0
 1390 000c 00000000 		.word	ancs_client_write_result_cb
 1391 0010 00000000 		.word	ancs_client_notify_ind_cb
 1392 0014 00000000 		.word	ancs_client_disc_cb
 1393              		.ident	"GCC: (GNU Arm Embedded Toolchain 10.3-2021.10) 10.3.1 20210824 (release)"
ARM GAS  C:\Users\pc\AppData\Local\Temp\cc1J25QT.s 			page 26


DEFINED SYMBOLS
                            *ABS*:00000000 ancs_client.c
C:\Users\pc\AppData\Local\Temp\cc1J25QT.s:16     .text.ancs_client_notify_ind_cb:00000000 $t
C:\Users\pc\AppData\Local\Temp\cc1J25QT.s:21     .text.ancs_client_notify_ind_cb:00000000 ancs_client_notify_ind_cb
C:\Users\pc\AppData\Local\Temp\cc1J25QT.s:74     .text.ancs_client_notify_ind_cb:00000054 $d
C:\Users\pc\AppData\Local\Temp\cc1J25QT.s:79     .text.ancs_client_write_result_cb:00000000 $t
C:\Users\pc\AppData\Local\Temp\cc1J25QT.s:84     .text.ancs_client_write_result_cb:00000000 ancs_client_write_result_cb
C:\Users\pc\AppData\Local\Temp\cc1J25QT.s:175    .text.ancs_client_write_result_cb:000000a0 $d
C:\Users\pc\AppData\Local\Temp\cc1J25QT.s:182    .text.ancs_client_disc_cb:00000000 $t
C:\Users\pc\AppData\Local\Temp\cc1J25QT.s:187    .text.ancs_client_disc_cb:00000000 ancs_client_disc_cb
C:\Users\pc\AppData\Local\Temp\cc1J25QT.s:223    .text.ancs_client_disc_cb:0000003c $d
C:\Users\pc\AppData\Local\Temp\cc1J25QT.s:230    .text.ancs_client_discover_result_cb:00000000 $t
C:\Users\pc\AppData\Local\Temp\cc1J25QT.s:235    .text.ancs_client_discover_result_cb:00000000 ancs_client_discover_result_cb
C:\Users\pc\AppData\Local\Temp\cc1J25QT.s:310    .text.ancs_client_discover_result_cb:00000088 $d
C:\Users\pc\AppData\Local\Temp\cc1J25QT.s:320    .text.ancs_client_discover_state_cb:00000000 $t
C:\Users\pc\AppData\Local\Temp\cc1J25QT.s:325    .text.ancs_client_discover_state_cb:00000000 ancs_client_discover_state_cb
C:\Users\pc\AppData\Local\Temp\cc1J25QT.s:423    .text.ancs_client_discover_state_cb:000000b0 $d
C:\Users\pc\AppData\Local\Temp\cc1J25QT.s:431    .text.ancs_search_handle:00000000 $t
C:\Users\pc\AppData\Local\Temp\cc1J25QT.s:437    .text.ancs_search_handle:00000000 ancs_search_handle
C:\Users\pc\AppData\Local\Temp\cc1J25QT.s:473    .text.ancs_search_handle:0000003c $d
C:\Users\pc\AppData\Local\Temp\cc1J25QT.s:479    .text.ancs_start_discovery:00000000 $t
C:\Users\pc\AppData\Local\Temp\cc1J25QT.s:485    .text.ancs_start_discovery:00000000 ancs_start_discovery
C:\Users\pc\AppData\Local\Temp\cc1J25QT.s:532    .text.ancs_start_discovery:00000054 $d
C:\Users\pc\AppData\Local\Temp\cc1J25QT.s:542    .text.ancs_get_hdl_cache:00000000 $t
C:\Users\pc\AppData\Local\Temp\cc1J25QT.s:548    .text.ancs_get_hdl_cache:00000000 ancs_get_hdl_cache
C:\Users\pc\AppData\Local\Temp\cc1J25QT.s:603    .text.ancs_get_hdl_cache:00000060 $d
C:\Users\pc\AppData\Local\Temp\cc1J25QT.s:610    .text.ancs_set_hdl_cache:00000000 $t
C:\Users\pc\AppData\Local\Temp\cc1J25QT.s:616    .text.ancs_set_hdl_cache:00000000 ancs_set_hdl_cache
C:\Users\pc\AppData\Local\Temp\cc1J25QT.s:670    .text.ancs_set_hdl_cache:00000060 $d
C:\Users\pc\AppData\Local\Temp\cc1J25QT.s:677    .text.ancs_set_notification_source_notify:00000000 $t
C:\Users\pc\AppData\Local\Temp\cc1J25QT.s:683    .text.ancs_set_notification_source_notify:00000000 ancs_set_notification_source_notify
C:\Users\pc\AppData\Local\Temp\cc1J25QT.s:740    .text.ancs_set_notification_source_notify:00000064 $d
C:\Users\pc\AppData\Local\Temp\cc1J25QT.s:747    .text.ancs_set_data_source_notify:00000000 $t
C:\Users\pc\AppData\Local\Temp\cc1J25QT.s:753    .text.ancs_set_data_source_notify:00000000 ancs_set_data_source_notify
C:\Users\pc\AppData\Local\Temp\cc1J25QT.s:810    .text.ancs_set_data_source_notify:00000064 $d
C:\Users\pc\AppData\Local\Temp\cc1J25QT.s:817    .text.ancs_get_notification_attr:00000000 $t
C:\Users\pc\AppData\Local\Temp\cc1J25QT.s:823    .text.ancs_get_notification_attr:00000000 ancs_get_notification_attr
C:\Users\pc\AppData\Local\Temp\cc1J25QT.s:892    .text.ancs_get_notification_attr:0000007c $d
C:\Users\pc\AppData\Local\Temp\cc1J25QT.s:899    .text.ancs_get_app_attr:00000000 $t
C:\Users\pc\AppData\Local\Temp\cc1J25QT.s:905    .text.ancs_get_app_attr:00000000 ancs_get_app_attr
C:\Users\pc\AppData\Local\Temp\cc1J25QT.s:1010   .text.ancs_get_app_attr:000000d0 $d
C:\Users\pc\AppData\Local\Temp\cc1J25QT.s:1018   .text.ancs_perform_notification_action:00000000 $t
C:\Users\pc\AppData\Local\Temp\cc1J25QT.s:1024   .text.ancs_perform_notification_action:00000000 ancs_perform_notification_action
C:\Users\pc\AppData\Local\Temp\cc1J25QT.s:1083   .text.ancs_perform_notification_action:00000068 $d
C:\Users\pc\AppData\Local\Temp\cc1J25QT.s:1090   .text.ancs_add_client:00000000 $t
C:\Users\pc\AppData\Local\Temp\cc1J25QT.s:1096   .text.ancs_add_client:00000000 ancs_add_client
C:\Users\pc\AppData\Local\Temp\cc1J25QT.s:1154   .text.ancs_add_client:0000006c $d
C:\Users\pc\AppData\Local\Temp\cc1J25QT.s:1386   .rodata.ancs_cbs:00000000 ancs_cbs
C:\Users\pc\AppData\Local\Temp\cc1J25QT.s:1358   .rodata.ANCS_UUID128_CHAR_DATA_SOURCE:00000000 ANCS_UUID128_CHAR_DATA_SOURCE
C:\Users\pc\AppData\Local\Temp\cc1J25QT.s:1365   .rodata.ANCS_UUID128_CHAR_NOTIFICATION_SOURCE:00000000 ANCS_UUID128_CHAR_NOTIFICATION_SOURCE
C:\Users\pc\AppData\Local\Temp\cc1J25QT.s:1350   .rodata.ANCS_UUID128_CHAR_CONTROL_POINT:00000000 ANCS_UUID128_CHAR_CONTROL_POINT
C:\Users\pc\AppData\Local\Temp\cc1J25QT.s:1337   .data.ANCS_UUID128_SRV:00000000 ANCS_UUID128_SRV
C:\Users\pc\AppData\Local\Temp\cc1J25QT.s:1173   .TRACE:00000000 $d
C:\Users\pc\AppData\Local\Temp\cc1J25QT.s:1186   .TRACE:00000000 format.6
C:\Users\pc\AppData\Local\Temp\cc1J25QT.s:1191   .TRACE:00000038 format.5
C:\Users\pc\AppData\Local\Temp\cc1J25QT.s:1196   .TRACE:00000050 format.8
C:\Users\pc\AppData\Local\Temp\cc1J25QT.s:1200   .TRACE:00000080 format.7
ARM GAS  C:\Users\pc\AppData\Local\Temp\cc1J25QT.s 			page 27


C:\Users\pc\AppData\Local\Temp\cc1J25QT.s:1205   .TRACE:000000a4 format.10
C:\Users\pc\AppData\Local\Temp\cc1J25QT.s:1210   .TRACE:000000d8 format.23
C:\Users\pc\AppData\Local\Temp\cc1J25QT.s:1215   .TRACE:000000f8 format.9
C:\Users\pc\AppData\Local\Temp\cc1J25QT.s:1219   .TRACE:00000114 format.27
C:\Users\pc\AppData\Local\Temp\cc1J25QT.s:1224   .TRACE:00000140 format.26
C:\Users\pc\AppData\Local\Temp\cc1J25QT.s:1229   .TRACE:0000016c format.25
C:\Users\pc\AppData\Local\Temp\cc1J25QT.s:1233   .TRACE:00000184 format.24
C:\Users\pc\AppData\Local\Temp\cc1J25QT.s:1238   .TRACE:000001b8 format.22
C:\Users\pc\AppData\Local\Temp\cc1J25QT.s:1243   .TRACE:000001ec format.21
C:\Users\pc\AppData\Local\Temp\cc1J25QT.s:1248   .TRACE:0000021c format.20
C:\Users\pc\AppData\Local\Temp\cc1J25QT.s:1253   .TRACE:0000024c format.19
C:\Users\pc\AppData\Local\Temp\cc1J25QT.s:1258   .TRACE:00000280 format.18
C:\Users\pc\AppData\Local\Temp\cc1J25QT.s:1263   .TRACE:000002b0 format.17
C:\Users\pc\AppData\Local\Temp\cc1J25QT.s:1268   .TRACE:000002e0 format.16
C:\Users\pc\AppData\Local\Temp\cc1J25QT.s:1274   .TRACE:00000324 format.15
C:\Users\pc\AppData\Local\Temp\cc1J25QT.s:1280   .TRACE:00000360 format.14
C:\Users\pc\AppData\Local\Temp\cc1J25QT.s:1286   .TRACE:0000039c format.13
C:\Users\pc\AppData\Local\Temp\cc1J25QT.s:1290   .TRACE:000003cc format.12
C:\Users\pc\AppData\Local\Temp\cc1J25QT.s:1296   .TRACE:0000040c format.11
C:\Users\pc\AppData\Local\Temp\cc1J25QT.s:1302   .TRACE:0000044c format.4
C:\Users\pc\AppData\Local\Temp\cc1J25QT.s:1306   .TRACE:00000474 format.3
C:\Users\pc\AppData\Local\Temp\cc1J25QT.s:1310   .TRACE:00000490 format.2
C:\Users\pc\AppData\Local\Temp\cc1J25QT.s:1313   .bss.ancs_client_cb:00000000 $d
C:\Users\pc\AppData\Local\Temp\cc1J25QT.s:1317   .bss.ancs_client_cb:00000000 ancs_client_cb
C:\Users\pc\AppData\Local\Temp\cc1J25QT.s:1323   .bss.ancs_link_num:00000000 ancs_link_num
C:\Users\pc\AppData\Local\Temp\cc1J25QT.s:1324   .bss.ancs_link_num:00000000 $d
C:\Users\pc\AppData\Local\Temp\cc1J25QT.s:1326   .bss.ancs_table:00000000 $d
C:\Users\pc\AppData\Local\Temp\cc1J25QT.s:1330   .bss.ancs_table:00000000 ancs_table
C:\Users\pc\AppData\Local\Temp\cc1J25QT.s:1333   .data.ANCS_UUID128_SRV:00000000 $d
C:\Users\pc\AppData\Local\Temp\cc1J25QT.s:1343   .data.ancs_client_id:00000000 ancs_client_id
C:\Users\pc\AppData\Local\Temp\cc1J25QT.s:1346   .rodata.ANCS_UUID128_CHAR_CONTROL_POINT:00000000 $d
C:\Users\pc\AppData\Local\Temp\cc1J25QT.s:1354   .rodata.ANCS_UUID128_CHAR_DATA_SOURCE:00000000 $d
C:\Users\pc\AppData\Local\Temp\cc1J25QT.s:1361   .rodata.ANCS_UUID128_CHAR_NOTIFICATION_SOURCE:00000000 $d
C:\Users\pc\AppData\Local\Temp\cc1J25QT.s:1368   .rodata.__func__.0:00000000 $d
C:\Users\pc\AppData\Local\Temp\cc1J25QT.s:1372   .rodata.__func__.0:00000000 __func__.0
C:\Users\pc\AppData\Local\Temp\cc1J25QT.s:1375   .rodata.__func__.1:00000000 $d
C:\Users\pc\AppData\Local\Temp\cc1J25QT.s:1379   .rodata.__func__.1:00000000 __func__.1
C:\Users\pc\AppData\Local\Temp\cc1J25QT.s:1382   .rodata.ancs_cbs:00000000 $d

UNDEFINED SYMBOLS
log_buffer
memset
memcmp
client_all_char_discovery
client_by_uuid128_srv_discovery
memcpy
client_attr_write
strlen
os_mem_zalloc_intern
os_mem_free
client_register_spec_client_cb
