Archive member included to satisfy reference by file (symbol)

../sdk/lib/adc.a(adc_lib.o)   build/battery.o (ADC_CalibrationInit)
../sdk/lib/libgap_utils.a(gap_lib.o)
                              build/main.o (gap_lib_init)
../sdk/lib/libgap_utils.a(gap_lib_system_call.o)
                              build/app_task.o (gap_start_bt_stack)
../sdk/lib/libgap_utils.a(gap_vendor_cmd.o)
                              ../sdk/lib/libgap_utils.a(gap_lib.o) (le_handle_vendor_cmd_rsp)
../sdk/lib/librtl8752h_sdk.a(flash_sec.o)
                              build/system_rtl876x.o (flash_sec_lock_key)
../sdk/lib/librtl8752h_sdk.a(pm.o)
                              build/rtl876x_adc.o (pmu_request_ldo_audio_ref_call)
../sdk/lib/librtl8752h_sdk.a(flash_device.o)
                              build/ota.o (flash_erase_locked)
c:/gcc-arm-none-eabi/bin/../lib/gcc/arm-none-eabi/10.3.1/../../../../arm-none-eabi/lib/thumb/v6-m/nofp\libc_nano.a(lib_a-init.o)
                              c:/gcc-arm-none-eabi/bin/../lib/gcc/arm-none-eabi/10.3.1/../../../../arm-none-eabi/lib/thumb/v6-m/nofp/crt0.o (__libc_init_array)
c:/gcc-arm-none-eabi/bin/../lib/gcc/arm-none-eabi/10.3.1/../../../../arm-none-eabi/lib/thumb/v6-m/nofp\libc_nano.a(lib_a-reent.o)
                              build/system_rtl876x.o (errno)
c:/gcc-arm-none-eabi/bin/../lib/gcc/arm-none-eabi/10.3.1/../../../../arm-none-eabi/lib/thumb/v6-m/nofp\libc_nano.a(lib_a-snprintf.o)
                              build/retarget.o (snprintf)
c:/gcc-arm-none-eabi/bin/../lib/gcc/arm-none-eabi/10.3.1/../../../../arm-none-eabi/lib/thumb/v6-m/nofp\libc_nano.a(lib_a-sprintf.o)
                              build/peripheral_app.o (sprintf)
c:/gcc-arm-none-eabi/bin/../lib/gcc/arm-none-eabi/10.3.1/../../../../arm-none-eabi/lib/thumb/v6-m/nofp\libc_nano.a(lib_a-vsnprintf.o)
                              build/system_rtl876x.o (vsnprintf)
c:/gcc-arm-none-eabi/bin/../lib/gcc/arm-none-eabi/10.3.1/../../../../arm-none-eabi/lib/thumb/v6-m/nofp\libc_nano.a(lib_a-impure.o)
                              c:/gcc-arm-none-eabi/bin/../lib/gcc/arm-none-eabi/10.3.1/../../../../arm-none-eabi/lib/thumb/v6-m/nofp\libc_nano.a(lib_a-reent.o) (_impure_ptr)
c:/gcc-arm-none-eabi/bin/../lib/gcc/arm-none-eabi/10.3.1/../../../../arm-none-eabi/lib/thumb/v6-m/nofp\libc_nano.a(lib_a-nano-freer.o)
                              c:/gcc-arm-none-eabi/bin/../lib/gcc/arm-none-eabi/10.3.1/../../../../arm-none-eabi/lib/thumb/v6-m/nofp\libc_nano.a(lib_a-reent.o) (_free_r)
c:/gcc-arm-none-eabi/bin/../lib/gcc/arm-none-eabi/10.3.1/../../../../arm-none-eabi/lib/thumb/v6-m/nofp\libc_nano.a(lib_a-nano-mallocr.o)
                              c:/gcc-arm-none-eabi/bin/../lib/gcc/arm-none-eabi/10.3.1/../../../../arm-none-eabi/lib/thumb/v6-m/nofp\libc_nano.a(lib_a-nano-freer.o) (__malloc_free_list)
c:/gcc-arm-none-eabi/bin/../lib/gcc/arm-none-eabi/10.3.1/../../../../arm-none-eabi/lib/thumb/v6-m/nofp\libc_nano.a(lib_a-nano-svfprintf.o)
                              c:/gcc-arm-none-eabi/bin/../lib/gcc/arm-none-eabi/10.3.1/../../../../arm-none-eabi/lib/thumb/v6-m/nofp\libc_nano.a(lib_a-snprintf.o) (_svfprintf_r)
c:/gcc-arm-none-eabi/bin/../lib/gcc/arm-none-eabi/10.3.1/../../../../arm-none-eabi/lib/thumb/v6-m/nofp\libc_nano.a(lib_a-nano-vfprintf_i.o)
                              c:/gcc-arm-none-eabi/bin/../lib/gcc/arm-none-eabi/10.3.1/../../../../arm-none-eabi/lib/thumb/v6-m/nofp\libc_nano.a(lib_a-nano-svfprintf.o) (_printf_i)
c:/gcc-arm-none-eabi/bin/../lib/gcc/arm-none-eabi/10.3.1/../../../../arm-none-eabi/lib/thumb/v6-m/nofp\libc_nano.a(lib_a-sbrkr.o)
                              c:/gcc-arm-none-eabi/bin/../lib/gcc/arm-none-eabi/10.3.1/../../../../arm-none-eabi/lib/thumb/v6-m/nofp\libc_nano.a(lib_a-nano-mallocr.o) (_sbrk_r)
c:/gcc-arm-none-eabi/bin/../lib/gcc/arm-none-eabi/10.3.1/../../../../arm-none-eabi/lib/thumb/v6-m/nofp\libc_nano.a(lib_a-memchr-stub.o)
                              c:/gcc-arm-none-eabi/bin/../lib/gcc/arm-none-eabi/10.3.1/../../../../arm-none-eabi/lib/thumb/v6-m/nofp\libc_nano.a(lib_a-nano-svfprintf.o) (memchr)
c:/gcc-arm-none-eabi/bin/../lib/gcc/arm-none-eabi/10.3.1/../../../../arm-none-eabi/lib/thumb/v6-m/nofp\libc_nano.a(lib_a-memmove.o)
                              c:/gcc-arm-none-eabi/bin/../lib/gcc/arm-none-eabi/10.3.1/../../../../arm-none-eabi/lib/thumb/v6-m/nofp\libc_nano.a(lib_a-nano-svfprintf.o) (memmove)
c:/gcc-arm-none-eabi/bin/../lib/gcc/arm-none-eabi/10.3.1/../../../../arm-none-eabi/lib/thumb/v6-m/nofp\libc_nano.a(lib_a-mlock.o)
                              c:/gcc-arm-none-eabi/bin/../lib/gcc/arm-none-eabi/10.3.1/../../../../arm-none-eabi/lib/thumb/v6-m/nofp\libc_nano.a(lib_a-nano-freer.o) (__malloc_lock)
c:/gcc-arm-none-eabi/bin/../lib/gcc/arm-none-eabi/10.3.1/../../../../arm-none-eabi/lib/thumb/v6-m/nofp\libc_nano.a(lib_a-nano-reallocr.o)
[...]
Memory Configuration

Name             Origin             Length             Attributes
APP_DATA_ON      0x00209000         0x00004000         xrw
HEAP_DATA_ON     0x0020d000         0x0000d000         xrw
CACHE_DATA_ON    0x0021a000         0x00000000         xrw
APP_FLASH        0x00836000         0x00021000         r
APP_TRACE        0x08800000         0x00400000         r
*default*        0x00000000         0xffffffff

Linker script and memory map

LOAD c:/gcc-arm-none-eabi/bin/../lib/gcc/arm-none-eabi/10.3.1/thumb/v6-m/nofp/crti.o
LOAD c:/gcc-arm-none-eabi/bin/../lib/gcc/arm-none-eabi/10.3.1/thumb/v6-m/nofp/crtbegin.o
LOAD c:/gcc-arm-none-eabi/bin/../lib/gcc/arm-none-eabi/10.3.1/../../../../arm-none-eabi/lib/thumb/v6-m/nofp/crt0.o
LOAD build/system_rtl876x.o
LOAD build/rtl876x_io_dlps.o
LOAD build/rtl876x_nvic.o
LOAD build/rtl876x_pinmux.o
LOAD build/rtl876x_gpio.o
LOAD build/rtl876x_rcc.o
LOAD build/rtl876x_uart.o
LOAD build/simple_ble_service.o
LOAD build/bas.o
LOAD build/ancs_client.o
LOAD build/custom_service.o
LOAD build/app_task.o
LOAD build/epd.o
LOAD build/main.o
LOAD build/peripheral_app.o
LOAD build/retarget.o
LOAD build/ble_cmd_handler.o
LOAD build/eeprom.o
LOAD build/drawing.o
LOAD build/battery.o
LOAD build/boot_screen.o
LOAD build/ota.o
LOAD build/mac_edit.o
LOAD build/uzlib.o
LOAD build/rtl876x_adc.o
LOAD build/rtl876x_aon_wdg.o
LOAD build/overlay_mgr.o
LOAD build/startup_rtl876x_gcc.o
LOAD ../sdk/lib/libROM.a
                0x0000015f                ROM_Default_Handler = 0x15f
                0x00000225                vAssertHandler = 0x225
                0x00000269                ulSetInterruptMaskFromISR = 0x269
                0x00000271                vClearInterruptMaskFromISR = 0x271
                0x000002b9                WDG_SystemReset = 0x2b9
                0x000002c5                __aeabi_memcpy4 = 0x2c5
                0x000002c5                __aeabi_memcpy8 = 0x2c5
                0x00000569                LOGUARTDriverInit = 0x569
                0x00000ee7                efuse_temper_check = 0xee7
                0x000015c3                dump_raw_memory_all = 0x15c3
                0x0000161b                hardfault_print_buffered_log = 0x161b
                0x0000181b                SystemCall = 0x181b
                0x00001827                SystemCall_Stack = 0x1827
                0x00001841                update_ram_layout = 0x1841
                0x0000205b                generate_chaotic_key = 0x205b
                0x000029a1                get_active_ota_bank_addr = 0x29a1
                0x00003015                btxfcs = 0x3015
                0x000034c3                RamVectorTableInit = 0x34c3
                0x000034e9                RamVectorTableUpdate = 0x34e9
                0x000036fd                LogUartTxChar = 0x36fd
                0x0000373f                log_timestamp_get = 0x373f
                0x000038f5                log_direct = 0x38f5
                0x0000399b                log_buffer = 0x399b
                0x00003b8b                log_buffer_lowerstack = 0x3b8b
                0x00003c6b                log_snoop = 0x3c6b
                0x00003d6b                trace_bdaddr = 0x3d6b
                0x00003df7                trace_string = 0x3df7
                0x00003e97                trace_binary = 0x3e97
                0x00003f35                LogBufferLowerStack = 0x3f35
                0x0000405f                LogBufferLowerStackData = 0x405f
                0x0000413b                log_module_trace_init = 0x413b
                0x0000415f                log_module_trace_set = 0x415f
                0x000041ab                log_module_bitmap_trace_set = 0x41ab
                0x00004449                LogUartDMAIdleHook = 0x4449
                0x000046d7                hw_aes_decrypt256 = 0x46d7
                0x0000470d                hw_aes_encrypt128_use_dma = 0x470d
                0x00004751                hw_aes_decrypt128_use_dma = 0x4751
                0x00004795                swap_buf = 0x4795
                0x000047ad                aes128_ecb_encrypt = 0x47ad
                0x00004811                aes128_ecb_decrypt = 0x4811
                0x00004873                aes128_ecb_encrypt_msb2lsb = 0x4873
                0x0000488b                aes128_ecb_decrypt_msb2lsb = 0x488b
                0x000048a3                aes256_ecb_encrypt = 0x48a3
                0x00004985                aes256_ecb_encrypt_msb2lsb = 0x4985
                0x0000499d                aes256_ecb_decrypt_msb2lsb = 0x499d
                0x000049e1                hw_aes_decrypt_16byte = 0x49e1
                0x00004a5d                cache_flush = 0x4a5d
                0x00004a73                cache_reset_counter = 0x4a73
                0x00004a89                cache_staticstic_dump = 0x4a89
                0x00004aa9                cache_reset_counter_statics = 0x4aa9
                0x00004ac5                flash_set_bit = 0x4ac5
                0x00004acd                flash_get_bit = 0x4acd
                0x000054e7                ftl_garbage_collect_in_idle = 0x54e7
                0x0000550f                ftl_ioctl = 0x550f
                0x00005a5f                ftl_load = 0x5a5f
                0x00005a6f                ftl_save = 0x5a6f
                0x00005b7f                ftl_init = 0x5b7f
                0x00005d65                hardfault_dump = 0x5d65
                0x00005fc1                crc8EtsGen = 0x5fc1
                0x00005fe1                crc8EtsCheck = 0x5fe1
                0x00006011                set_hci_mode_flag = 0x6011
                0x0000603f                check_hci_mode_flag = 0x603f
                0x0000616b                check_image_chksum = 0x616b
                0x00006195                check_header_valid = 0x6195
                0x0000628b                get_image_addr_in_bank = 0x628b
                0x00006295                get_image_size_in_bank = 0x6295
                0x000062a1                get_header_addr_by_img_id = 0x62a1
                0x000062ef                get_active_bank_image_size_by_img_id = 0x62ef
                0x0000633f                is_ota_support_bank_switch = 0x633f
                0x000063e1                get_temp_ota_bank_size_by_img_id = 0x63e1
                0x000064c7                get_active_bank_image_version = 0x64c7
                0x0000651b                image_entry_check = 0x651b
                0x000065e7                platform_random = 0x65e7
                0x00006adb                get_clock_gen_rate = 0x6adb
                0x000097ed                platform_pm_set_power_mode = 0x97ed
                0x000097f3                platform_pm_get_power_mode = 0x97f3
                0x000097f9                platform_pm_get_error_code = 0x97f9
                0x000097ff                platform_pm_get_refuse_reason = 0x97ff
                0x00009813                platform_pm_get_statistics = 0x9813
                0x00009849                platform_pm_get_wakeup_reason = 0x9849
                0x0000a1d3                btaon_fast_read = 0xa1d3
                0x0000a1e7                btaon_fast_read_8b = 0xa1e7
                0x0000a207                btaon_fast_read_safe = 0xa207
                0x0000a223                btaon_fast_read_safe_8b = 0xa223
                0x0000a24d                btaon_fast_write = 0xa24d
                0x0000a26d                btaon_fast_write_8b = 0xa26d
                0x0000a2ab                btaon_fast_write_safe = 0xa2ab
                0x0000a2d5                btaon_fast_write_safe_8b = 0xa2d5
                0x0000a31b                btaon_fast_update = 0xa31b
                0x0000a335                btaon_fast_update_8b = 0xa335
                0x0000a351                btaon_fast_update_safe = 0xa351
                0x0000a36d                btaon_fast_update_safe_8b = 0xa36d
                0x0000a6d1                power_manager_interface_get_unit_status = 0xa6d1
                0x0000b88f                power_manager_slave_register_unit = 0xb88f
                0x0000b8e7                power_manager_slave_get_unit = 0xb8e7
                0x0000b915                power_manager_slave_suspend_all = 0xb915
                0x0000b91f                power_manager_slave_resume_all = 0xb91f
                0x0000cb23                modem_psd_get_scan_mode = 0xcb23
                0x0000e363                flash_nor_set_seq_trans = 0xe363
                0x0000e3ab                flash_nor_get_flash_size = 0xe3ab
                0x0000f8c9                flash_nor_get_addr_base = 0xf8c9
                0x0000f9bf                flash_nor_set_all_info = 0xf9bf
                0x0000fcff                flash_nor_auto_read = 0xfcff
                0x0000ff61                flash_nor_auto_dma_read = 0xff61
                0x00010a59                flash_nor_get_bank_addr = 0x10a59
                0x00010ac5                flash_nor_get_bank_size = 0x10ac5
                0x00010b27                flash_nor_dump_flash_info = 0x10b27
                0x00010e0d                flash_nor_ioctl = 0x10e0d
                0x00010f1f                flash_nor_auto_read_locked = 0x10f1f
                0x00011135                flash_nor_set_seq_trans_enable = 0x11135
                0x0001113d                flash_nor_get_id = 0x1113d
                0x000116bd                vListInitialise = 0x116bd
                0x000116d3                vListInitialiseItem = 0x116d3
                0x000116d9                vListInsertEnd = 0x116d9
                0x000116f1                vListInsert = 0x116f1
                0x00011721                uxListRemove = 0x11721
                0x00011749                xQueueGenericReset = 0x11749
                0x000117bd                xQueueGenericCreate = 0x117bd
                0x000118eb                xQueueGenericSend = 0x118eb
                0x00011a25                xQueueCreateMutex = 0x11a25
                0x00011a49                xQueueGetMutexHolder = 0x11a49
                0x00011a65                xQueueGetMutexHolderFromISR = 0x11a65
                0x00011a85                xQueueGiveMutexRecursive = 0x11a85
                0x00011abd                xQueueSemaphoreTake = 0x11abd
                0x00011c27                xQueueTakeMutexRecursive = 0x11c27
                0x00011c61                xQueueCreateCountingSemaphore = 0x11c61
                0x00011c97                xQueueGenericSendFromISR = 0x11c97
                0x00011d35                xQueueGiveFromISR = 0x11d35
                0x00011de7                xQueueReceive = 0x11de7
                0x00011eff                xQueuePeek = 0x11eff
                0x00012029                xQueueReceiveFromISR = 0x12029
                0x000120a7                xQueuePeekFromISR = 0x120a7
                0x0001210b                uxQueueMessagesWaiting = 0x1210b
                0x0001212b                uxQueueSpacesAvailable = 0x1212b
                0x0001214f                uxQueueMessagesWaitingFromISR = 0x1214f
                0x00012165                vQueueDelete = 0x12165
                0x0001217f                uxQueueGetQueueNumber = 0x1217f
                0x00012183                vQueueSetQueueNumber = 0x12183
                0x00012187                ucQueueGetQueueType = 0x12187
                0x0001218d                xQueueIsQueueEmptyFromISR = 0x1218d
                0x000121ad                xQueueIsQueueFullFromISR = 0x121ad
                0x000121cd                vQueueWaitForMessageRestricted = 0x121cd
                0x00012353                xTaskCreate = 0x12353
                0x00012413                vTaskDelete = 0x12413
                0x000124b7                xTaskIncrementTick = 0x124b7
                0x00012575                xTaskResumeAll = 0x12575
                0x00012693                vTaskSuspendAll = 0x12693
                0x0001269d                vTaskDelayUntil = 0x1269d
                0x0001270b                vTaskDelay = 0x1270b
                0x0001273f                eTaskGetState = 0x1273f
                0x000127a3                uxTaskPriorityGet = 0x127a3
                0x000127bd                uxTaskPriorityGetFromISR = 0x127bd
                0x000127d7                vTaskPrioritySet = 0x127d7
                0x0001286b                vTaskSwitchContext = 0x1286b
                0x00012913                vTaskSuspend = 0x12913
                0x000129c7                vTaskResume = 0x129c7
                0x00012a55                xTaskResumeFromISR = 0x12a55
                0x00012abd                vTaskStartScheduler = 0x12abd
                0x00012b25                vTaskEndScheduler = 0x12b25
                0x00012b35                xTaskGetTickCount2 = 0x12b35
                0x00012b3b                xTaskGetTickCount = 0x12b3b
                0x00012b41                xTaskGetTickCountFromISR = 0x12b41
                0x00012b47                uxTaskGetNumberOfTasks = 0x12b47
                0x00012b4d                pcTaskGetName = 0x12b4d
                0x00012b71                vTaskGetInfo = 0x12b71
                0x00012c39                uxTaskGetSystemState = 0x12c39
                0x00012cc3                xTaskGetIdleTaskHandle = 0x12cc3
                0x00012cdd                vTaskPlaceOnEventList = 0x12cdd
                0x00012d05                vTaskPlaceOnUnorderedEventList = 0x12d05
                0x00012d4d                vTaskPlaceOnEventListRestricted = 0x12d4d
                0x00012d81                xTaskRemoveFromEventList = 0x12d81
                0x00012de5                vTaskRemoveFromUnorderedEventList = 0x12de5
                0x00012e7d                vTaskSetTimeOutState = 0x12e7d
                0x00012e9f                vTaskInternalSetTimeOutState = 0x12e9f
                0x00012eab                xTaskCheckForTimeOut = 0x12eab
                0x00012f11                vTaskMissedYield = 0x12f11
                0x00012f19                uxTaskGetTaskNumber = 0x12f19
                0x00012f21                vTaskSetTaskNumber = 0x12f21
                0x00012f29                uxTaskGetStackHighWaterMark = 0x12f29
                0x00012f3b                xTaskGetCurrentTaskHandle = 0x12f3b
                0x00012f41                xTaskGetSchedulerState = 0x12f41
                0x00012f5b                xTaskPriorityInherit = 0x12f5b
                0x00012fcb                xTaskPriorityDisinherit = 0x12fcb
                0x0001303b                vTaskPriorityDisinheritAfterTimeout = 0x1303b
                0x000130bb                uxTaskResetEventItemValue = 0x130bb
                0x000130cf                pvTaskIncrementMutexHeldCount = 0x130cf
                0x000130e3                ulTaskNotifyTake = 0x130e3
                0x0001313d                xTaskNotifyWait = 0x1313d
                0x000131b1                xTaskGenericNotify = 0x131b1
                0x00013281                xTaskGenericNotifyFromISR = 0x13281
                0x00013351                vTaskNotifyGiveFromISR = 0x13351
                0x000133df                xTaskNotifyStateClear = 0x133df
                0x00013409                vTaskStatusDump = 0x13409
                0x0001378d                xTimerGenericCommand = 0x1378d
                0x000139c1                xTimerCreateTimerTask = 0x139c1
                0x00013a0f                xTimerCreate = 0x13a0f
                0x00013a91                xTimerGetTimerDaemonTaskHandle = 0x13a91
                0x00013aab                xTimerGetPeriod = 0x13aab
                0x00013ac1                vTimerSetReloadMode = 0x13ac1
                0x00013af3                xTimerGetExpiryTime = 0x13af3
                0x00013b09                pcTimerGetName = 0x13b09
                0x00013b1f                vTimerGetNextTimeoutItem = 0x13b1f
                0x00013b5b                xTimerGetAutoReload = 0x13b5b
                0x00013b65                xTimerIsTimerActive = 0x13b65
                0x00013b8f                xTimerIsTimerActiveFromISR = 0x13b8f
                0x00013bbb                pvTimerGetTimerID = 0x13bbb
                0x00013bd9                vTimerSetTimerID = 0x13bd9
                0x00013bf9                xTimerPendFunctionCallFromISR = 0x13bf9
                0x00013c19                xTimerPendFunctionCall = 0x13c19
                0x00013c53                uxTimerGetTimerNumber = 0x13c53
                0x00013c57                vTimerSetTimerNumber = 0x13c57
                0x00013c69                dumpAllUsedTimer = 0x13c69
                0x00013e75                pxPortInitialiseStack = 0x13e75
                0x00013ed3                xPortStartScheduler = 0x13ed3
                0x00013efb                vPortEndScheduler = 0x13efb
                0x00013f15                vPortYield = 0x13f15
                0x00013f27                vPortEnterCritical = 0x13f27
                0x00013f49                vPortExitCritical = 0x13f49
                0x00013f8d                rtlEnterCritical = 0x13f8d
                0x00013fa9                rtlExitCritical = 0x13fa9
                0x00014071                vTimerCreateFailedHook = 0x14071
                0x0001427b                pvPortMalloc = 0x1427b
                0x000143b1                pvPortMalloc_auto_type = 0x143b1
                0x000143e3                vPortFree = 0x143e3
                0x00014463                xPortGetFreeHeapSize = 0x14463
                0x000144b1                xPortGetMinimumEverFreeHeapSize = 0x144b1
                0x000144bb                vPortInitialiseBlocks = 0x144bb
                0x000150f3                hw_aes_init = 0x150f3
                0x00015261                hw_aes_cpu_operate = 0x15261
                0x0001526d                hw_aes_set_dma_tx_done = 0x1526d
                0x00015273                hw_aes_set_dma_rx_done = 0x15273
                0x00015279                hw_aes_dma_operate = 0x15279
                0x000153ff                hw_aes_dma_interrupt_disable = 0x153ff
                0x000154a3                hw_aes_is_dma_rx_done = 0x154a3
                0x000154a9                hw_aes_is_dma_tx_done = 0x154a9
                0x000154af                hw_aes_dma_done = 0x154af
                0x000154b9                hw_aes_set_dma_move_src = 0x154b9
                0x000154d9                hw_aes_set_dma_move_dst = 0x154d9
                0x000154df                hw_aes_set_dma_carry_size = 0x154df
                0x000154e5                get_secure_reg_cfg_val = 0x154e5
                0x00015a01                WDG_ClockEnable = 0x15a01
                0x00015a1f                WDG_Config = 0x15a1f
                0x00015a63                WDG_Enable = 0x15a63
                0x00015a7d                WDG_Disable = 0x15a7d
                0x00015a97                WDG_Restart = 0x15a97
                0x00015c63                reset_reason_get = 0x15c63
                0x00015d4b                AON_WDG_Config = 0x15d4b
                0x00015da7                AON_WDG_ConfigResetLevel = 0x15da7
                0x00015de5                AON_WDG_ConfigComp = 0x15de5
                0x00015e23                AON_WDG_ConfigCntCtl = 0x15e23
                0x00015e61                AON_WDG_ConfigCntReload = 0x15e61
                0x00015e9f                AON_WDG_Enable = 0x15e9f
                0x00015ed9                AON_WDG_Disable = 0x15ed9
                0x00015f13                AON_WDG_Restart = 0x15f13
                0x00015f2b                AON_WDG_SystemReset = 0x15f2b
                0x00015fb5                os_mem_alloc_intern = 0x15fb5
                0x0001600f                os_mem_zalloc_intern = 0x1600f
                0x00016071                os_mem_aligned_alloc_intern = 0x16071
                0x000160d1                os_mem_free = 0x160d1
                0x000160ed                os_mem_aligned_free = 0x160ed
                0x00016109                os_mem_peek = 0x16109
                0x0001612b                os_mem_check_heap_usage = 0x1612b
                0x00016165                os_msg_queue_create_intern = 0x16165
                0x000161d9                os_msg_queue_delete_intern = 0x161d9
                0x00016223                os_msg_queue_peek_intern = 0x16223
                0x00016277                os_msg_send_intern = 0x16277
                0x000162d3                os_msg_recv_intern = 0x162d3
                0x00016331                os_msg_peek_intern = 0x16331
                0x000163b1                os_queue_init = 0x163b1
                0x000163bb                os_queue_in = 0x163bb
                0x000163eb                os_queue_out = 0x163eb
                0x00016421                os_queue_peek = 0x16421
                0x00016425                os_queue_insert = 0x16425
                0x00016465                os_queue_delete = 0x16465
                0x000164d1                os_systick_handler = 0x164d1
                0x000164e7                os_delay = 0x164e7
                0x00016503                os_sys_time_get = 0x16503
                0x00016521                os_sys_tick_get = 0x16521
                0x0001653f                os_sys_tick_increase = 0x1653f
                0x00016563                os_sched_start = 0x16563
                0x00016581                os_sched_stop = 0x16581
                0x0001659f                os_sched_suspend = 0x1659f
                0x000165bd                os_sched_resume = 0x165bd
                0x000165db                os_sched_is_start = 0x165db
                0x000165f9                os_sched_state_get = 0x165f9
                0x00016617                os_vector_table_update = 0x16617
                0x0001662d                os_init = 0x1662d
                0x00016679                os_lock = 0x16679
                0x00016695                os_unlock = 0x16695
                0x000166b1                os_sem_create = 0x166b1
                0x000166e5                os_sem_delete = 0x166e5
                0x00016709                os_sem_take = 0x16709
                0x00016731                os_sem_give = 0x16731
                0x00016755                os_mutex_create = 0x16755
                0x00016779                os_mutex_delete = 0x16779
                0x0001679d                os_mutex_take = 0x1679d
                0x000167c5                os_mutex_give = 0x167c5
                0x00016811                os_task_create = 0x16811
                0x0001684d                os_task_delete = 0x1684d
                0x00016871                os_task_suspend = 0x16871
                0x00016895                os_task_resume = 0x16895
                0x000168b9                os_task_yield = 0x168b9
                0x000168d7                os_task_handle_get = 0x168d7
                0x000168fb                os_task_priority_get = 0x168fb
                0x00016923                os_task_priority_set = 0x16923
                0x0001694b                os_task_signal_create = 0x1694b
                0x00016973                os_task_status_dump = 0x16973
                0x00016989                os_task_dlps_return_idle_task = 0x16989
                0x0001699f                os_task_notify_take = 0x1699f
                0x000169cb                os_task_notify_give = 0x169cb
                0x00016a25                os_timer_id_get = 0x16a25
                0x00016a61                os_timer_create = 0x16a61
                0x00016a9d                os_timer_start = 0x16a9d
                0x00016ac1                os_timer_restart = 0x16ac1
                0x00016ae9                os_timer_stop = 0x16ae9
                0x00016b0d                os_timer_delete = 0x16b0d
                0x00016b31                os_timer_dump = 0x16b31
                0x00016b4f                os_timer_state_get = 0x16b4f
                0x00016b8b                os_timer_init = 0x16b8b
                0x00016ba1                os_timer_number_get = 0x16ba1
                0x00016bc9                os_timer_pend_function_call = 0x16bc9
                0x00016bf5                os_timer_get_auto_reload = 0x16bf5
                0x00016c1d                os_timer_is_timer_active = 0x16c1d
                0x0001733b                osif_timer_create = 0x1733b
                0x00017c6b                dfu_check_ota_mode_flag = 0x17c6b
                0x0001803d                AES_CMAC = 0x1803d
                0x0001a121                zigbee_mp_handle_cmd = 0x1a121
                0x0001a13d                zigbee_mp_handle_event = 0x1a13d
                0x0001a1b3                zb_mp_test_init = 0x1a1b3
                0x0001ac57                flash_sec_init = 0x1ac57
                0x0001acd9                flash_sec_set_iv = 0x1acd9
                0x0001ad6b                flash_sec_set_remap_addr = 0x1ad6b
                0x0001ad6d                flash_sec_lock_key_by_key_index = 0x1ad6d
                0x0001aecd                hw_sha256_init = 0x1aecd
                0x0001f779                setlocale = 0x1f779
                0x0001f78d                memcmp = 0x1f78d
                0x0001f7e9                strlen = 0x1f7e9
                0x0001f82d                __aeabi_memcpy = 0x1f82d
                0x0001f82d                __rt_memcpy = 0x1f82d
                0x0001f82d                memcpy = 0x1f82d
                0x0001f961                __aeabi_memset = 0x1f961
                0x0001f973                _memset_w = 0x1f973
                0x0001f98d                _memset = 0x1f98d
                0x0001f9ab                __aeabi_memclr = 0x1f9ab
                0x0001f9ab                __rt_memclr = 0x1f9ab
                0x0001f9af                __aeabi_memclr4 = 0x1f9af
                0x0001f9af                __aeabi_memclr8 = 0x1f9af
                0x0001f9af                __rt_memclr_w = 0x1f9af
                0x0001f9b5                strcmp = 0x1f9b5
                0x00020669                exit = 0x20669
                0x000217f4                mac_adapter = 0x217f4
                0x00200138                boot_cfg = 0x200138
                0x002001b4                sys_init_cfg = 0x2001b4
                0x00200278                os_cfg = 0x200278
                0x002002b4                platform_delay_us = 0x2002b4
                0x002002b8                platform_delay_ms = 0x2002b8
                0x002002c4                SystemCpuClock = 0x2002c4
                0x00200394                set_clock_gen_rate = 0x200394
                0x00200944                set_clk_32k_power_in_powerdown = 0x200944
                0x00200a30                power_manager_master_initiate_wakeup = 0x200a30
                0x00200ae0                platform_pm_register_callback_func = 0x200ae0
                0x00200b18                os_sched_restore = 0x200b18
                0x00200b1c                os_sys_tick_rate_get = 0x200b1c
                0x00200b20                os_sys_tick_clk_get = 0x200b20
                0x00200b24                os_pm_next_timeout_value_get = 0x200b24
                0x00200b28                os_register_pm_excluded_handle = 0x200b28
                0x00200b2c                os_unregister_pm_excluded_handle = 0x200b2c
                0x00200b30                os_pm_store_tickcount = 0x200b30
                0x00200b34                os_pm_restore_tickcount = 0x200b34
                0x00200b38                os_pm_check = 0x200b38
                0x00200b3c                os_pm_store = 0x200b3c
                0x00200b40                os_pm_restore = 0x200b40
                0x00200b44                os_pm_init = 0x200b44
                0x00200bbc                get_valid_txgain_index_from_tx_power = 0x200bbc
                0x00200bc0                get_phy_rssi0_dbm = 0x200bc0
                0x00200bc8                calculate_log_from_rssi = 0x200bc8
                0x00200bd8                modem_pi_read = 0x200bd8
                0x00200bdc                modem_pi_write = 0x200bdc
                0x00200be0                modem_pi_update = 0x200be0
                0x00200c0c                modem_psd_get_entry_num = 0x200c0c
                0x00200c10                modem_psd_get_rf_mode = 0x200c10
                0x00200cd4                get_thermal_meter_celsius = 0x200cd4
                0x00200cfc                debug_port_set_pin_bit_map = 0x200cfc
                0x00200d00                debug_port_open = 0x200d00
                0x00200d1c                deinit_swd_pinmux = 0x200d1c
                0x00200d68                flash_nor_get_bit_mode = 0x200d68
                0x00200db0                flash_nor_try_high_speed_mode = 0x200db0
                0x00200dc4                flash_nor_erase_locked = 0x200dc4
                0x00200dc8                flash_nor_write_locked = 0x200dc8
                0x00200dcc                flash_nor_read_locked = 0x200dcc
                0x00200dd0                check_flash_bp_before_ota_copy = 0x200dd0
                0x00200dd4                flash_nor_get_default_bp_lv = 0x200dd4
                0x00200dd8                flash_nor_unlock_bp_all = 0x200dd8
                0x00200ddc                flash_nor_unlock_bp_by_addr_locked = 0x200ddc
                0x00200de0                flash_nor_set_bp_lv_locked = 0x200de0
                0x00200de4                flash_nor_set_tb_bit_locked = 0x200de4
                0x00200de8                flash_nor_get_bp_lv_locked = 0x200de8
                0x00200e0c                zbmac_pm_wakeup_time = 0x200e0c
                0x00200e10                zbmac_pm_check = 0x200e10
                0x00200e14                zbmac_pm_store = 0x200e14
                0x00200e18                zbmac_pm_restore = 0x200e18
                0x00200e1c                zbmac_pm_enter = 0x200e1c
                0x00200e20                zbmac_pm_exit = 0x200e20
                0x00200e24                zbmac_pm_init = 0x200e24
                0x00200e3c                flash_sec_set_region_addr = 0x200e3c
                0x00200e40                flash_sec_set_key = 0x200e40
                0x00200e50                hw_sha256_start = 0x200e50
                0x00200e5c                hw_sha256_cpu_update = 0x200e5c
                0x00200e60                hw_sha256_finish = 0x200e60
                0x00200e70                hw_sha256 = 0x200e70
                0x00200e7c                app_pre_main = 0x200e7c
                0x00200e80                vector_table_level_two = 0x200e80
                0x00200e84                upperstack_entry = 0x200e84
                0x00200e88                app_main = 0x200e88
                0x00200f14                log_seq_num = 0x200f14
                0x00200f16                is_log_init = 0x200f16
                0x00200f80                platform_pm_feature_cfg = 0x200f80
                0x00200f81                efuse_on_ram = 0x200f81
                0x0020137c                flash_sem = 0x20137c
                0x00201434                flash_nor_ioctl_buf = 0x201434
                0x00201438                flash_nor_ioctl_buf_len = 0x201438
                0x00201440                pxCurrentTCB = 0x201440
                0x0020144c                xTickCount = 0x20144c
                0x00201458                uxPendedTicks = 0x201458
                0x00201470                uxSchedulerSuspended = 0x201470
                0x00201474                pTaskHandleList = 0x201474
                0x00201478                TopOfIdleTaskStack = 0x201478
                0x00201574                uxTimerCreateCount = 0x201574
                0x00201576                uxTimerDeleteCount = 0x201576
                0x00201578                xTimerQueue = 0x201578
                0x00201588                pxTimerPool = 0x201588
                0x0020158c                puxUsedTimerPoolMask = 0x20158c
                0x002015d8                xFreeBytesRemaining = 0x2015d8
                0x002015e0                xMinimumEverFreeBytesRemaining = 0x2015e0
                0x002015e8                xHeapTotalSize = 0x2015e8
                0x002015f0                xStart = 0x2015f0
                0x00201610                reset_reason = 0x201610
                0x00201614                app_cb_wdg_reset = 0x201614
                0x0020167c                patch_osif_os_systick_handler = 0x20167c
                0x00201680                patch_osif_os_delay = 0x201680
                0x00201684                patch_osif_os_sys_time_get = 0x201684
                0x00201688                patch_osif_os_sys_tick_get = 0x201688
                0x0020168c                patch_osif_os_sys_tick_increase = 0x20168c
                0x00201690                patch_osif_os_sched_start = 0x201690
                0x00201694                patch_osif_os_sched_stop = 0x201694
                0x00201698                patch_osif_os_sched_suspend = 0x201698
                0x0020169c                patch_osif_os_sched_resume = 0x20169c
                0x002016a0                patch_osif_os_sched_is_start = 0x2016a0
                0x002016a4                patch_osif_os_sched_state_get = 0x2016a4
                0x002016a8                patch_osif_os_vector_table_update = 0x2016a8
                0x002016ac                patch_osif_os_init = 0x2016ac
                0x002016b0                patch_osif_os_task_create = 0x2016b0
                0x002016b4                patch_osif_os_task_delete = 0x2016b4
                0x002016b8                patch_osif_os_task_suspend = 0x2016b8
                0x002016bc                patch_osif_os_task_resume = 0x2016bc
                0x002016c0                patch_osif_os_task_yield = 0x2016c0
                0x002016c4                patch_osif_os_task_handle_get = 0x2016c4
                0x002016c8                patch_osif_os_task_priority_get = 0x2016c8
                0x002016cc                patch_osif_os_task_priority_set = 0x2016cc
                0x002016d0                patch_osif_os_task_signal_create = 0x2016d0
                0x002016d4                patch_osif_os_task_status_dump = 0x2016d4
                0x002016d8                patch_osif_os_task_dlps_return_idle_task = 0x2016d8
                0x002016dc                patch_osif_os_task_notify_take = 0x2016dc
                0x002016e0                patch_osif_os_task_notify_give = 0x2016e0
                0x002016e4                patch_osif_os_lock = 0x2016e4
                0x002016e8                patch_osif_os_unlock = 0x2016e8
                0x002016ec                patch_osif_os_sem_create = 0x2016ec
                0x002016f0                patch_osif_os_sem_delete = 0x2016f0
                0x002016f4                patch_osif_os_sem_take = 0x2016f4
                0x002016f8                patch_osif_os_sem_give = 0x2016f8
                0x002016fc                patch_osif_os_mutex_create = 0x2016fc
                0x00201700                patch_osif_os_mutex_delete = 0x201700
                0x00201704                patch_osif_os_mutex_take = 0x201704
                0x00201708                patch_osif_os_mutex_give = 0x201708
                0x0020170c                patch_osif_os_msg_queue_create_intern = 0x20170c
                0x00201710                patch_osif_os_msg_queue_delete_intern = 0x201710
                0x00201714                patch_osif_os_msg_queue_peek_intern = 0x201714
                0x00201718                patch_osif_os_msg_send_intern = 0x201718
                0x0020171c                patch_osif_os_msg_recv_intern = 0x20171c
                0x00201720                patch_osif_os_msg_peek_intern = 0x201720
                0x00201724                patch_osif_os_mem_alloc_intern = 0x201724
                0x00201728                patch_osif_os_mem_zalloc_intern = 0x201728
                0x0020172c                patch_osif_os_mem_aligned_alloc_intern = 0x20172c
                0x00201730                patch_osif_os_mem_free = 0x201730
                0x00201734                patch_osif_os_mem_aligned_free = 0x201734
                0x00201738                patch_osif_os_mem_peek = 0x201738
                0x0020173c                patch_osif_os_mem_check_heap_usage = 0x20173c
                0x00201740                patch_osif_os_queue_in = 0x201740
                0x00201744                patch_osif_os_queue_out = 0x201744
                0x00201748                patch_osif_os_queue_insert = 0x201748
                0x0020174c                patch_osif_os_queue_delete = 0x20174c
                0x00201750                patch_osif_os_timer_id_get = 0x201750
                0x00201754                patch_osif_os_timer_create = 0x201754
                0x00201758                patch_osif_os_timer_start = 0x201758
                0x0020175c                patch_osif_os_timer_restart = 0x20175c
                0x00201760                patch_osif_os_timer_stop = 0x201760
                0x00201764                patch_osif_os_timer_delete = 0x201764
                0x00201768                patch_osif_os_timer_dump = 0x201768
                0x0020176c                patch_osif_os_timer_state_get = 0x20176c
                0x00201770                patch_osif_os_timer_init = 0x201770
                0x00201774                patch_osif_os_timer_number_get = 0x201774
                0x0020177c                patch_osif_os_timer_get_auto_reload = 0x20177c
                0x00201780                patch_osif_os_timer_is_timer_active = 0x201780
                0x002017ac                Patch_Dump_CPU_Register_and_Memory = 0x2017ac
                0x002017d8                patch_vTaskSwitchContext = 0x2017d8
                0x002017dc                patch_traceTaskSwitchIn = 0x2017dc
                0x002018bc                patch_HardFaultRecord_TryToSave = 0x2018bc
                0x002018c4                lpm_excluded_handle = 0x2018c4
LOAD ../sdk/lib/adc.a
LOAD ../sdk/lib/libgap_utils.a
LOAD ../sdk/lib/liblowerstack.a
                0x000479b7                BB_write_baseband_register = 0x479b7
                0x00047b4d                bzdma_ble_set_segment_valid_bitmap = 0x47b4d
                0x00048643                bzdma_wait_rxcmd_complete = 0x48643
                0x000486c5                bzdma_send_burst_rxcmd_and_wait_complete = 0x486c5
                0x00050359                BTMAC_Handler = 0x50359
                0x000506c7                btmac_pm_check_inactive = 0x506c7
                0x00050709                btmac_pm_initiate_wakeup = 0x50709
                0x00050721                btmac_pm_set_power_mode = 0x50721
                0x00050727                btmac_pm_get_power_mode = 0x50727
                0x00050739                btmac_pm_get_statistics = 0x50739
                0x002029b4                low_task_handle = 0x2029b4
                0x002029e4                g_modem_psd_report_array = 0x2029e4
                0x00202a61                bzdma_supported_le_max_seg_num = 0x202a61
                0x00202aa4                bzdma_send_packet_to_ble_data_ring_fifo = 0x202aa4
                0x00202b2c                vhci_ack = 0x202b2c
                0x00202b38                vhci_open = 0x202b38
                0x00202b3c                vhci_send = 0x202b3c
                0x00202c10                rcp_BB_handle_psd_end_intr_func = 0x202c10
                0x00202e44                rcp_BTMAC_Handler = 0x202e44
                0x0020301c                btmac_pm_feature_cfg = 0x20301c
                0x00203b84                Bzdma_Manager = 0x203b84
LOAD ../sdk/lib/librtl8752h_sdk.a
LOAD c:/gcc-arm-none-eabi/bin/../lib/gcc/arm-none-eabi/10.3.1/../../../../arm-none-eabi/lib/thumb/v6-m/nofp\libc_nano.a
LOAD c:/gcc-arm-none-eabi/bin/../lib/gcc/arm-none-eabi/10.3.1/../../../../arm-none-eabi/lib/thumb/v6-m/nofp\libm.a
LOAD c:/gcc-arm-none-eabi/bin/../lib/gcc/arm-none-eabi/10.3.1/../../../../arm-none-eabi/lib/thumb/v6-m/nofp\libnosys.a
START GROUP
LOAD c:/gcc-arm-none-eabi/bin/../lib/gcc/arm-none-eabi/10.3.1/thumb/v6-m/nofp\libgcc.a
LOAD c:/gcc-arm-none-eabi/bin/../lib/gcc/arm-none-eabi/10.3.1/../../../../arm-none-eabi/lib/thumb/v6-m/nofp\libc_nano.a
END GROUP
START GROUP
LOAD c:/gcc-arm-none-eabi/bin/../lib/gcc/arm-none-eabi/10.3.1/thumb/v6-m/nofp\libgcc.a
LOAD c:/gcc-arm-none-eabi/bin/../lib/gcc/arm-none-eabi/10.3.1/../../../../arm-none-eabi/lib/thumb/v6-m/nofp\libc_nano.a
END GROUP
LOAD c:/gcc-arm-none-eabi/bin/../lib/gcc/arm-none-eabi/10.3.1/thumb/v6-m/nofp/crtend.o
LOAD c:/gcc-arm-none-eabi/bin/../lib/gcc/arm-none-eabi/10.3.1/thumb/v6-m/nofp/crtn.o

IMAGE_HEADER    0x00836000      0x400
 *(.app.flash.header)
 .app.flash.header
                0x00836000      0x400 build/system_rtl876x.o
                0x00836000                img_header
 *(.app.flash.header.auth)

APP_FLASH_HEADER_EXT
 *(.app.flash.header_ext)

FLASH_START_ADDR
                0x00836400        0x8
 build/startup_rtl876x_gcc.o(RESET)
 RESET          0x00836400        0x8 build/startup_rtl876x_gcc.o
                0x00836400                Reset_Handler
                0x00836408                . = ALIGN (0x4)
                0x00836400                __flash_start_load_ad__ = LOADADDR (FLASH_START_ADDR)
                0x00836400                __flash_start_exe_ad__ = ADDR (FLASH_START_ADDR)

FLASH_TEXT      0x00836408     0x8fa8
 *(.text*)
 .text.random_seed_init
                0x00836408       0x14 build/system_rtl876x.o
                0x00836408                random_seed_init
 .text.log_direct_app
                0x0083641c       0xac build/system_rtl876x.o
                0x0083641c                log_direct_app
 .text.common_main
                0x008364c8       0x74 build/system_rtl876x.o
                0x008364c8                common_main
 .text.DLPS_IORegister
                0x0083653c       0x24 build/rtl876x_io_dlps.o
                0x0083653c                DLPS_IORegister
 .text.NVIC_Init
                0x00836560       0xe8 build/rtl876x_nvic.o
                0x00836560                NVIC_Init
 .text.Pinmux_Deinit
                0x00836648       0x20 build/rtl876x_pinmux.o
                0x00836648                Pinmux_Deinit
 .text.Pinmux_Config
                0x00836668       0x28 build/rtl876x_pinmux.o
                0x00836668                Pinmux_Config
 .text.Pad_Config
                0x00836690       0x8c build/rtl876x_pinmux.o
                0x00836690                Pad_Config
 .text.Pad_ControlSelectValue
                0x0083671c       0x34 build/rtl876x_pinmux.o
                0x0083671c                Pad_ControlSelectValue
 .text.GPIO_Init
                0x00836750       0xdc build/rtl876x_gpio.o
                0x00836750                GPIO_Init
 .text.GPIO_StructInit
                0x0083682c       0x1a build/rtl876x_gpio.o
                0x0083682c                GPIO_StructInit
 .text.GPIO_GetPin
                0x00836846       0x38 build/rtl876x_gpio.o
                0x00836846                GPIO_GetPin
 *fill*         0x0083687e        0x2 
 .text.RCC_PeriphClockCmd
                0x00836880      0x18c build/rtl876x_rcc.o
                0x00836880                RCC_PeriphClockCmd
 .text.UART_Init
                0x00836a0c       0xd0 build/rtl876x_uart.o
                0x00836a0c                UART_Init
 .text.UART_StructInit
                0x00836adc       0x34 build/rtl876x_uart.o
                0x00836adc                UART_StructInit
 .text.custom_service_attr_read_cb
                0x00836b10        0x4 build/custom_service.o
                0x00836b10                custom_service_attr_read_cb
 .text.custom_service_attr_write_cb
                0x00836b14       0x3c build/custom_service.o
                0x00836b14                custom_service_attr_write_cb
 .text.custom_service_cccd_update_cb
                0x00836b50       0x38 build/custom_service.o
                0x00836b50                custom_service_cccd_update_cb
 .text.custom_service_add_service
                0x00836b88       0x48 build/custom_service.o
                0x00836b88                custom_service_add_service
 .text.custom_service_send_notification
                0x00836bd0       0x16 build/custom_service.o
                0x00836bd0                custom_service_send_notification
 *fill*         0x00836be6        0x2 
 .text.adv_timer_callback
                0x00836be8       0x18 build/app_task.o
                0x00836be8                adv_timer_callback
 .text.app_main_task
                0x00836c00       0xe8 build/app_task.o
                0x00836c00                app_main_task
 .text.app_task_init
                0x00836ce8       0x2c build/app_task.o
                0x00836ce8                app_task_init
 .text.app_send_msg_to_apptask
                0x00836d14       0x64 build/app_task.o
                0x00836d14                app_send_msg_to_apptask
 .text.spi_write_byte
                0x00836d78       0x60 build/epd.o
                0x00836d78                spi_write_byte
 .text.epd_cmd  0x00836dd8       0x38 build/epd.o
                0x00836dd8                epd_cmd
 .text.epd_data
                0x00836e10       0x38 build/epd.o
                0x00836e10                epd_data
 .text.epd_write
                0x00836e48       0x70 build/epd.o
                0x00836e48                epd_write
 .text.epd_wait_busy
                0x00836eb8       0x30 build/epd.o
                0x00836eb8                epd_wait_busy
 .text.epd_hw_reset
                0x00836ee8       0x4c build/epd.o
                0x00836ee8                epd_hw_reset
 .text.epd_init
                0x00836f34      0x194 build/epd.o
                0x00836f34                epd_init
 .text.epd_sleep
                0x008370c8       0x2c build/epd.o
                0x008370c8                epd_sleep
 .text.epd_board_init
                0x008370f4       0xe8 build/epd.o
                0x008370f4                epd_board_init
 .text.epd_board_sleep
                0x008371dc       0x74 build/epd.o
                0x008371dc                epd_board_sleep
 .text.io_dlps_enter_cb
                0x00837250       0x90 build/main.o
                0x00837250                io_dlps_enter_cb
 .text.io_dlps_exit_cb
                0x008372e0       0x88 build/main.o
                0x008372e0                io_dlps_exit_cb
 .text.app_le_gap_init
                0x00837368      0x188 build/main.o
                0x00837368                app_le_gap_init
 .text.app_le_profile_init
                0x008374f0       0x24 build/main.o
                0x008374f0                app_le_profile_init
 .text.driver_init
                0x00837514       0x74 build/main.o
                0x00837514                driver_init
 .text.pwr_mgr_init
                0x00837588       0x30 build/main.o
                0x00837588                pwr_mgr_init
 .text.main     0x008375b8       0x34 build/main.o
                0x008375b8                main
 .text.epd_poll_timer_cb
                0x008375ec       0x1a build/peripheral_app.o
 *fill*         0x00837606        0x2 
 .text.ble_addr_early_init
                0x00837608       0xb0 build/peripheral_app.o
                0x00837608                ble_addr_early_init
 .text.get_capabilities
                0x008376b8       0x30 build/peripheral_app.o
                0x008376b8                get_capabilities
 .text.app_send_custom_notification
                0x008376e8       0x18 build/peripheral_app.o
                0x008376e8                app_send_custom_notification
 .text.set_adv_data
                0x00837700       0xd4 build/peripheral_app.o
                0x00837700                set_adv_data
 .text.app_handle_dev_state_evt
                0x008377d4       0xcc build/peripheral_app.o
                0x008377d4                app_handle_dev_state_evt
 .text.app_handle_conn_state_evt
                0x008378a0       0xc8 build/peripheral_app.o
                0x008378a0                app_handle_conn_state_evt
 .text.app_handle_authen_state_evt
                0x00837968       0x50 build/peripheral_app.o
                0x00837968                app_handle_authen_state_evt
 .text.app_handle_conn_mtu_info_evt
                0x008379b8       0x14 build/peripheral_app.o
                0x008379b8                app_handle_conn_mtu_info_evt
 .text.app_handle_conn_param_update_evt
                0x008379cc       0x74 build/peripheral_app.o
                0x008379cc                app_handle_conn_param_update_evt
 .text.app_handle_gap_msg
                0x00837a40      0x12c build/peripheral_app.o
                0x00837a40                app_handle_gap_msg
 .text.app_handle_io_msg
                0x00837b6c       0x84 build/peripheral_app.o
                0x00837b6c                app_handle_io_msg
 .text.app_gap_callback
                0x00837bf0       0x68 build/peripheral_app.o
                0x00837bf0                app_gap_callback
 .text.app_profile_callback
                0x00837c58       0x9c build/peripheral_app.o
                0x00837c58                app_profile_callback
 .text.uart_print_init
                0x00837cf4       0x74 build/retarget.o
                0x00837cf4                uart_print_init
 .text.uart_puts
                0x00837d68       0x70 build/retarget.o
                0x00837d68                uart_puts
 .text.uart_bdaddr_str
                0x00837dd8       0x40 build/retarget.o
                0x00837dd8                uart_bdaddr_str
 .text.uart_printf
                0x00837e18       0x2e build/retarget.o
                0x00837e18                uart_printf
 *fill*         0x00837e46        0x2 
 .text.HardFault_Handler_C
                0x00837e48       0x7c build/retarget.o
                0x00837e48                HardFault_Handler_C
 .text.HardFault_Handler
                0x00837ec4       0x1c build/retarget.o
                0x00837ec4                HardFault_Handler
 .text.recalcParts
                0x00837ee0       0x38 build/ble_cmd_handler.o
 .text.getAddressForSlot
                0x00837f18       0x34 build/ble_cmd_handler.o
                0x00837f18                getAddressForSlot
 .text.drawImageFromEeprom
                0x00837f4c       0x40 build/ble_cmd_handler.o
                0x00837f4c                drawImageFromEeprom
 .text.ble_send_notify
                0x00837f8c       0x44 build/ble_cmd_handler.o
                0x00837f8c                ble_send_notify
 .text.processAvailDataInfoBLE
                0x00837fd0      0x464 build/ble_cmd_handler.o
                0x00837fd0                processAvailDataInfoBLE
 .text.zb_ble_hci_cmd_handler
                0x00838434      0x704 build/ble_cmd_handler.o
                0x00838434                zb_ble_hci_cmd_handler
 .text.SPI_Flash_CS_set
                0x00838b38       0x2c build/eeprom.o
                0x00838b38                SPI_Flash_CS_set
 .text.SPI_Flash_CLK_set
                0x00838b64       0x2c build/eeprom.o
                0x00838b64                SPI_Flash_CLK_set
 .text.SPI_Flash_MOSI_set
                0x00838b90       0x2c build/eeprom.o
                0x00838b90                SPI_Flash_MOSI_set
 .text.SPI_Flash_MISO_get
                0x00838bbc       0x1c build/eeprom.o
                0x00838bbc                SPI_Flash_MISO_get
 .text.SPI_Flash_enable_GPIO
                0x00838bd8       0xc4 build/eeprom.o
                0x00838bd8                SPI_Flash_enable_GPIO
 .text.SPI_Flash_transceive
                0x00838c9c       0x4e build/eeprom.o
                0x00838c9c                SPI_Flash_transceive
 *fill*         0x00838cea        0x2 
 .text.eepromPowerUp
                0x00838cec       0x38 build/eeprom.o
                0x00838cec                eepromPowerUp
 .text.eepromPowerDown
                0x00838d24       0x2c build/eeprom.o
                0x00838d24                eepromPowerDown
 .text.Flash_wait_busy
                0x00838d50       0x30 build/eeprom.o
                0x00838d50                Flash_wait_busy
 .text.Flash_CMD_WriteEN
                0x00838d80       0x16 build/eeprom.o
                0x00838d80                Flash_CMD_WriteEN
 *fill*         0x00838d96        0x2 
 .text.FLASH_Init
                0x00838d98       0x74 build/eeprom.o
                0x00838d98                FLASH_Init
 .text.eepromRead
                0x00838e0c       0x4c build/eeprom.o
                0x00838e0c                eepromRead
 .text.Flash_write_page
                0x00838e58       0x52 build/eeprom.o
                0x00838e58                Flash_write_page
 .text.eepromWrite
                0x00838eaa       0x46 build/eeprom.o
                0x00838eaa                eepromWrite
 .text.Flash_BlkErase_4k
                0x00838ef0       0x3a build/eeprom.o
                0x00838ef0                Flash_BlkErase_4k
 *fill*         0x00838f2a        0x2 
 .text.eepromErase
                0x00838f2c       0x40 build/eeprom.o
                0x00838f2c                eepromErase
 .text.zlib_read_cb1
                0x00838f6c       0x5c build/drawing.o
 .text.zlib_read_cb0
                0x00838fc8       0x5c build/drawing.o
 .text.push_bwry_pixels
                0x00839024       0x64 build/drawing.o
 .text.draw_zlib
                0x00839088      0x2bc build/drawing.o
 .text.drawImageAtAddress
                0x00839344      0x174 build/drawing.o
                0x00839344                drawImageAtAddress
 .text.epd_refresh_done
                0x008394b8       0x48 build/drawing.o
                0x008394b8                epd_refresh_done
 .text.battery_measure_mv
                0x00839500       0xf8 build/battery.o
                0x00839500                battery_measure_mv
 .text.render_lines_rotated
                0x008395f8      0x104 build/boot_screen.o
 .text.boot_screen_draw
                0x008396fc      0x114 build/boot_screen.o
                0x008396fc                boot_screen_draw
 .text.boot_screen_show_error
                0x00839810       0x40 build/boot_screen.o
                0x00839810                boot_screen_show_error
 .text.ota_erase_ext
                0x00839850       0x2c build/ota.o
                0x00839850                ota_erase_ext
 .text.ota_save_ext_block
                0x0083987c       0x48 build/ota.o
                0x0083987c                ota_save_ext_block
 .text.ota_apply
                0x008398c4      0x244 build/ota.o
                0x008398c4                ota_apply
 .text.mac_edit_update
                0x00839b08      0x204 build/mac_edit.o
                0x00839b08                mac_edit_update
 .text.tinf_build_tree
                0x00839d0c       0x72 build/uzlib.o
 .text.uzlib_get_byte
                0x00839d7e       0x36 build/uzlib.o
                0x00839d7e                uzlib_get_byte
 .text.tinf_getbit
                0x00839db4       0x26 build/uzlib.o
 .text.tinf_read_bits
                0x00839dda       0x3c build/uzlib.o
 .text.tinf_decode_symbol
                0x00839e16       0x4c build/uzlib.o
 *fill*         0x00839e62        0x2 
 .text.tinf_decode_trees
                0x00839e64      0x120 build/uzlib.o
 .text.uzlib_uncompress_init
                0x00839f84       0x1a build/uzlib.o
                0x00839f84                uzlib_uncompress_init
 *fill*         0x00839f9e        0x2 
 .text.uzlib_uncompress
                0x00839fa0      0x314 build/uzlib.o
                0x00839fa0                uzlib_uncompress
 .text.uzlib_zlib_parse_header
                0x0083a2b4       0x56 build/uzlib.o
                0x0083a2b4                uzlib_zlib_parse_header
 *fill*         0x0083a30a        0x2 
 .text.ADC_Init
                0x0083a30c      0x23c build/rtl876x_adc.o
                0x0083a30c                ADC_Init
 .text.ADC_StructInit
                0x0083a548       0x5c build/rtl876x_adc.o
                0x0083a548                ADC_StructInit
 .text.ADC_Cmd  0x0083a5a4       0x20 build/rtl876x_adc.o
                0x0083a5a4                ADC_Cmd
 .text.ADC_INTConfig
                0x0083a5c4       0x14 build/rtl876x_adc.o
                0x0083a5c4                ADC_INTConfig
 .text.ADC_ReadRawData
                0x0083a5d8       0x18 build/rtl876x_adc.o
                0x0083a5d8                ADC_ReadRawData
 .text.ADC_GetINTStatus
                0x0083a5f0        0xe build/rtl876x_adc.o
                0x0083a5f0                ADC_GetINTStatus
 .text.ADC_ClearINTPendingBit
                0x0083a5fe        0xa build/rtl876x_adc.o
                0x0083a5fe                ADC_ClearINTPendingBit
 .text          0x0083a608        0x2 build/startup_rtl876x_gcc.o
                0x0083a608                GPIO22_Handler
                0x0083a608                GPIO17_Handler
                0x0083a608                I2C0_Handler
                0x0083a608                UART2_Handler
                0x0083a608                TRNG_Handler
                0x0083a608                SHA256_Handler
                0x0083a608                Platform_Handler
                0x0083a608                SysTick_Handler
                0x0083a608                I2C1_Handler
                0x0083a608                I2S0_RX_Handler
                0x0083a608                PendSV_Handler
                0x0083a608                GPIO23_Handler
                0x0083a608                NMI_Handler
                0x0083a608                GPIO15_Handler
                0x0083a608                PTA_Mailbox_Handler
                0x0083a608                Keyscan_Handler
                0x0083a608                GPIO5_Handler
                0x0083a608                I2S0_TX_Handler
                0x0083a608                ADC_Handler
                0x0083a608                GPIO27_Handler
                0x0083a608                GPIO6_Handler
                0x0083a608                GPIO19_Handler
                0x0083a608                GPIO10_Handler
                0x0083a608                GPIO16_Handler
                0x0083a608                RTC_Handler
                0x0083a608                UsageFault_Handler
                0x0083a608                GDMA0_Channel2_Handler
                0x0083a608                Timer2_Handler
                0x0083a608                GPIO31_Handler
                0x0083a608                Timer3_Handler
                0x0083a608                GPIO1_Handler
                0x0083a608                Peripheral_Handler
                0x0083a608                WDT_Handler
                0x0083a608                GPIO28_Handler
                0x0083a608                GPIO14_Handler
                0x0083a608                GPIO18_Handler
                0x0083a608                SPIC1_Handler
                0x0083a608                UART1_Handler
                0x0083a608                GPIO11_Handler
                0x0083a608                GPIO4_Handler
                0x0083a608                Timer4_5_Handler
                0x0083a608                GPIO13_Handler
                0x0083a608                GPIO26_Handler
                0x0083a608                Timer5_Handler
                0x0083a608                LPCOMP_Handler
                0x0083a608                Default_Handler
                0x0083a608                GPIO9_Handler
                0x0083a608                GPIO30_Handler
                0x0083a608                Enhanced_Timer1_Handler
                0x0083a608                System_Handler
                0x0083a608                GPIO8_Handler
                0x0083a608                MemManage_Handler
                0x0083a608                Enhanced_Timer0_Handler
                0x0083a608                SVC_Handler
                0x0083a608                GDMA0_Channel1_Handler
                0x0083a608                IR_Handler
                0x0083a608                SPI2W_Handler
                0x0083a608                GPIO25_Handler
                0x0083a608                SPI1_Handler
                0x0083a608                GPIO24_Handler
                0x0083a608                PF_RTC_Handler
                0x0083a608                UART0_Handler
                0x0083a608                Timer4_Handler
                0x0083a608                FLASH_SEC_Handler
                0x0083a608                GPIO29_Handler
                0x0083a608                GPIO21_Handler
                0x0083a608                Qdecode_Handler
                0x0083a608                BusFault_Handler
                0x0083a608                GPIO2_Handler
                0x0083a608                GPIO20_Handler
                0x0083a608                SPIC0_Handler
                0x0083a608                GPIO12_Handler
                0x0083a608                GDMA0_Channel3_Handler
                0x0083a608                GDMA0_Channel0_Handler
                0x0083a608                SPI0_Handler
                0x0083a608                GPIO7_Handler
                0x0083a608                GPIO0_Handler
                0x0083a608                GPIO3_Handler
 .text.ADC_GetKValue
                0x0083a60a       0x4c ../sdk/lib/adc.a(adc_lib.o)
 *fill*         0x0083a656        0x2 
 .text.ADC_GetKVoltage
                0x0083a658       0x60 ../sdk/lib/adc.a(adc_lib.o)
 .text.ADC_CalibrationInit
                0x0083a6b8       0xf0 ../sdk/lib/adc.a(adc_lib.o)
                0x0083a6b8                ADC_CalibrationInit
 .text.ADC_GetVoltage
                0x0083a7a8       0x9c ../sdk/lib/adc.a(adc_lib.o)
                0x0083a7a8                ADC_GetVoltage
 .text.gap_lib_handle_btif_msg
                0x0083a844       0x28 ../sdk/lib/libgap_utils.a(gap_lib.o)
                0x0083a844                gap_lib_handle_btif_msg
 .text.gap_lib_init
                0x0083a86c       0x24 ../sdk/lib/libgap_utils.a(gap_lib.o)
                0x0083a86c                gap_lib_init
 .text.gap_start_bt_stack
                0x0083a890       0x1e ../sdk/lib/libgap_utils.a(gap_lib_system_call.o)
                0x0083a890                gap_start_bt_stack
 .text.gap_set_param
                0x0083a8ae       0x1e ../sdk/lib/libgap_utils.a(gap_lib_system_call.o)
                0x0083a8ae                gap_set_param
 .text.gap_get_param
                0x0083a8cc       0x1e ../sdk/lib/libgap_utils.a(gap_lib_system_call.o)
                0x0083a8cc                gap_get_param
 .text.gap_handle_msg
                0x0083a8ea        0xe ../sdk/lib/libgap_utils.a(gap_lib_system_call.o)
                0x0083a8ea                gap_handle_msg
 .text.gap_register_extend_cb
                0x0083a8f8        0xe ../sdk/lib/libgap_utils.a(gap_lib_system_call.o)
                0x0083a8f8                gap_register_extend_cb
 *fill*         0x0083a906        0x2 
 .text.le_gap_init
                0x0083a908       0x1c ../sdk/lib/libgap_utils.a(gap_lib_system_call.o)
                0x0083a908                le_gap_init
 .text.le_register_app_cb
                0x0083a924       0x18 ../sdk/lib/libgap_utils.a(gap_lib_system_call.o)
                0x0083a924                le_register_app_cb
 .text.le_set_gap_param
                0x0083a93c       0x20 ../sdk/lib/libgap_utils.a(gap_lib_system_call.o)
                0x0083a93c                le_set_gap_param
 .text.server_init
                0x0083a95c        0xe ../sdk/lib/libgap_utils.a(gap_lib_system_call.o)
                0x0083a95c                server_init
 *fill*         0x0083a96a        0x2 
 .text.server_add_service
                0x0083a96c       0x34 ../sdk/lib/libgap_utils.a(gap_lib_system_call.o)
                0x0083a96c                server_add_service
 .text.server_register_app_cb
                0x0083a9a0       0x10 ../sdk/lib/libgap_utils.a(gap_lib_system_call.o)
                0x0083a9a0                server_register_app_cb
 .text.server_send_data
                0x0083a9b0       0x30 ../sdk/lib/libgap_utils.a(gap_lib_system_call.o)
                0x0083a9b0                server_send_data
 .text.le_adv_set_param
                0x0083a9e0       0x1e ../sdk/lib/libgap_utils.a(gap_lib_system_call.o)
                0x0083a9e0                le_adv_set_param
 *fill*         0x0083a9fe        0x2 
 .text.le_adv_start
                0x0083aa00       0x1c ../sdk/lib/libgap_utils.a(gap_lib_system_call.o)
                0x0083aa00                le_adv_start
 .text.le_adv_stop
                0x0083aa1c       0x1c ../sdk/lib/libgap_utils.a(gap_lib_system_call.o)
                0x0083aa1c                le_adv_stop
 .text.le_adv_update_param
                0x0083aa38       0x1c ../sdk/lib/libgap_utils.a(gap_lib_system_call.o)
                0x0083aa38                le_adv_update_param
 .text.le_get_conn_param
                0x0083aa54       0x1e ../sdk/lib/libgap_utils.a(gap_lib_system_call.o)
                0x0083aa54                le_get_conn_param
 *fill*         0x0083aa72        0x2 
 .text.le_get_conn_addr
                0x0083aa74       0x20 ../sdk/lib/libgap_utils.a(gap_lib_system_call.o)
                0x0083aa74                le_get_conn_addr
 .text.le_bond_set_param
                0x0083aa94       0x1e ../sdk/lib/libgap_utils.a(gap_lib_system_call.o)
                0x0083aa94                le_bond_set_param
 *fill*         0x0083aab2        0x2 
 .text.le_bond_get_display_key
                0x0083aab4       0x20 ../sdk/lib/libgap_utils.a(gap_lib_system_call.o)
                0x0083aab4                le_bond_get_display_key
 .text.le_bond_passkey_input_confirm
                0x0083aad4       0x20 ../sdk/lib/libgap_utils.a(gap_lib_system_call.o)
                0x0083aad4                le_bond_passkey_input_confirm
 .text.le_bond_oob_input_confirm
                0x0083aaf4       0x20 ../sdk/lib/libgap_utils.a(gap_lib_system_call.o)
                0x0083aaf4                le_bond_oob_input_confirm
 .text.le_bond_just_work_confirm
                0x0083ab14       0x20 ../sdk/lib/libgap_utils.a(gap_lib_system_call.o)
                0x0083ab14                le_bond_just_work_confirm
 .text.le_bond_passkey_display_confirm
                0x0083ab34       0x20 ../sdk/lib/libgap_utils.a(gap_lib_system_call.o)
                0x0083ab34                le_bond_passkey_display_confirm
 .text.le_bond_user_confirm
                0x0083ab54       0x20 ../sdk/lib/libgap_utils.a(gap_lib_system_call.o)
                0x0083ab54                le_bond_user_confirm
 .text.le_handle_vendor_cmd_rsp
                0x0083ab74      0x144 ../sdk/lib/libgap_utils.a(gap_vendor_cmd.o)
                0x0083ab74                le_handle_vendor_cmd_rsp
 .text.le_handle_vendor_evt_info
                0x0083acb8       0x1c ../sdk/lib/libgap_utils.a(gap_vendor_cmd.o)
                0x0083acb8                le_handle_vendor_evt_info
 .text.flash_sec_lock_key
                0x0083acd4       0x10 ../sdk/lib/librtl8752h_sdk.a(flash_sec.o)
                0x0083acd4                flash_sec_lock_key
 .text.pmu_request_ldo_audio_ref_call
                0x0083ace4        0xc ../sdk/lib/librtl8752h_sdk.a(pm.o)
                0x0083ace4                pmu_request_ldo_audio_ref_call
 .text.flash_erase_locked
                0x0083acf0       0x2c ../sdk/lib/librtl8752h_sdk.a(flash_device.o)
                0x0083acf0                flash_erase_locked
 .text.flash_write_locked
                0x0083ad1c       0x1c ../sdk/lib/librtl8752h_sdk.a(flash_device.o)
                0x0083ad1c                flash_write_locked
 .text.flash_read_locked
                0x0083ad38       0x1c ../sdk/lib/librtl8752h_sdk.a(flash_device.o)
                0x0083ad38                flash_read_locked
 .text.snprintf
                0x0083ad54       0x68 c:/gcc-arm-none-eabi/bin/../lib/gcc/arm-none-eabi/10.3.1/../../../../arm-none-eabi/lib/thumb/v6-m/nofp\libc_nano.a(lib_a-snprintf.o)
                0x0083ad54                sniprintf
                0x0083ad54                snprintf
 .text.sprintf  0x0083adbc       0x40 c:/gcc-arm-none-eabi/bin/../lib/gcc/arm-none-eabi/10.3.1/../../../../arm-none-eabi/lib/thumb/v6-m/nofp\libc_nano.a(lib_a-sprintf.o)
                0x0083adbc                siprintf
                0x0083adbc                sprintf
 .text._vsnprintf_r
                0x0083adfc       0x56 c:/gcc-arm-none-eabi/bin/../lib/gcc/arm-none-eabi/10.3.1/../../../../arm-none-eabi/lib/thumb/v6-m/nofp\libc_nano.a(lib_a-vsnprintf.o)
                0x0083adfc                _vsniprintf_r
                0x0083adfc                _vsnprintf_r
 *fill*         0x0083ae52        0x2 
 .text.vsnprintf
                0x0083ae54       0x18 c:/gcc-arm-none-eabi/bin/../lib/gcc/arm-none-eabi/10.3.1/../../../../arm-none-eabi/lib/thumb/v6-m/nofp\libc_nano.a(lib_a-vsnprintf.o)
                0x0083ae54                vsniprintf
                0x0083ae54                vsnprintf
 .text._free_r  0x0083ae6c       0x94 c:/gcc-arm-none-eabi/bin/../lib/gcc/arm-none-eabi/10.3.1/../../../../arm-none-eabi/lib/thumb/v6-m/nofp\libc_nano.a(lib_a-nano-freer.o)
                0x0083ae6c                _free_r
 .text.sbrk_aligned
                0x0083af00       0x44 c:/gcc-arm-none-eabi/bin/../lib/gcc/arm-none-eabi/10.3.1/../../../../arm-none-eabi/lib/thumb/v6-m/nofp\libc_nano.a(lib_a-nano-mallocr.o)
 .text._malloc_r
                0x0083af44       0xec c:/gcc-arm-none-eabi/bin/../lib/gcc/arm-none-eabi/10.3.1/../../../../arm-none-eabi/lib/thumb/v6-m/nofp\libc_nano.a(lib_a-nano-mallocr.o)
                0x0083af44                _malloc_r
 .text.__ssputs_r
                0x0083b030       0xc4 c:/gcc-arm-none-eabi/bin/../lib/gcc/arm-none-eabi/10.3.1/../../../../arm-none-eabi/lib/thumb/v6-m/nofp\libc_nano.a(lib_a-nano-svfprintf.o)
                0x0083b030                __ssputs_r
 .text._svfprintf_r
                0x0083b0f4      0x200 c:/gcc-arm-none-eabi/bin/../lib/gcc/arm-none-eabi/10.3.1/../../../../arm-none-eabi/lib/thumb/v6-m/nofp\libc_nano.a(lib_a-nano-svfprintf.o)
                0x0083b0f4                _svfiprintf_r
                0x0083b0f4                _svfprintf_r
 .text._printf_common
                0x0083b2f4       0xde c:/gcc-arm-none-eabi/bin/../lib/gcc/arm-none-eabi/10.3.1/../../../../arm-none-eabi/lib/thumb/v6-m/nofp\libc_nano.a(lib_a-nano-vfprintf_i.o)
                0x0083b2f4                _printf_common
 *fill*         0x0083b3d2        0x2 
 .text._printf_i
                0x0083b3d4      0x224 c:/gcc-arm-none-eabi/bin/../lib/gcc/arm-none-eabi/10.3.1/../../../../arm-none-eabi/lib/thumb/v6-m/nofp\libc_nano.a(lib_a-nano-vfprintf_i.o)
                0x0083b3d4                _printf_i
 .text._sbrk_r  0x0083b5f8       0x24 c:/gcc-arm-none-eabi/bin/../lib/gcc/arm-none-eabi/10.3.1/../../../../arm-none-eabi/lib/thumb/v6-m/nofp\libc_nano.a(lib_a-sbrkr.o)
                0x0083b5f8                _sbrk_r
 .text.memchr   0x0083b61c       0x16 c:/gcc-arm-none-eabi/bin/../lib/gcc/arm-none-eabi/10.3.1/../../../../arm-none-eabi/lib/thumb/v6-m/nofp\libc_nano.a(lib_a-memchr-stub.o)
                0x0083b61c                memchr
 .text.memmove  0x0083b632       0x26 c:/gcc-arm-none-eabi/bin/../lib/gcc/arm-none-eabi/10.3.1/../../../../arm-none-eabi/lib/thumb/v6-m/nofp\libc_nano.a(lib_a-memmove.o)
                0x0083b632                memmove
 .text.__malloc_lock
                0x0083b658       0x10 c:/gcc-arm-none-eabi/bin/../lib/gcc/arm-none-eabi/10.3.1/../../../../arm-none-eabi/lib/thumb/v6-m/nofp\libc_nano.a(lib_a-mlock.o)
                0x0083b658                __malloc_lock
 .text.__malloc_unlock
                0x0083b668       0x10 c:/gcc-arm-none-eabi/bin/../lib/gcc/arm-none-eabi/10.3.1/../../../../arm-none-eabi/lib/thumb/v6-m/nofp\libc_nano.a(lib_a-mlock.o)
                0x0083b668                __malloc_unlock
 .text._realloc_r
                0x0083b678       0x5e c:/gcc-arm-none-eabi/bin/../lib/gcc/arm-none-eabi/10.3.1/../../../../arm-none-eabi/lib/thumb/v6-m/nofp\libc_nano.a(lib_a-nano-reallocr.o)
                0x0083b678                _realloc_r
 .text.__retarget_lock_acquire_recursive
                0x0083b6d6        0x2 c:/gcc-arm-none-eabi/bin/../lib/gcc/arm-none-eabi/10.3.1/../../../../arm-none-eabi/lib/thumb/v6-m/nofp\libc_nano.a(lib_a-lock.o)
                0x0083b6d6                __retarget_lock_acquire_recursive
 .text.__retarget_lock_release_recursive
                0x0083b6d8        0x2 c:/gcc-arm-none-eabi/bin/../lib/gcc/arm-none-eabi/10.3.1/../../../../arm-none-eabi/lib/thumb/v6-m/nofp\libc_nano.a(lib_a-lock.o)
                0x0083b6d8                __retarget_lock_release_recursive
 .text._malloc_usable_size_r
                0x0083b6da       0x10 c:/gcc-arm-none-eabi/bin/../lib/gcc/arm-none-eabi/10.3.1/../../../../arm-none-eabi/lib/thumb/v6-m/nofp\libc_nano.a(lib_a-nano-msizer.o)
                0x0083b6da                _malloc_usable_size_r
 *fill*         0x0083b6ea        0x2 
 .text._sbrk    0x0083b6ec       0x1c c:/gcc-arm-none-eabi/bin/../lib/gcc/arm-none-eabi/10.3.1/../../../../arm-none-eabi/lib/thumb/v6-m/nofp\libnosys.a(sbrk.o)
                0x0083b6ec                _sbrk
 .text          0x0083b708       0x14 c:/gcc-arm-none-eabi/bin/../lib/gcc/arm-none-eabi/10.3.1/thumb/v6-m/nofp\libgcc.a(_thumb1_case_shi.o)
                0x0083b708                __gnu_thumb1_case_shi
 .text          0x0083b71c      0x114 c:/gcc-arm-none-eabi/bin/../lib/gcc/arm-none-eabi/10.3.1/thumb/v6-m/nofp\libgcc.a(_udivsi3.o)
                0x0083b71c                __aeabi_uidiv
                0x0083b71c                __udivsi3
                0x0083b828                __aeabi_uidivmod
 .text          0x0083b830      0x1d4 c:/gcc-arm-none-eabi/bin/../lib/gcc/arm-none-eabi/10.3.1/thumb/v6-m/nofp\libgcc.a(_divsi3.o)
                0x0083b830                __divsi3
                0x0083b830                __aeabi_idiv
                0x0083b9fc                __aeabi_idivmod
 .text          0x0083ba04        0x4 c:/gcc-arm-none-eabi/bin/../lib/gcc/arm-none-eabi/10.3.1/thumb/v6-m/nofp\libgcc.a(_dvmd_tls.o)
                0x0083ba04                __aeabi_idiv0
                0x0083ba04                __aeabi_ldiv0
 .text          0x0083ba08       0x74 c:/gcc-arm-none-eabi/bin/../lib/gcc/arm-none-eabi/10.3.1/thumb/v6-m/nofp\libgcc.a(_arm_cmpsf2.o)
                0x0083ba08                __aeabi_cfrcmple
                0x0083ba10                __aeabi_cfcmpeq
                0x0083ba10                __aeabi_cfcmple
                0x0083ba20                __aeabi_fcmpeq
                0x0083ba2c                __aeabi_fcmplt
                0x0083ba40                __aeabi_fcmple
                0x0083ba54                __aeabi_fcmpgt
                0x0083ba68                __aeabi_fcmpge
 .text          0x0083ba7c       0x30 c:/gcc-arm-none-eabi/bin/../lib/gcc/arm-none-eabi/10.3.1/thumb/v6-m/nofp\libgcc.a(_fixunssfsi.o)
                0x0083ba7c                __fixunssfsi
                0x0083ba7c                __aeabi_f2uiz
 .text          0x0083baac      0x33c c:/gcc-arm-none-eabi/bin/../lib/gcc/arm-none-eabi/10.3.1/thumb/v6-m/nofp\libgcc.a(addsf3.o)
                0x0083baac                __aeabi_fadd
 .text          0x0083bde8      0x230 c:/gcc-arm-none-eabi/bin/../lib/gcc/arm-none-eabi/10.3.1/thumb/v6-m/nofp\libgcc.a(divsf3.o)
                0x0083bde8                __aeabi_fdiv
 .text          0x0083c018       0x4c c:/gcc-arm-none-eabi/bin/../lib/gcc/arm-none-eabi/10.3.1/thumb/v6-m/nofp\libgcc.a(eqsf2.o)
                0x0083c018                __eqsf2
                0x0083c018                __nesf2
 .text          0x0083c064       0x8c c:/gcc-arm-none-eabi/bin/../lib/gcc/arm-none-eabi/10.3.1/thumb/v6-m/nofp\libgcc.a(gesf2.o)
                0x0083c064                __gesf2
                0x0083c064                __gtsf2
 .text          0x0083c0f0       0x88 c:/gcc-arm-none-eabi/bin/../lib/gcc/arm-none-eabi/10.3.1/thumb/v6-m/nofp\libgcc.a(lesf2.o)
                0x0083c0f0                __ltsf2
                0x0083c0f0                __lesf2
 .text          0x0083c178      0x24c c:/gcc-arm-none-eabi/bin/../lib/gcc/arm-none-eabi/10.3.1/thumb/v6-m/nofp\libgcc.a(mulsf3.o)
                0x0083c178                __aeabi_fmul
 .text          0x0083c3c4      0x35c c:/gcc-arm-none-eabi/bin/../lib/gcc/arm-none-eabi/10.3.1/thumb/v6-m/nofp\libgcc.a(subsf3.o)
                0x0083c3c4                __aeabi_fsub
 .text          0x0083c720       0x40 c:/gcc-arm-none-eabi/bin/../lib/gcc/arm-none-eabi/10.3.1/thumb/v6-m/nofp\libgcc.a(fixsfsi.o)
                0x0083c720                __aeabi_f2iz
 .text          0x0083c760       0x9c c:/gcc-arm-none-eabi/bin/../lib/gcc/arm-none-eabi/10.3.1/thumb/v6-m/nofp\libgcc.a(floatsisf.o)
                0x0083c760                __aeabi_i2f
 .text          0x0083c7fc       0x3c c:/gcc-arm-none-eabi/bin/../lib/gcc/arm-none-eabi/10.3.1/thumb/v6-m/nofp\libgcc.a(_clzsi2.o)
                0x0083c7fc                __clzsi2
                0x0083c838                . = ALIGN (0x4)
 *(.rodata*)
 .rodata.str1.4
                0x0083c838      0x259 build/system_rtl876x.o
                                0x25d (size before relaxing)
 *fill*         0x0083ca91        0x3 
 .rodata.common_main.str1.4
                0x0083ca94       0x38 build/system_rtl876x.o
 .rodata        0x0083cacc       0xfc build/system_rtl876x.o
 .rodata.PINADDR_TABLE
                0x0083cbc8       0x4e build/rtl876x_pinmux.o
                0x0083cbc8                PINADDR_TABLE
 *fill*         0x0083cc16        0x2 
 .rodata.custom_service_cbs
                0x0083cc18        0xc build/custom_service.o
                0x0083cc18                custom_service_cbs
 .rodata.custom_service_tbl
                0x0083cc24       0x70 build/custom_service.o
                0x0083cc24                custom_service_tbl
 .rodata.adv_timer_callback.str1.4
                0x0083cc94       0x1a build/app_task.o
 *fill*         0x0083ccae        0x2 
 .rodata.app_main_task.str1.4
                0x0083ccb0       0x1e build/app_task.o
 *fill*         0x0083ccce        0x2 
 .rodata.app_task_init.str1.4
                0x0083ccd0        0x4 build/app_task.o
 .rodata.app_send_msg_to_apptask.str1.4
                0x0083ccd4       0x29 build/app_task.o
 *fill*         0x0083ccfd        0x3 
 .rodata.__func__.0
                0x0083cd00        0xe build/app_task.o
 *fill*         0x0083cd0e        0x2 
 .rodata.__func__.1
                0x0083cd10       0x18 build/app_task.o
 .rodata.epd_wait_busy.str1.4
                0x0083cd28        0xf build/epd.o
 *fill*         0x0083cd37        0x1 
 .rodata.driver_init.str1.4
                0x0083cd38       0x48 build/main.o
 .rodata.main.str1.4
                0x0083cd80       0x1b build/main.o
 *fill*         0x0083cd9b        0x1 
 .rodata.ble_addr_early_init.str1.4
                0x0083cd9c       0x68 build/peripheral_app.o
 .rodata.set_adv_data.str1.4
                0x0083ce04       0x11 build/peripheral_app.o
 *fill*         0x0083ce15        0x3 
 .rodata.app_handle_dev_state_evt.str1.4
                0x0083ce18       0xc3 build/peripheral_app.o
 *fill*         0x0083cedb        0x1 
 .rodata.app_handle_conn_state_evt.str1.4
                0x0083cedc      0x11a build/peripheral_app.o
 *fill*         0x0083cff6        0x2 
 .rodata.app_handle_authen_state_evt.str1.4
                0x0083cff8      0x13e build/peripheral_app.o
 *fill*         0x0083d136        0x2 
 .rodata.app_handle_conn_mtu_info_evt.str1.4
                0x0083d138       0x3b build/peripheral_app.o
 *fill*         0x0083d173        0x1 
 .rodata.app_handle_conn_param_update_evt.str1.4
                0x0083d174       0xf6 build/peripheral_app.o
 *fill*         0x0083d26a        0x2 
 .rodata.app_handle_gap_msg.str1.4
                0x0083d26c      0x104 build/peripheral_app.o
 .rodata.app_handle_gap_msg
                0x0083d370       0x2c build/peripheral_app.o
 .rodata.app_handle_io_msg.str1.4
                0x0083d39c       0x21 build/peripheral_app.o
 *fill*         0x0083d3bd        0x3 
 .rodata.app_gap_callback.str1.4
                0x0083d3c0      0x11a build/peripheral_app.o
 *fill*         0x0083d4da        0x2 
 .rodata.app_profile_callback.str1.4
                0x0083d4dc       0xf0 build/peripheral_app.o
 .rodata        0x0083d5cc       0x10 build/peripheral_app.o
 .rodata.uart_bdaddr_str.str1.4
                0x0083d5dc       0x32 build/retarget.o
 *fill*         0x0083d60e        0x2 
 .rodata.HardFault_Handler_C.str1.4
                0x0083d610       0xc5 build/retarget.o
 *fill*         0x0083d6d5        0x3 
 .rodata.drawImageFromEeprom.str1.4
                0x0083d6d8       0x1e build/ble_cmd_handler.o
 *fill*         0x0083d6f6        0x2 
 .rodata.ble_send_notify.str1.4
                0x0083d6f8       0x1a build/ble_cmd_handler.o
 *fill*         0x0083d712        0x2 
 .rodata.processAvailDataInfoBLE.str1.4
                0x0083d714      0x1ee build/ble_cmd_handler.o
 *fill*         0x0083d902        0x2 
 .rodata.processAvailDataInfoBLE
                0x0083d904       0xc4 build/ble_cmd_handler.o
 .rodata.zb_ble_hci_cmd_handler.str1.4
                0x0083d9c8      0x47a build/ble_cmd_handler.o
                                0x486 (size before relaxing)
 *fill*         0x0083de42        0x2 
 .rodata.zb_ble_hci_cmd_handler
                0x0083de44      0x330 build/ble_cmd_handler.o
 .rodata.FLASH_Init.str1.4
                0x0083e174       0x1d build/eeprom.o
 *fill*         0x0083e191        0x3 
 .rodata.draw_zlib.str1.4
                0x0083e194      0x12b build/drawing.o
 *fill*         0x0083e2bf        0x1 
 .rodata.drawImageAtAddress.str1.4
                0x0083e2c0       0x5e build/drawing.o
 *fill*         0x0083e31e        0x2 
 .rodata.epd_refresh_done.str1.4
                0x0083e320       0x13 build/drawing.o
 *fill*         0x0083e333        0x1 
 .rodata.battery_measure_mv.str1.4
                0x0083e334       0x69 build/battery.o
 *fill*         0x0083e39d        0x3 
 .rodata.boot_screen_draw.str1.4
                0x0083e3a0       0xb8 build/boot_screen.o
 .rodata.boot_screen_show_error.str1.4
                0x0083e458       0x1b build/boot_screen.o
 *fill*         0x0083e473        0x1 
 .rodata.font8  0x0083e474      0x2f8 build/boot_screen.o
 .rodata.ota_erase_ext.str1.4
                0x0083e76c       0x24 build/ota.o
 .rodata.ota_save_ext_block.str1.4
                0x0083e790       0x4a build/ota.o
 *fill*         0x0083e7da        0x2 
 .rodata.ota_apply.str1.4
                0x0083e7dc      0x190 build/ota.o
 .rodata.str1.4
                0x0083e96c       0x80 build/ota.o
 .rodata.e.0    0x0083e9ec       0x10 build/ota.o
 .rodata.e.1    0x0083e9fc        0xc build/ota.o
 .rodata.e.2    0x0083ea08       0x10 build/ota.o
 .rodata.mac_edit_update.str1.4
                0x0083ea18      0x28d build/mac_edit.o
 *fill*         0x0083eca5        0x3 
 .rodata.__func__.0
                0x0083eca8       0x10 build/mac_edit.o
 .rodata.clcidx
                0x0083ecb8       0x13 build/uzlib.o
                0x0083ecb8                clcidx
 *fill*         0x0083eccb        0x1 
 .rodata.dist_base
                0x0083eccc       0x3c build/uzlib.o
                0x0083eccc                dist_base
 .rodata.dist_bits
                0x0083ed08       0x1e build/uzlib.o
                0x0083ed08                dist_bits
 *fill*         0x0083ed26        0x2 
 .rodata.length_base
                0x0083ed28       0x3c build/uzlib.o
                0x0083ed28                length_base
 .rodata.length_bits
                0x0083ed64       0x1e build/uzlib.o
                0x0083ed64                length_bits
 *fill*         0x0083ed82        0x2 
 .rodata.ADC_Init.str1.4
                0x0083ed84       0x5c build/rtl876x_adc.o
 .rodata.__func__.0
                0x0083ede0        0x9 build/rtl876x_adc.o
 *fill*         0x0083ede9        0x3 
 .rodata.le_handle_vendor_cmd_rsp
                0x0083edec       0x40 ../sdk/lib/libgap_utils.a(gap_vendor_cmd.o)
 .rodata._svfprintf_r.str1.1
                0x0083ee2c       0x11 c:/gcc-arm-none-eabi/bin/../lib/gcc/arm-none-eabi/10.3.1/../../../../arm-none-eabi/lib/thumb/v6-m/nofp\libc_nano.a(lib_a-nano-svfprintf.o)
 .rodata._printf_i.str1.1
                0x0083ee3d       0x22 c:/gcc-arm-none-eabi/bin/../lib/gcc/arm-none-eabi/10.3.1/../../../../arm-none-eabi/lib/thumb/v6-m/nofp\libc_nano.a(lib_a-nano-vfprintf_i.o)
 *fill*         0x0083ee5f        0x1 
 .rodata        0x0083ee60       0x80 c:/gcc-arm-none-eabi/bin/../lib/gcc/arm-none-eabi/10.3.1/thumb/v6-m/nofp\libgcc.a(divsf3.o)
 .rodata        0x0083eee0       0x40 c:/gcc-arm-none-eabi/bin/../lib/gcc/arm-none-eabi/10.3.1/thumb/v6-m/nofp\libgcc.a(mulsf3.o)
                0x0083ef20                . = ALIGN (0x4)
 *(.app.flash.text)
 .app.flash.text
                0x0083ef20      0x490 build/system_rtl876x.o
                0x0083ef20                wdg_system_reset_app_cb
                0x0083ef34                ram_cache_init
                0x0083ef50                get_image_entry_addr
                0x0083efbc                set_os_clock
                0x0083f01c                print_reset_reason
                0x0083f20c                pre_main
                0x0083f274                ram_init
                0x0083f2b8                SystemInit
 *(.app.flash.rodata)
 *(.ARM.exidx)

.glue_7         0x0083f3b0        0x0
 .glue_7        0x0083f3b0        0x0 linker stubs

.glue_7t        0x0083f3b0        0x0
 .glue_7t       0x0083f3b0        0x0 linker stubs

.vfp11_veneer   0x0083f3b0        0x0
 .vfp11_veneer  0x0083f3b0        0x0 linker stubs

.v4_bx          0x0083f3b0        0x0
 .v4_bx         0x0083f3b0        0x0 linker stubs

.init           0x0083f3b0        0x4
 .init          0x0083f3b0        0x4 c:/gcc-arm-none-eabi/bin/../lib/gcc/arm-none-eabi/10.3.1/thumb/v6-m/nofp/crti.o
                0x0083f3b0                _init

.fini           0x0083f3b4        0x4
 .fini          0x0083f3b4        0x4 c:/gcc-arm-none-eabi/bin/../lib/gcc/arm-none-eabi/10.3.1/thumb/v6-m/nofp/crti.o
                0x0083f3b4                _fini

.app.overlay_a  0x0083f3b8       0xf0
 .app.overlay_a
                0x0083f3b8       0xf0 build/system_rtl876x.o
                0x0083f3b8                AppUpdateVectorTable

.app.flash.gap.text
                0x0083f4a8       0x12
 .app.flash.gap.text
                0x0083f4a8       0x12 build/system_rtl876x.o
                0x0083f4a8                flash_sec_lock_all_keys

.iplt           0x0083f4bc        0x0
 .iplt          0x0083f4bc        0x0 build/system_rtl876x.o

.igot.plt       0x0083f4bc        0x0
 .igot.plt      0x0083f4bc        0x0 build/system_rtl876x.o

RAM_VECTOR_TABLE
                0x0083f4bc       0xfc
                0x0083f4bc                __ram_vector_table_start__ = .
 *(VECTOR)
 VECTOR         0x0083f4bc       0xfc build/startup_rtl876x_gcc.o
                0x0083f4bc                g_pfnVectors
                0x0083f5b8                __ram_vector_table_end__ = .
                0x0083f5b8                . = ALIGN (0x4)
                0x0083f4bc                __ram_vector_load_ad__ = LOADADDR (RAM_VECTOR_TABLE)
                0x000000fc                __ram_vector_table_length__ = (__ram_vector_table_end__ - __ram_vector_table_start__)

RAM_DATA_ON     0x00209000      0x700 load address 0x0083f5b8
                0x00209000                . = ALIGN (0x4)
                0x00209000                __ram_dataon_ro_start__ = .
 *(.app.data_ram.text)
 .app.data_ram.text
                0x00209000      0x180 build/system_rtl876x.o
                0x00209000                GPIO_Group3_Handler
                0x0020905c                GPIO_Group2_Handler
                0x002090b8                GPIO_Group1_Handler
                0x00209114                GPIO_Group0_Handler
                0x00209170                memset
 .app.data_ram.text
                0x00209180      0x418 build/rtl876x_io_dlps.o
                0x00209180                DLPS_IO_EnterDlpsCb
                0x00209350                DLPS_IO_ExitDlpsCb
                0x00209598                . = ALIGN (0x4)
                0x00209598                __ram_dataon_ro_end__ = .
                0x00209598                __ram_dataon_rw_start__ = .
 *(.data*)
 .data.adc_temperature
                0x00209598        0x1 build/peripheral_app.o
                0x00209598                adc_temperature
 *fill*         0x00209599        0x3 
 .data.device_name
                0x0020959c        0xb build/peripheral_app.o
                0x0020959c                device_name
 *fill*         0x002095a7        0x1 
 .data.settings
                0x002095a8       0xb2 build/peripheral_app.o
                0x002095a8                settings
 .data.curImgSlot
                0x0020965a        0x1 build/ble_cmd_handler.o
                0x0020965a                curImgSlot
 .data.SOC_Version
                0x0020965b        0x1 ../sdk/lib/adc.a(adc_lib.o)
                0x0020965b                SOC_Version
 .data.SOC_Version_Table
                0x0020965c       0x40 ../sdk/lib/adc.a(adc_lib.o)
                0x0020965c                SOC_Version_Table
 .data._impure_ptr
                0x0020969c        0x4 c:/gcc-arm-none-eabi/bin/../lib/gcc/arm-none-eabi/10.3.1/../../../../arm-none-eabi/lib/thumb/v6-m/nofp\libc_nano.a(lib_a-impure.o)
                0x0020969c                _impure_ptr
 .data.impure_data
                0x002096a0       0x60 c:/gcc-arm-none-eabi/bin/../lib/gcc/arm-none-eabi/10.3.1/../../../../arm-none-eabi/lib/thumb/v6-m/nofp\libc_nano.a(lib_a-impure.o)
 *(.ram.dataon.data)
                0x00209700                __ram_dataon_rw_end__ = .
                0x00209700                . = ALIGN (0x4)

BSS             0x00209700     0x3834 load address 0x0083fcb8
                0x00209700                . = ALIGN (0x4)
                0x00209700                __ram_dataon_zi_start__ = .
 *(.ram.dataon.bss*)
 *(.bss*)
 .bss.app_pre_main_cb
                0x00209700        0x4 build/system_rtl876x.o
                0x00209700                app_pre_main_cb
 .bss.flash_sec_init_app_cb
                0x00209704        0x4 build/system_rtl876x.o
                0x00209704                flash_sec_init_app_cb
 .bss.os_patch  0x00209708        0x4 build/system_rtl876x.o
                0x00209708                os_patch
 .bss.random_seed_value
                0x0020970c        0x4 build/system_rtl876x.o
                0x0020970c                random_seed_value
 .bss.user_wdg_cb
                0x00209710        0x4 build/system_rtl876x.o
                0x00209710                user_wdg_cb
 .bss.ADC_StoreReg
                0x00209714       0x3c build/rtl876x_io_dlps.o
                0x00209714                ADC_StoreReg
 .bss.AON_StoreReg
                0x00209750        0x2 build/rtl876x_io_dlps.o
                0x00209750                AON_StoreReg
 *fill*         0x00209752        0x2 
 .bss.CPU_StoreReg
                0x00209754        0xc build/rtl876x_io_dlps.o
                0x00209754                CPU_StoreReg
 .bss.CPU_StoreReg_IP
                0x00209760       0x20 build/rtl876x_io_dlps.o
                0x00209760                CPU_StoreReg_IP
 .bss.GPIO_StoreReg
                0x00209780       0x28 build/rtl876x_io_dlps.o
                0x00209780                GPIO_StoreReg
 .bss.PeriIntStoreReg
                0x002097a8        0x4 build/rtl876x_io_dlps.o
                0x002097a8                PeriIntStoreReg
 .bss.Pinmux_StoreReg
                0x002097ac       0x28 build/rtl876x_io_dlps.o
                0x002097ac                Pinmux_StoreReg
 .bss.UART0_StoreReg
                0x002097d4       0x30 build/rtl876x_io_dlps.o
                0x002097d4                UART0_StoreReg
 .bss.User_IO_EnterDlpsCB
                0x00209804        0x4 build/rtl876x_io_dlps.o
                0x00209804                User_IO_EnterDlpsCB
 .bss.User_IO_ExitDlpsCB
                0x00209808        0x4 build/rtl876x_io_dlps.o
                0x00209808                User_IO_ExitDlpsCB
 .bss.custom_service_id
                0x0020980c        0x1 build/custom_service.o
                0x0020980c                custom_service_id
 *fill*         0x0020980d        0x3 
 .bss.pfn_custom_service_cb
                0x00209810        0x4 build/custom_service.o
 .bss.adv_timer_handle
                0x00209814        0x4 build/app_task.o
                0x00209814                adv_timer_handle
 .bss.app_task_handle
                0x00209818        0x4 build/app_task.o
                0x00209818                app_task_handle
 .bss.evt_queue_handle
                0x0020981c        0x4 build/app_task.o
                0x0020981c                evt_queue_handle
 .bss.io_queue_handle
                0x00209820        0x4 build/app_task.o
                0x00209820                io_queue_handle
 .bss.loop_count
                0x00209824        0x4 build/app_task.o
                0x00209824                loop_count
 .bss.ble_adv_data
                0x00209828       0x12 build/peripheral_app.o
                0x00209828                ble_adv_data
 .bss.custom_srv_id
                0x0020983a        0x1 build/peripheral_app.o
                0x0020983a                custom_srv_id
 *fill*         0x0020983b        0x1 
 .bss.epd_poll_timer
                0x0020983c        0x4 build/peripheral_app.o
 .bss.epd_read_temperature
                0x00209840        0x1 build/peripheral_app.o
                0x00209840                epd_read_temperature
 *fill*         0x00209841        0x3 
 .bss.g_ble_rand_addr
                0x00209844        0x6 build/peripheral_app.o
 .bss.gap_conn_state
                0x0020984a        0x1 build/peripheral_app.o
                0x0020984a                gap_conn_state
 *fill*         0x0020984b        0x1 
 .bss.gap_dev_state
                0x0020984c        0x1 build/peripheral_app.o
                0x0020984c                gap_dev_state
 *fill*         0x0020984d        0x3 