ARM GAS  C:\Users\pc\AppData\Local\Temp\ccMJKowU.s 			page 1


   1              		.cpu cortex-m0plus
   2              		.arch armv6s-m
   3              		.fpu softvfp
   4              		.eabi_attribute 20, 1
   5              		.eabi_attribute 21, 1
   6              		.eabi_attribute 23, 3
   7              		.eabi_attribute 24, 1
   8              		.eabi_attribute 25, 1
   9              		.eabi_attribute 26, 1
  10              		.eabi_attribute 30, 1
  11              		.eabi_attribute 34, 0
  12              		.eabi_attribute 18, 4
  13              		.file	"battery.c"
  14              		.text
  15              		.section	.rodata.battery_measure_mv.str1.4,"aMS",%progbits,1
  16              		.align	2
  17              	.LC0:
  18 0000 42415454 		.ascii	"BATT: calibration load failed\012\000"
  18      3A206361 
  18      6C696272 
  18      6174696F 
  18      6E206C6F 
  19 001f 00       		.align	2
  20              	.LC3:
  21 0020 42415454 		.ascii	"BATT: ADC timeout\012\000"
  21      3A204144 
  21      43207469 
  21      6D656F75 
  21      740A00
  22 0033 00       		.align	2
  23              	.LC5:
  24 0034 42415454 		.ascii	"BATT: voltage err=%d raw=%u\012\000"
  24      3A20766F 
  24      6C746167 
  24      65206572 
  24      723D2564 
  25              		.global	__aeabi_f2uiz
  26 0051 000000   		.align	2
  27              	.LC7:
  28 0054 42415454 		.ascii	"BATT: raw=%u  %u mV\012\000"
  28      3A207261 
  28      773D2575 
  28      20202575 
  28      206D560A 
  29              		.section	.text.battery_measure_mv,"ax",%progbits
  30              		.align	1
  31              		.global	battery_measure_mv
  32              		.syntax unified
  33              		.code	16
  34              		.thumb_func
  36              	battery_measure_mv:
  37              		@ args = 0, pretend = 0, frame = 120
  38              		@ frame_needed = 0, uses_anonymous_args = 0
  39 0000 30B5     		push	{r4, r5, lr}
  40 0002 9FB0     		sub	sp, sp, #124
  41 0004 FFF7FEFF 		bl	ADC_CalibrationInit
  42 0008 0028     		cmp	r0, #0
ARM GAS  C:\Users\pc\AppData\Local\Temp\ccMJKowU.s 			page 2


  43 000a 38D0     		beq	.L8
  44              	.L2:
  45 000c C221     		movs	r1, #194
  46 000e 0122     		movs	r2, #1
  47 0010 C905     		lsls	r1, r1, #23
  48 0012 3148     		ldr	r0, .L11
  49 0014 FFF7FEFF 		bl	RCC_PeriphClockCmd
  50 0018 01A8     		add	r0, sp, #4
  51 001a FFF7FEFF 		bl	ADC_StructInit
  52 001e 1023     		movs	r3, #16
  53 0020 6A46     		mov	r2, sp
  54 0022 1384     		strh	r3, [r2, #32]
  55 0024 0F3B     		subs	r3, r3, #15
  56 0026 4021     		movs	r1, #64
  57 0028 5218     		adds	r2, r2, r1
  58 002a 1380     		strh	r3, [r2]
  59 002c FE33     		adds	r3, r3, #254
  60 002e 0193     		str	r3, [sp, #4]
  61 0030 2A4C     		ldr	r4, .L11+4
  62 0032 01A9     		add	r1, sp, #4
  63 0034 2000     		movs	r0, r4
  64 0036 FFF7FEFF 		bl	ADC_Init
  65 003a 0122     		movs	r2, #1
  66 003c 1021     		movs	r1, #16
  67 003e 2000     		movs	r0, r4
  68 0040 FFF7FEFF 		bl	ADC_INTConfig
  69 0044 264B     		ldr	r3, .L11+8
  70 0046 1B68     		ldr	r3, [r3]
  71 0048 5520     		movs	r0, #85
  72 004a 9847     		blx	r3
  73 004c 1021     		movs	r1, #16
  74 004e 2000     		movs	r0, r4
  75 0050 FFF7FEFF 		bl	ADC_ClearINTPendingBit
  76 0054 0122     		movs	r2, #1
  77 0056 0221     		movs	r1, #2
  78 0058 2000     		movs	r0, r4
  79 005a FFF7FEFF 		bl	ADC_Cmd
  80 005e 214C     		ldr	r4, .L11+12
  81 0060 1E4D     		ldr	r5, .L11+4
  82              	.L3:
  83 0062 1021     		movs	r1, #16
  84 0064 2800     		movs	r0, r5
  85 0066 FFF7FEFF 		bl	ADC_GetINTStatus
  86 006a 0028     		cmp	r0, #0
  87 006c 0BD1     		bne	.L9
  88 006e 013C     		subs	r4, r4, #1
  89 0070 002C     		cmp	r4, #0
  90 0072 F6D1     		bne	.L3
  91 0074 1C48     		ldr	r0, .L11+16
  92 0076 FFF7FEFF 		bl	uart_printf
  93 007a 0025     		movs	r5, #0
  94 007c 22E0     		b	.L4
  95              	.L8:
  96 007e 1B48     		ldr	r0, .L11+20
  97 0080 FFF7FEFF 		bl	uart_printf
  98 0084 C2E7     		b	.L2
  99              	.L9:
ARM GAS  C:\Users\pc\AppData\Local\Temp\ccMJKowU.s 			page 3


 100 0086 154C     		ldr	r4, .L11+4
 101 0088 1021     		movs	r1, #16
 102 008a 2000     		movs	r0, r4
 103 008c FFF7FEFF 		bl	ADC_ClearINTPendingBit
 104 0090 0021     		movs	r1, #0
 105 0092 2000     		movs	r0, r4
 106 0094 FFF7FEFF 		bl	ADC_ReadRawData
 107 0098 0400     		movs	r4, r0
 108 009a 0023     		movs	r3, #0
 109 009c 6A46     		mov	r2, sp
 110 009e D370     		strb	r3, [r2, #3]
 111 00a0 0332     		adds	r2, r2, #3
 112 00a2 0100     		movs	r1, r0
 113 00a4 0120     		movs	r0, #1
 114 00a6 FFF7FEFF 		bl	ADC_GetVoltage
 115 00aa 6B46     		mov	r3, sp
 116 00ac 0321     		movs	r1, #3
 117 00ae 5956     		ldrsb	r1, [r3, r1]
 118 00b0 0029     		cmp	r1, #0
 119 00b2 0ADB     		blt	.L10
 120 00b4 FFF7FEFF 		bl	__aeabi_f2uiz
 121 00b8 85B2     		uxth	r5, r0
 122 00ba 2A00     		movs	r2, r5
 123 00bc 2100     		movs	r1, r4
 124 00be 0C48     		ldr	r0, .L11+24
 125 00c0 FFF7FEFF 		bl	uart_printf
 126              	.L4:
 127 00c4 2800     		movs	r0, r5
 128 00c6 1FB0     		add	sp, sp, #124
 129              		@ sp needed
 130 00c8 30BD     		pop	{r4, r5, pc}
 131              	.L10:
 132 00ca 2200     		movs	r2, r4
 133 00cc 0948     		ldr	r0, .L11+28
 134 00ce FFF7FEFF 		bl	uart_printf
 135 00d2 0025     		movs	r5, #0
 136 00d4 F6E7     		b	.L4
 137              	.L12:
 138 00d6 C046     		.align	2
 139              	.L11:
 140 00d8 0100000C 		.word	201326593
 141 00dc 00000140 		.word	1073807360
 142 00e0 00000000 		.word	platform_delay_ms
 143 00e4 400D0300 		.word	200000
 144 00e8 20000000 		.word	.LC3
 145 00ec 00000000 		.word	.LC0
 146 00f0 54000000 		.word	.LC7
 147 00f4 34000000 		.word	.LC5
 149              		.ident	"GCC: (GNU Arm Embedded Toolchain 10.3-2021.10) 10.3.1 20210824 (release)"
ARM GAS  C:\Users\pc\AppData\Local\Temp\ccMJKowU.s 			page 4


DEFINED SYMBOLS
                            *ABS*:00000000 battery.c
C:\Users\pc\AppData\Local\Temp\ccMJKowU.s:16     .rodata.battery_measure_mv.str1.4:00000000 $d
C:\Users\pc\AppData\Local\Temp\ccMJKowU.s:30     .text.battery_measure_mv:00000000 $t
C:\Users\pc\AppData\Local\Temp\ccMJKowU.s:36     .text.battery_measure_mv:00000000 battery_measure_mv
C:\Users\pc\AppData\Local\Temp\ccMJKowU.s:140    .text.battery_measure_mv:000000d8 $d

UNDEFINED SYMBOLS
__aeabi_f2uiz
ADC_CalibrationInit
RCC_PeriphClockCmd
ADC_StructInit
ADC_Init
ADC_INTConfig
ADC_ClearINTPendingBit
ADC_Cmd
ADC_GetINTStatus
uart_printf
ADC_ReadRawData
ADC_GetVoltage
platform_delay_ms
