ARM GAS  C:\Users\pc\AppData\Local\Temp\ccQHsa19.s 			page 1


   1              		.cpu cortex-m0plus
   2              		.arch armv6s-m
   3              		.fpu softvfp
   4              		.eabi_attribute 20, 1
   5              		.eabi_attribute 21, 1
   6              		.eabi_attribute 23, 3
   7              		.eabi_attribute 24, 1
   8              		.eabi_attribute 25, 1
   9              		.eabi_attribute 26, 1
  10              		.eabi_attribute 30, 1
  11              		.eabi_attribute 34, 0
  12              		.eabi_attribute 18, 4
  13              		.file	"mac_edit.c"
  14              		.text
  15              		.section	.rodata.mac_edit_update.str1.4,"aMS",%progbits,1
  16              		.align	2
  17              	.LC0:
  18 0000 4D414320 		.ascii	"MAC EDIT: Failed to get current MAC\012\000"
  18      45444954 
  18      3A204661 
  18      696C6564 
  18      20746F20 
  19 0025 000000   		.align	2
  20              	.LC2:
  21 0028 4D414320 		.ascii	"MAC EDIT: Current MAC %02X:%02X:%02X:%02X:%02X:%02X"
  21      45444954 
  21      3A204375 
  21      7272656E 
  21      74204D41 
  22 005b 0A00     		.ascii	"\012\000"
  23 005d 000000   		.align	2
  24              	.LC5:
  25 0060 4D414320 		.ascii	"MAC EDIT: Memory allocation failed\012\000"
  25      45444954 
  25      3A204D65 
  25      6D6F7279 
  25      20616C6C 
  26              		.align	2
  27              	.LC7:
  28 0084 4D414320 		.ascii	"MAC EDIT: Flash read failed\012\000"
  28      45444954 
  28      3A20466C 
  28      61736820 
  28      72656164 
  29 00a1 000000   		.align	2
  30              	.LC9:
  31 00a4 4D414320 		.ascii	"MAC EDIT: Invalid image ID 0x%04X (expected 0x%04X)"
  31      45444954 
  31      3A20496E 
  31      76616C69 
  31      6420696D 
  32 00d7 0A00     		.ascii	"\012\000"
  33 00d9 000000   		.align	2
  34              	.LC11:
  35 00dc 4D414320 		.ascii	"MAC EDIT: Found MAC at offset 0x%03lX\012\000"
  35      45444954 
  35      3A20466F 
ARM GAS  C:\Users\pc\AppData\Local\Temp\ccQHsa19.s 			page 2


  35      756E6420 
  35      4D414320 
  36 0103 00       		.align	2
  37              	.LC13:
  38 0104 4D414320 		.ascii	"MAC EDIT: Payload len %lu\012\000"
  38      45444954 
  38      3A205061 
  38      796C6F61 
  38      64206C65 
  39 011f 00       		.align	2
  40              	.LC15:
  41 0120 4D414320 		.ascii	"MAC EDIT: Current MAC not found in config data\012\000"
  41      45444954 
  41      3A204375 
  41      7272656E 
  41      74204D41 
  42              		.align	2
  43              	.LC17:
  44 0150 4D414320 		.ascii	"MAC EDIT: Payload len %lu exceeds buffer limit (0xC"
  44      45444954 
  44      3A205061 
  44      796C6F61 
  44      64206C65 
  45 0183 3030292C 		.ascii	"00), capping for hash\012\000"
  45      20636170 
  45      70696E67 
  45      20666F72 
  45      20686173 
  46 019a 0000     		.align	2
  47              	.LC20:
  48 019c 4D414320 		.ascii	"MAC EDIT: SHA256 updated\012\000"
  48      45444954 
  48      3A205348 
  48      41323536 
  48      20757064 
  49 01b6 0000     		.align	2
  50              	.LC22:
  51 01b8 4D414320 		.ascii	"MAC EDIT: Erasing and writing flash...\012\000"
  51      45444954 
  51      3A204572 
  51      6173696E 
  51      6720616E 
  52              		.align	2
  53              	.LC24:
  54 01e0 4D414320 		.ascii	"MAC EDIT: SHA256 calculation failed\012\000"
  54      45444954 
  54      3A205348 
  54      41323536 
  54      2063616C 
  55 0205 000000   		.align	2
  56              	.LC26:
  57 0208 4D414320 		.ascii	"MAC EDIT: Flash erase failed\012\000"
  57      45444954 
  57      3A20466C 
  57      61736820 
  57      65726173 
  58 0226 0000     		.align	2
ARM GAS  C:\Users\pc\AppData\Local\Temp\ccQHsa19.s 			page 3


  59              	.LC28:
  60 0228 4D414320 		.ascii	"MAC EDIT: Flash write failed at offset 0x%lx\012\000"
  60      45444954 
  60      3A20466C 
  60      61736820 
  60      77726974 
  61 0256 0000     		.align	2
  62              	.LC30:
  63 0258 4D414320 		.ascii	"MAC EDIT: Success! Rebooting to apply new config..."
  63      45444954 
  63      3A205375 
  63      63636573 
  63      73212052 
  64 028b 0A00     		.ascii	"\012\000"
  65              		.section	.text.mac_edit_update,"ax",%progbits
  66              		.align	1
  67              		.global	mac_edit_update
  68              		.syntax unified
  69              		.code	16
  70              		.thumb_func
  72              	mac_edit_update:
  73              		@ args = 0, pretend = 0, frame = 56
  74              		@ frame_needed = 0, uses_anonymous_args = 0
  75 0000 F0B5     		push	{r4, r5, r6, r7, lr}
  76 0002 93B0     		sub	sp, sp, #76
  77 0004 0590     		str	r0, [sp, #20]
  78 0006 8020     		movs	r0, #128
  79 0008 10A9     		add	r1, sp, #64
  80 000a 8000     		lsls	r0, r0, #2
  81 000c FFF7FEFF 		bl	gap_get_param
  82 0010 0028     		cmp	r0, #0
  83 0012 38D1     		bne	.L24
  84 0014 10A8     		add	r0, sp, #64
  85 0016 C378     		ldrb	r3, [r0, #3]
  86 0018 0279     		ldrb	r2, [r0, #4]
  87 001a 4179     		ldrb	r1, [r0, #5]
  88 001c 0478     		ldrb	r4, [r0]
  89 001e 0294     		str	r4, [sp, #8]
  90 0020 4478     		ldrb	r4, [r0, #1]
  91 0022 0194     		str	r4, [sp, #4]
  92 0024 8078     		ldrb	r0, [r0, #2]
  93 0026 0090     		str	r0, [sp]
  94 0028 6148     		ldr	r0, .L31
  95 002a FFF7FEFF 		bl	uart_printf
  96 002e 8021     		movs	r1, #128
  97 0030 1823     		movs	r3, #24
  98 0032 604A     		ldr	r2, .L31+4
  99 0034 4901     		lsls	r1, r1, #5
 100 0036 0020     		movs	r0, #0
 101 0038 FFF7FEFF 		bl	os_mem_alloc_intern
 102 003c 051E     		subs	r5, r0, #0
 103 003e 28D0     		beq	.L25
 104 0040 8021     		movs	r1, #128
 105 0042 0200     		movs	r2, r0
 106 0044 4901     		lsls	r1, r1, #5
 107 0046 5C48     		ldr	r0, .L31+8
 108 0048 FFF7FEFF 		bl	flash_read_locked
ARM GAS  C:\Users\pc\AppData\Local\Temp\ccQHsa19.s 			page 4


 109 004c 0028     		cmp	r0, #0
 110 004e 24D0     		beq	.L26
 111 0050 DB23     		movs	r3, #219
 112 0052 5B00     		lsls	r3, r3, #1
 113 0054 E95A     		ldrh	r1, [r5, r3]
 114 0056 594B     		ldr	r3, .L31+12
 115 0058 9942     		cmp	r1, r3
 116 005a 25D1     		bne	.L27
 117 005c 8024     		movs	r4, #128
 118 005e E400     		lsls	r4, r4, #3
 119 0060 574F     		ldr	r7, .L31+16
 120              	.L6:
 121 0062 6619     		adds	r6, r4, r5
 122 0064 0622     		movs	r2, #6
 123 0066 10A9     		add	r1, sp, #64
 124 0068 3000     		movs	r0, r6
 125 006a FFF7FEFF 		bl	memcmp
 126 006e 0028     		cmp	r0, #0
 127 0070 22D0     		beq	.L28
 128 0072 0134     		adds	r4, r4, #1
 129 0074 BC42     		cmp	r4, r7
 130 0076 F4D1     		bne	.L6
 131 0078 5248     		ldr	r0, .L31+20
 132 007a FFF7FEFF 		bl	uart_printf
 133 007e 2800     		movs	r0, r5
 134 0080 FFF7FEFF 		bl	os_mem_free
 135 0084 02E0     		b	.L3
 136              	.L24:
 137 0086 5048     		ldr	r0, .L31+24
 138 0088 FFF7FEFF 		bl	uart_printf
 139              	.L3:
 140 008c 0020     		movs	r0, #0
 141 008e 13B0     		add	sp, sp, #76
 142              		@ sp needed
 143 0090 F0BD     		pop	{r4, r5, r6, r7, pc}
 144              	.L25:
 145 0092 4E48     		ldr	r0, .L31+28
 146 0094 FFF7FEFF 		bl	uart_printf
 147 0098 F8E7     		b	.L3
 148              	.L26:
 149 009a 4D48     		ldr	r0, .L31+32
 150 009c FFF7FEFF 		bl	uart_printf
 151 00a0 2800     		movs	r0, r5
 152 00a2 FFF7FEFF 		bl	os_mem_free
 153 00a6 F1E7     		b	.L3
 154              	.L27:
 155 00a8 1A00     		movs	r2, r3
 156 00aa 4A48     		ldr	r0, .L31+36
 157 00ac FFF7FEFF 		bl	uart_printf
 158 00b0 2800     		movs	r0, r5
 159 00b2 FFF7FEFF 		bl	os_mem_free
 160 00b6 E9E7     		b	.L3
 161              	.L28:
 162 00b8 2100     		movs	r1, r4
 163 00ba 4748     		ldr	r0, .L31+40
 164 00bc FFF7FEFF 		bl	uart_printf
 165 00c0 0622     		movs	r2, #6
ARM GAS  C:\Users\pc\AppData\Local\Temp\ccQHsa19.s 			page 5


 166 00c2 0599     		ldr	r1, [sp, #20]
 167 00c4 3000     		movs	r0, r6
 168 00c6 FFF7FEFF 		bl	memcpy
 169 00ca DC23     		movs	r3, #220
 170 00cc 5B00     		lsls	r3, r3, #1
 171 00ce EC58     		ldr	r4, [r5, r3]
 172 00d0 2100     		movs	r1, r4
 173 00d2 4248     		ldr	r0, .L31+44
 174 00d4 FFF7FEFF 		bl	uart_printf
 175 00d8 C023     		movs	r3, #192
 176 00da 1B01     		lsls	r3, r3, #4
 177 00dc 9C42     		cmp	r4, r3
 178 00de 4AD8     		bhi	.L29
 179              	.L9:
 180 00e0 FFF7FEFF 		bl	hw_sha256_init
 181 00e4 9423     		movs	r3, #148
 182 00e6 9B00     		lsls	r3, r3, #2
 183 00e8 E118     		adds	r1, r4, r3
 184 00ea 2800     		movs	r0, r5
 185 00ec B130     		adds	r0, r0, #177
 186 00ee FF30     		adds	r0, r0, #255
 187 00f0 3B4B     		ldr	r3, .L31+48
 188 00f2 1C68     		ldr	r4, [r3]
 189 00f4 0023     		movs	r3, #0
 190 00f6 08AA     		add	r2, sp, #32
 191 00f8 A047     		blx	r4
 192 00fa 0028     		cmp	r0, #0
 193 00fc 42D0     		beq	.L10
 194 00fe 2800     		movs	r0, r5
 195 0100 9130     		adds	r0, r0, #145
 196 0102 FF30     		adds	r0, r0, #255
 197 0104 2022     		movs	r2, #32
 198 0106 08A9     		add	r1, sp, #32
 199 0108 FFF7FEFF 		bl	memcpy
 200 010c 3548     		ldr	r0, .L31+52
 201 010e FFF7FEFF 		bl	uart_printf
 202 0112 3548     		ldr	r0, .L31+56
 203 0114 FFF7FEFF 		bl	uart_printf
 204 0118 2749     		ldr	r1, .L31+8
 205 011a 0220     		movs	r0, #2
 206 011c FFF7FEFF 		bl	flash_erase_locked
 207 0120 0024     		movs	r4, #0
 208 0122 0028     		cmp	r0, #0
 209 0124 35D0     		beq	.L23
 210 0126 8026     		movs	r6, #128
 211 0128 7600     		lsls	r6, r6, #1
 212 012a 8027     		movs	r7, #128
 213 012c 7F01     		lsls	r7, r7, #5
 214              	.L11:
 215 012e 2A19     		adds	r2, r5, r4
 216 0130 3100     		movs	r1, r6
 217 0132 214B     		ldr	r3, .L31+8
 218 0134 E018     		adds	r0, r4, r3
 219 0136 FFF7FEFF 		bl	flash_write_locked
 220 013a 0028     		cmp	r0, #0
 221 013c 30D0     		beq	.L30
 222 013e 0134     		adds	r4, r4, #1
ARM GAS  C:\Users\pc\AppData\Local\Temp\ccQHsa19.s 			page 6


 223 0140 FF34     		adds	r4, r4, #255
 224 0142 BC42     		cmp	r4, r7
 225 0144 F3D1     		bne	.L11
 226 0146 2948     		ldr	r0, .L31+60
 227 0148 FFF7FEFF 		bl	uart_printf
 228 014c 0023     		movs	r3, #0
 229 014e 0793     		str	r3, [sp, #28]
 230 0150 079A     		ldr	r2, [sp, #28]
 231 0152 274B     		ldr	r3, .L31+64
 232 0154 9A42     		cmp	r2, r3
 233 0156 06DC     		bgt	.L14
 234 0158 1A00     		movs	r2, r3
 235              	.L15:
 236 015a 079B     		ldr	r3, [sp, #28]
 237 015c 0133     		adds	r3, r3, #1
 238 015e 0793     		str	r3, [sp, #28]
 239 0160 079B     		ldr	r3, [sp, #28]
 240 0162 9342     		cmp	r3, r2
 241 0164 F9DD     		ble	.L15
 242              	.L14:
 243 0166 2800     		movs	r0, r5
 244 0168 FFF7FEFF 		bl	os_mem_free
 245 016c D621     		movs	r1, #214
 246 016e 0320     		movs	r0, #3
 247 0170 FFF7FEFF 		bl	WDG_SystemReset
 248              	.L16:
 249 0174 FEE7     		b	.L16
 250              	.L29:
 251 0176 2100     		movs	r1, r4
 252 0178 1E48     		ldr	r0, .L31+68
 253 017a FFF7FEFF 		bl	uart_printf
 254 017e C024     		movs	r4, #192
 255 0180 2401     		lsls	r4, r4, #4
 256 0182 ADE7     		b	.L9
 257              	.L10:
 258 0184 1C48     		ldr	r0, .L31+72
 259 0186 FFF7FEFF 		bl	uart_printf
 260 018a 2800     		movs	r0, r5
 261 018c FFF7FEFF 		bl	os_mem_free
 262 0190 7CE7     		b	.L3
 263              	.L23:
 264 0192 1A48     		ldr	r0, .L31+76
 265 0194 FFF7FEFF 		bl	uart_printf
 266 0198 2800     		movs	r0, r5
 267 019a FFF7FEFF 		bl	os_mem_free
 268 019e 75E7     		b	.L3
 269              	.L30:
 270 01a0 2100     		movs	r1, r4
 271 01a2 1748     		ldr	r0, .L31+80
 272 01a4 FFF7FEFF 		bl	uart_printf
 273 01a8 2800     		movs	r0, r5
 274 01aa FFF7FEFF 		bl	os_mem_free
 275 01ae 6DE7     		b	.L3
 276              	.L32:
 277              		.align	2
 278              	.L31:
 279 01b0 28000000 		.word	.LC2
ARM GAS  C:\Users\pc\AppData\Local\Temp\ccQHsa19.s 			page 7


 280 01b4 00000000 		.word	.LANCHOR0
 281 01b8 00108000 		.word	8392704
 282 01bc 8D270000 		.word	10125
 283 01c0 FB0F0000 		.word	4091
 284 01c4 20010000 		.word	.LC15
 285 01c8 00000000 		.word	.LC0
 286 01cc 60000000 		.word	.LC5
 287 01d0 84000000 		.word	.LC7
 288 01d4 A4000000 		.word	.LC9
 289 01d8 DC000000 		.word	.LC11
 290 01dc 04010000 		.word	.LC13
 291 01e0 00000000 		.word	hw_sha256
 292 01e4 9C010000 		.word	.LC20
 293 01e8 B8010000 		.word	.LC22
 294 01ec 58020000 		.word	.LC30
 295 01f0 0F270000 		.word	9999
 296 01f4 50010000 		.word	.LC17
 297 01f8 E0010000 		.word	.LC24
 298 01fc 08020000 		.word	.LC26
 299 0200 28020000 		.word	.LC28
 301              		.section	.rodata.__func__.0,"a"
 302              		.align	2
 303              		.set	.LANCHOR0,. + 0
 306              	__func__.0:
 307 0000 6D61635F 		.ascii	"mac_edit_update\000"
 307      65646974 
 307      5F757064 
 307      61746500 
 308              		.ident	"GCC: (GNU Arm Embedded Toolchain 10.3-2021.10) 10.3.1 20210824 (release)"
ARM GAS  C:\Users\pc\AppData\Local\Temp\ccQHsa19.s 			page 8


DEFINED SYMBOLS
                            *ABS*:00000000 mac_edit.c
C:\Users\pc\AppData\Local\Temp\ccQHsa19.s:16     .rodata.mac_edit_update.str1.4:00000000 $d
C:\Users\pc\AppData\Local\Temp\ccQHsa19.s:66     .text.mac_edit_update:00000000 $t
C:\Users\pc\AppData\Local\Temp\ccQHsa19.s:72     .text.mac_edit_update:00000000 mac_edit_update
C:\Users\pc\AppData\Local\Temp\ccQHsa19.s:279    .text.mac_edit_update:000001b0 $d
C:\Users\pc\AppData\Local\Temp\ccQHsa19.s:302    .rodata.__func__.0:00000000 $d
C:\Users\pc\AppData\Local\Temp\ccQHsa19.s:306    .rodata.__func__.0:00000000 __func__.0

UNDEFINED SYMBOLS
gap_get_param
uart_printf
os_mem_alloc_intern
flash_read_locked
memcmp
os_mem_free
memcpy
hw_sha256_init
flash_erase_locked
flash_write_locked
WDG_SystemReset
hw_sha256
