ARM GAS  C:\Users\pc\AppData\Local\Temp\ccMLcBr6.s 			page 1


   1              		.cpu cortex-m0plus
   2              		.arch armv6s-m
   3              		.fpu softvfp
   4              		.eabi_attribute 20, 1
   5              		.eabi_attribute 21, 1
   6              		.eabi_attribute 23, 3
   7              		.eabi_attribute 24, 1
   8              		.eabi_attribute 25, 1
   9              		.eabi_attribute 26, 1
  10              		.eabi_attribute 30, 1
  11              		.eabi_attribute 34, 0
  12              		.eabi_attribute 18, 4
  13              		.file	"ota.c"
  14              		.text
  15              		.section	.rodata.ota_erase_ext.str1.4,"aMS",%progbits,1
  16              		.align	2
  17              	.LC0:
  18 0000 4F54413A 		.ascii	"OTA: erase ext 0x%05lX len=0x%05lX\012\000"
  18      20657261 
  18      73652065 
  18      78742030 
  18      78253035 
  19              		.section	.text.ota_erase_ext,"ax",%progbits
  20              		.align	1
  21              		.global	ota_erase_ext
  22              		.syntax unified
  23              		.code	16
  24              		.thumb_func
  26              	ota_erase_ext:
  27              		@ args = 0, pretend = 0, frame = 0
  28              		@ frame_needed = 0, uses_anonymous_args = 0
  29 0000 70B5     		push	{r4, r5, r6, lr}
  30 0002 8425     		movs	r5, #132
  31 0004 AD02     		lsls	r5, r5, #10
  32 0006 8A24     		movs	r4, #138
  33 0008 E402     		lsls	r4, r4, #11
  34 000a 2A00     		movs	r2, r5
  35 000c 2100     		movs	r1, r4
  36 000e 0648     		ldr	r0, .L2
  37 0010 FFF7FEFF 		bl	uart_printf
  38 0014 FFF7FEFF 		bl	eepromPowerUp
  39 0018 2900     		movs	r1, r5
  40 001a 2000     		movs	r0, r4
  41 001c FFF7FEFF 		bl	eepromErase
  42 0020 FFF7FEFF 		bl	eepromPowerDown
  43              		@ sp needed
  44 0024 70BD     		pop	{r4, r5, r6, pc}
  45              	.L3:
  46 0026 C046     		.align	2
  47              	.L2:
  48 0028 00000000 		.word	.LC0
  50              		.section	.rodata.ota_save_ext_block.str1.4,"aMS",%progbits,1
  51              		.align	2
  52              	.LC2:
  53 0000 4F54413A 		.ascii	"OTA: ERR blk %u out of range\012\000"
  53      20455252 
  53      20626C6B 
ARM GAS  C:\Users\pc\AppData\Local\Temp\ccMLcBr6.s 			page 2


  53      20257520 
  53      6F757420 
  54 001e 0000     		.align	2
  55              	.LC4:
  56 0020 4F54413A 		.ascii	"OTA: save blk %u \342\206\222 ext 0x%05lX len=%lu\012"
  56      20736176 
  56      6520626C 
  56      6B202575 
  56      20E28692 
  57 0049 00       		.ascii	"\000"
  58              		.section	.text.ota_save_ext_block,"ax",%progbits
  59              		.align	1
  60              		.global	ota_save_ext_block
  61              		.syntax unified
  62              		.code	16
  63              		.thumb_func
  65              	ota_save_ext_block:
  66              		@ args = 0, pretend = 0, frame = 0
  67              		@ frame_needed = 0, uses_anonymous_args = 0
  68 0000 70B5     		push	{r4, r5, r6, lr}
  69 0002 0E00     		movs	r6, r1
  70 0004 1500     		movs	r5, r2
  71 0006 0400     		movs	r4, r0
  72 0008 4534     		adds	r4, r4, #69
  73 000a 2403     		lsls	r4, r4, #12
  74 000c A218     		adds	r2, r4, r2
  75 000e CC23     		movs	r3, #204
  76 0010 DB02     		lsls	r3, r3, #11
  77 0012 9A42     		cmp	r2, r3
  78 0014 0FD8     		bhi	.L7
  79 0016 2B00     		movs	r3, r5
  80 0018 2200     		movs	r2, r4
  81 001a 0100     		movs	r1, r0
  82 001c 0848     		ldr	r0, .L8
  83 001e FFF7FEFF 		bl	uart_printf
  84 0022 FFF7FEFF 		bl	eepromPowerUp
  85 0026 2A00     		movs	r2, r5
  86 0028 3100     		movs	r1, r6
  87 002a 2000     		movs	r0, r4
  88 002c FFF7FEFF 		bl	eepromWrite
  89 0030 FFF7FEFF 		bl	eepromPowerDown
  90              	.L4:
  91              		@ sp needed
  92 0034 70BD     		pop	{r4, r5, r6, pc}
  93              	.L7:
  94 0036 0100     		movs	r1, r0
  95 0038 0248     		ldr	r0, .L8+4
  96 003a FFF7FEFF 		bl	uart_printf
  97 003e F9E7     		b	.L4
  98              	.L9:
  99              		.align	2
 100              	.L8:
 101 0040 20000000 		.word	.LC4
 102 0044 00000000 		.word	.LC2
 104              		.section	.rodata.ota_apply.str1.4,"aMS",%progbits,1
 105              		.align	2
 106              	.LC6:
ARM GAS  C:\Users\pc\AppData\Local\Temp\ccMLcBr6.s 			page 3


 107 0000 4F54413A 		.ascii	"OTA: ERR invalid fw_size=%lu (max=%lu)\012\000"
 107      20455252 
 107      20696E76 
 107      616C6964 
 107      2066775F 
 108              		.align	2
 109              	.LC8:
 110 0028 4F54413A 		.ascii	"OTA: ext\342\206\222OTA_TMP 0x%08lX  %lu bytes\012\000"
 110      20657874 
 110      E286924F 
 110      54415F54 
 110      4D502030 
 111 004f 00       		.align	2
 112              	.LC10:
 113 0050 4F54413A 		.ascii	"OTA: ext\342\206\222OTA_TMP done\012\000"
 113      20657874 
 113      E286924F 
 113      54415F54 
 113      4D502064 
 114 0069 000000   		.align	2
 115              	.LC12:
 116 006c 4F54413A 		.ascii	"OTA: validate id=0x%04X payload_len=%lu crc16=0x%04"
 116      2076616C 
 116      69646174 
 116      65206964 
 116      3D307825 
 117 009f 580A00   		.ascii	"X\012\000"
 118 00a2 0000     		.align	2
 119              	.LC14:
 120 00a4 4F54413A 		.ascii	"OTA: ERR wrong image_id 0x%04X (expected 0x%04X App"
 120      20455252 
 120      2077726F 
 120      6E672069 
 120      6D616765 
 121 00d7 50617463 		.ascii	"Patch) \342\200\224 abort\012\000"
 121      682920E2 
 121      80942061 
 121      626F7274 
 121      0A00
 122 00e9 000000   		.align	2
 123              	.LC17:
 124 00ec 4F54413A 		.ascii	"OTA: ERR image too large (%lu B) \342\200\224 abort"
 124      20455252 
 124      20696D61 
 124      67652074 
 124      6F6F206C 
 125 0116 0A00     		.ascii	"\012\000"
 126              		.align	2
 127              	.LC20:
 128 0118 4F54413A 		.ascii	"OTA: ERR checksum mismatch \342\200\224 abort, BANK"
 128      20455252 
 128      20636865 
 128      636B7375 
 128      6D206D69 
 129 0142 305F4150 		.ascii	"0_APP unchanged\012\000"
 129      5020756E 
 129      6368616E 
ARM GAS  C:\Users\pc\AppData\Local\Temp\ccMLcBr6.s 			page 4


 129      6765640A 
 129      00
 130 0153 00       		.align	2
 131              	.LC23:
 132 0154 4F54413A 		.ascii	"OTA: image OK \342\200\224 writing %lu sectors to B"
 132      20696D61 
 132      6765204F 
 132      4B20E280 
 132      94207772 
 133 017e 414E4B30 		.ascii	"ANK0_APP 0x%08lX\012\000"
 133      5F415050 
 133      20307825 
 133      30386C58 
 133      0A00
 134              		.section	.text.ota_apply,"ax",%progbits
 135              		.align	1
 136              		.global	ota_apply
 137              		.syntax unified
 138              		.code	16
 139              		.thumb_func
 141              	ota_apply:
 142              		@ args = 0, pretend = 0, frame = 256
 143              		@ frame_needed = 0, uses_anonymous_args = 0
 144 0000 F0B5     		push	{r4, r5, r6, r7, lr}
 145 0002 DE46     		mov	lr, fp
 146 0004 5746     		mov	r7, r10
 147 0006 4E46     		mov	r6, r9
 148 0008 4546     		mov	r5, r8
 149 000a E0B5     		push	{r5, r6, r7, lr}
 150 000c C1B0     		sub	sp, sp, #260
 151 000e 0600     		movs	r6, r0
 152 0010 451E     		subs	r5, r0, #1
 153 0012 8423     		movs	r3, #132
 154 0014 9B02     		lsls	r3, r3, #10
 155 0016 9D42     		cmp	r5, r3
 156 0018 27D2     		bcs	.L31
 157 001a 714C     		ldr	r4, .L36
 158 001c 0200     		movs	r2, r0
 159 001e 2100     		movs	r1, r4
 160 0020 7048     		ldr	r0, .L36+4
 161 0022 FFF7FEFF 		bl	uart_printf
 162 0026 704B     		ldr	r3, .L36+8
 163 0028 F318     		adds	r3, r6, r3
 164 002a 1B0B     		lsrs	r3, r3, #12
 165 002c 9846     		mov	r8, r3
 166 002e 6F4F     		ldr	r7, .L36+12
 167 0030 4744     		add	r7, r7, r8
 168 0032 3B03     		lsls	r3, r7, #12
 169 0034 9B46     		mov	fp, r3
 170              	.L13:
 171 0036 2100     		movs	r1, r4
 172 0038 0220     		movs	r0, #2
 173 003a FFF7FEFF 		bl	flash_erase_locked
 174 003e 8023     		movs	r3, #128
 175 0040 5B01     		lsls	r3, r3, #5
 176 0042 9C46     		mov	ip, r3
 177 0044 6444     		add	r4, r4, ip
ARM GAS  C:\Users\pc\AppData\Local\Temp\ccMLcBr6.s 			page 5


 178 0046 5C45     		cmp	r4, fp
 179 0048 F5D1     		bne	.L13
 180 004a FFF7FEFF 		bl	eepromPowerUp
 181 004e 731E     		subs	r3, r6, #1
 182 0050 FF3B     		subs	r3, r3, #255
 183 0052 FF22     		movs	r2, #255
 184 0054 9543     		bics	r5, r2
 185 0056 5B1B     		subs	r3, r3, r5
 186 0058 9946     		mov	r9, r3
 187 005a 3400     		movs	r4, r6
 188 005c 8025     		movs	r5, #128
 189 005e 6D00     		lsls	r5, r5, #1
 190 0060 8A23     		movs	r3, #138
 191 0062 DB02     		lsls	r3, r3, #11
 192 0064 9A46     		mov	r10, r3
 193 0066 B244     		add	r10, r10, r6
 194 0068 1FE0     		b	.L16
 195              	.L31:
 196 006a 8422     		movs	r2, #132
 197 006c 9202     		lsls	r2, r2, #10
 198 006e 0100     		movs	r1, r0
 199 0070 5F48     		ldr	r0, .L36+16
 200 0072 FFF7FEFF 		bl	uart_printf
 201              	.L10:
 202 0076 41B0     		add	sp, sp, #260
 203              		@ sp needed
 204 0078 F0BC     		pop	{r4, r5, r6, r7}
 205 007a BB46     		mov	fp, r7
 206 007c B246     		mov	r10, r6
 207 007e A946     		mov	r9, r5
 208 0080 A046     		mov	r8, r4
 209 0082 F0BD     		pop	{r4, r5, r6, r7, pc}
 210              	.L14:
 211 0084 5346     		mov	r3, r10
 212 0086 181B     		subs	r0, r3, r4
 213 0088 3A00     		movs	r2, r7
 214 008a 6946     		mov	r1, sp
 215 008c FFF7FEFF 		bl	eepromRead
 216 0090 FF2C     		cmp	r4, #255
 217 0092 0FD9     		bls	.L32
 218              	.L15:
 219 0094 524B     		ldr	r3, .L36
 220 0096 F018     		adds	r0, r6, r3
 221 0098 001B     		subs	r0, r0, r4
 222 009a 6A46     		mov	r2, sp
 223 009c 2900     		movs	r1, r5
 224 009e FFF7FEFF 		bl	flash_write_locked
 225 00a2 013C     		subs	r4, r4, #1
 226 00a4 FF3C     		subs	r4, r4, #255
 227 00a6 4C45     		cmp	r4, r9
 228 00a8 0BD0     		beq	.L33
 229              	.L16:
 230 00aa 2700     		movs	r7, r4
 231 00ac AC42     		cmp	r4, r5
 232 00ae E9D9     		bls	.L14
 233 00b0 2F00     		movs	r7, r5
 234 00b2 E7E7     		b	.L14
ARM GAS  C:\Users\pc\AppData\Local\Temp\ccMLcBr6.s 			page 6


 235              	.L32:
 236 00b4 EA1B     		subs	r2, r5, r7
 237 00b6 3800     		movs	r0, r7
 238 00b8 6844     		add	r0, r0, sp
 239 00ba FF21     		movs	r1, #255
 240 00bc FFF7FEFF 		bl	memset
 241 00c0 E8E7     		b	.L15
 242              	.L33:
 243 00c2 FFF7FEFF 		bl	eepromPowerDown
 244 00c6 4B48     		ldr	r0, .L36+20
 245 00c8 FFF7FEFF 		bl	uart_printf
 246 00cc 444C     		ldr	r4, .L36
 247 00ce D823     		movs	r3, #216
 248 00d0 5B00     		lsls	r3, r3, #1
 249 00d2 E35A     		ldrh	r3, [r4, r3]
 250 00d4 DC22     		movs	r2, #220
 251 00d6 5200     		lsls	r2, r2, #1
 252 00d8 A258     		ldr	r2, [r4, r2]
 253 00da DB25     		movs	r5, #219
 254 00dc 6D00     		lsls	r5, r5, #1
 255 00de 615B     		ldrh	r1, [r4, r5]
 256 00e0 4548     		ldr	r0, .L36+24
 257 00e2 FFF7FEFF 		bl	uart_printf
 258 00e6 615B     		ldrh	r1, [r4, r5]
 259 00e8 444B     		ldr	r3, .L36+28
 260 00ea 9942     		cmp	r1, r3
 261 00ec 18D1     		bne	.L34
 262 00ee 3C4A     		ldr	r2, .L36
 263 00f0 DC23     		movs	r3, #220
 264 00f2 5B00     		lsls	r3, r3, #1
 265 00f4 D158     		ldr	r1, [r2, r3]
 266 00f6 8023     		movs	r3, #128
 267 00f8 DB00     		lsls	r3, r3, #3
 268 00fa 9C46     		mov	ip, r3
 269 00fc 6144     		add	r1, r1, ip
 270 00fe 8423     		movs	r3, #132
 271 0100 9B02     		lsls	r3, r3, #10
 272 0102 9942     		cmp	r1, r3
 273 0104 15D8     		bhi	.L35
 274 0106 3648     		ldr	r0, .L36
 275 0108 FFF7FEFF 		bl	check_image_chksum
 276 010c 0028     		cmp	r0, #0
 277 010e 18D1     		bne	.L19
 278 0110 3B48     		ldr	r0, .L36+32
 279 0112 FFF7FEFF 		bl	uart_printf
 280 0116 0421     		movs	r1, #4
 281 0118 3A48     		ldr	r0, .L36+36
 282 011a FFF7FEFF 		bl	boot_screen_show_error
 283 011e AAE7     		b	.L10
 284              	.L34:
 285 0120 1A00     		movs	r2, r3
 286 0122 3948     		ldr	r0, .L36+40
 287 0124 FFF7FEFF 		bl	uart_printf
 288 0128 0421     		movs	r1, #4
 289 012a 3848     		ldr	r0, .L36+44
 290 012c FFF7FEFF 		bl	boot_screen_show_error
 291 0130 A1E7     		b	.L10
ARM GAS  C:\Users\pc\AppData\Local\Temp\ccMLcBr6.s 			page 7


 292              	.L35:
 293 0132 3748     		ldr	r0, .L36+48
 294 0134 FFF7FEFF 		bl	uart_printf
 295 0138 0321     		movs	r1, #3
 296 013a 3648     		ldr	r0, .L36+52
 297 013c FFF7FEFF 		bl	boot_screen_show_error
 298 0140 99E7     		b	.L10
 299              	.L19:
 300 0142 354A     		ldr	r2, .L36+56
 301 0144 4146     		mov	r1, r8
 302 0146 3548     		ldr	r0, .L36+60
 303 0148 FFF7FEFF 		bl	uart_printf
 304              		.syntax divided
 305              	@ 89 "../src/ota.c" 1
 306 014c 72B6     		cpsid i
 307              	@ 0 "" 2
 308              		.thumb
 309              		.syntax unified
 310 014e 344B     		ldr	r3, .L36+64
 311 0150 6B44     		add	r3, r3, sp
 312 0152 9846     		mov	r8, r3
 313 0154 334B     		ldr	r3, .L36+68
 314 0156 9C46     		mov	ip, r3
 315 0158 E344     		add	fp, fp, ip
 316 015a 0026     		movs	r6, #0
 317 015c 0223     		movs	r3, #2
 318 015e 9A46     		mov	r10, r3
 319 0160 8027     		movs	r7, #128
 320 0162 7F00     		lsls	r7, r7, #1
 321              	.L23:
 322 0164 1E4B     		ldr	r3, .L36
 323 0166 F318     		adds	r3, r6, r3
 324 0168 4246     		mov	r2, r8
 325 016a 501C     		adds	r0, r2, #1
 326 016c FF30     		adds	r0, r0, #255
 327 016e 2E4A     		ldr	r2, .L36+72
 328 0170 B118     		adds	r1, r6, r2
 329              	.L20:
 330 0172 1A78     		ldrb	r2, [r3]
 331 0174 C254     		strb	r2, [r0, r3]
 332 0176 0133     		adds	r3, r3, #1
 333 0178 8B42     		cmp	r3, r1
 334 017a FAD1     		bne	.L20
 335 017c 264B     		ldr	r3, .L36+56
 336 017e F418     		adds	r4, r6, r3
 337 0180 2100     		movs	r1, r4
 338 0182 5046     		mov	r0, r10
 339 0184 FFF7FEFF 		bl	flash_erase_locked
 340 0188 6A46     		mov	r2, sp
 341 018a 3900     		movs	r1, r7
 342 018c 2000     		movs	r0, r4
 343 018e FFF7FEFF 		bl	flash_write_locked
 344 0192 264B     		ldr	r3, .L36+76
 345 0194 F418     		adds	r4, r6, r3
 346 0196 4546     		mov	r5, r8
 347 0198 254B     		ldr	r3, .L36+80
 348 019a 9946     		mov	r9, r3
ARM GAS  C:\Users\pc\AppData\Local\Temp\ccMLcBr6.s 			page 8


 349 019c B144     		add	r9, r9, r6
 350              	.L22:
 351 019e 631E     		subs	r3, r4, #1
 352 01a0 FF3B     		subs	r3, r3, #255
 353              	.L21:
 354 01a2 1A78     		ldrb	r2, [r3]
 355 01a4 EA54     		strb	r2, [r5, r3]
 356 01a6 0133     		adds	r3, r3, #1
 357 01a8 A342     		cmp	r3, r4
 358 01aa FAD1     		bne	.L21
 359 01ac 214B     		ldr	r3, .L36+84
 360 01ae E018     		adds	r0, r4, r3
 361 01b0 6A46     		mov	r2, sp
 362 01b2 3900     		movs	r1, r7
 363 01b4 FFF7FEFF 		bl	flash_write_locked
 364 01b8 013D     		subs	r5, r5, #1
 365 01ba FF3D     		subs	r5, r5, #255
 366 01bc 0134     		adds	r4, r4, #1
 367 01be FF34     		adds	r4, r4, #255
 368 01c0 4C45     		cmp	r4, r9
 369 01c2 ECD1     		bne	.L22
 370 01c4 8023     		movs	r3, #128
 371 01c6 5B01     		lsls	r3, r3, #5
 372 01c8 9C46     		mov	ip, r3
 373 01ca 6644     		add	r6, r6, ip
 374 01cc 1A4B     		ldr	r3, .L36+88
 375 01ce 9C46     		mov	ip, r3
 376 01d0 E044     		add	r8, r8, ip
 377 01d2 5E45     		cmp	r6, fp
 378 01d4 C6D1     		bne	.L23
 379 01d6 194B     		ldr	r3, .L36+92
 380 01d8 194A     		ldr	r2, .L36+96
 381 01da 1A60     		str	r2, [r3]
 382              	.L24:
 383 01dc FEE7     		b	.L24
 384              	.L37:
 385 01de C046     		.align	2
 386              	.L36:
 387 01e0 00C08500 		.word	8765440
 388 01e4 28000000 		.word	.LC8
 389 01e8 FF0F0000 		.word	4095
 390 01ec 5C080000 		.word	2140
 391 01f0 00000000 		.word	.LC6
 392 01f4 50000000 		.word	.LC10
 393 01f8 6C000000 		.word	.LC12
 394 01fc 93270000 		.word	10131
 395 0200 18010000 		.word	.LC20
 396 0204 00000000 		.word	.LANCHOR2
 397 0208 A4000000 		.word	.LC14
 398 020c 00000000 		.word	.LANCHOR0
 399 0210 EC000000 		.word	.LC17
 400 0214 00000000 		.word	.LANCHOR1
 401 0218 00608300 		.word	8609792
 402 021c 54010000 		.word	.LC23
 403 0220 003F7AFF 		.word	-8765696
 404 0224 00407AFF 		.word	-8765440
 405 0228 00C18500 		.word	8765696
ARM GAS  C:\Users\pc\AppData\Local\Temp\ccMLcBr6.s 			page 9


 406 022c 00C28500 		.word	8765952
 407 0230 00D18500 		.word	8769792
 408 0234 009FFDFF 		.word	-155904
 409 0238 00F0FFFF 		.word	-4096
 410 023c 0CED00E0 		.word	-536810228
 411 0240 0400FA05 		.word	100270084
 413              		.section	.rodata.str1.4,"aMS",%progbits,1
 414              		.align	2
 415              	.LC25:
 416 0000 204F5441 		.ascii	" OTA FAILED\000"
 416      20464149 
 416      4C454400 
 417              		.align	2
 418              	.LC26:
 419 000c 20436865 		.ascii	" Checksum mismatch\000"
 419      636B7375 
 419      6D206D69 
 419      736D6174 
 419      636800
 420 001f 00       		.align	2
 421              	.LC27:
 422 0020 20506C65 		.ascii	" Please retry\000"
 422      61736520 
 422      72657472 
 422      7900
 423 002e 0000     		.align	2
 424              	.LC28:
 425 0030 20466C61 		.ascii	" Flash unchanged\000"
 425      73682075 
 425      6E636861 
 425      6E676564 
 425      00
 426 0041 000000   		.align	2
 427              	.LC29:
 428 0044 20496D61 		.ascii	" Image too large\000"
 428      67652074 
 428      6F6F206C 
 428      61726765 
 428      00
 429 0055 000000   		.align	2
 430              	.LC30:
 431 0058 2057726F 		.ascii	" Wrong image type\000"
 431      6E672069 
 431      6D616765 
 431      20747970 
 431      6500
 432 006a 0000     		.align	2
 433              	.LC31:
 434 006c 20457870 		.ascii	" Expected: AppPatch\000"
 434      65637465 
 434      643A2041 
 434      70705061 
 434      74636800 
 435              		.section	.rodata.e.0,"a"
 436              		.align	2
 437              		.set	.LANCHOR2,. + 0
 440              	e.0:
ARM GAS  C:\Users\pc\AppData\Local\Temp\ccMLcBr6.s 			page 10


 441 0000 00000000 		.word	.LC25
 442 0004 0C000000 		.word	.LC26
 443 0008 20000000 		.word	.LC27
 444 000c 30000000 		.word	.LC28
 445              		.section	.rodata.e.1,"a"
 446              		.align	2
 447              		.set	.LANCHOR1,. + 0
 450              	e.1:
 451 0000 00000000 		.word	.LC25
 452 0004 44000000 		.word	.LC29
 453 0008 30000000 		.word	.LC28
 454              		.section	.rodata.e.2,"a"
 455              		.align	2
 456              		.set	.LANCHOR0,. + 0
 459              	e.2:
 460 0000 00000000 		.word	.LC25
 461 0004 58000000 		.word	.LC30
 462 0008 6C000000 		.word	.LC31
 463 000c 30000000 		.word	.LC28
 464              		.ident	"GCC: (GNU Arm Embedded Toolchain 10.3-2021.10) 10.3.1 20210824 (release)"
ARM GAS  C:\Users\pc\AppData\Local\Temp\ccMLcBr6.s 			page 11


DEFINED SYMBOLS
                            *ABS*:00000000 ota.c
C:\Users\pc\AppData\Local\Temp\ccMLcBr6.s:16     .rodata.ota_erase_ext.str1.4:00000000 $d
C:\Users\pc\AppData\Local\Temp\ccMLcBr6.s:20     .text.ota_erase_ext:00000000 $t
C:\Users\pc\AppData\Local\Temp\ccMLcBr6.s:26     .text.ota_erase_ext:00000000 ota_erase_ext
C:\Users\pc\AppData\Local\Temp\ccMLcBr6.s:48     .text.ota_erase_ext:00000028 $d
C:\Users\pc\AppData\Local\Temp\ccMLcBr6.s:51     .rodata.ota_save_ext_block.str1.4:00000000 $d
C:\Users\pc\AppData\Local\Temp\ccMLcBr6.s:59     .text.ota_save_ext_block:00000000 $t
C:\Users\pc\AppData\Local\Temp\ccMLcBr6.s:65     .text.ota_save_ext_block:00000000 ota_save_ext_block
C:\Users\pc\AppData\Local\Temp\ccMLcBr6.s:101    .text.ota_save_ext_block:00000040 $d
C:\Users\pc\AppData\Local\Temp\ccMLcBr6.s:105    .rodata.ota_apply.str1.4:00000000 $d
C:\Users\pc\AppData\Local\Temp\ccMLcBr6.s:135    .text.ota_apply:00000000 $t
C:\Users\pc\AppData\Local\Temp\ccMLcBr6.s:141    .text.ota_apply:00000000 ota_apply
C:\Users\pc\AppData\Local\Temp\ccMLcBr6.s:387    .text.ota_apply:000001e0 $d
C:\Users\pc\AppData\Local\Temp\ccMLcBr6.s:414    .rodata.str1.4:00000000 $d
C:\Users\pc\AppData\Local\Temp\ccMLcBr6.s:436    .rodata.e.0:00000000 $d
C:\Users\pc\AppData\Local\Temp\ccMLcBr6.s:440    .rodata.e.0:00000000 e.0
C:\Users\pc\AppData\Local\Temp\ccMLcBr6.s:446    .rodata.e.1:00000000 $d
C:\Users\pc\AppData\Local\Temp\ccMLcBr6.s:450    .rodata.e.1:00000000 e.1
C:\Users\pc\AppData\Local\Temp\ccMLcBr6.s:455    .rodata.e.2:00000000 $d
C:\Users\pc\AppData\Local\Temp\ccMLcBr6.s:459    .rodata.e.2:00000000 e.2

UNDEFINED SYMBOLS
uart_printf
eepromPowerUp
eepromErase
eepromPowerDown
eepromWrite
flash_erase_locked
eepromRead
flash_write_locked
memset
check_image_chksum
boot_screen_show_error
