ARM GAS  C:\Users\pc\AppData\Local\Temp\ccXABc5r.s 			page 1


   1              		.cpu cortex-m0plus
   2              		.arch armv6s-m
   3              		.fpu softvfp
   4              		.eabi_attribute 20, 1
   5              		.eabi_attribute 21, 1
   6              		.eabi_attribute 23, 3
   7              		.eabi_attribute 24, 1
   8              		.eabi_attribute 25, 1
   9              		.eabi_attribute 26, 1
  10              		.eabi_attribute 30, 1
  11              		.eabi_attribute 34, 0
  12              		.eabi_attribute 18, 4
  13              		.file	"overlay_mgr.c"
  14              		.text
  15              		.section	.text.load_overlay,"ax",%progbits
  16              		.align	1
  17              		.global	load_overlay
  18              		.syntax unified
  19              		.code	16
  20              		.thumb_func
  22              	load_overlay:
  23              		@ args = 0, pretend = 0, frame = 0
  24              		@ frame_needed = 0, uses_anonymous_args = 0
  25 0000 F0B5     		push	{r4, r5, r6, r7, lr}
  26 0002 C646     		mov	lr, r8
  27 0004 00B5     		push	{lr}
  28 0006 0400     		movs	r4, r0
  29 0008 0228     		cmp	r0, #2
  30 000a 29D8     		bhi	.L3
  31 000c C300     		lsls	r3, r0, #3
  32 000e 1B18     		adds	r3, r3, r0
  33 0010 9B00     		lsls	r3, r3, #2
  34 0012 154A     		ldr	r2, .L5
  35 0014 9F58     		ldr	r7, [r3, r2]
  36 0016 0822     		movs	r2, #8
  37 0018 1449     		ldr	r1, .L5+4
  38 001a 3800     		movs	r0, r7
  39 001c FFF7FEFF 		bl	memcmp
  40 0020 0300     		movs	r3, r0
  41 0022 0120     		movs	r0, #1
  42 0024 002B     		cmp	r3, #0
  43 0026 1CD0     		beq	.L2
  44 0028 0F4B     		ldr	r3, .L5
  45 002a 9846     		mov	r8, r3
  46 002c E600     		lsls	r6, r4, #3
  47 002e 3519     		adds	r5, r6, r4
  48 0030 AD00     		lsls	r5, r5, #2
  49 0032 4544     		add	r5, r5, r8
  50 0034 AA69     		ldr	r2, [r5, #24]
  51 0036 6968     		ldr	r1, [r5, #4]
  52 0038 E868     		ldr	r0, [r5, #12]
  53 003a FFF7FEFF 		bl	memcpy
  54 003e EA69     		ldr	r2, [r5, #28]
  55 0040 A968     		ldr	r1, [r5, #8]
  56 0042 2869     		ldr	r0, [r5, #16]
  57 0044 FFF7FEFF 		bl	memcpy
  58 0048 6869     		ldr	r0, [r5, #20]
ARM GAS  C:\Users\pc\AppData\Local\Temp\ccXABc5r.s 			page 2


  59 004a 2A6A     		ldr	r2, [r5, #32]
  60 004c 0021     		movs	r1, #0
  61 004e FFF7FEFF 		bl	memset
  62 0052 0822     		movs	r2, #8
  63 0054 3900     		movs	r1, r7
  64 0056 0548     		ldr	r0, .L5+4
  65 0058 FFF7FEFF 		bl	memcpy
  66 005c 0120     		movs	r0, #1
  67 005e 00E0     		b	.L2
  68              	.L3:
  69 0060 0020     		movs	r0, #0
  70              	.L2:
  71              		@ sp needed
  72 0062 80BC     		pop	{r7}
  73 0064 B846     		mov	r8, r7
  74 0066 F0BD     		pop	{r4, r5, r6, r7, pc}
  75              	.L6:
  76              		.align	2
  77              	.L5:
  78 0068 00000000 		.word	.LANCHOR0
  79 006c 00000000 		.word	.LANCHOR1
  81              		.section	.text.get_current_scenario_index,"ax",%progbits
  82              		.align	1
  83              		.global	get_current_scenario_index
  84              		.syntax unified
  85              		.code	16
  86              		.thumb_func
  88              	get_current_scenario_index:
  89              		@ args = 0, pretend = 0, frame = 0
  90              		@ frame_needed = 0, uses_anonymous_args = 0
  91 0000 70B5     		push	{r4, r5, r6, lr}
  92 0002 094D     		ldr	r5, .L13
  93 0004 0024     		movs	r4, #0
  94 0006 094E     		ldr	r6, .L13+4
  95              	.L10:
  96 0008 0822     		movs	r2, #8
  97 000a 3100     		movs	r1, r6
  98 000c 2868     		ldr	r0, [r5]
  99 000e FFF7FEFF 		bl	memcmp
 100 0012 0028     		cmp	r0, #0
 101 0014 05D0     		beq	.L12
 102 0016 0134     		adds	r4, r4, #1
 103 0018 2435     		adds	r5, r5, #36
 104 001a 032C     		cmp	r4, #3
 105 001c F4D1     		bne	.L10
 106 001e 0320     		movs	r0, #3
 107              	.L9:
 108              		@ sp needed
 109 0020 70BD     		pop	{r4, r5, r6, pc}
 110              	.L12:
 111 0022 E0B2     		uxtb	r0, r4
 112 0024 FCE7     		b	.L9
 113              	.L14:
 114 0026 C046     		.align	2
 115              	.L13:
 116 0028 00000000 		.word	.LANCHOR0
 117 002c 00000000 		.word	.LANCHOR1
ARM GAS  C:\Users\pc\AppData\Local\Temp\ccXABc5r.s 			page 3


 119              		.section	.rodata.str1.4,"aMS",%progbits,1
 120              		.align	2
 121              	.LC4:
 122 0000 426F6F74 		.ascii	"BootOnce\000"
 122      4F6E6365 
 122      00
 123 0009 000000   		.align	2
 124              	.LC5:
 125 000c 5363656E 		.ascii	"Scene_B\000"
 125      655F4200 
 126              		.align	2
 127              	.LC6:
 128 0014 5363656E 		.ascii	"Scene_C\000"
 128      655F4300 
 129              		.global	scenario_name
 130              		.section	.bss.scenario_name,"aw",%nobits
 131              		.align	2
 132              		.set	.LANCHOR1,. + 0
 135              	scenario_name:
 136 0000 00000000 		.space	8
 136      00000000 
 137              		.section	.rodata.overlay_sections,"a"
 138              		.align	2
 139              		.set	.LANCHOR0,. + 0
 142              	overlay_sections:
 143 0000 00000000 		.word	.LC4
 144 0004 00000000 		.word	Load$$OVERLAY_A$$RO$$Base
 145 0008 00000000 		.word	Load$$OVERLAY_A$$RW$$Base
 146 000c 00000000 		.word	Image$$OVERLAY_A$$RO$$Base
 147 0010 00000000 		.word	Image$$OVERLAY_A$$RW$$Base
 148 0014 00000000 		.word	Image$$OVERLAY_A$$ZI$$Base
 149 0018 00000000 		.word	Image$$OVERLAY_A$$RO$$Length
 150 001c 00000000 		.word	Image$$OVERLAY_A$$RW$$Length
 151 0020 00000000 		.word	Image$$OVERLAY_A$$ZI$$Length
 152 0024 0C000000 		.word	.LC5
 153 0028 00000000 		.word	Load$$OVERLAY_B$$RO$$Base
 154 002c 00000000 		.word	Load$$OVERLAY_B$$RW$$Base
 155 0030 00000000 		.word	Image$$OVERLAY_B$$RO$$Base
 156 0034 00000000 		.word	Image$$OVERLAY_B$$RW$$Base
 157 0038 00000000 		.word	Image$$OVERLAY_B$$ZI$$Base
 158 003c 00000000 		.word	Image$$OVERLAY_B$$RO$$Length
 159 0040 00000000 		.word	Image$$OVERLAY_B$$RW$$Length
 160 0044 00000000 		.word	Image$$OVERLAY_B$$ZI$$Length
 161 0048 14000000 		.word	.LC6
 162 004c 00000000 		.word	Load$$OVERLAY_C$$RO$$Base
 163 0050 00000000 		.word	Load$$OVERLAY_C$$RW$$Base
 164 0054 00000000 		.word	Image$$OVERLAY_C$$RO$$Base
 165 0058 00000000 		.word	Image$$OVERLAY_C$$RW$$Base
 166 005c 00000000 		.word	Image$$OVERLAY_C$$ZI$$Base
 167 0060 00000000 		.word	Image$$OVERLAY_C$$RO$$Length
 168 0064 00000000 		.word	Image$$OVERLAY_C$$RW$$Length
 169 0068 00000000 		.word	Image$$OVERLAY_C$$ZI$$Length
 170              		.ident	"GCC: (GNU Arm Embedded Toolchain 10.3-2021.10) 10.3.1 20210824 (release)"
ARM GAS  C:\Users\pc\AppData\Local\Temp\ccXABc5r.s 			page 4


DEFINED SYMBOLS
                            *ABS*:00000000 overlay_mgr.c
C:\Users\pc\AppData\Local\Temp\ccXABc5r.s:16     .text.load_overlay:00000000 $t
C:\Users\pc\AppData\Local\Temp\ccXABc5r.s:22     .text.load_overlay:00000000 load_overlay
C:\Users\pc\AppData\Local\Temp\ccXABc5r.s:78     .text.load_overlay:00000068 $d
C:\Users\pc\AppData\Local\Temp\ccXABc5r.s:82     .text.get_current_scenario_index:00000000 $t
C:\Users\pc\AppData\Local\Temp\ccXABc5r.s:88     .text.get_current_scenario_index:00000000 get_current_scenario_index
C:\Users\pc\AppData\Local\Temp\ccXABc5r.s:116    .text.get_current_scenario_index:00000028 $d
C:\Users\pc\AppData\Local\Temp\ccXABc5r.s:120    .rodata.str1.4:00000000 $d
C:\Users\pc\AppData\Local\Temp\ccXABc5r.s:135    .bss.scenario_name:00000000 scenario_name
C:\Users\pc\AppData\Local\Temp\ccXABc5r.s:131    .bss.scenario_name:00000000 $d
C:\Users\pc\AppData\Local\Temp\ccXABc5r.s:138    .rodata.overlay_sections:00000000 $d
C:\Users\pc\AppData\Local\Temp\ccXABc5r.s:142    .rodata.overlay_sections:00000000 overlay_sections

UNDEFINED SYMBOLS
memcmp
memcpy
memset
Load$$OVERLAY_A$$RO$$Base
Load$$OVERLAY_A$$RW$$Base
Image$$OVERLAY_A$$RO$$Base
Image$$OVERLAY_A$$RW$$Base
Image$$OVERLAY_A$$ZI$$Base
Image$$OVERLAY_A$$RO$$Length
Image$$OVERLAY_A$$RW$$Length
Image$$OVERLAY_A$$ZI$$Length
Load$$OVERLAY_B$$RO$$Base
Load$$OVERLAY_B$$RW$$Base
Image$$OVERLAY_B$$RO$$Base
Image$$OVERLAY_B$$RW$$Base
Image$$OVERLAY_B$$ZI$$Base
Image$$OVERLAY_B$$RO$$Length
Image$$OVERLAY_B$$RW$$Length
Image$$OVERLAY_B$$ZI$$Length
Load$$OVERLAY_C$$RO$$Base
Load$$OVERLAY_C$$RW$$Base
Image$$OVERLAY_C$$RO$$Base
Image$$OVERLAY_C$$RW$$Base
Image$$OVERLAY_C$$ZI$$Base
Image$$OVERLAY_C$$RO$$Length
Image$$OVERLAY_C$$RW$$Length
Image$$OVERLAY_C$$ZI$$Length
