ARM GAS  C:\Users\pc\AppData\Local\Temp\ccwRhD2i.s 			page 1


   1              		.cpu cortex-m0plus
   2              		.arch armv6s-m
   3              		.fpu softvfp
   4              		.eabi_attribute 20, 1
   5              		.eabi_attribute 21, 1
   6              		.eabi_attribute 23, 3
   7              		.eabi_attribute 24, 1
   8              		.eabi_attribute 25, 1
   9              		.eabi_attribute 26, 1
  10              		.eabi_attribute 30, 1
  11              		.eabi_attribute 34, 0
  12              		.eabi_attribute 18, 4
  13              		.file	"peripheral_app.c"
  14              		.text
  15              		.section	.text.epd_poll_timer_cb,"ax",%progbits
  16              		.align	1
  17              		.syntax unified
  18              		.code	16
  19              		.thumb_func
  21              	epd_poll_timer_cb:
  22              		@ args = 0, pretend = 0, frame = 8
  23              		@ frame_needed = 0, uses_anonymous_args = 0
  24 0000 00B5     		push	{lr}
  25 0002 83B0     		sub	sp, sp, #12
  26 0004 2123     		movs	r3, #33
  27 0006 6A46     		mov	r2, sp
  28 0008 1380     		strh	r3, [r2]
  29 000a 0023     		movs	r3, #0
  30 000c 5380     		strh	r3, [r2, #2]
  31 000e 0193     		str	r3, [sp, #4]
  32 0010 6846     		mov	r0, sp
  33 0012 FFF7FEFF 		bl	app_send_msg_to_apptask
  34 0016 03B0     		add	sp, sp, #12
  35              		@ sp needed
  36 0018 00BD     		pop	{pc}
  38              		.section	.rodata.ble_addr_early_init.str1.4,"aMS",%progbits,1
  39              		.align	2
  40              	.LC1:
  41 0000 4F757220 		.ascii	"Our MAC: %02X:%02X:%02X:%02X:%02X:%02X\012\000"
  41      4D41433A 
  41      20253032 
  41      583A2530 
  41      32583A25 
  42              		.align	2
  43              	.LC3:
  44 0028 4D414320 		.ascii	"MAC EDIT: Default stock MAC detected. Generating ra"
  44      45444954 
  44      3A204465 
  44      6661756C 
  44      74207374 
  45 005b 6E646F6D 		.ascii	"ndom MAC...\012\000"
  45      204D4143 
  45      2E2E2E0A 
  45      00
  46              		.section	.text.ble_addr_early_init,"ax",%progbits
  47              		.align	1
  48              		.global	ble_addr_early_init
ARM GAS  C:\Users\pc\AppData\Local\Temp\ccwRhD2i.s 			page 2


  49              		.syntax unified
  50              		.code	16
  51              		.thumb_func
  53              	ble_addr_early_init:
  54              		@ args = 0, pretend = 0, frame = 8
  55              		@ frame_needed = 0, uses_anonymous_args = 0
  56 0000 30B5     		push	{r4, r5, lr}
  57 0002 87B0     		sub	sp, sp, #28
  58 0004 264C     		ldr	r4, .L7
  59 0006 8020     		movs	r0, #128
  60 0008 2100     		movs	r1, r4
  61 000a 8000     		lsls	r0, r0, #2
  62 000c FFF7FEFF 		bl	gap_get_param
  63 0010 E378     		ldrb	r3, [r4, #3]
  64 0012 2279     		ldrb	r2, [r4, #4]
  65 0014 6179     		ldrb	r1, [r4, #5]
  66 0016 2078     		ldrb	r0, [r4]
  67 0018 0290     		str	r0, [sp, #8]
  68 001a 6078     		ldrb	r0, [r4, #1]
  69 001c 0190     		str	r0, [sp, #4]
  70 001e A078     		ldrb	r0, [r4, #2]
  71 0020 0090     		str	r0, [sp]
  72 0022 2048     		ldr	r0, .L7+4
  73 0024 FFF7FEFF 		bl	uart_printf
  74 0028 2378     		ldrb	r3, [r4]
  75 002a 002B     		cmp	r3, #0
  76 002c 03D1     		bne	.L2
  77 002e 1C4B     		ldr	r3, .L7
  78 0030 5B78     		ldrb	r3, [r3, #1]
  79 0032 E02B     		cmp	r3, #224
  80 0034 01D0     		beq	.L5
  81              	.L2:
  82 0036 07B0     		add	sp, sp, #28
  83              		@ sp needed
  84 0038 30BD     		pop	{r4, r5, pc}
  85              	.L5:
  86 003a 194B     		ldr	r3, .L7
  87 003c 9B78     		ldrb	r3, [r3, #2]
  88 003e 4C2B     		cmp	r3, #76
  89 0040 F9D1     		bne	.L2
  90 0042 174B     		ldr	r3, .L7
  91 0044 DB78     		ldrb	r3, [r3, #3]
  92 0046 872B     		cmp	r3, #135
  93 0048 F5D1     		bne	.L2
  94 004a 154B     		ldr	r3, .L7
  95 004c 1B79     		ldrb	r3, [r3, #4]
  96 004e 632B     		cmp	r3, #99
  97 0050 F1D1     		bne	.L2
  98 0052 134B     		ldr	r3, .L7
  99 0054 5B79     		ldrb	r3, [r3, #5]
 100 0056 252B     		cmp	r3, #37
 101 0058 EDD1     		bne	.L2
 102 005a 1348     		ldr	r0, .L7+8
 103 005c FFF7FEFF 		bl	uart_printf
 104 0060 124D     		ldr	r5, .L7+12
 105 0062 2800     		movs	r0, r5
 106 0064 FFF7FEFF 		bl	platform_random
ARM GAS  C:\Users\pc\AppData\Local\Temp\ccwRhD2i.s 			page 3


 107 0068 0400     		movs	r4, r0
 108 006a 2800     		movs	r0, r5
 109 006c FFF7FEFF 		bl	platform_random
 110 0070 E1B2     		uxtb	r1, r4
 111 0072 04AB     		add	r3, sp, #16
 112 0074 1970     		strb	r1, [r3]
 113 0076 220A     		lsrs	r2, r4, #8
 114 0078 D2B2     		uxtb	r2, r2
 115 007a 5A70     		strb	r2, [r3, #1]
 116 007c 240C     		lsrs	r4, r4, #16
 117 007e 9C70     		strb	r4, [r3, #2]
 118 0080 D870     		strb	r0, [r3, #3]
 119 0082 040A     		lsrs	r4, r0, #8
 120 0084 1C71     		strb	r4, [r3, #4]
 121 0086 000C     		lsrs	r0, r0, #16
 122 0088 5871     		strb	r0, [r3, #5]
 123 008a 0029     		cmp	r1, #0
 124 008c 01D1     		bne	.L4
 125 008e E02A     		cmp	r2, #224
 126 0090 03D0     		beq	.L6
 127              	.L4:
 128 0092 04A8     		add	r0, sp, #16
 129 0094 FFF7FEFF 		bl	mac_edit_update
 130 0098 CDE7     		b	.L2
 131              	.L6:
 132 009a DF3A     		subs	r2, r2, #223
 133 009c 1A70     		strb	r2, [r3]
 134 009e F8E7     		b	.L4
 135              	.L8:
 136              		.align	2
 137              	.L7:
 138 00a0 00000000 		.word	.LANCHOR0
 139 00a4 00000000 		.word	.LC1
 140 00a8 28000000 		.word	.LC3
 141 00ac FFFFFF00 		.word	16777215
 143              		.section	.text.get_capabilities,"ax",%progbits
 144              		.align	1
 145              		.global	get_capabilities
 146              		.syntax unified
 147              		.code	16
 148              		.thumb_func
 150              	get_capabilities:
 151              		@ args = 0, pretend = 0, frame = 0
 152              		@ frame_needed = 0, uses_anonymous_args = 0
 153              		@ link register save eliminated.
 154 0000 0A4B     		ldr	r3, .L13
 155 0002 DA6E     		ldr	r2, [r3, #108]
 156 0004 120A     		lsrs	r2, r2, #8
 157 0006 7021     		movs	r1, #112
 158 0008 585C     		ldrb	r0, [r3, r1]
 159 000a 0006     		lsls	r0, r0, #24
 160 000c 1043     		orrs	r0, r2
 161 000e 431E     		subs	r3, r0, #1
 162 0010 9841     		sbcs	r0, r0, r3
 163 0012 0330     		adds	r0, r0, #3
 164 0014 FF30     		adds	r0, r0, #255
 165 0016 054B     		ldr	r3, .L13
ARM GAS  C:\Users\pc\AppData\Local\Temp\ccwRhD2i.s 			page 4


 166 0018 1A6F     		ldr	r2, [r3, #112]
 167 001a 120A     		lsrs	r2, r2, #8
 168 001c 0431     		adds	r1, r1, #4
 169 001e 5B5C     		ldrb	r3, [r3, r1]
 170 0020 1B06     		lsls	r3, r3, #24
 171 0022 1343     		orrs	r3, r2
 172 0024 01D0     		beq	.L11
 173 0026 C023     		movs	r3, #192
 174 0028 1843     		orrs	r0, r3
 175              	.L11:
 176              		@ sp needed
 177 002a 7047     		bx	lr
 178              	.L14:
 179              		.align	2
 180              	.L13:
 181 002c 00000000 		.word	settings
 183              		.section	.text.app_send_custom_notification,"ax",%progbits
 184              		.align	1
 185              		.global	app_send_custom_notification
 186              		.syntax unified
 187              		.code	16
 188              		.thumb_func
 190              	app_send_custom_notification:
 191              		@ args = 0, pretend = 0, frame = 0
 192              		@ frame_needed = 0, uses_anonymous_args = 0
 193 0000 10B5     		push	{r4, lr}
 194 0002 0C00     		movs	r4, r1
 195 0004 1300     		movs	r3, r2
 196 0006 034A     		ldr	r2, .L16
 197 0008 1178     		ldrb	r1, [r2]
 198 000a 2200     		movs	r2, r4
 199 000c FFF7FEFF 		bl	custom_service_send_notification
 200              		@ sp needed
 201 0010 10BD     		pop	{r4, pc}
 202              	.L17:
 203 0012 C046     		.align	2
 204              	.L16:
 205 0014 00000000 		.word	.LANCHOR1
 207              		.section	.rodata.set_adv_data.str1.4,"aMS",%progbits,1
 208              		.align	2
 209              	.LC12:
 210 0000 52544C5F 		.ascii	"RTL_%02X%02X%02X\000"
 210      25303258 
 210      25303258 
 210      25303258 
 210      00
 211              		.section	.text.set_adv_data,"ax",%progbits
 212              		.align	1
 213              		.global	set_adv_data
 214              		.syntax unified
 215              		.code	16
 216              		.thumb_func
 218              	set_adv_data:
 219              		@ args = 0, pretend = 0, frame = 32
 220              		@ frame_needed = 0, uses_anonymous_args = 0
 221 0000 70B5     		push	{r4, r5, r6, lr}
 222 0002 8AB0     		sub	sp, sp, #40
ARM GAS  C:\Users\pc\AppData\Local\Temp\ccwRhD2i.s 			page 5


 223 0004 0500     		movs	r5, r0
 224 0006 294C     		ldr	r4, .L23
 225 0008 0223     		movs	r3, #2
 226 000a 2370     		strb	r3, [r4]
 227 000c 0122     		movs	r2, #1
 228 000e 6270     		strb	r2, [r4, #1]
 229 0010 0432     		adds	r2, r2, #4
 230 0012 A270     		strb	r2, [r4, #2]
 231 0014 0932     		adds	r2, r2, #9
 232 0016 E270     		strb	r2, [r4, #3]
 233 0018 F132     		adds	r2, r2, #241
 234 001a 2271     		strb	r2, [r4, #4]
 235 001c C83A     		subs	r2, r2, #200
 236 001e 6271     		strb	r2, [r4, #5]
 237 0020 243A     		subs	r2, r2, #36
 238 0022 A271     		strb	r2, [r4, #6]
 239 0024 E371     		strb	r3, [r4, #7]
 240 0026 224B     		ldr	r3, .L23+4
 241 0028 9B89     		ldrh	r3, [r3, #12]
 242 002a 2381     		strh	r3, [r4, #8]
 243 002c 4723     		movs	r3, #71
 244 002e 6381     		strh	r3, [r4, #10]
 245 0030 FFF7FEFF 		bl	get_capabilities
 246 0034 A081     		strh	r0, [r4, #12]
 247 0036 E581     		strh	r5, [r4, #14]
 248 0038 1E4B     		ldr	r3, .L23+8
 249 003a 1B78     		ldrb	r3, [r3]
 250 003c 002B     		cmp	r3, #0
 251 003e 2ED0     		beq	.L19
 252 0040 5BB2     		sxtb	r3, r3
 253              	.L20:
 254 0042 1A4D     		ldr	r5, .L23
 255 0044 2B74     		strb	r3, [r5, #16]
 256 0046 6B7C     		ldrb	r3, [r5, #17]
 257 0048 0133     		adds	r3, r3, #1
 258 004a 6B74     		strb	r3, [r5, #17]
 259 004c 1A49     		ldr	r1, .L23+12
 260 004e 4B78     		ldrb	r3, [r1, #1]
 261 0050 8A78     		ldrb	r2, [r1, #2]
 262 0052 1A4E     		ldr	r6, .L23+16
 263 0054 0978     		ldrb	r1, [r1]
 264 0056 0091     		str	r1, [sp]
 265 0058 1949     		ldr	r1, .L23+20
 266 005a 3000     		movs	r0, r6
 267 005c FFF7FEFF 		bl	sprintf
 268 0060 02AC     		add	r4, sp, #8
 269 0062 0C23     		movs	r3, #12
 270 0064 2370     		strb	r3, [r4]
 271 0066 033B     		subs	r3, r3, #3
 272 0068 6370     		strb	r3, [r4, #1]
 273 006a 0A22     		movs	r2, #10
 274 006c 3100     		movs	r1, r6
 275 006e 0A20     		movs	r0, #10
 276 0070 6844     		add	r0, r0, sp
 277 0072 FFF7FEFF 		bl	memcpy
 278 0076 0023     		movs	r3, #0
 279 0078 2373     		strb	r3, [r4, #12]
ARM GAS  C:\Users\pc\AppData\Local\Temp\ccwRhD2i.s 			page 6


 280 007a 2A00     		movs	r2, r5
 281 007c 1221     		movs	r1, #18
 282 007e 1148     		ldr	r0, .L23+24
 283 0080 FFF7FEFF 		bl	le_adv_set_param
 284 0084 2200     		movs	r2, r4
 285 0086 0D21     		movs	r1, #13
 286 0088 0F48     		ldr	r0, .L23+28
 287 008a FFF7FEFF 		bl	le_adv_set_param
 288 008e 0F4B     		ldr	r3, .L23+32
 289 0090 1A78     		ldrb	r2, [r3]
 290 0092 0C23     		movs	r3, #12
 291 0094 1340     		ands	r3, r2
 292 0096 082B     		cmp	r3, #8
 293 0098 05D0     		beq	.L22
 294              	.L18:
 295 009a 0AB0     		add	sp, sp, #40
 296              		@ sp needed
 297 009c 70BD     		pop	{r4, r5, r6, pc}
 298              	.L19:
 299 009e 0C4B     		ldr	r3, .L23+36
 300 00a0 1B78     		ldrb	r3, [r3]
 301 00a2 5BB2     		sxtb	r3, r3
 302 00a4 CDE7     		b	.L20
 303              	.L22:
 304 00a6 FFF7FEFF 		bl	le_adv_update_param
 305 00aa F6E7     		b	.L18
 306              	.L24:
 307              		.align	2
 308              	.L23:
 309 00ac 00000000 		.word	.LANCHOR2
 310 00b0 00000000 		.word	settings
 311 00b4 00000000 		.word	.LANCHOR3
 312 00b8 00000000 		.word	.LANCHOR0
 313 00bc 00000000 		.word	.LANCHOR5
 314 00c0 00000000 		.word	.LC12
 315 00c4 61020000 		.word	609
 316 00c8 62020000 		.word	610
 317 00cc 00000000 		.word	.LANCHOR6
 318 00d0 00000000 		.word	.LANCHOR4
 320              		.section	.rodata.app_update_adv_data.str1.4,"aMS",%progbits,1
 321              		.align	2
 322              	.LC16:
 323 0000 6170705F 		.ascii	"app_update_adv_data: len %d too long\012\000"
 323      75706461 
 323      74655F61 
 323      64765F64 
 323      6174613A 
 324 0026 0000     		.align	2
 325              	.LC19:
 326 0028 6C655F61 		.ascii	"le_adv_update_param failed: 0x%x\012\000"
 326      64765F75 
 326      70646174 
 326      655F7061 
 326      72616D20 
 327 004a 0000     		.align	2
 328              	.LC21:
 329 004c 6C655F61 		.ascii	"le_adv_set_param failed: 0x%x\012\000"
ARM GAS  C:\Users\pc\AppData\Local\Temp\ccwRhD2i.s 			page 7


 329      64765F73 
 329      65745F70 
 329      6172616D 
 329      20666169 
 330              		.section	.text.app_update_adv_data,"ax",%progbits
 331              		.align	1
 332              		.global	app_update_adv_data
 333              		.syntax unified
 334              		.code	16
 335              		.thumb_func
 337              	app_update_adv_data:
 338              		@ args = 0, pretend = 0, frame = 0
 339              		@ frame_needed = 0, uses_anonymous_args = 0
 340 0000 10B5     		push	{r4, lr}
 341 0002 0200     		movs	r2, r0
 342 0004 1F29     		cmp	r1, #31
 343 0006 16D8     		bhi	.L31
 344 0008 1048     		ldr	r0, .L32
 345 000a FFF7FEFF 		bl	le_adv_set_param
 346 000e 011E     		subs	r1, r0, #0
 347 0010 16D1     		bne	.L28
 348 0012 0F4B     		ldr	r3, .L32+4
 349 0014 1A78     		ldrb	r2, [r3]
 350 0016 0C23     		movs	r3, #12
 351 0018 1340     		ands	r3, r2
 352 001a 0120     		movs	r0, #1
 353 001c 082B     		cmp	r3, #8
 354 001e 0ED1     		bne	.L27
 355 0020 FFF7FEFF 		bl	le_adv_update_param
 356 0024 0100     		movs	r1, r0
 357 0026 0120     		movs	r0, #1
 358 0028 0029     		cmp	r1, #0
 359 002a 08D0     		beq	.L27
 360 002c 0948     		ldr	r0, .L32+8
 361 002e FFF7FEFF 		bl	uart_printf
 362 0032 0020     		movs	r0, #0
 363 0034 03E0     		b	.L27
 364              	.L31:
 365 0036 0848     		ldr	r0, .L32+12
 366 0038 FFF7FEFF 		bl	uart_printf
 367 003c 0020     		movs	r0, #0
 368              	.L27:
 369              		@ sp needed
 370 003e 10BD     		pop	{r4, pc}
 371              	.L28:
 372 0040 0648     		ldr	r0, .L32+16
 373 0042 FFF7FEFF 		bl	uart_printf
 374 0046 0020     		movs	r0, #0
 375 0048 F9E7     		b	.L27
 376              	.L33:
 377 004a C046     		.align	2
 378              	.L32:
 379 004c 61020000 		.word	609
 380 0050 00000000 		.word	.LANCHOR6
 381 0054 28000000 		.word	.LC19
 382 0058 00000000 		.word	.LC16
 383 005c 4C000000 		.word	.LC21
ARM GAS  C:\Users\pc\AppData\Local\Temp\ccwRhD2i.s 			page 8


 385              		.section	.rodata.app_handle_dev_state_evt.str1.4,"aMS",%progbits,1
 386              		.align	2
 387              	.LC23:
 388 0000 5B495D20 		.ascii	"[I] app_handle_dev_state_evt: init state %d, adv st"
 388      6170705F 
 388      68616E64 
 388      6C655F64 
 388      65765F73 
 389 0033 61746520 		.ascii	"ate %d, cause 0x%x\012\000"
 389      25642C20 
 389      63617573 
 389      65203078 
 389      25780A00 
 390 0047 00       		.align	2
 391              	.LC26:
 392 0048 5B495D20 		.ascii	"[I] GAP stack ready\012\000"
 392      47415020 
 392      73746163 
 392      6B207265 
 392      6164790A 
 393 005d 000000   		.align	2
 394              	.LC28:
 395 0060 6570645F 		.ascii	"epd_poll\000"
 395      706F6C6C 
 395      00
 396 0069 000000   		.align	2
 397              	.LC33:
 398 006c 5B495D20 		.ascii	"[I] GAP adv stoped: because connection created\012\000"
 398      47415020 
 398      61647620 
 398      73746F70 
 398      65643A20 
 399              		.align	2
 400              	.LC35:
 401 009c 5B495D20 		.ascii	"[I] GAP adv stoped\012\000"
 401      47415020 
 401      61647620 
 401      73746F70 
 401      65640A00 
 402              		.align	2
 403              	.LC37:
 404 00b0 5B495D20 		.ascii	"[I] GAP adv start\012\000"
 404      47415020 
 404      61647620 
 404      73746172 
 404      740A00
 405              		.section	.text.app_handle_dev_state_evt,"ax",%progbits
 406              		.align	1
 407              		.global	app_handle_dev_state_evt
 408              		.syntax unified
 409              		.code	16
 410              		.thumb_func
 412              	app_handle_dev_state_evt:
 413              		@ args = 0, pretend = 0, frame = 0
 414              		@ frame_needed = 0, uses_anonymous_args = 0
 415 0000 F0B5     		push	{r4, r5, r6, r7, lr}
 416 0002 83B0     		sub	sp, sp, #12
ARM GAS  C:\Users\pc\AppData\Local\Temp\ccwRhD2i.s 			page 9


 417 0004 041C     		adds	r4, r0, #0
 418 0006 0B00     		movs	r3, r1
 419 0008 2207     		lsls	r2, r4, #28
 420 000a 920F     		lsrs	r2, r2, #30
 421 000c E107     		lsls	r1, r4, #31
 422 000e C90F     		lsrs	r1, r1, #31
 423 0010 2448     		ldr	r0, .L41
 424 0012 FFF7FEFF 		bl	uart_printf
 425 0016 E5B2     		uxtb	r5, r4
 426 0018 234B     		ldr	r3, .L41+4
 427 001a 1B78     		ldrb	r3, [r3]
 428 001c 6B40     		eors	r3, r5
 429 001e DB07     		lsls	r3, r3, #31
 430 0020 01D5     		bpl	.L35
 431 0022 EB07     		lsls	r3, r5, #31
 432 0024 0FD4     		bmi	.L39
 433              	.L35:
 434 0026 204B     		ldr	r3, .L41+4
 435 0028 1B78     		ldrb	r3, [r3]
 436 002a 6B40     		eors	r3, r5
 437 002c 0C22     		movs	r2, #12
 438 002e 1A42     		tst	r2, r3
 439 0030 2FD0     		beq	.L36
 440 0032 0C23     		movs	r3, #12
 441 0034 2A40     		ands	r2, r5
 442 0036 2B42     		tst	r3, r5
 443 0038 29D1     		bne	.L37
 444 003a AB07     		lsls	r3, r5, #30
 445 003c 23D5     		bpl	.L38
 446 003e 1B48     		ldr	r0, .L41+8
 447 0040 FFF7FEFF 		bl	uart_printf
 448 0044 25E0     		b	.L36
 449              	.L39:
 450 0046 1A48     		ldr	r0, .L41+12
 451 0048 FFF7FEFF 		bl	uart_printf
 452 004c 194F     		ldr	r7, .L41+16
 453 004e 1A4B     		ldr	r3, .L41+20
 454 0050 0193     		str	r3, [sp, #4]
 455 0052 0123     		movs	r3, #1
 456 0054 0093     		str	r3, [sp]
 457 0056 C733     		adds	r3, r3, #199
 458 0058 0022     		movs	r2, #0
 459 005a 1849     		ldr	r1, .L41+24
 460 005c 3800     		movs	r0, r7
 461 005e FFF7FEFF 		bl	os_timer_create
 462 0062 FFF7FEFF 		bl	battery_measure_mv
 463 0066 0600     		movs	r6, r0
 464 0068 FFF7FEFF 		bl	ble_addr_early_init
 465 006c 3100     		movs	r1, r6
 466 006e 1448     		ldr	r0, .L41+28
 467 0070 FFF7FEFF 		bl	boot_screen_draw
 468 0074 3800     		movs	r0, r7
 469 0076 FFF7FEFF 		bl	os_timer_start
 470 007a 3000     		movs	r0, r6
 471 007c FFF7FEFF 		bl	set_adv_data
 472 0080 FFF7FEFF 		bl	le_adv_start
 473 0084 CFE7     		b	.L35
ARM GAS  C:\Users\pc\AppData\Local\Temp\ccwRhD2i.s 			page 10


 474              	.L38:
 475 0086 0F48     		ldr	r0, .L41+32
 476 0088 FFF7FEFF 		bl	uart_printf
 477 008c 01E0     		b	.L36
 478              	.L37:
 479 008e 082A     		cmp	r2, #8
 480 0090 03D0     		beq	.L40
 481              	.L36:
 482 0092 054B     		ldr	r3, .L41+4
 483 0094 1C70     		strb	r4, [r3]
 484 0096 03B0     		add	sp, sp, #12
 485              		@ sp needed
 486 0098 F0BD     		pop	{r4, r5, r6, r7, pc}
 487              	.L40:
 488 009a 0B48     		ldr	r0, .L41+36
 489 009c FFF7FEFF 		bl	uart_printf
 490 00a0 F7E7     		b	.L36
 491              	.L42:
 492 00a2 C046     		.align	2
 493              	.L41:
 494 00a4 00000000 		.word	.LC23
 495 00a8 00000000 		.word	.LANCHOR6
 496 00ac 6C000000 		.word	.LC33
 497 00b0 48000000 		.word	.LC26
 498 00b4 00000000 		.word	.LANCHOR7
 499 00b8 00000000 		.word	epd_poll_timer_cb
 500 00bc 60000000 		.word	.LC28
 501 00c0 00000000 		.word	.LANCHOR0
 502 00c4 9C000000 		.word	.LC35
 503 00c8 B0000000 		.word	.LC37
 505              		.section	.rodata.app_handle_conn_state_evt.str1.4,"aMS",%progbits,1
 506              		.align	2
 507              	.LC40:
 508 0000 5B495D20 		.ascii	"[I] app_handle_conn_state_evt: conn_id %d old_state"
 508      6170705F 
 508      68616E64 
 508      6C655F63 
 508      6F6E6E5F 
 509 0033 20256420 		.ascii	" %d new_state %d, disc_cause 0x%x\012\000"
 509      6E65775F 
 509      73746174 
 509      65202564 
 509      2C206469 
 510 0056 0000     		.align	2
 511              	.LC42:
 512 0058 5B455D20 		.ascii	"[E] app_handle_conn_state_evt: connection lost caus"
 512      6170705F 
 512      68616E64 
 512      6C655F63 
 512      6F6E6E5F 
 513 008b 65203078 		.ascii	"e 0x%x\012\000"
 513      25780A00 
 514 0093 00       		.align	2
 515              	.LC44:
 516 0094 5B495D20 		.ascii	"[I] GAP_CONN_STATE_CONNECTED:remote_bd %s, remote_a"
 516      4741505F 
 516      434F4E4E 
ARM GAS  C:\Users\pc\AppData\Local\Temp\ccwRhD2i.s 			page 11


 516      5F535441 
 516      54455F43 
 517 00c7 6464725F 		.ascii	"ddr_type %d, conn_interval 0x%x, conn_latency 0x%x,"
 517      74797065 
 517      2025642C 
 517      20636F6E 
 517      6E5F696E 
 518 00fa 20636F6E 		.ascii	" conn_supervision_timeout 0x%x\012\000"
 518      6E5F7375 
 518      70657276 
 518      6973696F 
 518      6E5F7469 
 519              		.section	.text.app_handle_conn_state_evt,"ax",%progbits
 520              		.align	1
 521              		.global	app_handle_conn_state_evt
 522              		.syntax unified
 523              		.code	16
 524              		.thumb_func
 526              	app_handle_conn_state_evt:
 527              		@ args = 0, pretend = 0, frame = 16
 528              		@ frame_needed = 0, uses_anonymous_args = 0
 529 0000 F0B5     		push	{r4, r5, r6, r7, lr}
 530 0002 CE46     		mov	lr, r9
 531 0004 4746     		mov	r7, r8
 532 0006 80B5     		push	{r7, lr}
 533 0008 87B0     		sub	sp, sp, #28
 534 000a 0500     		movs	r5, r0
 535 000c 0C00     		movs	r4, r1
 536 000e 1600     		movs	r6, r2
 537 0010 274B     		ldr	r3, .L49
 538 0012 1A78     		ldrb	r2, [r3]
 539 0014 0096     		str	r6, [sp]
 540 0016 0B00     		movs	r3, r1
 541 0018 0100     		movs	r1, r0
 542 001a 2648     		ldr	r0, .L49+4
 543 001c FFF7FEFF 		bl	uart_printf
 544 0020 002C     		cmp	r4, #0
 545 0022 08D0     		beq	.L44
 546 0024 022C     		cmp	r4, #2
 547 0026 15D0     		beq	.L45
 548              	.L46:
 549 0028 214B     		ldr	r3, .L49
 550 002a 1C70     		strb	r4, [r3]
 551 002c 07B0     		add	sp, sp, #28
 552              		@ sp needed
 553 002e C0BC     		pop	{r6, r7}
 554 0030 B946     		mov	r9, r7
 555 0032 B046     		mov	r8, r6
 556 0034 F0BD     		pop	{r4, r5, r6, r7, pc}
 557              	.L44:
 558 0036 1423     		movs	r3, #20
 559 0038 FF33     		adds	r3, r3, #255
 560 003a 9E42     		cmp	r6, r3
 561 003c 02D0     		beq	.L47
 562 003e 0333     		adds	r3, r3, #3
 563 0040 9E42     		cmp	r6, r3
 564 0042 02D1     		bne	.L48
ARM GAS  C:\Users\pc\AppData\Local\Temp\ccwRhD2i.s 			page 12


 565              	.L47:
 566 0044 FFF7FEFF 		bl	le_adv_start
 567 0048 EEE7     		b	.L46
 568              	.L48:
 569 004a 3100     		movs	r1, r6
 570 004c 1A48     		ldr	r0, .L49+8
 571 004e FFF7FEFF 		bl	uart_printf
 572 0052 F7E7     		b	.L47
 573              	.L45:
 574 0054 0A23     		movs	r3, #10
 575 0056 6B44     		add	r3, r3, sp
 576 0058 9946     		mov	r9, r3
 577 005a 2A00     		movs	r2, r5
 578 005c 1900     		movs	r1, r3
 579 005e 1748     		ldr	r0, .L49+12
 580 0060 FFF7FEFF 		bl	le_get_conn_param
 581 0064 03AE     		add	r6, sp, #12
 582 0066 2A00     		movs	r2, r5
 583 0068 3100     		movs	r1, r6
 584 006a 1548     		ldr	r0, .L49+16
 585 006c FFF7FEFF 		bl	le_get_conn_param
 586 0070 0E27     		movs	r7, #14
 587 0072 6F44     		add	r7, r7, sp
 588 0074 9D20     		movs	r0, #157
 589 0076 2A00     		movs	r2, r5
 590 0078 3900     		movs	r1, r7
 591 007a 8000     		lsls	r0, r0, #2
 592 007c FFF7FEFF 		bl	le_get_conn_param
 593 0080 0923     		movs	r3, #9
 594 0082 6B44     		add	r3, r3, sp
 595 0084 9846     		mov	r8, r3
 596 0086 1A00     		movs	r2, r3
 597 0088 04A9     		add	r1, sp, #16
 598 008a 2800     		movs	r0, r5
 599 008c FFF7FEFF 		bl	le_get_conn_addr
 600 0090 04A8     		add	r0, sp, #16
 601 0092 FFF7FEFF 		bl	uart_bdaddr_str
 602 0096 0100     		movs	r1, r0
 603 0098 4B46     		mov	r3, r9
 604 009a 1B88     		ldrh	r3, [r3]
 605 009c 4246     		mov	r2, r8
 606 009e 1278     		ldrb	r2, [r2]
 607 00a0 3888     		ldrh	r0, [r7]
 608 00a2 0190     		str	r0, [sp, #4]
 609 00a4 3088     		ldrh	r0, [r6]
 610 00a6 0090     		str	r0, [sp]
 611 00a8 0648     		ldr	r0, .L49+20
 612 00aa FFF7FEFF 		bl	uart_printf
 613 00ae BBE7     		b	.L46
 614              	.L50:
 615              		.align	2
 616              	.L49:
 617 00b0 00000000 		.word	.LANCHOR8
 618 00b4 00000000 		.word	.LC40
 619 00b8 58000000 		.word	.LC42
 620 00bc 72020000 		.word	626
 621 00c0 73020000 		.word	627
ARM GAS  C:\Users\pc\AppData\Local\Temp\ccwRhD2i.s 			page 13


 622 00c4 94000000 		.word	.LC44
 624              		.section	.rodata.app_handle_authen_state_evt.str1.4,"aMS",%progbits,1
 625              		.align	2
 626              	.LC46:
 627 0000 5B495D20 		.ascii	"[I] app_handle_authen_state_evt:conn_id %d, cause 0"
 627      6170705F 
 627      68616E64 
 627      6C655F61 
 627      75746865 
 628 0033 7825780A 		.ascii	"x%x\012\000"
 628      00
 629              		.align	2
 630              	.LC48:
 631 0038 5B495D20 		.ascii	"[I] app_handle_authen_state_evt: GAP_AUTHEN_STATE_S"
 631      6170705F 
 631      68616E64 
 631      6C655F61 
 631      75746865 
 632 006b 54415254 		.ascii	"TARTED\012\000"
 632      45440A00 
 633 0073 00       		.align	2
 634              	.LC50:
 635 0074 5B495D20 		.ascii	"[I] app_handle_authen_state_evt: GAP_AUTHEN_STATE_C"
 635      6170705F 
 635      68616E64 
 635      6C655F61 
 635      75746865 
 636 00a7 4F4D504C 		.ascii	"OMPLETE pair success\012\000"
 636      45544520 
 636      70616972 
 636      20737563 
 636      63657373 
 637 00bd 000000   		.align	2
 638              	.LC52:
 639 00c0 5B495D20 		.ascii	"[I] app_handle_authen_state_evt: GAP_AUTHEN_STATE_C"
 639      6170705F 
 639      68616E64 
 639      6C655F61 
 639      75746865 
 640 00f3 4F4D504C 		.ascii	"OMPLETE pair failed\012\000"
 640      45544520 
 640      70616972 
 640      20666169 
 640      6C65640A 
 641              		.align	2
 642              	.LC54:
 643 0108 5B455D20 		.ascii	"[E] app_handle_authen_state_evt: unknown newstate %"
 643      6170705F 
 643      68616E64 
 643      6C655F61 
 643      75746865 
 644 013b 640A00   		.ascii	"d\012\000"
 645              		.section	.text.app_handle_authen_state_evt,"ax",%progbits
 646              		.align	1
 647              		.global	app_handle_authen_state_evt
 648              		.syntax unified
 649              		.code	16
ARM GAS  C:\Users\pc\AppData\Local\Temp\ccwRhD2i.s 			page 14


 650              		.thumb_func
 652              	app_handle_authen_state_evt:
 653              		@ args = 0, pretend = 0, frame = 0
 654              		@ frame_needed = 0, uses_anonymous_args = 0
 655 0000 70B5     		push	{r4, r5, r6, lr}
 656 0002 0C00     		movs	r4, r1
 657 0004 1500     		movs	r5, r2
 658 0006 0100     		movs	r1, r0
 659 0008 0C48     		ldr	r0, .L58
 660 000a FFF7FEFF 		bl	uart_printf
 661 000e 002C     		cmp	r4, #0
 662 0010 06D0     		beq	.L52
 663 0012 012C     		cmp	r4, #1
 664 0014 08D0     		beq	.L53
 665 0016 2100     		movs	r1, r4
 666 0018 0948     		ldr	r0, .L58+4
 667 001a FFF7FEFF 		bl	uart_printf
 668 001e 02E0     		b	.L51
 669              	.L52:
 670 0020 0848     		ldr	r0, .L58+8
 671 0022 FFF7FEFF 		bl	uart_printf
 672              	.L51:
 673              		@ sp needed
 674 0026 70BD     		pop	{r4, r5, r6, pc}
 675              	.L53:
 676 0028 002D     		cmp	r5, #0
 677 002a 03D1     		bne	.L56
 678 002c 0648     		ldr	r0, .L58+12
 679 002e FFF7FEFF 		bl	uart_printf
 680 0032 F8E7     		b	.L51
 681              	.L56:
 682 0034 0548     		ldr	r0, .L58+16
 683 0036 FFF7FEFF 		bl	uart_printf
 684 003a F4E7     		b	.L51
 685              	.L59:
 686              		.align	2
 687              	.L58:
 688 003c 00000000 		.word	.LC46
 689 0040 08010000 		.word	.LC54
 690 0044 38000000 		.word	.LC48
 691 0048 74000000 		.word	.LC50
 692 004c C0000000 		.word	.LC52
 694              		.section	.rodata.app_handle_conn_mtu_info_evt.str1.4,"aMS",%progbits,1
 695              		.align	2
 696              	.LC56:
 697 0000 5B495D20 		.ascii	"[I] app_handle_conn_mtu_info_evt: conn_id %d, mtu_s"
 697      6170705F 
 697      68616E64 
 697      6C655F63 
 697      6F6E6E5F 
 698 0033 697A6520 		.ascii	"ize %d\012\000"
 698      25640A00 
 699              		.section	.text.app_handle_conn_mtu_info_evt,"ax",%progbits
 700              		.align	1
 701              		.global	app_handle_conn_mtu_info_evt
 702              		.syntax unified
 703              		.code	16
ARM GAS  C:\Users\pc\AppData\Local\Temp\ccwRhD2i.s 			page 15


 704              		.thumb_func
 706              	app_handle_conn_mtu_info_evt:
 707              		@ args = 0, pretend = 0, frame = 0
 708              		@ frame_needed = 0, uses_anonymous_args = 0
 709 0000 10B5     		push	{r4, lr}
 710 0002 0A00     		movs	r2, r1
 711 0004 0100     		movs	r1, r0
 712 0006 0248     		ldr	r0, .L61
 713 0008 FFF7FEFF 		bl	uart_printf
 714              		@ sp needed
 715 000c 10BD     		pop	{r4, pc}
 716              	.L62:
 717 000e C046     		.align	2
 718              	.L61:
 719 0010 00000000 		.word	.LC56
 721              		.section	.rodata.app_handle_conn_param_update_evt.str1.4,"aMS",%progbits,1
 722              		.align	2
 723              	.LC58:
 724 0000 5B495D20 		.ascii	"[I] app_handle_conn_param_update_evt update success"
 724      6170705F 
 724      68616E64 
 724      6C655F63 
 724      6F6E6E5F 
 725 0033 3A636F6E 		.ascii	":conn_interval 0x%x, conn_slave_latency 0x%x, conn_"
 725      6E5F696E 
 725      74657276 
 725      616C2030 
 725      7825782C 
 726 0066 73757065 		.ascii	"supervision_timeout 0x%x\012\000"
 726      72766973 
 726      696F6E5F 
 726      74696D65 
 726      6F757420 
 727              		.align	2
 728              	.LC60:
 729 0080 5B455D20 		.ascii	"[E] app_handle_conn_param_update_evt update failed:"
 729      6170705F 
 729      68616E64 
 729      6C655F63 
 729      6F6E6E5F 
 730 00b3 20636175 		.ascii	" cause 0x%x\012\000"
 730      73652030 
 730      7825780A 
 730      00
 731              		.align	2
 732              	.LC62:
 733 00c0 5B495D20 		.ascii	"[I] app_handle_conn_param_update_evt update pending"
 733      6170705F 
 733      68616E64 
 733      6C655F63 
 733      6F6E6E5F 
 734 00f3 2E0A00   		.ascii	".\012\000"
 735              		.section	.text.app_handle_conn_param_update_evt,"ax",%progbits
 736              		.align	1
 737              		.global	app_handle_conn_param_update_evt
 738              		.syntax unified
 739              		.code	16
ARM GAS  C:\Users\pc\AppData\Local\Temp\ccwRhD2i.s 			page 16


 740              		.thumb_func
 742              	app_handle_conn_param_update_evt:
 743              		@ args = 0, pretend = 0, frame = 8
 744              		@ frame_needed = 0, uses_anonymous_args = 0
 745 0000 F0B5     		push	{r4, r5, r6, r7, lr}
 746 0002 83B0     		sub	sp, sp, #12
 747 0004 0400     		movs	r4, r0
 748 0006 0129     		cmp	r1, #1
 749 0008 21D0     		beq	.L64
 750 000a 0229     		cmp	r1, #2
 751 000c 24D0     		beq	.L65
 752 000e 0029     		cmp	r1, #0
 753 0010 01D0     		beq	.L67
 754              	.L63:
 755 0012 03B0     		add	sp, sp, #12
 756              		@ sp needed
 757 0014 F0BD     		pop	{r4, r5, r6, r7, pc}
 758              	.L67:
 759 0016 6B46     		mov	r3, sp
 760 0018 9D1C     		adds	r5, r3, #2
 761 001a 0200     		movs	r2, r0
 762 001c 2900     		movs	r1, r5
 763 001e 1048     		ldr	r0, .L68
 764 0020 FFF7FEFF 		bl	le_get_conn_param
 765 0024 01AE     		add	r6, sp, #4
 766 0026 2200     		movs	r2, r4
 767 0028 3100     		movs	r1, r6
 768 002a 0E48     		ldr	r0, .L68+4
 769 002c FFF7FEFF 		bl	le_get_conn_param
 770 0030 6B46     		mov	r3, sp
 771 0032 9F1D     		adds	r7, r3, #6
 772 0034 9D20     		movs	r0, #157
 773 0036 2200     		movs	r2, r4
 774 0038 3900     		movs	r1, r7
 775 003a 8000     		lsls	r0, r0, #2
 776 003c FFF7FEFF 		bl	le_get_conn_param
 777 0040 3B88     		ldrh	r3, [r7]
 778 0042 3288     		ldrh	r2, [r6]
 779 0044 2988     		ldrh	r1, [r5]
 780 0046 0848     		ldr	r0, .L68+8
 781 0048 FFF7FEFF 		bl	uart_printf
 782 004c E1E7     		b	.L63
 783              	.L64:
 784 004e 1100     		movs	r1, r2
 785 0050 0648     		ldr	r0, .L68+12
 786 0052 FFF7FEFF 		bl	uart_printf
 787 0056 DCE7     		b	.L63
 788              	.L65:
 789 0058 0548     		ldr	r0, .L68+16
 790 005a FFF7FEFF 		bl	uart_printf
 791 005e D8E7     		b	.L63
 792              	.L69:
 793              		.align	2
 794              	.L68:
 795 0060 72020000 		.word	626
 796 0064 73020000 		.word	627
 797 0068 00000000 		.word	.LC58
ARM GAS  C:\Users\pc\AppData\Local\Temp\ccwRhD2i.s 			page 17


 798 006c 80000000 		.word	.LC60
 799 0070 C0000000 		.word	.LC62
 801              		.section	.rodata.app_handle_gap_msg.str1.4,"aMS",%progbits,1
 802              		.align	2
 803              	.LC65:
 804 0000 5B495D20 		.ascii	"[I] GAP_MSG_LE_BOND_JUST_WORK\012\000"
 804      4741505F 
 804      4D53475F 
 804      4C455F42 
 804      4F4E445F 
 805 001f 00       		.align	2
 806              	.LC67:
 807 0020 5B495D20 		.ascii	"[I] GAP_MSG_LE_BOND_PASSKEY_DISPLAY:passkey %lu\012"
 807      4741505F 
 807      4D53475F 
 807      4C455F42 
 807      4F4E445F 
 808 0050 00       		.ascii	"\000"
 809 0051 000000   		.align	2
 810              	.LC69:
 811 0054 5B495D20 		.ascii	"[I] GAP_MSG_LE_BOND_USER_CONFIRMATION: passkey %lu\012"
 811      4741505F 
 811      4D53475F 
 811      4C455F42 
 811      4F4E445F 
 812 0087 00       		.ascii	"\000"
 813              		.align	2
 814              	.LC71:
 815 0088 5B495D20 		.ascii	"[I] GAP_MSG_LE_BOND_PASSKEY_INPUT: conn_id %d\012\000"
 815      4741505F 
 815      4D53475F 
 815      4C455F42 
 815      4F4E445F 
 816 00b7 00       		.align	2
 817              	.LC75:
 818 00b8 5B495D20 		.ascii	"[I] GAP_MSG_LE_BOND_OOB_INPUT\012\000"
 818      4741505F 
 818      4D53475F 
 818      4C455F42 
 818      4F4E445F 
 819 00d7 00       		.align	2
 820              	.LC77:
 821 00d8 5B455D20 		.ascii	"[E] app_handle_gap_msg: unknown subtype %d\012\000"
 821      6170705F 
 821      68616E64 
 821      6C655F67 
 821      61705F6D 
 822              		.section	.text.app_handle_gap_msg,"ax",%progbits
 823              		.align	1
 824              		.global	app_handle_gap_msg
 825              		.syntax unified
 826              		.code	16
 827              		.thumb_func
 829              	app_handle_gap_msg:
 830              		@ args = 0, pretend = 0, frame = 24
 831              		@ frame_needed = 0, uses_anonymous_args = 0
 832 0000 30B5     		push	{r4, r5, lr}
ARM GAS  C:\Users\pc\AppData\Local\Temp\ccwRhD2i.s 			page 18


 833 0002 87B0     		sub	sp, sp, #28
 834 0004 0400     		movs	r4, r0
 835 0006 011D     		adds	r1, r0, #4
 836 0008 0422     		movs	r2, #4
 837 000a 05A8     		add	r0, sp, #20
 838 000c FFF7FEFF 		bl	memcpy
 839 0010 6188     		ldrh	r1, [r4, #2]
 840 0012 0A29     		cmp	r1, #10
 841 0014 00D9     		bls	.LCB776
 842 0016 73E0     		b	.L71	@long jump
 843              	.LCB776:
 844 0018 8B00     		lsls	r3, r1, #2
 845 001a 3B4A     		ldr	r2, .L84
 846 001c D358     		ldr	r3, [r2, r3]
 847 001e 9F46     		mov	pc, r3
 848              		.section	.rodata.app_handle_gap_msg,"a",%progbits
 849              		.align	2
 850              	.L73:
 851 0000 00010000 		.word	.L71
 852 0004 20000000 		.word	.L82
 853 0008 2E000000 		.word	.L81
 854 000c 48000000 		.word	.L80
 855 0010 3C000000 		.word	.L79
 856 0014 56000000 		.word	.L78
 857 0018 76000000 		.word	.L77
 858 001c BA000000 		.word	.L76
 859 0020 D2000000 		.word	.L75
 860 0024 98000000 		.word	.L74
 861 0028 64000000 		.word	.L72
 862              		.section	.text.app_handle_gap_msg
 863              	.L82:
 864 0020 05AB     		add	r3, sp, #20
 865 0022 5988     		ldrh	r1, [r3, #2]
 866 0024 1878     		ldrb	r0, [r3]
 867 0026 FFF7FEFF 		bl	app_handle_dev_state_evt
 868              	.L70:
 869 002a 07B0     		add	sp, sp, #28
 870              		@ sp needed
 871 002c 30BD     		pop	{r4, r5, pc}
 872              	.L81:
 873 002e 05AB     		add	r3, sp, #20
 874 0030 5A88     		ldrh	r2, [r3, #2]
 875 0032 5978     		ldrb	r1, [r3, #1]
 876 0034 1878     		ldrb	r0, [r3]
 877 0036 FFF7FEFF 		bl	app_handle_conn_state_evt
 878 003a F6E7     		b	.L70
 879              	.L79:
 880 003c 05AB     		add	r3, sp, #20
 881 003e 5988     		ldrh	r1, [r3, #2]
 882 0040 1878     		ldrb	r0, [r3]
 883 0042 FFF7FEFF 		bl	app_handle_conn_mtu_info_evt
 884 0046 F0E7     		b	.L70
 885              	.L80:
 886 0048 05AB     		add	r3, sp, #20
 887 004a 5A88     		ldrh	r2, [r3, #2]
 888 004c 5978     		ldrb	r1, [r3, #1]
 889 004e 1878     		ldrb	r0, [r3]
ARM GAS  C:\Users\pc\AppData\Local\Temp\ccwRhD2i.s 			page 19


 890 0050 FFF7FEFF 		bl	app_handle_conn_param_update_evt
 891 0054 E9E7     		b	.L70
 892              	.L78:
 893 0056 05AB     		add	r3, sp, #20
 894 0058 5A88     		ldrh	r2, [r3, #2]
 895 005a 5978     		ldrb	r1, [r3, #1]
 896 005c 1878     		ldrb	r0, [r3]
 897 005e FFF7FEFF 		bl	app_handle_authen_state_evt
 898 0062 E2E7     		b	.L70
 899              	.L72:
 900 0064 05AB     		add	r3, sp, #20
 901 0066 1878     		ldrb	r0, [r3]
 902 0068 0121     		movs	r1, #1
 903 006a FFF7FEFF 		bl	le_bond_just_work_confirm
 904 006e 2748     		ldr	r0, .L84+4
 905 0070 FFF7FEFF 		bl	uart_printf
 906 0074 D9E7     		b	.L70
 907              	.L77:
 908 0076 0023     		movs	r3, #0
 909 0078 0193     		str	r3, [sp, #4]
 910 007a 05AB     		add	r3, sp, #20
 911 007c 1C78     		ldrb	r4, [r3]
 912 007e 01A9     		add	r1, sp, #4
 913 0080 2000     		movs	r0, r4
 914 0082 FFF7FEFF 		bl	le_bond_get_display_key
 915 0086 0199     		ldr	r1, [sp, #4]
 916 0088 2148     		ldr	r0, .L84+8
 917 008a FFF7FEFF 		bl	uart_printf
 918 008e 0121     		movs	r1, #1
 919 0090 2000     		movs	r0, r4
 920 0092 FFF7FEFF 		bl	le_bond_passkey_display_confirm
 921 0096 C8E7     		b	.L70
 922              	.L74:
 923 0098 0023     		movs	r3, #0
 924 009a 0193     		str	r3, [sp, #4]
 925 009c 05AB     		add	r3, sp, #20
 926 009e 1C78     		ldrb	r4, [r3]
 927 00a0 01A9     		add	r1, sp, #4
 928 00a2 2000     		movs	r0, r4
 929 00a4 FFF7FEFF 		bl	le_bond_get_display_key
 930 00a8 0199     		ldr	r1, [sp, #4]
 931 00aa 1A48     		ldr	r0, .L84+12
 932 00ac FFF7FEFF 		bl	uart_printf
 933 00b0 0121     		movs	r1, #1
 934 00b2 2000     		movs	r0, r4
 935 00b4 FFF7FEFF 		bl	le_bond_user_confirm
 936 00b8 B7E7     		b	.L70
 937              	.L76:
 938 00ba 05AB     		add	r3, sp, #20
 939 00bc 1C78     		ldrb	r4, [r3]
 940 00be 2100     		movs	r1, r4
 941 00c0 1548     		ldr	r0, .L84+16
 942 00c2 FFF7FEFF 		bl	uart_printf
 943 00c6 0122     		movs	r2, #1
 944 00c8 1449     		ldr	r1, .L84+20
 945 00ca 2000     		movs	r0, r4
 946 00cc FFF7FEFF 		bl	le_bond_passkey_input_confirm
ARM GAS  C:\Users\pc\AppData\Local\Temp\ccwRhD2i.s 			page 20


 947 00d0 ABE7     		b	.L70
 948              	.L75:
 949 00d2 01AC     		add	r4, sp, #4
 950 00d4 124B     		ldr	r3, .L84+24
 951 00d6 2200     		movs	r2, r4
 952 00d8 23CB     		ldmia	r3!, {r0, r1, r5}
 953 00da 23C2     		stmia	r2!, {r0, r1, r5}
 954 00dc 1B68     		ldr	r3, [r3]
 955 00de 1360     		str	r3, [r2]
 956 00e0 05AB     		add	r3, sp, #20
 957 00e2 1D78     		ldrb	r5, [r3]
 958 00e4 0F48     		ldr	r0, .L84+28
 959 00e6 FFF7FEFF 		bl	uart_printf
 960 00ea 8420     		movs	r0, #132
 961 00ec 2200     		movs	r2, r4
 962 00ee 1021     		movs	r1, #16
 963 00f0 8000     		lsls	r0, r0, #2
 964 00f2 FFF7FEFF 		bl	le_bond_set_param
 965 00f6 0121     		movs	r1, #1
 966 00f8 2800     		movs	r0, r5
 967 00fa FFF7FEFF 		bl	le_bond_oob_input_confirm
 968 00fe 94E7     		b	.L70
 969              	.L71:
 970 0100 0948     		ldr	r0, .L84+32
 971 0102 FFF7FEFF 		bl	uart_printf
 972 0106 90E7     		b	.L70
 973              	.L85:
 974              		.align	2
 975              	.L84:
 976 0108 00000000 		.word	.L73
 977 010c 00000000 		.word	.LC65
 978 0110 20000000 		.word	.LC67
 979 0114 54000000 		.word	.LC69
 980 0118 88000000 		.word	.LC71
 981 011c 38900D00 		.word	888888
 982 0120 00000000 		.word	.LANCHOR9
 983 0124 B8000000 		.word	.LC75
 984 0128 D8000000 		.word	.LC77
 986              		.section	.rodata.app_handle_io_msg.str1.4,"aMS",%progbits,1
 987              		.align	2
 988              	.LC81:
 989 0000 4F54413A 		.ascii	"OTA: starting apply fw_size=%lu\012\000"
 989      20737461 
 989      7274696E 
 989      67206170 
 989      706C7920 
 990              		.section	.text.app_handle_io_msg,"ax",%progbits
 991              		.align	1
 992              		.global	app_handle_io_msg
 993              		.syntax unified
 994              		.code	16
 995              		.thumb_func
 997              	app_handle_io_msg:
 998              		@ args = 0, pretend = 0, frame = 16
 999              		@ frame_needed = 0, uses_anonymous_args = 0
 1000 0000 10B5     		push	{r4, lr}
 1001 0002 84B0     		sub	sp, sp, #16
ARM GAS  C:\Users\pc\AppData\Local\Temp\ccwRhD2i.s 			page 21


 1002 0004 0290     		str	r0, [sp, #8]
 1003 0006 0391     		str	r1, [sp, #12]
 1004 0008 80B2     		uxth	r0, r0
 1005 000a 2128     		cmp	r0, #33
 1006 000c 27D0     		beq	.L87
 1007 000e 0CD8     		bhi	.L88
 1008 0010 0028     		cmp	r0, #0
 1009 0012 1FD0     		beq	.L89
 1010 0014 2028     		cmp	r0, #32
 1011 0016 20D1     		bne	.L86
 1012 0018 02AB     		add	r3, sp, #8
 1013 001a 9978     		ldrb	r1, [r3, #2]
 1014 001c 0398     		ldr	r0, [sp, #12]
 1015 001e FFF7FEFF 		bl	drawImageAtAddress
 1016 0022 1548     		ldr	r0, .L93
 1017 0024 FFF7FEFF 		bl	os_timer_start
 1018 0028 17E0     		b	.L86
 1019              	.L88:
 1020 002a 2228     		cmp	r0, #34
 1021 002c 15D1     		bne	.L86
 1022 002e 124C     		ldr	r4, .L93
 1023 0030 2000     		movs	r0, r4
 1024 0032 FFF7FEFF 		bl	os_timer_stop
 1025 0036 FFF7FEFF 		bl	le_adv_stop
 1026 003a 039B     		ldr	r3, [sp, #12]
 1027 003c 0193     		str	r3, [sp, #4]
 1028 003e 1900     		movs	r1, r3
 1029 0040 0E48     		ldr	r0, .L93+4
 1030 0042 FFF7FEFF 		bl	uart_printf
 1031 0046 0398     		ldr	r0, [sp, #12]
 1032 0048 FFF7FEFF 		bl	ota_apply
 1033 004c 2000     		movs	r0, r4
 1034 004e FFF7FEFF 		bl	os_timer_start
 1035 0052 02E0     		b	.L86
 1036              	.L89:
 1037 0054 02A8     		add	r0, sp, #8
 1038 0056 FFF7FEFF 		bl	app_handle_gap_msg
 1039              	.L86:
 1040 005a 04B0     		add	sp, sp, #16
 1041              		@ sp needed
 1042 005c 10BD     		pop	{r4, pc}
 1043              	.L87:
 1044 005e 084B     		ldr	r3, .L93+8
 1045 0060 1B78     		ldrb	r3, [r3]
 1046 0062 002B     		cmp	r3, #0
 1047 0064 F9D0     		beq	.L86
 1048 0066 FFF7FEFF 		bl	epd_refresh_done
 1049 006a 0028     		cmp	r0, #0
 1050 006c F5D0     		beq	.L86
 1051 006e 0248     		ldr	r0, .L93
 1052 0070 FFF7FEFF 		bl	os_timer_stop
 1053 0074 F1E7     		b	.L86
 1054              	.L94:
 1055 0076 C046     		.align	2
 1056              	.L93:
 1057 0078 00000000 		.word	.LANCHOR7
 1058 007c 00000000 		.word	.LC81
ARM GAS  C:\Users\pc\AppData\Local\Temp\ccwRhD2i.s 			page 22


 1059 0080 00000000 		.word	g_epd_refreshing
 1061              		.section	.rodata.app_gap_callback.str1.4,"aMS",%progbits,1
 1062              		.align	2
 1063              	.LC83:
 1064 0000 5B495D20 		.ascii	"[I] GAP_MSG_LE_DATA_LEN_CHANGE_INFO: conn_id %d, tx"
 1064      4741505F 
 1064      4D53475F 
 1064      4C455F44 
 1064      4154415F 
 1065 0033 206F6374 		.ascii	" octets 0x%x, max_tx_time 0x%x\012\000"
 1065      65747320 
 1065      30782578 
 1065      2C206D61 
 1065      785F7478 
 1066 0053 00       		.align	2
 1067              	.LC85:
 1068 0054 4741505F 		.ascii	"GAP_MSG_LE_SET_RAND_ADDR: cause 0x%x\012\000"
 1068      4D53475F 
 1068      4C455F53 
 1068      45545F52 
 1068      414E445F 
 1069 007a 0000     		.align	2
 1070              	.LC87:
 1071 007c 5B495D20 		.ascii	"[I] GAP_MSG_LE_MODIFY_WHITE_LIST: operation %d, cau"
 1071      4741505F 
 1071      4D53475F 
 1071      4C455F4D 
 1071      4F444946 
 1072 00af 73652030 		.ascii	"se 0x%x\012\000"
 1072      7825780A 
 1072      00
 1073              		.align	2
 1074              	.LC89:
 1075 00b8 5B495D20 		.ascii	"[I] app_gap_callback GAP_MSG_LE_ADV_UPDATE_PARAM\012"
 1075      6170705F 
 1075      6761705F 
 1075      63616C6C 
 1075      6261636B 
 1076 00e9 00       		.ascii	"\000"
 1077 00ea 0000     		.align	2
 1078              	.LC91:
 1079 00ec 5B455D20 		.ascii	"[E] app_gap_callback: unhandled cb_type 0x%x\012\000"
 1079      6170705F 
 1079      6761705F 
 1079      63616C6C 
 1079      6261636B 
 1080              		.section	.text.app_gap_callback,"ax",%progbits
 1081              		.align	1
 1082              		.global	app_gap_callback
 1083              		.syntax unified
 1084              		.code	16
 1085              		.thumb_func
 1087              	app_gap_callback:
 1088              		@ args = 0, pretend = 0, frame = 0
 1089              		@ frame_needed = 0, uses_anonymous_args = 0
 1090 0000 10B5     		push	{r4, lr}
 1091 0002 1428     		cmp	r0, #20
ARM GAS  C:\Users\pc\AppData\Local\Temp\ccwRhD2i.s 			page 23


 1092 0004 10D0     		beq	.L96
 1093 0006 09D8     		bhi	.L97
 1094 0008 0128     		cmp	r0, #1
 1095 000a 16D0     		beq	.L98
 1096 000c 0228     		cmp	r0, #2
 1097 000e 1BD1     		bne	.L100
 1098 0010 0B68     		ldr	r3, [r1]
 1099 0012 1988     		ldrh	r1, [r3]
 1100 0014 0F48     		ldr	r0, .L103
 1101 0016 FFF7FEFF 		bl	uart_printf
 1102 001a 0CE0     		b	.L102
 1103              	.L97:
 1104 001c 4028     		cmp	r0, #64
 1105 001e 13D1     		bne	.L100
 1106 0020 0D48     		ldr	r0, .L103+4
 1107 0022 FFF7FEFF 		bl	uart_printf
 1108 0026 06E0     		b	.L102
 1109              	.L96:
 1110 0028 0968     		ldr	r1, [r1]
 1111 002a 8B88     		ldrh	r3, [r1, #4]
 1112 002c 4A88     		ldrh	r2, [r1, #2]
 1113 002e 0978     		ldrb	r1, [r1]
 1114 0030 0A48     		ldr	r0, .L103+8
 1115 0032 FFF7FEFF 		bl	uart_printf
 1116              	.L102:
 1117 0036 0020     		movs	r0, #0
 1118              		@ sp needed
 1119 0038 10BD     		pop	{r4, pc}
 1120              	.L98:
 1121 003a 0B68     		ldr	r3, [r1]
 1122 003c 5A88     		ldrh	r2, [r3, #2]
 1123 003e 1978     		ldrb	r1, [r3]
 1124 0040 0748     		ldr	r0, .L103+12
 1125 0042 FFF7FEFF 		bl	uart_printf
 1126 0046 F6E7     		b	.L102
 1127              	.L100:
 1128 0048 0100     		movs	r1, r0
 1129 004a 0648     		ldr	r0, .L103+16
 1130 004c FFF7FEFF 		bl	uart_printf
 1131 0050 F1E7     		b	.L102
 1132              	.L104:
 1133 0052 C046     		.align	2
 1134              	.L103:
 1135 0054 54000000 		.word	.LC85
 1136 0058 B8000000 		.word	.LC89
 1137 005c 00000000 		.word	.LC83
 1138 0060 7C000000 		.word	.LC87
 1139 0064 EC000000 		.word	.LC91
 1141              		.section	.rodata.app_profile_callback.str1.4,"aMS",%progbits,1
 1142              		.align	2
 1143              	.LC93:
 1144 0000 5B495D20 		.ascii	"[I] PROFILE_EVT_SRV_REG_COMPLETE: result %d\012\000"
 1144      50524F46 
 1144      494C455F 
 1144      4556545F 
 1144      5352565F 
 1145 002d 000000   		.align	2
ARM GAS  C:\Users\pc\AppData\Local\Temp\ccwRhD2i.s 			page 24


 1146              	.LC95:
 1147 0030 5B495D20 		.ascii	"[I] PROFILE_EVT_SEND_DATA_COMPLETE success\012\000"
 1147      50524F46 
 1147      494C455F 
 1147      4556545F 
 1147      53454E44 
 1148              		.align	2
 1149              	.LC97:
 1150 005c 5B455D20 		.ascii	"[E] PROFILE_EVT_SEND_DATA_COMPLETE failed\012\000"
 1150      50524F46 
 1150      494C455F 
 1150      4556545F 
 1150      53454E44 
 1151 0087 00       		.align	2
 1152              	.LC100:
 1153 0088 5741524E 		.ascii	"WARN: RX write too short (%d)\012\000"
 1153      3A205258 
 1153      20777269 
 1153      74652074 
 1153      6F6F2073 
 1154 00a7 00       		.align	2
 1155              	.LC102:
 1156 00a8 5B495D20 		.ascii	"[I] Custom Service Notify Enabled\012\000"
 1156      43757374 
 1156      6F6D2053 
 1156      65727669 
 1156      6365204E 
 1157 00cb 00       		.align	2
 1158              	.LC104:
 1159 00cc 5B495D20 		.ascii	"[I] Custom Service Notify Disabled\012\000"
 1159      43757374 
 1159      6F6D2053 
 1159      65727669 
 1159      6365204E 
 1160              		.section	.text.app_profile_callback,"ax",%progbits
 1161              		.align	1
 1162              		.global	app_profile_callback
 1163              		.syntax unified
 1164              		.code	16
 1165              		.thumb_func
 1167              	app_profile_callback:
 1168              		@ args = 0, pretend = 0, frame = 0
 1169              		@ frame_needed = 0, uses_anonymous_args = 0
 1170 0000 10B5     		push	{r4, lr}
 1171 0002 FF28     		cmp	r0, #255
 1172 0004 05D0     		beq	.L114
 1173 0006 1E4B     		ldr	r3, .L116
 1174 0008 1B78     		ldrb	r3, [r3]
 1175 000a 8342     		cmp	r3, r0
 1176 000c 16D0     		beq	.L115
 1177              	.L109:
 1178 000e 0020     		movs	r0, #0
 1179              		@ sp needed
 1180 0010 10BD     		pop	{r4, pc}
 1181              	.L114:
 1182 0012 0B78     		ldrb	r3, [r1]
 1183 0014 002B     		cmp	r3, #0
ARM GAS  C:\Users\pc\AppData\Local\Temp\ccwRhD2i.s 			page 25


 1184 0016 08D0     		beq	.L107
 1185 0018 012B     		cmp	r3, #1
 1186 001a F8D1     		bne	.L109
 1187 001c 0B89     		ldrh	r3, [r1, #8]
 1188 001e 002B     		cmp	r3, #0
 1189 0020 08D1     		bne	.L110
 1190 0022 1848     		ldr	r0, .L116+4
 1191 0024 FFF7FEFF 		bl	uart_printf
 1192 0028 F1E7     		b	.L109
 1193              	.L107:
 1194 002a 8978     		ldrb	r1, [r1, #2]
 1195 002c 1648     		ldr	r0, .L116+8
 1196 002e FFF7FEFF 		bl	uart_printf
 1197 0032 ECE7     		b	.L109
 1198              	.L110:
 1199 0034 1548     		ldr	r0, .L116+12
 1200 0036 FFF7FEFF 		bl	uart_printf
 1201 003a E8E7     		b	.L109
 1202              	.L115:
 1203 003c 4B78     		ldrb	r3, [r1, #1]
 1204 003e 022B     		cmp	r3, #2
 1205 0040 16D0     		beq	.L111
 1206 0042 032B     		cmp	r3, #3
 1207 0044 18D0     		beq	.L112
 1208 0046 012B     		cmp	r3, #1
 1209 0048 E1D1     		bne	.L109
 1210 004a 4B88     		ldrh	r3, [r1, #2]
 1211 004c 012B     		cmp	r3, #1
 1212 004e 0AD9     		bls	.L113
 1213 0050 4C68     		ldr	r4, [r1, #4]
 1214 0052 A21C     		adds	r2, r4, #2
 1215 0054 023B     		subs	r3, r3, #2
 1216 0056 99B2     		uxth	r1, r3
 1217 0058 2378     		ldrb	r3, [r4]
 1218 005a 1B02     		lsls	r3, r3, #8
 1219 005c 6078     		ldrb	r0, [r4, #1]
 1220 005e 1843     		orrs	r0, r3
 1221 0060 FFF7FEFF 		bl	zb_ble_hci_cmd_handler
 1222 0064 D3E7     		b	.L109
 1223              	.L113:
 1224 0066 1900     		movs	r1, r3
 1225 0068 0948     		ldr	r0, .L116+16
 1226 006a FFF7FEFF 		bl	uart_printf
 1227 006e CEE7     		b	.L109
 1228              	.L111:
 1229 0070 0848     		ldr	r0, .L116+20
 1230 0072 FFF7FEFF 		bl	uart_printf
 1231 0076 CAE7     		b	.L109
 1232              	.L112:
 1233 0078 0748     		ldr	r0, .L116+24
 1234 007a FFF7FEFF 		bl	uart_printf
 1235 007e C6E7     		b	.L109
 1236              	.L117:
 1237              		.align	2
 1238              	.L116:
 1239 0080 00000000 		.word	.LANCHOR1
 1240 0084 30000000 		.word	.LC95
ARM GAS  C:\Users\pc\AppData\Local\Temp\ccwRhD2i.s 			page 26


 1241 0088 00000000 		.word	.LC93
 1242 008c 5C000000 		.word	.LC97
 1243 0090 88000000 		.word	.LC100
 1244 0094 A8000000 		.word	.LC102
 1245 0098 CC000000 		.word	.LC104
 1247              		.global	device_name
 1248              		.global	epd_read_temperature
 1249              		.global	adc_temperature
 1250              		.global	settings
 1251              		.global	ble_adv_data
 1252              		.global	gap_conn_state
 1253              		.global	gap_dev_state
 1254              		.global	custom_srv_id
 1255              		.section	.rodata
 1256              		.align	2
 1257              		.set	.LANCHOR9,. + 0
 1258              	.LC73:
 1259 0000 00000000 		.ascii	"\000\000\000\000\000\000\000\000\000\000\000\000\000"
 1259      00000000 
 1259      00000000 
 1259      00
 1260 000d 000000   		.ascii	"\000\000\000"
 1261              		.section	.bss.ble_adv_data,"aw",%nobits
 1262              		.align	2
 1263              		.set	.LANCHOR2,. + 0
 1266              	ble_adv_data:
 1267 0000 00000000 		.space	18
 1267      00000000 
 1267      00000000 
 1267      00000000 
 1267      0000
 1268              		.section	.bss.custom_srv_id,"aw",%nobits
 1269              		.set	.LANCHOR1,. + 0
 1272              	custom_srv_id:
 1273 0000 00       		.space	1
 1274              		.section	.bss.epd_poll_timer,"aw",%nobits
 1275              		.align	2
 1276              		.set	.LANCHOR7,. + 0
 1279              	epd_poll_timer:
 1280 0000 00000000 		.space	4
 1281              		.section	.bss.epd_read_temperature,"aw",%nobits
 1282              		.set	.LANCHOR3,. + 0
 1285              	epd_read_temperature:
 1286 0000 00       		.space	1
 1287              		.section	.bss.g_ble_rand_addr,"aw",%nobits
 1288              		.align	2
 1289              		.set	.LANCHOR0,. + 0
 1292              	g_ble_rand_addr:
 1293 0000 00000000 		.space	6
 1293      0000
 1294              		.section	.bss.gap_conn_state,"aw",%nobits
 1295              		.set	.LANCHOR8,. + 0
 1298              	gap_conn_state:
 1299 0000 00       		.space	1
 1300              		.section	.bss.gap_dev_state,"aw",%nobits
 1301              		.align	2
 1302              		.set	.LANCHOR6,. + 0
ARM GAS  C:\Users\pc\AppData\Local\Temp\ccwRhD2i.s 			page 27


 1305              	gap_dev_state:
 1306 0000 00       		.space	1
 1307              		.section	.data.adc_temperature,"aw"
 1308              		.set	.LANCHOR4,. + 0
 1311              	adc_temperature:
 1312 0000 19       		.byte	25
 1313              		.section	.data.device_name,"aw"
 1314              		.align	2
 1315              		.set	.LANCHOR5,. + 0
 1318              	device_name:
 1319 0000 52544C5F 		.ascii	"RTL_000000\000"
 1319      30303030 
 1319      303000
 1320              		.section	.data.settings,"aw"
 1321              		.align	2
 1324              	settings:
 1325 0000 00000000 		.space	12
 1325      00000000 
 1325      00000000 
 1326 000c 5300     		.short	83
 1327 000e 01       		.byte	1
 1328 000f 0100     		.2byte	1
 1329 0011 0000     		.2byte	0
 1330 0013 01       		.byte	1
 1331 0014 0000     		.short	0
 1332 0016 E000     		.short	224
 1333 0018 E001     		.short	480
 1334 001a 0000     		.short	0
 1335 001c 0000     		.short	0
 1336 001e 03       		.byte	3
 1337 001f 01       		.byte	1
 1338 0020 00       		.byte	0
 1339 0021 00000000 		.space	145
 1339      00000000 
 1339      00000000 
 1339      00000000 
 1339      00000000 
 1340              		.ident	"GCC: (GNU Arm Embedded Toolchain 10.3-2021.10) 10.3.1 20210824 (release)"
ARM GAS  C:\Users\pc\AppData\Local\Temp\ccwRhD2i.s 			page 28


DEFINED SYMBOLS
                            *ABS*:00000000 peripheral_app.c
C:\Users\pc\AppData\Local\Temp\ccwRhD2i.s:16     .text.epd_poll_timer_cb:00000000 $t
C:\Users\pc\AppData\Local\Temp\ccwRhD2i.s:21     .text.epd_poll_timer_cb:00000000 epd_poll_timer_cb
C:\Users\pc\AppData\Local\Temp\ccwRhD2i.s:39     .rodata.ble_addr_early_init.str1.4:00000000 $d
C:\Users\pc\AppData\Local\Temp\ccwRhD2i.s:47     .text.ble_addr_early_init:00000000 $t
C:\Users\pc\AppData\Local\Temp\ccwRhD2i.s:53     .text.ble_addr_early_init:00000000 ble_addr_early_init
C:\Users\pc\AppData\Local\Temp\ccwRhD2i.s:138    .text.ble_addr_early_init:000000a0 $d
C:\Users\pc\AppData\Local\Temp\ccwRhD2i.s:144    .text.get_capabilities:00000000 $t
C:\Users\pc\AppData\Local\Temp\ccwRhD2i.s:150    .text.get_capabilities:00000000 get_capabilities
C:\Users\pc\AppData\Local\Temp\ccwRhD2i.s:181    .text.get_capabilities:0000002c $d
C:\Users\pc\AppData\Local\Temp\ccwRhD2i.s:1324   .data.settings:00000000 settings
C:\Users\pc\AppData\Local\Temp\ccwRhD2i.s:184    .text.app_send_custom_notification:00000000 $t
C:\Users\pc\AppData\Local\Temp\ccwRhD2i.s:190    .text.app_send_custom_notification:00000000 app_send_custom_notification
C:\Users\pc\AppData\Local\Temp\ccwRhD2i.s:205    .text.app_send_custom_notification:00000014 $d
C:\Users\pc\AppData\Local\Temp\ccwRhD2i.s:208    .rodata.set_adv_data.str1.4:00000000 $d
C:\Users\pc\AppData\Local\Temp\ccwRhD2i.s:212    .text.set_adv_data:00000000 $t
C:\Users\pc\AppData\Local\Temp\ccwRhD2i.s:218    .text.set_adv_data:00000000 set_adv_data
C:\Users\pc\AppData\Local\Temp\ccwRhD2i.s:309    .text.set_adv_data:000000ac $d
C:\Users\pc\AppData\Local\Temp\ccwRhD2i.s:321    .rodata.app_update_adv_data.str1.4:00000000 $d
C:\Users\pc\AppData\Local\Temp\ccwRhD2i.s:331    .text.app_update_adv_data:00000000 $t
C:\Users\pc\AppData\Local\Temp\ccwRhD2i.s:337    .text.app_update_adv_data:00000000 app_update_adv_data
C:\Users\pc\AppData\Local\Temp\ccwRhD2i.s:379    .text.app_update_adv_data:0000004c $d
C:\Users\pc\AppData\Local\Temp\ccwRhD2i.s:386    .rodata.app_handle_dev_state_evt.str1.4:00000000 $d
C:\Users\pc\AppData\Local\Temp\ccwRhD2i.s:406    .text.app_handle_dev_state_evt:00000000 $t
C:\Users\pc\AppData\Local\Temp\ccwRhD2i.s:412    .text.app_handle_dev_state_evt:00000000 app_handle_dev_state_evt
C:\Users\pc\AppData\Local\Temp\ccwRhD2i.s:494    .text.app_handle_dev_state_evt:000000a4 $d
C:\Users\pc\AppData\Local\Temp\ccwRhD2i.s:506    .rodata.app_handle_conn_state_evt.str1.4:00000000 $d
C:\Users\pc\AppData\Local\Temp\ccwRhD2i.s:520    .text.app_handle_conn_state_evt:00000000 $t
C:\Users\pc\AppData\Local\Temp\ccwRhD2i.s:526    .text.app_handle_conn_state_evt:00000000 app_handle_conn_state_evt
C:\Users\pc\AppData\Local\Temp\ccwRhD2i.s:617    .text.app_handle_conn_state_evt:000000b0 $d
C:\Users\pc\AppData\Local\Temp\ccwRhD2i.s:625    .rodata.app_handle_authen_state_evt.str1.4:00000000 $d
C:\Users\pc\AppData\Local\Temp\ccwRhD2i.s:646    .text.app_handle_authen_state_evt:00000000 $t
C:\Users\pc\AppData\Local\Temp\ccwRhD2i.s:652    .text.app_handle_authen_state_evt:00000000 app_handle_authen_state_evt
C:\Users\pc\AppData\Local\Temp\ccwRhD2i.s:688    .text.app_handle_authen_state_evt:0000003c $d
C:\Users\pc\AppData\Local\Temp\ccwRhD2i.s:695    .rodata.app_handle_conn_mtu_info_evt.str1.4:00000000 $d
C:\Users\pc\AppData\Local\Temp\ccwRhD2i.s:700    .text.app_handle_conn_mtu_info_evt:00000000 $t
C:\Users\pc\AppData\Local\Temp\ccwRhD2i.s:706    .text.app_handle_conn_mtu_info_evt:00000000 app_handle_conn_mtu_info_evt
C:\Users\pc\AppData\Local\Temp\ccwRhD2i.s:719    .text.app_handle_conn_mtu_info_evt:00000010 $d
C:\Users\pc\AppData\Local\Temp\ccwRhD2i.s:722    .rodata.app_handle_conn_param_update_evt.str1.4:00000000 $d
C:\Users\pc\AppData\Local\Temp\ccwRhD2i.s:736    .text.app_handle_conn_param_update_evt:00000000 $t
C:\Users\pc\AppData\Local\Temp\ccwRhD2i.s:742    .text.app_handle_conn_param_update_evt:00000000 app_handle_conn_param_update_evt
C:\Users\pc\AppData\Local\Temp\ccwRhD2i.s:795    .text.app_handle_conn_param_update_evt:00000060 $d
C:\Users\pc\AppData\Local\Temp\ccwRhD2i.s:802    .rodata.app_handle_gap_msg.str1.4:00000000 $d
C:\Users\pc\AppData\Local\Temp\ccwRhD2i.s:823    .text.app_handle_gap_msg:00000000 $t
C:\Users\pc\AppData\Local\Temp\ccwRhD2i.s:829    .text.app_handle_gap_msg:00000000 app_handle_gap_msg
C:\Users\pc\AppData\Local\Temp\ccwRhD2i.s:849    .rodata.app_handle_gap_msg:00000000 $d
C:\Users\pc\AppData\Local\Temp\ccwRhD2i.s:976    .text.app_handle_gap_msg:00000108 $d
C:\Users\pc\AppData\Local\Temp\ccwRhD2i.s:987    .rodata.app_handle_io_msg.str1.4:00000000 $d
C:\Users\pc\AppData\Local\Temp\ccwRhD2i.s:991    .text.app_handle_io_msg:00000000 $t
C:\Users\pc\AppData\Local\Temp\ccwRhD2i.s:997    .text.app_handle_io_msg:00000000 app_handle_io_msg
C:\Users\pc\AppData\Local\Temp\ccwRhD2i.s:1057   .text.app_handle_io_msg:00000078 $d
C:\Users\pc\AppData\Local\Temp\ccwRhD2i.s:1062   .rodata.app_gap_callback.str1.4:00000000 $d
C:\Users\pc\AppData\Local\Temp\ccwRhD2i.s:1081   .text.app_gap_callback:00000000 $t
C:\Users\pc\AppData\Local\Temp\ccwRhD2i.s:1087   .text.app_gap_callback:00000000 app_gap_callback
C:\Users\pc\AppData\Local\Temp\ccwRhD2i.s:1135   .text.app_gap_callback:00000054 $d
C:\Users\pc\AppData\Local\Temp\ccwRhD2i.s:1142   .rodata.app_profile_callback.str1.4:00000000 $d
ARM GAS  C:\Users\pc\AppData\Local\Temp\ccwRhD2i.s 			page 29


C:\Users\pc\AppData\Local\Temp\ccwRhD2i.s:1161   .text.app_profile_callback:00000000 $t
C:\Users\pc\AppData\Local\Temp\ccwRhD2i.s:1167   .text.app_profile_callback:00000000 app_profile_callback
C:\Users\pc\AppData\Local\Temp\ccwRhD2i.s:1239   .text.app_profile_callback:00000080 $d
C:\Users\pc\AppData\Local\Temp\ccwRhD2i.s:1318   .data.device_name:00000000 device_name
C:\Users\pc\AppData\Local\Temp\ccwRhD2i.s:1285   .bss.epd_read_temperature:00000000 epd_read_temperature
C:\Users\pc\AppData\Local\Temp\ccwRhD2i.s:1311   .data.adc_temperature:00000000 adc_temperature
C:\Users\pc\AppData\Local\Temp\ccwRhD2i.s:1266   .bss.ble_adv_data:00000000 ble_adv_data
C:\Users\pc\AppData\Local\Temp\ccwRhD2i.s:1298   .bss.gap_conn_state:00000000 gap_conn_state
C:\Users\pc\AppData\Local\Temp\ccwRhD2i.s:1305   .bss.gap_dev_state:00000000 gap_dev_state
C:\Users\pc\AppData\Local\Temp\ccwRhD2i.s:1272   .bss.custom_srv_id:00000000 custom_srv_id
C:\Users\pc\AppData\Local\Temp\ccwRhD2i.s:1256   .rodata:00000000 $d
C:\Users\pc\AppData\Local\Temp\ccwRhD2i.s:1262   .bss.ble_adv_data:00000000 $d
C:\Users\pc\AppData\Local\Temp\ccwRhD2i.s:1273   .bss.custom_srv_id:00000000 $d
C:\Users\pc\AppData\Local\Temp\ccwRhD2i.s:1275   .bss.epd_poll_timer:00000000 $d
C:\Users\pc\AppData\Local\Temp\ccwRhD2i.s:1279   .bss.epd_poll_timer:00000000 epd_poll_timer
C:\Users\pc\AppData\Local\Temp\ccwRhD2i.s:1286   .bss.epd_read_temperature:00000000 $d
C:\Users\pc\AppData\Local\Temp\ccwRhD2i.s:1288   .bss.g_ble_rand_addr:00000000 $d
C:\Users\pc\AppData\Local\Temp\ccwRhD2i.s:1292   .bss.g_ble_rand_addr:00000000 g_ble_rand_addr
C:\Users\pc\AppData\Local\Temp\ccwRhD2i.s:1299   .bss.gap_conn_state:00000000 $d
C:\Users\pc\AppData\Local\Temp\ccwRhD2i.s:1301   .bss.gap_dev_state:00000000 $d
C:\Users\pc\AppData\Local\Temp\ccwRhD2i.s:1314   .data.device_name:00000000 $d
C:\Users\pc\AppData\Local\Temp\ccwRhD2i.s:1321   .data.settings:00000000 $d

UNDEFINED SYMBOLS
app_send_msg_to_apptask
gap_get_param
uart_printf
platform_random
mac_edit_update
custom_service_send_notification
sprintf
memcpy
le_adv_set_param
le_adv_update_param
os_timer_create
battery_measure_mv
boot_screen_draw
os_timer_start
le_adv_start
le_get_conn_param
le_get_conn_addr
uart_bdaddr_str
le_bond_just_work_confirm
le_bond_get_display_key
le_bond_passkey_display_confirm
le_bond_user_confirm
le_bond_passkey_input_confirm
le_bond_set_param
le_bond_oob_input_confirm
drawImageAtAddress
os_timer_stop
le_adv_stop
ota_apply
epd_refresh_done
g_epd_refreshing
zb_ble_hci_cmd_handler
