ARM GAS  C:\Users\pc\AppData\Local\Temp\ccUHPeHp.s 			page 1


   1              		.cpu cortex-m0plus
   2              		.arch armv6s-m
   3              		.fpu softvfp
   4              		.eabi_attribute 20, 1
   5              		.eabi_attribute 21, 1
   6              		.eabi_attribute 23, 3
   7              		.eabi_attribute 24, 1
   8              		.eabi_attribute 25, 1
   9              		.eabi_attribute 26, 1
  10              		.eabi_attribute 30, 1
  11              		.eabi_attribute 34, 0
  12              		.eabi_attribute 18, 4
  13              		.file	"retarget.c"
  14              		.text
  15              		.section	.text.uart_print_init,"ax",%progbits
  16              		.align	1
  17              		.global	uart_print_init
  18              		.syntax unified
  19              		.code	16
  20              		.thumb_func
  22              	uart_print_init:
  23              		@ args = 0, pretend = 0, frame = 32
  24              		@ frame_needed = 0, uses_anonymous_args = 0
  25 0000 70B5     		push	{r4, r5, r6, lr}
  26 0002 8AB0     		sub	sp, sp, #40
  27 0004 8020     		movs	r0, #128
  28 0006 0122     		movs	r2, #1
  29 0008 1849     		ldr	r1, .L2
  30 000a 4001     		lsls	r0, r0, #5
  31 000c FFF7FEFF 		bl	RCC_PeriphClockCmd
  32 0010 0126     		movs	r6, #1
  33 0012 0196     		str	r6, [sp, #4]
  34 0014 0096     		str	r6, [sp]
  35 0016 0223     		movs	r3, #2
  36 0018 0122     		movs	r2, #1
  37 001a 0121     		movs	r1, #1
  38 001c 1820     		movs	r0, #24
  39 001e FFF7FEFF 		bl	Pad_Config
  40 0022 0025     		movs	r5, #0
  41 0024 0195     		str	r5, [sp, #4]
  42 0026 0095     		str	r5, [sp]
  43 0028 0023     		movs	r3, #0
  44 002a 0122     		movs	r2, #1
  45 002c 0121     		movs	r1, #1
  46 002e 1920     		movs	r0, #25
  47 0030 FFF7FEFF 		bl	Pad_Config
  48 0034 1D21     		movs	r1, #29
  49 0036 1820     		movs	r0, #24
  50 0038 FFF7FEFF 		bl	Pinmux_Config
  51 003c 1E21     		movs	r1, #30
  52 003e 1920     		movs	r0, #25
  53 0040 FFF7FEFF 		bl	Pinmux_Config
  54 0044 03AC     		add	r4, sp, #12
  55 0046 2000     		movs	r0, r4
  56 0048 FFF7FEFF 		bl	UART_StructInit
  57 004c 3023     		movs	r3, #48
  58 004e 6380     		strh	r3, [r4, #2]
ARM GAS  C:\Users\pc\AppData\Local\Temp\ccUHPeHp.s 			page 2


  59 0050 2E3B     		subs	r3, r3, #46
  60 0052 A380     		strh	r3, [r4, #4]
  61 0054 0133     		adds	r3, r3, #1
  62 0056 2380     		strh	r3, [r4]
  63 0058 E680     		strh	r6, [r4, #6]
  64 005a 2581     		strh	r5, [r4, #8]
  65 005c 6581     		strh	r5, [r4, #10]
  66 005e 2100     		movs	r1, r4
  67 0060 0348     		ldr	r0, .L2+4
  68 0062 FFF7FEFF 		bl	UART_Init
  69 0066 0AB0     		add	sp, sp, #40
  70              		@ sp needed
  71 0068 70BD     		pop	{r4, r5, r6, pc}
  72              	.L3:
  73 006a C046     		.align	2
  74              	.L2:
  75 006c 00100020 		.word	536875008
  76 0070 00100140 		.word	1073811456
  78              		.section	.text.uart_puts,"ax",%progbits
  79              		.align	1
  80              		.global	uart_puts
  81              		.syntax unified
  82              		.code	16
  83              		.thumb_func
  85              	uart_puts:
  86              		@ args = 0, pretend = 0, frame = 8
  87              		@ frame_needed = 0, uses_anonymous_args = 0
  88 0000 30B5     		push	{r4, r5, lr}
  89 0002 83B0     		sub	sp, sp, #12
  90 0004 0400     		movs	r4, r0
  91 0006 8020     		movs	r0, #128
  92 0008 0122     		movs	r2, #1
  93 000a 1649     		ldr	r1, .L16
  94 000c 4001     		lsls	r0, r0, #5
  95 000e FFF7FEFF 		bl	RCC_PeriphClockCmd
  96 0012 2378     		ldrb	r3, [r4]
  97 0014 002B     		cmp	r3, #0
  98 0016 22D0     		beq	.L4
  99 0018 2000     		movs	r0, r4
 100 001a 134C     		ldr	r4, .L16+4
 101 001c 134A     		ldr	r2, .L16+8
 102 001e 2021     		movs	r1, #32
 103 0020 0D25     		movs	r5, #13
 104 0022 10E0     		b	.L11
 105              	.L15:
 106 0024 0094     		str	r4, [sp]
 107              	.L8:
 108 0026 5369     		ldr	r3, [r2, #20]
 109 0028 1942     		tst	r1, r3
 110 002a 04D1     		bne	.L7
 111 002c 009B     		ldr	r3, [sp]
 112 002e 013B     		subs	r3, r3, #1
 113 0030 0093     		str	r3, [sp]
 114 0032 002B     		cmp	r3, #0
 115 0034 F7D1     		bne	.L8
 116              	.L7:
 117 0036 5562     		str	r5, [r2, #36]
ARM GAS  C:\Users\pc\AppData\Local\Temp\ccUHPeHp.s 			page 3


 118 0038 07E0     		b	.L6
 119              	.L9:
 120 003a 0378     		ldrb	r3, [r0]
 121 003c 5362     		str	r3, [r2, #36]
 122 003e 0130     		adds	r0, r0, #1
 123 0040 0378     		ldrb	r3, [r0]
 124 0042 002B     		cmp	r3, #0
 125 0044 0BD0     		beq	.L4
 126              	.L11:
 127 0046 0A2B     		cmp	r3, #10
 128 0048 ECD0     		beq	.L15
 129              	.L6:
 130 004a 0194     		str	r4, [sp, #4]
 131              	.L10:
 132 004c 5369     		ldr	r3, [r2, #20]
 133 004e 1942     		tst	r1, r3
 134 0050 F3D1     		bne	.L9
 135 0052 019B     		ldr	r3, [sp, #4]
 136 0054 013B     		subs	r3, r3, #1
 137 0056 0193     		str	r3, [sp, #4]
 138 0058 002B     		cmp	r3, #0
 139 005a F7D1     		bne	.L10
 140 005c EDE7     		b	.L9
 141              	.L4:
 142 005e 03B0     		add	sp, sp, #12
 143              		@ sp needed
 144 0060 30BD     		pop	{r4, r5, pc}
 145              	.L17:
 146 0062 C046     		.align	2
 147              	.L16:
 148 0064 00100020 		.word	536875008
 149 0068 10270000 		.word	10000
 150 006c 00100140 		.word	1073811456
 152              		.section	.rodata.uart_bdaddr_str.str1.4,"aMS",%progbits,1
 153              		.align	2
 154              	.LC1:
 155 0000 3F3F3A3F 		.ascii	"??:??:??:??:??:??\000"
 155      3F3A3F3F 
 155      3A3F3F3A 
 155      3F3F3A3F 
 155      3F00
 156 0012 0000     		.align	2
 157              	.LC3:
 158 0014 25303258 		.ascii	"%02X:%02X:%02X:%02X:%02X:%02X\000"
 158      3A253032 
 158      583A2530 
 158      32583A25 
 158      3032583A 
 159              		.section	.text.uart_bdaddr_str,"ax",%progbits
 160              		.align	1
 161              		.global	uart_bdaddr_str
 162              		.syntax unified
 163              		.code	16
 164              		.thumb_func
 166              	uart_bdaddr_str:
 167              		@ args = 0, pretend = 0, frame = 0
 168              		@ frame_needed = 0, uses_anonymous_args = 0
ARM GAS  C:\Users\pc\AppData\Local\Temp\ccUHPeHp.s 			page 4


 169 0000 10B5     		push	{r4, lr}
 170 0002 86B0     		sub	sp, sp, #24
 171 0004 0028     		cmp	r0, #0
 172 0006 13D0     		beq	.L20
 173 0008 4379     		ldrb	r3, [r0, #5]
 174 000a 0A4C     		ldr	r4, .L21
 175 000c 0278     		ldrb	r2, [r0]
 176 000e 0492     		str	r2, [sp, #16]
 177 0010 4278     		ldrb	r2, [r0, #1]
 178 0012 0392     		str	r2, [sp, #12]
 179 0014 8278     		ldrb	r2, [r0, #2]
 180 0016 0292     		str	r2, [sp, #8]
 181 0018 C278     		ldrb	r2, [r0, #3]
 182 001a 0192     		str	r2, [sp, #4]
 183 001c 0279     		ldrb	r2, [r0, #4]
 184 001e 0092     		str	r2, [sp]
 185 0020 054A     		ldr	r2, .L21+4
 186 0022 1221     		movs	r1, #18
 187 0024 2000     		movs	r0, r4
 188 0026 FFF7FEFF 		bl	snprintf
 189 002a 2000     		movs	r0, r4
 190              	.L18:
 191 002c 06B0     		add	sp, sp, #24
 192              		@ sp needed
 193 002e 10BD     		pop	{r4, pc}
 194              	.L20:
 195 0030 0248     		ldr	r0, .L21+8
 196 0032 FBE7     		b	.L18
 197              	.L22:
 198              		.align	2
 199              	.L21:
 200 0034 00000000 		.word	.LANCHOR0
 201 0038 14000000 		.word	.LC3
 202 003c 00000000 		.word	.LC1
 204              		.section	.text.uart_printf,"ax",%progbits
 205              		.align	1
 206              		.global	uart_printf
 207              		.syntax unified
 208              		.code	16
 209              		.thumb_func
 211              	uart_printf:
 212              		@ args = 4, pretend = 16, frame = 264
 213              		@ frame_needed = 0, uses_anonymous_args = 1
 214 0000 0FB4     		push	{r0, r1, r2, r3}
 215 0002 10B5     		push	{r4, lr}
 216 0004 C2B0     		sub	sp, sp, #264
 217 0006 44AB     		add	r3, sp, #272
 218 0008 04CB     		ldmia	r3!, {r2}
 219 000a 0193     		str	r3, [sp, #4]
 220 000c 8021     		movs	r1, #128
 221 000e 4900     		lsls	r1, r1, #1
 222 0010 02A8     		add	r0, sp, #8
 223 0012 FFF7FEFF 		bl	vsnprintf
 224 0016 041E     		subs	r4, r0, #0
 225 0018 05DC     		bgt	.L25
 226              	.L23:
 227 001a 2000     		movs	r0, r4
ARM GAS  C:\Users\pc\AppData\Local\Temp\ccUHPeHp.s 			page 5


 228 001c 42B0     		add	sp, sp, #264
 229              		@ sp needed
 230 001e 10BC     		pop	{r4}
 231 0020 08BC     		pop	{r3}
 232 0022 04B0     		add	sp, sp, #16
 233 0024 1847     		bx	r3
 234              	.L25:
 235 0026 02A8     		add	r0, sp, #8
 236 0028 FFF7FEFF 		bl	uart_puts
 237 002c F5E7     		b	.L23
 239              		.section	.rodata.HardFault_Handler_C.str1.4,"aMS",%progbits,1
 240              		.align	2
 241              	.LC5:
 242 0000 0D0A2A2A 		.ascii	"\015\012*** HARDFAULT / PLATFORM ERROR ***\015\012\000"
 242      2A204841 
 242      52444641 
 242      554C5420 
 242      2F20504C 
 243 0027 00       		.align	2
 244              	.LC7:
 245 0028 5230203D 		.ascii	"R0 =0x%08X  R1 =0x%08X\015\012\000"
 245      30782530 
 245      38582020 
 245      5231203D 
 245      30782530 
 246 0041 000000   		.align	2
 247              	.LC9:
 248 0044 5232203D 		.ascii	"R2 =0x%08X  R3 =0x%08X\015\012\000"
 248      30782530 
 248      38582020 
 248      5233203D 
 248      30782530 
 249 005d 000000   		.align	2
 250              	.LC11:
 251 0060 5231323D 		.ascii	"R12=0x%08X  LR =0x%08X\015\012\000"
 251      30782530 
 251      38582020 
 251      4C52203D 
 251      30782530 
 252 0079 000000   		.align	2
 253              	.LC13:
 254 007c 5043203D 		.ascii	"PC =0x%08X  xPSR=0x%08X\015\012\000"
 254      30782530 
 254      38582020 
 254      78505352 
 254      3D307825 
 255 0096 0000     		.align	2
 256              	.LC15:
 257 0098 48465352 		.ascii	"HFSR=0x%08X CFSR=0x%08X\015\012\000"
 257      3D307825 
 257      30385820 
 257      43465352 
 257      3D307825 
 258 00b2 0000     		.align	2
 259              	.LC17:
 260 00b4 2D2D2D20 		.ascii	"--- halted ---\015\012\000"
 260      68616C74 
ARM GAS  C:\Users\pc\AppData\Local\Temp\ccUHPeHp.s 			page 6


 260      6564202D 
 260      2D2D0D0A 
 260      00
 261              		.section	.text.HardFault_Handler_C,"ax",%progbits
 262              		.align	1
 263              		.global	HardFault_Handler_C
 264              		.syntax unified
 265              		.code	16
 266              		.thumb_func
 268              	HardFault_Handler_C:
 269              		@ Volatile: function does not return.
 270              		@ args = 0, pretend = 0, frame = 0
 271              		@ frame_needed = 0, uses_anonymous_args = 0
 272 0000 10B5     		push	{r4, lr}
 273 0002 0400     		movs	r4, r0
 274 0004 8020     		movs	r0, #128
 275 0006 0122     		movs	r2, #1
 276 0008 1249     		ldr	r1, .L28
 277 000a 4001     		lsls	r0, r0, #5
 278 000c FFF7FEFF 		bl	RCC_PeriphClockCmd
 279 0010 1148     		ldr	r0, .L28+4
 280 0012 FFF7FEFF 		bl	uart_puts
 281 0016 6268     		ldr	r2, [r4, #4]
 282 0018 2168     		ldr	r1, [r4]
 283 001a 1048     		ldr	r0, .L28+8
 284 001c FFF7FEFF 		bl	uart_printf
 285 0020 E268     		ldr	r2, [r4, #12]
 286 0022 A168     		ldr	r1, [r4, #8]
 287 0024 0E48     		ldr	r0, .L28+12
 288 0026 FFF7FEFF 		bl	uart_printf
 289 002a 6269     		ldr	r2, [r4, #20]
 290 002c 2169     		ldr	r1, [r4, #16]
 291 002e 0D48     		ldr	r0, .L28+16
 292 0030 FFF7FEFF 		bl	uart_printf
 293 0034 E269     		ldr	r2, [r4, #28]
 294 0036 A169     		ldr	r1, [r4, #24]
 295 0038 0B48     		ldr	r0, .L28+20
 296 003a FFF7FEFF 		bl	uart_printf
 297 003e 0B4B     		ldr	r3, .L28+24
 298 0040 1968     		ldr	r1, [r3]
 299 0042 0B4B     		ldr	r3, .L28+28
 300 0044 1A68     		ldr	r2, [r3]
 301 0046 0B48     		ldr	r0, .L28+32
 302 0048 FFF7FEFF 		bl	uart_printf
 303 004c 0A48     		ldr	r0, .L28+36
 304 004e FFF7FEFF 		bl	uart_puts
 305              	.L27:
 306 0052 FEE7     		b	.L27
 307              	.L29:
 308              		.align	2
 309              	.L28:
 310 0054 00100020 		.word	536875008
 311 0058 00000000 		.word	.LC5
 312 005c 28000000 		.word	.LC7
 313 0060 44000000 		.word	.LC9
 314 0064 60000000 		.word	.LC11
 315 0068 7C000000 		.word	.LC13
ARM GAS  C:\Users\pc\AppData\Local\Temp\ccUHPeHp.s 			page 7


 316 006c 2CED00E0 		.word	-536810196
 317 0070 28ED00E0 		.word	-536810200
 318 0074 98000000 		.word	.LC15
 319 0078 B4000000 		.word	.LC17
 321              		.section	.text.HardFault_Handler,"ax",%progbits
 322              		.align	1
 323              		.global	HardFault_Handler
 324              		.syntax unified
 325              		.code	16
 326              		.thumb_func
 328              	HardFault_Handler:
 329              		@ Naked Function: prologue and epilogue provided by programmer.
 330              		@ args = 0, pretend = 0, frame = 0
 331              		@ frame_needed = 0, uses_anonymous_args = 0
 332              		.syntax divided
 333              	@ 179 "../src/retarget.c" 1
 334 0000 7046     		MOV  R0, LR          
 335 0002 0421     	MOV  R1, #4          
 336 0004 0842     	TST  R0, R1          
 337 0006 03D0     	BEQ  1f              
 338 0008 EFF30980 	MRS  R0, PSP         
 339 000c 0249     	LDR  R1, =HardFault_Handler_C 
 340 000e 0847     	BX   R1              
 341              	1:                   
 342 0010 EFF30880 	MRS  R0, MSP         
 343 0014 0049     	LDR  R1, =HardFault_Handler_C 
 344 0016 0847     	BX   R1              
 345              	
 346              	@ 0 "" 2
 347              		.thumb
 348              		.syntax unified
 350              		.section	.text._isatty,"ax",%progbits
 351              		.align	1
 352              		.global	_isatty
 353              		.syntax unified
 354              		.code	16
 355              		.thumb_func
 357              	_isatty:
 358              		@ args = 0, pretend = 0, frame = 0
 359              		@ frame_needed = 0, uses_anonymous_args = 0
 360              		@ link register save eliminated.
 361 0000 431E     		subs	r3, r0, #1
 362 0002 0020     		movs	r0, #0
 363 0004 0122     		movs	r2, #1
 364 0006 9A42     		cmp	r2, r3
 365 0008 4041     		adcs	r0, r0, r0
 366              		@ sp needed
 367 000a 7047     		bx	lr
 369              		.section	.text._write,"ax",%progbits
 370              		.align	1
 371              		.global	_write
 372              		.syntax unified
 373              		.code	16
 374              		.thumb_func
 376              	_write:
 377              		@ args = 0, pretend = 0, frame = 8
 378              		@ frame_needed = 0, uses_anonymous_args = 0
ARM GAS  C:\Users\pc\AppData\Local\Temp\ccUHPeHp.s 			page 8


 379 0000 F0B5     		push	{r4, r5, r6, r7, lr}
 380 0002 83B0     		sub	sp, sp, #12
 381 0004 0E00     		movs	r6, r1
 382 0006 1400     		movs	r4, r2
 383 0008 8020     		movs	r0, #128
 384 000a 0122     		movs	r2, #1
 385 000c 1749     		ldr	r1, .L44
 386 000e 4001     		lsls	r0, r0, #5
 387 0010 FFF7FEFF 		bl	RCC_PeriphClockCmd
 388 0014 002C     		cmp	r4, #0
 389 0016 26DD     		ble	.L33
 390 0018 3200     		movs	r2, r6
 391 001a 3619     		adds	r6, r6, r4
 392 001c 144F     		ldr	r7, .L44+4
 393 001e 1549     		ldr	r1, .L44+8
 394 0020 2020     		movs	r0, #32
 395 0022 0D23     		movs	r3, #13
 396 0024 9C46     		mov	ip, r3
 397 0026 10E0     		b	.L39
 398              	.L43:
 399 0028 0097     		str	r7, [sp]
 400              	.L36:
 401 002a 4B69     		ldr	r3, [r1, #20]
 402 002c 1842     		tst	r0, r3
 403 002e 04D1     		bne	.L35
 404 0030 009B     		ldr	r3, [sp]
 405 0032 013B     		subs	r3, r3, #1
 406 0034 0093     		str	r3, [sp]
 407 0036 002B     		cmp	r3, #0
 408 0038 F7D1     		bne	.L36
 409              	.L35:
 410 003a 6346     		mov	r3, ip
 411 003c 4B62     		str	r3, [r1, #36]
 412 003e 08E0     		b	.L34
 413              	.L37:
 414 0040 2B78     		ldrb	r3, [r5]
 415 0042 4B62     		str	r3, [r1, #36]
 416 0044 0132     		adds	r2, r2, #1
 417 0046 B242     		cmp	r2, r6
 418 0048 0DD0     		beq	.L33
 419              	.L39:
 420 004a 1500     		movs	r5, r2
 421 004c 1378     		ldrb	r3, [r2]
 422 004e 0A2B     		cmp	r3, #10
 423 0050 EAD0     		beq	.L43
 424              	.L34:
 425 0052 0197     		str	r7, [sp, #4]
 426              	.L38:
 427 0054 4B69     		ldr	r3, [r1, #20]
 428 0056 1842     		tst	r0, r3
 429 0058 F2D1     		bne	.L37
 430 005a 019B     		ldr	r3, [sp, #4]
 431 005c 013B     		subs	r3, r3, #1
 432 005e 0193     		str	r3, [sp, #4]
 433 0060 002B     		cmp	r3, #0
 434 0062 F7D1     		bne	.L38
 435 0064 ECE7     		b	.L37
ARM GAS  C:\Users\pc\AppData\Local\Temp\ccUHPeHp.s 			page 9


 436              	.L33:
 437 0066 2000     		movs	r0, r4
 438 0068 03B0     		add	sp, sp, #12
 439              		@ sp needed
 440 006a F0BD     		pop	{r4, r5, r6, r7, pc}
 441              	.L45:
 442              		.align	2
 443              	.L44:
 444 006c 00100020 		.word	536875008
 445 0070 10270000 		.word	10000
 446 0074 00100140 		.word	1073811456
 448              		.section	.bss.buf.0,"aw",%nobits
 449              		.align	2
 450              		.set	.LANCHOR0,. + 0
 453              	buf.0:
 454 0000 00000000 		.space	18
 454      00000000 
 454      00000000 
 454      00000000 
 454      0000
 455              		.ident	"GCC: (GNU Arm Embedded Toolchain 10.3-2021.10) 10.3.1 20210824 (release)"
ARM GAS  C:\Users\pc\AppData\Local\Temp\ccUHPeHp.s 			page 10


DEFINED SYMBOLS
                            *ABS*:00000000 retarget.c
C:\Users\pc\AppData\Local\Temp\ccUHPeHp.s:16     .text.uart_print_init:00000000 $t
C:\Users\pc\AppData\Local\Temp\ccUHPeHp.s:22     .text.uart_print_init:00000000 uart_print_init
C:\Users\pc\AppData\Local\Temp\ccUHPeHp.s:75     .text.uart_print_init:0000006c $d
C:\Users\pc\AppData\Local\Temp\ccUHPeHp.s:79     .text.uart_puts:00000000 $t
C:\Users\pc\AppData\Local\Temp\ccUHPeHp.s:85     .text.uart_puts:00000000 uart_puts
C:\Users\pc\AppData\Local\Temp\ccUHPeHp.s:148    .text.uart_puts:00000064 $d
C:\Users\pc\AppData\Local\Temp\ccUHPeHp.s:153    .rodata.uart_bdaddr_str.str1.4:00000000 $d
C:\Users\pc\AppData\Local\Temp\ccUHPeHp.s:160    .text.uart_bdaddr_str:00000000 $t
C:\Users\pc\AppData\Local\Temp\ccUHPeHp.s:166    .text.uart_bdaddr_str:00000000 uart_bdaddr_str
C:\Users\pc\AppData\Local\Temp\ccUHPeHp.s:200    .text.uart_bdaddr_str:00000034 $d
C:\Users\pc\AppData\Local\Temp\ccUHPeHp.s:205    .text.uart_printf:00000000 $t
C:\Users\pc\AppData\Local\Temp\ccUHPeHp.s:211    .text.uart_printf:00000000 uart_printf
C:\Users\pc\AppData\Local\Temp\ccUHPeHp.s:240    .rodata.HardFault_Handler_C.str1.4:00000000 $d
C:\Users\pc\AppData\Local\Temp\ccUHPeHp.s:262    .text.HardFault_Handler_C:00000000 $t
C:\Users\pc\AppData\Local\Temp\ccUHPeHp.s:268    .text.HardFault_Handler_C:00000000 HardFault_Handler_C
C:\Users\pc\AppData\Local\Temp\ccUHPeHp.s:310    .text.HardFault_Handler_C:00000054 $d
C:\Users\pc\AppData\Local\Temp\ccUHPeHp.s:322    .text.HardFault_Handler:00000000 $t
C:\Users\pc\AppData\Local\Temp\ccUHPeHp.s:328    .text.HardFault_Handler:00000000 HardFault_Handler
C:\Users\pc\AppData\Local\Temp\ccUHPeHp.s:351    .text._isatty:00000000 $t
C:\Users\pc\AppData\Local\Temp\ccUHPeHp.s:357    .text._isatty:00000000 _isatty
C:\Users\pc\AppData\Local\Temp\ccUHPeHp.s:370    .text._write:00000000 $t
C:\Users\pc\AppData\Local\Temp\ccUHPeHp.s:376    .text._write:00000000 _write
C:\Users\pc\AppData\Local\Temp\ccUHPeHp.s:444    .text._write:0000006c $d
C:\Users\pc\AppData\Local\Temp\ccUHPeHp.s:449    .bss.buf.0:00000000 $d
C:\Users\pc\AppData\Local\Temp\ccUHPeHp.s:453    .bss.buf.0:00000000 buf.0
C:\Users\pc\AppData\Local\Temp\ccUHPeHp.s:455    .text.HardFault_Handler:00000018 $d

UNDEFINED SYMBOLS
RCC_PeriphClockCmd
Pad_Config
Pinmux_Config
UART_StructInit
UART_Init
snprintf
vsnprintf
