ARM GAS  C:\Users\pc\AppData\Local\Temp\ccVO9QLl.s 			page 1


   1              		.cpu cortex-m0plus
   2              		.arch armv6s-m
   3              		.fpu softvfp
   4              		.eabi_attribute 20, 1
   5              		.eabi_attribute 21, 1
   6              		.eabi_attribute 23, 3
   7              		.eabi_attribute 24, 1
   8              		.eabi_attribute 25, 1
   9              		.eabi_attribute 26, 1
  10              		.eabi_attribute 30, 1
  11              		.eabi_attribute 34, 0
  12              		.eabi_attribute 18, 4
  13              		.file	"rtl876x_pinmux.c"
  14              		.text
  15              		.section	.text.Pinmux_Reset,"ax",%progbits
  16              		.align	1
  17              		.global	Pinmux_Reset
  18              		.syntax unified
  19              		.code	16
  20              		.thumb_func
  22              	Pinmux_Reset:
  23              		@ args = 0, pretend = 0, frame = 0
  24              		@ frame_needed = 0, uses_anonymous_args = 0
  25              		@ link register save eliminated.
  26 0000 0023     		movs	r3, #0
  27 0002 0448     		ldr	r0, .L4
  28 0004 0021     		movs	r1, #0
  29              	.L2:
  30 0006 9A00     		lsls	r2, r3, #2
  31 0008 1150     		str	r1, [r2, r0]
  32 000a 0133     		adds	r3, r3, #1
  33 000c 0A2B     		cmp	r3, #10
  34 000e FAD1     		bne	.L2
  35              		@ sp needed
  36 0010 7047     		bx	lr
  37              	.L5:
  38 0012 C046     		.align	2
  39              	.L4:
  40 0014 80020040 		.word	1073742464
  42              		.section	.text.Pinmux_Deinit,"ax",%progbits
  43              		.align	1
  44              		.global	Pinmux_Deinit
  45              		.syntax unified
  46              		.code	16
  47              		.thumb_func
  49              	Pinmux_Deinit:
  50              		@ args = 0, pretend = 0, frame = 0
  51              		@ frame_needed = 0, uses_anonymous_args = 0
  52              		@ link register save eliminated.
  53 0000 8308     		lsrs	r3, r0, #2
  54 0002 9B00     		lsls	r3, r3, #2
  55 0004 054A     		ldr	r2, .L7
  56 0006 9446     		mov	ip, r2
  57 0008 6344     		add	r3, r3, ip
  58 000a 1A68     		ldr	r2, [r3]
  59 000c C000     		lsls	r0, r0, #3
  60 000e 1821     		movs	r1, #24
ARM GAS  C:\Users\pc\AppData\Local\Temp\ccVO9QLl.s 			page 2


  61 0010 0840     		ands	r0, r1
  62 0012 E731     		adds	r1, r1, #231
  63 0014 8140     		lsls	r1, r1, r0
  64 0016 8A43     		bics	r2, r1
  65 0018 1A60     		str	r2, [r3]
  66              		@ sp needed
  67 001a 7047     		bx	lr
  68              	.L8:
  69              		.align	2
  70              	.L7:
  71 001c 80020040 		.word	1073742464
  73              		.section	.text.Pinmux_Config,"ax",%progbits
  74              		.align	1
  75              		.global	Pinmux_Config
  76              		.syntax unified
  77              		.code	16
  78              		.thumb_func
  80              	Pinmux_Config:
  81              		@ args = 0, pretend = 0, frame = 0
  82              		@ frame_needed = 0, uses_anonymous_args = 0
  83 0000 10B5     		push	{r4, lr}
  84 0002 8308     		lsrs	r3, r0, #2
  85 0004 9B00     		lsls	r3, r3, #2
  86 0006 074A     		ldr	r2, .L10
  87 0008 9446     		mov	ip, r2
  88 000a 6344     		add	r3, r3, ip
  89 000c 1A68     		ldr	r2, [r3]
  90 000e C000     		lsls	r0, r0, #3
  91 0010 1824     		movs	r4, #24
  92 0012 2040     		ands	r0, r4
  93 0014 E734     		adds	r4, r4, #231
  94 0016 8440     		lsls	r4, r4, r0
  95 0018 A243     		bics	r2, r4
  96 001a 8140     		lsls	r1, r1, r0
  97 001c 0A43     		orrs	r2, r1
  98 001e 1A60     		str	r2, [r3]
  99              		@ sp needed
 100 0020 10BD     		pop	{r4, pc}
 101              	.L11:
 102 0022 C046     		.align	2
 103              	.L10:
 104 0024 80020040 		.word	1073742464
 106              		.section	.text.Pad_Config,"ax",%progbits
 107              		.align	1
 108              		.global	Pad_Config
 109              		.syntax unified
 110              		.code	16
 111              		.thumb_func
 113              	Pad_Config:
 114              		@ args = 8, pretend = 0, frame = 0
 115              		@ frame_needed = 0, uses_anonymous_args = 0
 116 0000 F8B5     		push	{r3, r4, r5, r6, r7, lr}
 117 0002 CE46     		mov	lr, r9
 118 0004 4746     		mov	r7, r8
 119 0006 80B5     		push	{r7, lr}
 120 0008 8846     		mov	r8, r1
 121 000a 1700     		movs	r7, r2
ARM GAS  C:\Users\pc\AppData\Local\Temp\ccVO9QLl.s 			page 3


 122 000c 1C00     		movs	r4, r3
 123 000e 08AB     		add	r3, sp, #32
 124 0010 1D78     		ldrb	r5, [r3]
 125 0012 09AB     		add	r3, sp, #36
 126 0014 1B78     		ldrb	r3, [r3]
 127 0016 9946     		mov	r9, r3
 128 0018 4000     		lsls	r0, r0, #1
 129 001a 184B     		ldr	r3, .L19
 130 001c 1E5C     		ldrb	r6, [r3, r0]
 131 001e 3000     		movs	r0, r6
 132 0020 FFF7FEFF 		bl	btaon_fast_read_safe
 133 0024 1649     		ldr	r1, .L19+4
 134 0026 0840     		ands	r0, r1
 135 0028 002C     		cmp	r4, #0
 136 002a 18D1     		bne	.L13
 137 002c 0423     		movs	r3, #4
 138 002e 1843     		orrs	r0, r3
 139              	.L14:
 140 0030 6C00     		lsls	r4, r5, #1
 141 0032 4B46     		mov	r3, r9
 142 0034 1C43     		orrs	r4, r3
 143 0036 0443     		orrs	r4, r0
 144 0038 4346     		mov	r3, r8
 145 003a 002B     		cmp	r3, #0
 146 003c 14D0     		beq	.L15
 147 003e 8021     		movs	r1, #128
 148 0040 8900     		lsls	r1, r1, #2
 149 0042 0C43     		orrs	r4, r1
 150 0044 A4B2     		uxth	r4, r4
 151              	.L16:
 152 0046 8021     		movs	r1, #128
 153 0048 4900     		lsls	r1, r1, #1
 154 004a 2143     		orrs	r1, r4
 155 004c 3000     		movs	r0, r6
 156 004e FFF7FEFF 		bl	btaon_fast_write_safe
 157 0052 002F     		cmp	r7, #0
 158 0054 0BD0     		beq	.L18
 159              	.L12:
 160              		@ sp needed
 161 0056 C0BC     		pop	{r6, r7}
 162 0058 B946     		mov	r9, r7
 163 005a B046     		mov	r8, r6
 164 005c F8BD     		pop	{r3, r4, r5, r6, r7, pc}
 165              	.L13:
 166 005e 012C     		cmp	r4, #1
 167 0060 E6D1     		bne	.L14
 168 0062 0C23     		movs	r3, #12
 169 0064 1843     		orrs	r0, r3
 170 0066 E3E7     		b	.L14
 171              	.L15:
 172 0068 0649     		ldr	r1, .L19+8
 173 006a 0C40     		ands	r4, r1
 174 006c EBE7     		b	.L16
 175              	.L18:
 176 006e 0649     		ldr	r1, .L19+12
 177 0070 2140     		ands	r1, r4
 178 0072 3000     		movs	r0, r6
ARM GAS  C:\Users\pc\AppData\Local\Temp\ccVO9QLl.s 			page 4


 179 0074 FFF7FEFF 		bl	btaon_fast_write_safe
 180 0078 EDE7     		b	.L12
 181              	.L20:
 182 007a C046     		.align	2
 183              	.L19:
 184 007c 00000000 		.word	.LANCHOR0
 185 0080 F0FF0000 		.word	65520
 186 0084 FFFD0000 		.word	65023
 187 0088 FFFEFFFF 		.word	-257
 189              		.section	.text.System_WakeUpDebounceTime,"ax",%progbits
 190              		.align	1
 191              		.global	System_WakeUpDebounceTime
 192              		.syntax unified
 193              		.code	16
 194              		.thumb_func
 196              	System_WakeUpDebounceTime:
 197              		@ args = 0, pretend = 0, frame = 0
 198              		@ frame_needed = 0, uses_anonymous_args = 0
 199 0000 10B5     		push	{r4, lr}
 200 0002 0400     		movs	r4, r0
 201 0004 2A20     		movs	r0, #42
 202 0006 FFF7FEFF 		bl	btaon_fast_read_safe
 203 000a 2402     		lsls	r4, r4, #8
 204 000c FC21     		movs	r1, #252
 205 000e 8901     		lsls	r1, r1, #6
 206 0010 0C40     		ands	r4, r1
 207 0012 0549     		ldr	r1, .L22
 208 0014 0140     		ands	r1, r0
 209 0016 0C43     		orrs	r4, r1
 210 0018 0449     		ldr	r1, .L22+4
 211 001a 2143     		orrs	r1, r4
 212 001c 89B2     		uxth	r1, r1
 213 001e 2A20     		movs	r0, #42
 214 0020 FFF7FEFF 		bl	btaon_fast_write_safe
 215              		@ sp needed
 216 0024 10BD     		pop	{r4, pc}
 217              	.L23:
 218 0026 C046     		.align	2
 219              	.L22:
 220 0028 FFC0FFFF 		.word	-16129
 221 002c 00C0FFFF 		.word	-16384
 223              		.section	.text.Pad_OutputControlValue,"ax",%progbits
 224              		.align	1
 225              		.global	Pad_OutputControlValue
 226              		.syntax unified
 227              		.code	16
 228              		.thumb_func
 230              	Pad_OutputControlValue:
 231              		@ args = 0, pretend = 0, frame = 0
 232              		@ frame_needed = 0, uses_anonymous_args = 0
 233 0000 70B5     		push	{r4, r5, r6, lr}
 234 0002 0C00     		movs	r4, r1
 235 0004 4000     		lsls	r0, r0, #1
 236 0006 084B     		ldr	r3, .L27
 237 0008 1D5C     		ldrb	r5, [r3, r0]
 238 000a 2800     		movs	r0, r5
 239 000c FFF7FEFF 		bl	btaon_fast_read_safe
ARM GAS  C:\Users\pc\AppData\Local\Temp\ccVO9QLl.s 			page 5


 240 0010 002C     		cmp	r4, #0
 241 0012 06D0     		beq	.L25
 242 0014 0121     		movs	r1, #1
 243 0016 0143     		orrs	r1, r0
 244 0018 89B2     		uxth	r1, r1
 245              	.L26:
 246 001a 2800     		movs	r0, r5
 247 001c FFF7FEFF 		bl	btaon_fast_write_safe
 248              		@ sp needed
 249 0020 70BD     		pop	{r4, r5, r6, pc}
 250              	.L25:
 251 0022 0249     		ldr	r1, .L27+4
 252 0024 0140     		ands	r1, r0
 253 0026 F8E7     		b	.L26
 254              	.L28:
 255              		.align	2
 256              	.L27:
 257 0028 00000000 		.word	.LANCHOR0
 258 002c FEFF0000 		.word	65534
 260              		.section	.text.Pad_OutputEnableValue,"ax",%progbits
 261              		.align	1
 262              		.global	Pad_OutputEnableValue
 263              		.syntax unified
 264              		.code	16
 265              		.thumb_func
 267              	Pad_OutputEnableValue:
 268              		@ args = 0, pretend = 0, frame = 0
 269              		@ frame_needed = 0, uses_anonymous_args = 0
 270 0000 70B5     		push	{r4, r5, r6, lr}
 271 0002 0C00     		movs	r4, r1
 272 0004 4000     		lsls	r0, r0, #1
 273 0006 084B     		ldr	r3, .L32
 274 0008 1D5C     		ldrb	r5, [r3, r0]
 275 000a 2800     		movs	r0, r5
 276 000c FFF7FEFF 		bl	btaon_fast_read_safe
 277 0010 002C     		cmp	r4, #0
 278 0012 06D0     		beq	.L30
 279 0014 0221     		movs	r1, #2
 280 0016 0143     		orrs	r1, r0
 281 0018 89B2     		uxth	r1, r1
 282              	.L31:
 283 001a 2800     		movs	r0, r5
 284 001c FFF7FEFF 		bl	btaon_fast_write_safe
 285              		@ sp needed
 286 0020 70BD     		pop	{r4, r5, r6, pc}
 287              	.L30:
 288 0022 0249     		ldr	r1, .L32+4
 289 0024 0140     		ands	r1, r0
 290 0026 F8E7     		b	.L31
 291              	.L33:
 292              		.align	2
 293              	.L32:
 294 0028 00000000 		.word	.LANCHOR0
 295 002c FDFF0000 		.word	65533
 297              		.section	.text.Pad_PullEnableValue,"ax",%progbits
 298              		.align	1
 299              		.global	Pad_PullEnableValue
ARM GAS  C:\Users\pc\AppData\Local\Temp\ccVO9QLl.s 			page 6


 300              		.syntax unified
 301              		.code	16
 302              		.thumb_func
 304              	Pad_PullEnableValue:
 305              		@ args = 0, pretend = 0, frame = 0
 306              		@ frame_needed = 0, uses_anonymous_args = 0
 307 0000 70B5     		push	{r4, r5, r6, lr}
 308 0002 0C00     		movs	r4, r1
 309 0004 4000     		lsls	r0, r0, #1
 310 0006 084B     		ldr	r3, .L37
 311 0008 1D5C     		ldrb	r5, [r3, r0]
 312 000a 2800     		movs	r0, r5
 313 000c FFF7FEFF 		bl	btaon_fast_read_safe
 314 0010 002C     		cmp	r4, #0
 315 0012 06D0     		beq	.L35
 316 0014 0421     		movs	r1, #4
 317 0016 0143     		orrs	r1, r0
 318 0018 89B2     		uxth	r1, r1
 319              	.L36:
 320 001a 2800     		movs	r0, r5
 321 001c FFF7FEFF 		bl	btaon_fast_write_safe
 322              		@ sp needed
 323 0020 70BD     		pop	{r4, r5, r6, pc}
 324              	.L35:
 325 0022 0249     		ldr	r1, .L37+4
 326 0024 0140     		ands	r1, r0
 327 0026 F8E7     		b	.L36
 328              	.L38:
 329              		.align	2
 330              	.L37:
 331 0028 00000000 		.word	.LANCHOR0
 332 002c FBFF0000 		.word	65531
 334              		.section	.text.Pad_PullUpOrDownValue,"ax",%progbits
 335              		.align	1
 336              		.global	Pad_PullUpOrDownValue
 337              		.syntax unified
 338              		.code	16
 339              		.thumb_func
 341              	Pad_PullUpOrDownValue:
 342              		@ args = 0, pretend = 0, frame = 0
 343              		@ frame_needed = 0, uses_anonymous_args = 0
 344 0000 70B5     		push	{r4, r5, r6, lr}
 345 0002 0C00     		movs	r4, r1
 346 0004 4000     		lsls	r0, r0, #1
 347 0006 084B     		ldr	r3, .L42
 348 0008 1D5C     		ldrb	r5, [r3, r0]
 349 000a 2800     		movs	r0, r5
 350 000c FFF7FEFF 		bl	btaon_fast_read_safe
 351 0010 002C     		cmp	r4, #0
 352 0012 06D0     		beq	.L40
 353 0014 0821     		movs	r1, #8
 354 0016 0143     		orrs	r1, r0
 355 0018 89B2     		uxth	r1, r1
 356              	.L41:
 357 001a 2800     		movs	r0, r5
 358 001c FFF7FEFF 		bl	btaon_fast_write_safe
 359              		@ sp needed
ARM GAS  C:\Users\pc\AppData\Local\Temp\ccVO9QLl.s 			page 7


 360 0020 70BD     		pop	{r4, r5, r6, pc}
 361              	.L40:
 362 0022 0249     		ldr	r1, .L42+4
 363 0024 0140     		ands	r1, r0
 364 0026 F8E7     		b	.L41
 365              	.L43:
 366              		.align	2
 367              	.L42:
 368 0028 00000000 		.word	.LANCHOR0
 369 002c F7FF0000 		.word	65527
 371              		.section	.text.Pad_PullConfigValue,"ax",%progbits
 372              		.align	1
 373              		.global	Pad_PullConfigValue
 374              		.syntax unified
 375              		.code	16
 376              		.thumb_func
 378              	Pad_PullConfigValue:
 379              		@ args = 0, pretend = 0, frame = 0
 380              		@ frame_needed = 0, uses_anonymous_args = 0
 381 0000 70B5     		push	{r4, r5, r6, lr}
 382 0002 0C00     		movs	r4, r1
 383 0004 4000     		lsls	r0, r0, #1
 384 0006 084B     		ldr	r3, .L47
 385 0008 1D5C     		ldrb	r5, [r3, r0]
 386 000a 2800     		movs	r0, r5
 387 000c FFF7FEFF 		bl	btaon_fast_read_safe
 388 0010 002C     		cmp	r4, #0
 389 0012 06D0     		beq	.L45
 390 0014 1021     		movs	r1, #16
 391 0016 0143     		orrs	r1, r0
 392 0018 89B2     		uxth	r1, r1
 393              	.L46:
 394 001a 2800     		movs	r0, r5
 395 001c FFF7FEFF 		bl	btaon_fast_write_safe
 396              		@ sp needed
 397 0020 70BD     		pop	{r4, r5, r6, pc}
 398              	.L45:
 399 0022 0249     		ldr	r1, .L47+4
 400 0024 0140     		ands	r1, r0
 401 0026 F8E7     		b	.L46
 402              	.L48:
 403              		.align	2
 404              	.L47:
 405 0028 00000000 		.word	.LANCHOR0
 406 002c EFFF0000 		.word	65519
 408              		.section	.text.Pad_PowerOrShutDownValue,"ax",%progbits
 409              		.align	1
 410              		.global	Pad_PowerOrShutDownValue
 411              		.syntax unified
 412              		.code	16
 413              		.thumb_func
 415              	Pad_PowerOrShutDownValue:
 416              		@ args = 0, pretend = 0, frame = 0
 417              		@ frame_needed = 0, uses_anonymous_args = 0
 418 0000 70B5     		push	{r4, r5, r6, lr}
 419 0002 0C00     		movs	r4, r1
 420 0004 4000     		lsls	r0, r0, #1
ARM GAS  C:\Users\pc\AppData\Local\Temp\ccVO9QLl.s 			page 8


 421 0006 094B     		ldr	r3, .L52
 422 0008 1D5C     		ldrb	r5, [r3, r0]
 423 000a 2800     		movs	r0, r5
 424 000c FFF7FEFF 		bl	btaon_fast_read_safe
 425 0010 002C     		cmp	r4, #0
 426 0012 07D0     		beq	.L50
 427 0014 8021     		movs	r1, #128
 428 0016 4900     		lsls	r1, r1, #1
 429 0018 0143     		orrs	r1, r0
 430 001a 89B2     		uxth	r1, r1
 431              	.L51:
 432 001c 2800     		movs	r0, r5
 433 001e FFF7FEFF 		bl	btaon_fast_write_safe
 434              		@ sp needed
 435 0022 70BD     		pop	{r4, r5, r6, pc}
 436              	.L50:
 437 0024 0249     		ldr	r1, .L52+4
 438 0026 0140     		ands	r1, r0
 439 0028 F8E7     		b	.L51
 440              	.L53:
 441 002a C046     		.align	2
 442              	.L52:
 443 002c 00000000 		.word	.LANCHOR0
 444 0030 FFFE0000 		.word	65279
 446              		.section	.text.Pad_ControlSelectValue,"ax",%progbits
 447              		.align	1
 448              		.global	Pad_ControlSelectValue
 449              		.syntax unified
 450              		.code	16
 451              		.thumb_func
 453              	Pad_ControlSelectValue:
 454              		@ args = 0, pretend = 0, frame = 0
 455              		@ frame_needed = 0, uses_anonymous_args = 0
 456 0000 70B5     		push	{r4, r5, r6, lr}
 457 0002 0C00     		movs	r4, r1
 458 0004 4000     		lsls	r0, r0, #1
 459 0006 094B     		ldr	r3, .L57
 460 0008 1D5C     		ldrb	r5, [r3, r0]
 461 000a 2800     		movs	r0, r5
 462 000c FFF7FEFF 		bl	btaon_fast_read_safe
 463 0010 002C     		cmp	r4, #0
 464 0012 07D0     		beq	.L55
 465 0014 8021     		movs	r1, #128
 466 0016 8900     		lsls	r1, r1, #2
 467 0018 0143     		orrs	r1, r0
 468 001a 89B2     		uxth	r1, r1
 469              	.L56:
 470 001c 2800     		movs	r0, r5
 471 001e FFF7FEFF 		bl	btaon_fast_write_safe
 472              		@ sp needed
 473 0022 70BD     		pop	{r4, r5, r6, pc}
 474              	.L55:
 475 0024 0249     		ldr	r1, .L57+4
 476 0026 0140     		ands	r1, r0
 477 0028 F8E7     		b	.L56
 478              	.L58:
 479 002a C046     		.align	2
ARM GAS  C:\Users\pc\AppData\Local\Temp\ccVO9QLl.s 			page 9


 480              	.L57:
 481 002c 00000000 		.word	.LANCHOR0
 482 0030 FFFD0000 		.word	65023
 484              		.section	.text.Pad_WakeupEnableValue,"ax",%progbits
 485              		.align	1
 486              		.global	Pad_WakeupEnableValue
 487              		.syntax unified
 488              		.code	16
 489              		.thumb_func
 491              	Pad_WakeupEnableValue:
 492              		@ args = 0, pretend = 0, frame = 0
 493              		@ frame_needed = 0, uses_anonymous_args = 0
 494 0000 70B5     		push	{r4, r5, r6, lr}
 495 0002 0C00     		movs	r4, r1
 496 0004 4000     		lsls	r0, r0, #1
 497 0006 084B     		ldr	r3, .L62
 498 0008 1D5C     		ldrb	r5, [r3, r0]
 499 000a 2800     		movs	r0, r5
 500 000c FFF7FEFF 		bl	btaon_fast_read_safe
 501 0010 002C     		cmp	r4, #0
 502 0012 06D0     		beq	.L60
 503 0014 2021     		movs	r1, #32
 504 0016 0143     		orrs	r1, r0
 505 0018 89B2     		uxth	r1, r1
 506              	.L61:
 507 001a 2800     		movs	r0, r5
 508 001c FFF7FEFF 		bl	btaon_fast_write_safe
 509              		@ sp needed
 510 0020 70BD     		pop	{r4, r5, r6, pc}
 511              	.L60:
 512 0022 0249     		ldr	r1, .L62+4
 513 0024 0140     		ands	r1, r0
 514 0026 F8E7     		b	.L61
 515              	.L63:
 516              		.align	2
 517              	.L62:
 518 0028 00000000 		.word	.LANCHOR0
 519 002c DFFF0000 		.word	65503
 521              		.section	.text.System_WakeUpPinDisable,"ax",%progbits
 522              		.align	1
 523              		.global	System_WakeUpPinDisable
 524              		.syntax unified
 525              		.code	16
 526              		.thumb_func
 528              	System_WakeUpPinDisable:
 529              		@ args = 0, pretend = 0, frame = 0
 530              		@ frame_needed = 0, uses_anonymous_args = 0
 531 0000 10B5     		push	{r4, lr}
 532 0002 0021     		movs	r1, #0
 533 0004 FFF7FEFF 		bl	Pad_WakeupEnableValue
 534              		@ sp needed
 535 0008 10BD     		pop	{r4, pc}
 537              		.section	.text.Pad_WakeupPolarityValue,"ax",%progbits
 538              		.align	1
 539              		.global	Pad_WakeupPolarityValue
 540              		.syntax unified
 541              		.code	16
ARM GAS  C:\Users\pc\AppData\Local\Temp\ccVO9QLl.s 			page 10


 542              		.thumb_func
 544              	Pad_WakeupPolarityValue:
 545              		@ args = 0, pretend = 0, frame = 0
 546              		@ frame_needed = 0, uses_anonymous_args = 0
 547 0000 70B5     		push	{r4, r5, r6, lr}
 548 0002 0C00     		movs	r4, r1
 549 0004 4000     		lsls	r0, r0, #1
 550 0006 084B     		ldr	r3, .L68
 551 0008 1D5C     		ldrb	r5, [r3, r0]
 552 000a 2800     		movs	r0, r5
 553 000c FFF7FEFF 		bl	btaon_fast_read_safe
 554 0010 002C     		cmp	r4, #0
 555 0012 06D0     		beq	.L66
 556 0014 4021     		movs	r1, #64
 557 0016 0143     		orrs	r1, r0
 558 0018 89B2     		uxth	r1, r1
 559              	.L67:
 560 001a 2800     		movs	r0, r5
 561 001c FFF7FEFF 		bl	btaon_fast_write_safe
 562              		@ sp needed
 563 0020 70BD     		pop	{r4, r5, r6, pc}
 564              	.L66:
 565 0022 0249     		ldr	r1, .L68+4
 566 0024 0140     		ands	r1, r0
 567 0026 F8E7     		b	.L67
 568              	.L69:
 569              		.align	2
 570              	.L68:
 571 0028 00000000 		.word	.LANCHOR0
 572 002c BFFF0000 		.word	65471
 574              		.section	.text.Pad_WKDebounceConfig,"ax",%progbits
 575              		.align	1
 576              		.global	Pad_WKDebounceConfig
 577              		.syntax unified
 578              		.code	16
 579              		.thumb_func
 581              	Pad_WKDebounceConfig:
 582              		@ args = 0, pretend = 0, frame = 0
 583              		@ frame_needed = 0, uses_anonymous_args = 0
 584 0000 70B5     		push	{r4, r5, r6, lr}
 585 0002 0C00     		movs	r4, r1
 586 0004 4000     		lsls	r0, r0, #1
 587 0006 094B     		ldr	r3, .L73
 588 0008 1D5C     		ldrb	r5, [r3, r0]
 589 000a 2800     		movs	r0, r5
 590 000c FFF7FEFF 		bl	btaon_fast_read_safe
 591 0010 002C     		cmp	r4, #0
 592 0012 07D0     		beq	.L71
 593 0014 8021     		movs	r1, #128
 594 0016 C900     		lsls	r1, r1, #3
 595 0018 0143     		orrs	r1, r0
 596 001a 89B2     		uxth	r1, r1
 597              	.L72:
 598 001c 2800     		movs	r0, r5
 599 001e FFF7FEFF 		bl	btaon_fast_write_safe
 600              		@ sp needed
 601 0022 70BD     		pop	{r4, r5, r6, pc}
ARM GAS  C:\Users\pc\AppData\Local\Temp\ccVO9QLl.s 			page 11


 602              	.L71:
 603 0024 0249     		ldr	r1, .L73+4
 604 0026 0140     		ands	r1, r0
 605 0028 F8E7     		b	.L72
 606              	.L74:
 607 002a C046     		.align	2
 608              	.L73:
 609 002c 00000000 		.word	.LANCHOR0
 610 0030 FFFB0000 		.word	64511
 612              		.section	.text.Pad_WakeupInterruptValue,"ax",%progbits
 613              		.align	1
 614              		.global	Pad_WakeupInterruptValue
 615              		.syntax unified
 616              		.code	16
 617              		.thumb_func
 619              	Pad_WakeupInterruptValue:
 620              		@ args = 0, pretend = 0, frame = 0
 621              		@ frame_needed = 0, uses_anonymous_args = 0
 622 0000 10B5     		push	{r4, lr}
 623 0002 4000     		lsls	r0, r0, #1
 624 0004 074B     		ldr	r3, .L76
 625 0006 C45A     		ldrh	r4, [r0, r3]
 626 0008 2005     		lsls	r0, r4, #20
 627 000a 000D     		lsrs	r0, r0, #20
 628 000c FFF7FEFF 		bl	btaon_fast_read_safe
 629 0010 240B     		lsrs	r4, r4, #12
 630 0012 0123     		movs	r3, #1
 631 0014 A340     		lsls	r3, r3, r4
 632 0016 1840     		ands	r0, r3
 633 0018 80B2     		uxth	r0, r0
 634 001a 431E     		subs	r3, r0, #1
 635 001c 9841     		sbcs	r0, r0, r3
 636 001e C0B2     		uxtb	r0, r0
 637              		@ sp needed
 638 0020 10BD     		pop	{r4, pc}
 639              	.L77:
 640 0022 C046     		.align	2
 641              	.L76:
 642 0024 00000000 		.word	.LANCHOR1
 644              		.section	.text.System_WakeUpInterruptValue,"ax",%progbits
 645              		.align	1
 646              		.global	System_WakeUpInterruptValue
 647              		.syntax unified
 648              		.code	16
 649              		.thumb_func
 651              	System_WakeUpInterruptValue:
 652              		@ args = 0, pretend = 0, frame = 0
 653              		@ frame_needed = 0, uses_anonymous_args = 0
 654 0000 10B5     		push	{r4, lr}
 655 0002 FFF7FEFF 		bl	Pad_WakeupInterruptValue
 656              		@ sp needed
 657 0006 10BD     		pop	{r4, pc}
 659              		.section	.text.Pad_DebounceWakeupStatus,"ax",%progbits
 660              		.align	1
 661              		.global	Pad_DebounceWakeupStatus
 662              		.syntax unified
 663              		.code	16
ARM GAS  C:\Users\pc\AppData\Local\Temp\ccVO9QLl.s 			page 12


 664              		.thumb_func
 666              	Pad_DebounceWakeupStatus:
 667              		@ args = 0, pretend = 0, frame = 0
 668              		@ frame_needed = 0, uses_anonymous_args = 0
 669 0000 10B5     		push	{r4, lr}
 670 0002 2A20     		movs	r0, #42
 671 0004 FFF7FEFF 		bl	btaon_fast_read_safe
 672 0008 0400     		movs	r4, r0
 673 000a 0449     		ldr	r1, .L80
 674 000c 0143     		orrs	r1, r0
 675 000e 89B2     		uxth	r1, r1
 676 0010 2A20     		movs	r0, #42
 677 0012 FFF7FEFF 		bl	btaon_fast_write_safe
 678 0016 A0B2     		uxth	r0, r4
 679 0018 C00B     		lsrs	r0, r0, #15
 680              		@ sp needed
 681 001a 10BD     		pop	{r4, pc}
 682              	.L81:
 683              		.align	2
 684              	.L80:
 685 001c 0080FFFF 		.word	-32768
 687              		.section	.text.System_DebounceWakeupStatus,"ax",%progbits
 688              		.align	1
 689              		.global	System_DebounceWakeupStatus
 690              		.syntax unified
 691              		.code	16
 692              		.thumb_func
 694              	System_DebounceWakeupStatus:
 695              		@ args = 0, pretend = 0, frame = 0
 696              		@ frame_needed = 0, uses_anonymous_args = 0
 697 0000 10B5     		push	{r4, lr}
 698 0002 FFF7FEFF 		bl	Pad_DebounceWakeupStatus
 699              		@ sp needed
 700 0006 10BD     		pop	{r4, pc}
 702              		.section	.text.System_WakeUpPinEnable,"ax",%progbits
 703              		.align	1
 704              		.global	System_WakeUpPinEnable
 705              		.syntax unified
 706              		.code	16
 707              		.thumb_func
 709              	System_WakeUpPinEnable:
 710              		@ args = 0, pretend = 0, frame = 0
 711              		@ frame_needed = 0, uses_anonymous_args = 0
 712 0000 F8B5     		push	{r3, r4, r5, r6, r7, lr}
 713 0002 0400     		movs	r4, r0
 714 0004 0E00     		movs	r6, r1
 715 0006 1500     		movs	r5, r2
 716 0008 1F00     		movs	r7, r3
 717 000a 012A     		cmp	r2, #1
 718 000c 0ED0     		beq	.L87
 719 000e FFF7FEFF 		bl	System_DebounceWakeupStatus
 720              	.L86:
 721 0012 3100     		movs	r1, r6
 722 0014 2000     		movs	r0, r4
 723 0016 FFF7FEFF 		bl	Pad_WakeupPolarityValue
 724 001a 2900     		movs	r1, r5
 725 001c 2000     		movs	r0, r4
ARM GAS  C:\Users\pc\AppData\Local\Temp\ccVO9QLl.s 			page 13


 726 001e FFF7FEFF 		bl	Pad_WKDebounceConfig
 727 0022 0121     		movs	r1, #1
 728 0024 2000     		movs	r0, r4
 729 0026 FFF7FEFF 		bl	Pad_WakeupEnableValue
 730              		@ sp needed
 731 002a F8BD     		pop	{r3, r4, r5, r6, r7, pc}
 732              	.L87:
 733 002c FFF7FEFF 		bl	System_WakeUpPinDisable
 734 0030 381C     		adds	r0, r7, #0
 735 0032 3F2F     		cmp	r7, #63
 736 0034 00D9     		bls	.L85
 737 0036 3F20     		movs	r0, #63
 738              	.L85:
 739 0038 C0B2     		uxtb	r0, r0
 740 003a FFF7FEFF 		bl	System_WakeUpDebounceTime
 741 003e E8E7     		b	.L86
 743              		.section	.text.Pad_ClearWakeupINTPendingBit,"ax",%progbits
 744              		.align	1
 745              		.global	Pad_ClearWakeupINTPendingBit
 746              		.syntax unified
 747              		.code	16
 748              		.thumb_func
 750              	Pad_ClearWakeupINTPendingBit:
 751              		@ args = 0, pretend = 0, frame = 0
 752              		@ frame_needed = 0, uses_anonymous_args = 0
 753 0000 70B5     		push	{r4, r5, r6, lr}
 754 0002 4000     		lsls	r0, r0, #1
 755 0004 074B     		ldr	r3, .L89
 756 0006 C55A     		ldrh	r5, [r0, r3]
 757 0008 2C05     		lsls	r4, r5, #20
 758 000a 240D     		lsrs	r4, r4, #20
 759 000c 2000     		movs	r0, r4
 760 000e FFF7FEFF 		bl	btaon_fast_read_safe
 761 0012 2D0B     		lsrs	r5, r5, #12
 762 0014 0121     		movs	r1, #1
 763 0016 A940     		lsls	r1, r1, r5
 764 0018 0143     		orrs	r1, r0
 765 001a 89B2     		uxth	r1, r1
 766 001c 2000     		movs	r0, r4
 767 001e FFF7FEFF 		bl	btaon_fast_write_safe
 768              		@ sp needed
 769 0022 70BD     		pop	{r4, r5, r6, pc}
 770              	.L90:
 771              		.align	2
 772              	.L89:
 773 0024 00000000 		.word	.LANCHOR1
 775              		.section	.text.Pad_ClearAllWakeupINT,"ax",%progbits
 776              		.align	1
 777              		.global	Pad_ClearAllWakeupINT
 778              		.syntax unified
 779              		.code	16
 780              		.thumb_func
 782              	Pad_ClearAllWakeupINT:
 783              		@ args = 0, pretend = 0, frame = 0
 784              		@ frame_needed = 0, uses_anonymous_args = 0
 785 0000 10B5     		push	{r4, lr}
 786 0002 9A20     		movs	r0, #154
ARM GAS  C:\Users\pc\AppData\Local\Temp\ccVO9QLl.s 			page 14


 787 0004 FFF7FEFF 		bl	btaon_fast_read_safe
 788 0008 1049     		ldr	r1, .L92
 789 000a 0143     		orrs	r1, r0
 790 000c 89B2     		uxth	r1, r1
 791 000e 9A20     		movs	r0, #154
 792 0010 FFF7FEFF 		bl	btaon_fast_write_safe
 793 0014 AE20     		movs	r0, #174
 794 0016 FFF7FEFF 		bl	btaon_fast_read_safe
 795 001a 7F21     		movs	r1, #127
 796 001c 0143     		orrs	r1, r0
 797 001e 89B2     		uxth	r1, r1
 798 0020 AE20     		movs	r0, #174
 799 0022 FFF7FEFF 		bl	btaon_fast_write_safe
 800 0026 D220     		movs	r0, #210
 801 0028 FFF7FEFF 		bl	btaon_fast_read_safe
 802 002c 0849     		ldr	r1, .L92+4
 803 002e 0143     		orrs	r1, r0
 804 0030 89B2     		uxth	r1, r1
 805 0032 D220     		movs	r0, #210
 806 0034 FFF7FEFF 		bl	btaon_fast_write_safe
 807 0038 F420     		movs	r0, #244
 808 003a FFF7FEFF 		bl	btaon_fast_read_safe
 809 003e 0549     		ldr	r1, .L92+8
 810 0040 0143     		orrs	r1, r0
 811 0042 89B2     		uxth	r1, r1
 812 0044 F420     		movs	r0, #244
 813 0046 FFF7FEFF 		bl	btaon_fast_write_safe
 814              		@ sp needed
 815 004a 10BD     		pop	{r4, pc}
 816              	.L93:
 817              		.align	2
 818              	.L92:
 819 004c FF1B0000 		.word	7167
 820 0050 FF010000 		.word	511
 821 0054 FF030000 		.word	1023
 823              		.section	.text.Pad_SetDrivingCurrent,"ax",%progbits
 824              		.align	1
 825              		.global	Pad_SetDrivingCurrent
 826              		.syntax unified
 827              		.code	16
 828              		.thumb_func
 830              	Pad_SetDrivingCurrent:
 831              		@ args = 0, pretend = 0, frame = 0
 832              		@ frame_needed = 0, uses_anonymous_args = 0
 833 0000 70B5     		push	{r4, r5, r6, lr}
 834 0002 0C00     		movs	r4, r1
 835 0004 0028     		cmp	r0, #0
 836 0006 04D0     		beq	.L95
 837 0008 431F     		subs	r3, r0, #5
 838 000a 012B     		cmp	r3, #1
 839 000c 01D9     		bls	.L95
 840 000e 2528     		cmp	r0, #37
 841 0010 0DD1     		bne	.L94
 842              	.L95:
 843 0012 4000     		lsls	r0, r0, #1
 844 0014 064B     		ldr	r3, .L97
 845 0016 1D5C     		ldrb	r5, [r3, r0]
ARM GAS  C:\Users\pc\AppData\Local\Temp\ccVO9QLl.s 			page 15


 846 0018 2800     		movs	r0, r5
 847 001a FFF7FEFF 		bl	btaon_fast_read_safe
 848 001e E102     		lsls	r1, r4, #11
 849 0020 044C     		ldr	r4, .L97+4
 850 0022 2040     		ands	r0, r4
 851 0024 0143     		orrs	r1, r0
 852 0026 89B2     		uxth	r1, r1
 853 0028 2800     		movs	r0, r5
 854 002a FFF7FEFF 		bl	btaon_fast_write_safe
 855              	.L94:
 856              		@ sp needed
 857 002e 70BD     		pop	{r4, r5, r6, pc}
 858              	.L98:
 859              		.align	2
 860              	.L97:
 861 0030 00000000 		.word	.LANCHOR0
 862 0034 FFE7FFFF 		.word	-6145
 864              		.section	.text.Pinmux_L8080_Sel_Intfc,"ax",%progbits
 865              		.align	1
 866              		.global	Pinmux_L8080_Sel_Intfc
 867              		.syntax unified
 868              		.code	16
 869              		.thumb_func
 871              	Pinmux_L8080_Sel_Intfc:
 872              		@ args = 0, pretend = 0, frame = 0
 873              		@ frame_needed = 0, uses_anonymous_args = 0
 874              		@ link register save eliminated.
 875 0000 0328     		cmp	r0, #3
 876 0002 06D8     		bhi	.L99
 877 0004 034A     		ldr	r2, .L101
 878 0006 1368     		ldr	r3, [r2]
 879 0008 0349     		ldr	r1, .L101+4
 880 000a 0B40     		ands	r3, r1
 881 000c 0007     		lsls	r0, r0, #28
 882 000e 1843     		orrs	r0, r3
 883 0010 1060     		str	r0, [r2]
 884              	.L99:
 885              		@ sp needed
 886 0012 7047     		bx	lr
 887              	.L102:
 888              		.align	2
 889              	.L101:
 890 0014 A8020040 		.word	1073742504
 891 0018 FFFFFFCF 		.word	-805306369
 893              		.section	.text.Pinmux_L8080_Enable,"ax",%progbits
 894              		.align	1
 895              		.global	Pinmux_L8080_Enable
 896              		.syntax unified
 897              		.code	16
 898              		.thumb_func
 900              	Pinmux_L8080_Enable:
 901              		@ args = 0, pretend = 0, frame = 0
 902              		@ frame_needed = 0, uses_anonymous_args = 0
 903              		@ link register save eliminated.
 904 0000 2328     		cmp	r0, #35
 905 0002 0DD8     		bhi	.L103
 906 0004 8300     		lsls	r3, r0, #2
ARM GAS  C:\Users\pc\AppData\Local\Temp\ccVO9QLl.s 			page 16


 907 0006 104A     		ldr	r2, .L113
 908 0008 D358     		ldr	r3, [r2, r3]
 909 000a 9F46     		mov	pc, r3
 910              		.section	.rodata.Pinmux_L8080_Enable,"a",%progbits
 911              		.align	2
 912              	.L106:
 913 0000 20000000 		.word	.L103
 914 0004 0C000000 		.word	.L110
 915 0008 0C000000 		.word	.L110
 916 000c 20000000 		.word	.L103
 917 0010 22000000 		.word	.L109
 918 0014 22000000 		.word	.L109
 919 0018 20000000 		.word	.L103
 920 001c 20000000 		.word	.L103
 921 0020 20000000 		.word	.L103
 922 0024 20000000 		.word	.L103
 923 0028 20000000 		.word	.L103
 924 002c 20000000 		.word	.L103
 925 0030 20000000 		.word	.L103
 926 0034 20000000 		.word	.L103
 927 0038 20000000 		.word	.L103
 928 003c 20000000 		.word	.L103
 929 0040 34000000 		.word	.L112
 930 0044 20000000 		.word	.L103
 931 0048 20000000 		.word	.L103
 932 004c 20000000 		.word	.L103
 933 0050 20000000 		.word	.L103
 934 0054 20000000 		.word	.L103
 935 0058 20000000 		.word	.L103
 936 005c 20000000 		.word	.L103
 937 0060 20000000 		.word	.L103
 938 0064 20000000 		.word	.L103
 939 0068 28000000 		.word	.L107
 940 006c 28000000 		.word	.L107
 941 0070 28000000 		.word	.L107
 942 0074 28000000 		.word	.L107
 943 0078 28000000 		.word	.L107
 944 007c 20000000 		.word	.L103
 945 0080 2E000000 		.word	.L105
 946 0084 2E000000 		.word	.L105
 947 0088 2E000000 		.word	.L105
 948 008c 2E000000 		.word	.L105
 949              		.section	.text.Pinmux_L8080_Enable
 950              	.L110:
 951 000c 0138     		subs	r0, r0, #1
 952 000e C0B2     		uxtb	r0, r0
 953              	.L108:
 954 0010 0029     		cmp	r1, #0
 955 0012 11D0     		beq	.L111
 956 0014 0D4A     		ldr	r2, .L113+4
 957 0016 1168     		ldr	r1, [r2]
 958 0018 0123     		movs	r3, #1
 959 001a 8340     		lsls	r3, r3, r0
 960 001c 0B43     		orrs	r3, r1
 961 001e 1360     		str	r3, [r2]
 962              	.L103:
 963              		@ sp needed
ARM GAS  C:\Users\pc\AppData\Local\Temp\ccVO9QLl.s 			page 17


 964 0020 7047     		bx	lr
 965              	.L109:
 966 0022 0238     		subs	r0, r0, #2
 967 0024 C0B2     		uxtb	r0, r0
 968 0026 F3E7     		b	.L108
 969              	.L107:
 970 0028 1538     		subs	r0, r0, #21
 971 002a C0B2     		uxtb	r0, r0
 972 002c F0E7     		b	.L108
 973              	.L105:
 974 002e 1638     		subs	r0, r0, #22
 975 0030 C0B2     		uxtb	r0, r0
 976 0032 EDE7     		b	.L108
 977              	.L112:
 978 0034 0420     		movs	r0, #4
 979 0036 EBE7     		b	.L108
 980              	.L111:
 981 0038 0449     		ldr	r1, .L113+4
 982 003a 0B68     		ldr	r3, [r1]
 983 003c 0122     		movs	r2, #1
 984 003e 8240     		lsls	r2, r2, r0
 985 0040 9343     		bics	r3, r2
 986 0042 0B60     		str	r3, [r1]
 987 0044 ECE7     		b	.L103
 988              	.L114:
 989 0046 C046     		.align	2
 990              	.L113:
 991 0048 00000000 		.word	.L106
 992 004c A8020040 		.word	1073742504
 994              		.section	.text.Spic0_control,"ax",%progbits
 995              		.align	1
 996              		.global	Spic0_control
 997              		.syntax unified
 998              		.code	16
 999              		.thumb_func
 1001              	Spic0_control:
 1002              		@ args = 0, pretend = 0, frame = 0
 1003              		@ frame_needed = 0, uses_anonymous_args = 0
 1004              		@ link register save eliminated.
 1005 0000 0028     		cmp	r0, #0
 1006 0002 06D0     		beq	.L116
 1007 0004 064A     		ldr	r2, .L118
 1008 0006 1168     		ldr	r1, [r2]
 1009 0008 8023     		movs	r3, #128
 1010 000a 5B04     		lsls	r3, r3, #17
 1011 000c 0B43     		orrs	r3, r1
 1012 000e 1360     		str	r3, [r2]
 1013              	.L115:
 1014              		@ sp needed
 1015 0010 7047     		bx	lr
 1016              	.L116:
 1017 0012 034A     		ldr	r2, .L118
 1018 0014 1368     		ldr	r3, [r2]
 1019 0016 0349     		ldr	r1, .L118+4
 1020 0018 0B40     		ands	r3, r1
 1021 001a 1360     		str	r3, [r2]
 1022 001c F8E7     		b	.L115
ARM GAS  C:\Users\pc\AppData\Local\Temp\ccVO9QLl.s 			page 18


 1023              	.L119:
 1024 001e C046     		.align	2
 1025              	.L118:
 1026 0020 A8020040 		.word	1073742504
 1027 0024 FFFFFFFE 		.word	-16777217
 1029              		.section	.text.Spic1_control,"ax",%progbits
 1030              		.align	1
 1031              		.global	Spic1_control
 1032              		.syntax unified
 1033              		.code	16
 1034              		.thumb_func
 1036              	Spic1_control:
 1037              		@ args = 0, pretend = 0, frame = 0
 1038              		@ frame_needed = 0, uses_anonymous_args = 0
 1039              		@ link register save eliminated.
 1040 0000 0028     		cmp	r0, #0
 1041 0002 06D0     		beq	.L121
 1042 0004 064A     		ldr	r2, .L123
 1043 0006 1168     		ldr	r1, [r2]
 1044 0008 8023     		movs	r3, #128
 1045 000a 5B00     		lsls	r3, r3, #1
 1046 000c 0B43     		orrs	r3, r1
 1047 000e 1360     		str	r3, [r2]
 1048              	.L120:
 1049              		@ sp needed
 1050 0010 7047     		bx	lr
 1051              	.L121:
 1052 0012 034A     		ldr	r2, .L123
 1053 0014 1368     		ldr	r3, [r2]
 1054 0016 0349     		ldr	r1, .L123+4
 1055 0018 0B40     		ands	r3, r1
 1056 001a 1360     		str	r3, [r2]
 1057 001c F8E7     		b	.L120
 1058              	.L124:
 1059 001e C046     		.align	2
 1060              	.L123:
 1061 0020 A8020040 		.word	1073742504
 1062 0024 FFFEFFFF 		.word	-257
 1064              		.global	WKSTATUS_TABLE
 1065              		.global	PINADDR_TABLE
 1066              		.section	.rodata.PINADDR_TABLE,"a"
 1067              		.align	2
 1068              		.set	.LANCHOR0,. + 0
 1071              	PINADDR_TABLE:
 1072 0000 E000     		.short	224
 1073 0002 E200     		.short	226
 1074 0004 E400     		.short	228
 1075 0006 E600     		.short	230
 1076 0008 E800     		.short	232
 1077 000a A000     		.short	160
 1078 000c A200     		.short	162
 1079 000e A400     		.short	164
 1080 0010 EA00     		.short	234
 1081 0012 EC00     		.short	236
 1082 0014 EE00     		.short	238
 1083 0016 F000     		.short	240
 1084 0018 F200     		.short	242
ARM GAS  C:\Users\pc\AppData\Local\Temp\ccVO9QLl.s 			page 19


 1085 001a 8000     		.short	128
 1086 001c 8200     		.short	130
 1087 001e 8400     		.short	132
 1088 0020 C000     		.short	192
 1089 0022 C200     		.short	194
 1090 0024 C400     		.short	196
 1091 0026 C600     		.short	198
 1092 0028 C800     		.short	200
 1093 002a CA00     		.short	202
 1094 002c CC00     		.short	204
 1095 002e CE00     		.short	206
 1096 0030 8600     		.short	134
 1097 0032 8800     		.short	136
 1098 0034 8A00     		.short	138
 1099 0036 8C00     		.short	140
 1100 0038 8E00     		.short	142
 1101 003a 9000     		.short	144
 1102 003c 9200     		.short	146
 1103 003e 0000     		.short	0
 1104 0040 A600     		.short	166
 1105 0042 A800     		.short	168
 1106 0044 AA00     		.short	170
 1107 0046 AC00     		.short	172
 1108 0048 D000     		.short	208
 1109 004a 9600     		.short	150
 1110 004c 9800     		.short	152
 1111              		.section	.rodata.WKSTATUS_TABLE,"a"
 1112              		.align	2
 1113              		.set	.LANCHOR1,. + 0
 1116              	WKSTATUS_TABLE:
 1117 0000 F400     		.short	244
 1118 0002 F410     		.short	4340
 1119 0004 F420     		.short	8436
 1120 0006 F430     		.short	12532
 1121 0008 F440     		.short	16628
 1122 000a AE00     		.short	174
 1123 000c AE10     		.short	4270
 1124 000e AE20     		.short	8366
 1125 0010 F450     		.short	20724
 1126 0012 F460     		.short	24820
 1127 0014 F470     		.short	28916
 1128 0016 F480     		.short	-32524
 1129 0018 F490     		.short	-28428
 1130 001a 9A00     		.short	154
 1131 001c 9A10     		.short	4250
 1132 001e 9A20     		.short	8346
 1133 0020 D200     		.short	210
 1134 0022 D210     		.short	4306
 1135 0024 D220     		.short	8402
 1136 0026 D230     		.short	12498
 1137 0028 D240     		.short	16594
 1138 002a D250     		.short	20690
 1139 002c D260     		.short	24786
 1140 002e D270     		.short	28882
 1141 0030 9A30     		.short	12442
 1142 0032 9A40     		.short	16538
 1143 0034 9A50     		.short	20634
ARM GAS  C:\Users\pc\AppData\Local\Temp\ccVO9QLl.s 			page 20


 1144 0036 9A60     		.short	24730
 1145 0038 9A70     		.short	28826
 1146 003a 9A80     		.short	-32614
 1147 003c 9A90     		.short	-28518
 1148 003e 0000     		.short	0
 1149 0040 AE30     		.short	12462
 1150 0042 AE40     		.short	16558
 1151 0044 AE50     		.short	20654
 1152 0046 AE60     		.short	24750
 1153 0048 D280     		.short	-32558
 1154 004a 9AB0     		.short	-20326
 1155 004c 9AC0     		.short	-16230
 1156              		.ident	"GCC: (GNU Arm Embedded Toolchain 10.3-2021.10) 10.3.1 20210824 (release)"
ARM GAS  C:\Users\pc\AppData\Local\Temp\ccVO9QLl.s 			page 21


DEFINED SYMBOLS
                            *ABS*:00000000 rtl876x_pinmux.c
C:\Users\pc\AppData\Local\Temp\ccVO9QLl.s:16     .text.Pinmux_Reset:00000000 $t
C:\Users\pc\AppData\Local\Temp\ccVO9QLl.s:22     .text.Pinmux_Reset:00000000 Pinmux_Reset
C:\Users\pc\AppData\Local\Temp\ccVO9QLl.s:40     .text.Pinmux_Reset:00000014 $d
C:\Users\pc\AppData\Local\Temp\ccVO9QLl.s:43     .text.Pinmux_Deinit:00000000 $t
C:\Users\pc\AppData\Local\Temp\ccVO9QLl.s:49     .text.Pinmux_Deinit:00000000 Pinmux_Deinit
C:\Users\pc\AppData\Local\Temp\ccVO9QLl.s:71     .text.Pinmux_Deinit:0000001c $d
C:\Users\pc\AppData\Local\Temp\ccVO9QLl.s:74     .text.Pinmux_Config:00000000 $t
C:\Users\pc\AppData\Local\Temp\ccVO9QLl.s:80     .text.Pinmux_Config:00000000 Pinmux_Config
C:\Users\pc\AppData\Local\Temp\ccVO9QLl.s:104    .text.Pinmux_Config:00000024 $d
C:\Users\pc\AppData\Local\Temp\ccVO9QLl.s:107    .text.Pad_Config:00000000 $t
C:\Users\pc\AppData\Local\Temp\ccVO9QLl.s:113    .text.Pad_Config:00000000 Pad_Config
C:\Users\pc\AppData\Local\Temp\ccVO9QLl.s:184    .text.Pad_Config:0000007c $d
C:\Users\pc\AppData\Local\Temp\ccVO9QLl.s:190    .text.System_WakeUpDebounceTime:00000000 $t
C:\Users\pc\AppData\Local\Temp\ccVO9QLl.s:196    .text.System_WakeUpDebounceTime:00000000 System_WakeUpDebounceTime
C:\Users\pc\AppData\Local\Temp\ccVO9QLl.s:220    .text.System_WakeUpDebounceTime:00000028 $d
C:\Users\pc\AppData\Local\Temp\ccVO9QLl.s:224    .text.Pad_OutputControlValue:00000000 $t
C:\Users\pc\AppData\Local\Temp\ccVO9QLl.s:230    .text.Pad_OutputControlValue:00000000 Pad_OutputControlValue
C:\Users\pc\AppData\Local\Temp\ccVO9QLl.s:257    .text.Pad_OutputControlValue:00000028 $d
C:\Users\pc\AppData\Local\Temp\ccVO9QLl.s:261    .text.Pad_OutputEnableValue:00000000 $t
C:\Users\pc\AppData\Local\Temp\ccVO9QLl.s:267    .text.Pad_OutputEnableValue:00000000 Pad_OutputEnableValue
C:\Users\pc\AppData\Local\Temp\ccVO9QLl.s:294    .text.Pad_OutputEnableValue:00000028 $d
C:\Users\pc\AppData\Local\Temp\ccVO9QLl.s:298    .text.Pad_PullEnableValue:00000000 $t
C:\Users\pc\AppData\Local\Temp\ccVO9QLl.s:304    .text.Pad_PullEnableValue:00000000 Pad_PullEnableValue
C:\Users\pc\AppData\Local\Temp\ccVO9QLl.s:331    .text.Pad_PullEnableValue:00000028 $d
C:\Users\pc\AppData\Local\Temp\ccVO9QLl.s:335    .text.Pad_PullUpOrDownValue:00000000 $t
C:\Users\pc\AppData\Local\Temp\ccVO9QLl.s:341    .text.Pad_PullUpOrDownValue:00000000 Pad_PullUpOrDownValue
C:\Users\pc\AppData\Local\Temp\ccVO9QLl.s:368    .text.Pad_PullUpOrDownValue:00000028 $d
C:\Users\pc\AppData\Local\Temp\ccVO9QLl.s:372    .text.Pad_PullConfigValue:00000000 $t
C:\Users\pc\AppData\Local\Temp\ccVO9QLl.s:378    .text.Pad_PullConfigValue:00000000 Pad_PullConfigValue
C:\Users\pc\AppData\Local\Temp\ccVO9QLl.s:405    .text.Pad_PullConfigValue:00000028 $d
C:\Users\pc\AppData\Local\Temp\ccVO9QLl.s:409    .text.Pad_PowerOrShutDownValue:00000000 $t
C:\Users\pc\AppData\Local\Temp\ccVO9QLl.s:415    .text.Pad_PowerOrShutDownValue:00000000 Pad_PowerOrShutDownValue
C:\Users\pc\AppData\Local\Temp\ccVO9QLl.s:443    .text.Pad_PowerOrShutDownValue:0000002c $d
C:\Users\pc\AppData\Local\Temp\ccVO9QLl.s:447    .text.Pad_ControlSelectValue:00000000 $t
C:\Users\pc\AppData\Local\Temp\ccVO9QLl.s:453    .text.Pad_ControlSelectValue:00000000 Pad_ControlSelectValue
C:\Users\pc\AppData\Local\Temp\ccVO9QLl.s:481    .text.Pad_ControlSelectValue:0000002c $d
C:\Users\pc\AppData\Local\Temp\ccVO9QLl.s:485    .text.Pad_WakeupEnableValue:00000000 $t
C:\Users\pc\AppData\Local\Temp\ccVO9QLl.s:491    .text.Pad_WakeupEnableValue:00000000 Pad_WakeupEnableValue
C:\Users\pc\AppData\Local\Temp\ccVO9QLl.s:518    .text.Pad_WakeupEnableValue:00000028 $d
C:\Users\pc\AppData\Local\Temp\ccVO9QLl.s:522    .text.System_WakeUpPinDisable:00000000 $t
C:\Users\pc\AppData\Local\Temp\ccVO9QLl.s:528    .text.System_WakeUpPinDisable:00000000 System_WakeUpPinDisable
C:\Users\pc\AppData\Local\Temp\ccVO9QLl.s:538    .text.Pad_WakeupPolarityValue:00000000 $t
C:\Users\pc\AppData\Local\Temp\ccVO9QLl.s:544    .text.Pad_WakeupPolarityValue:00000000 Pad_WakeupPolarityValue
C:\Users\pc\AppData\Local\Temp\ccVO9QLl.s:571    .text.Pad_WakeupPolarityValue:00000028 $d
C:\Users\pc\AppData\Local\Temp\ccVO9QLl.s:575    .text.Pad_WKDebounceConfig:00000000 $t
C:\Users\pc\AppData\Local\Temp\ccVO9QLl.s:581    .text.Pad_WKDebounceConfig:00000000 Pad_WKDebounceConfig
C:\Users\pc\AppData\Local\Temp\ccVO9QLl.s:609    .text.Pad_WKDebounceConfig:0000002c $d
C:\Users\pc\AppData\Local\Temp\ccVO9QLl.s:613    .text.Pad_WakeupInterruptValue:00000000 $t
C:\Users\pc\AppData\Local\Temp\ccVO9QLl.s:619    .text.Pad_WakeupInterruptValue:00000000 Pad_WakeupInterruptValue
C:\Users\pc\AppData\Local\Temp\ccVO9QLl.s:642    .text.Pad_WakeupInterruptValue:00000024 $d
C:\Users\pc\AppData\Local\Temp\ccVO9QLl.s:645    .text.System_WakeUpInterruptValue:00000000 $t
C:\Users\pc\AppData\Local\Temp\ccVO9QLl.s:651    .text.System_WakeUpInterruptValue:00000000 System_WakeUpInterruptValue
C:\Users\pc\AppData\Local\Temp\ccVO9QLl.s:660    .text.Pad_DebounceWakeupStatus:00000000 $t
C:\Users\pc\AppData\Local\Temp\ccVO9QLl.s:666    .text.Pad_DebounceWakeupStatus:00000000 Pad_DebounceWakeupStatus
C:\Users\pc\AppData\Local\Temp\ccVO9QLl.s:685    .text.Pad_DebounceWakeupStatus:0000001c $d
ARM GAS  C:\Users\pc\AppData\Local\Temp\ccVO9QLl.s 			page 22


C:\Users\pc\AppData\Local\Temp\ccVO9QLl.s:688    .text.System_DebounceWakeupStatus:00000000 $t
C:\Users\pc\AppData\Local\Temp\ccVO9QLl.s:694    .text.System_DebounceWakeupStatus:00000000 System_DebounceWakeupStatus
C:\Users\pc\AppData\Local\Temp\ccVO9QLl.s:703    .text.System_WakeUpPinEnable:00000000 $t
C:\Users\pc\AppData\Local\Temp\ccVO9QLl.s:709    .text.System_WakeUpPinEnable:00000000 System_WakeUpPinEnable
C:\Users\pc\AppData\Local\Temp\ccVO9QLl.s:744    .text.Pad_ClearWakeupINTPendingBit:00000000 $t
C:\Users\pc\AppData\Local\Temp\ccVO9QLl.s:750    .text.Pad_ClearWakeupINTPendingBit:00000000 Pad_ClearWakeupINTPendingBit
C:\Users\pc\AppData\Local\Temp\ccVO9QLl.s:773    .text.Pad_ClearWakeupINTPendingBit:00000024 $d
C:\Users\pc\AppData\Local\Temp\ccVO9QLl.s:776    .text.Pad_ClearAllWakeupINT:00000000 $t
C:\Users\pc\AppData\Local\Temp\ccVO9QLl.s:782    .text.Pad_ClearAllWakeupINT:00000000 Pad_ClearAllWakeupINT
C:\Users\pc\AppData\Local\Temp\ccVO9QLl.s:819    .text.Pad_ClearAllWakeupINT:0000004c $d
C:\Users\pc\AppData\Local\Temp\ccVO9QLl.s:824    .text.Pad_SetDrivingCurrent:00000000 $t
C:\Users\pc\AppData\Local\Temp\ccVO9QLl.s:830    .text.Pad_SetDrivingCurrent:00000000 Pad_SetDrivingCurrent
C:\Users\pc\AppData\Local\Temp\ccVO9QLl.s:861    .text.Pad_SetDrivingCurrent:00000030 $d
C:\Users\pc\AppData\Local\Temp\ccVO9QLl.s:865    .text.Pinmux_L8080_Sel_Intfc:00000000 $t
C:\Users\pc\AppData\Local\Temp\ccVO9QLl.s:871    .text.Pinmux_L8080_Sel_Intfc:00000000 Pinmux_L8080_Sel_Intfc
C:\Users\pc\AppData\Local\Temp\ccVO9QLl.s:890    .text.Pinmux_L8080_Sel_Intfc:00000014 $d
C:\Users\pc\AppData\Local\Temp\ccVO9QLl.s:894    .text.Pinmux_L8080_Enable:00000000 $t
C:\Users\pc\AppData\Local\Temp\ccVO9QLl.s:900    .text.Pinmux_L8080_Enable:00000000 Pinmux_L8080_Enable
C:\Users\pc\AppData\Local\Temp\ccVO9QLl.s:911    .rodata.Pinmux_L8080_Enable:00000000 $d
C:\Users\pc\AppData\Local\Temp\ccVO9QLl.s:991    .text.Pinmux_L8080_Enable:00000048 $d
C:\Users\pc\AppData\Local\Temp\ccVO9QLl.s:995    .text.Spic0_control:00000000 $t
C:\Users\pc\AppData\Local\Temp\ccVO9QLl.s:1001   .text.Spic0_control:00000000 Spic0_control
C:\Users\pc\AppData\Local\Temp\ccVO9QLl.s:1026   .text.Spic0_control:00000020 $d
C:\Users\pc\AppData\Local\Temp\ccVO9QLl.s:1030   .text.Spic1_control:00000000 $t
C:\Users\pc\AppData\Local\Temp\ccVO9QLl.s:1036   .text.Spic1_control:00000000 Spic1_control
C:\Users\pc\AppData\Local\Temp\ccVO9QLl.s:1061   .text.Spic1_control:00000020 $d
C:\Users\pc\AppData\Local\Temp\ccVO9QLl.s:1116   .rodata.WKSTATUS_TABLE:00000000 WKSTATUS_TABLE
C:\Users\pc\AppData\Local\Temp\ccVO9QLl.s:1071   .rodata.PINADDR_TABLE:00000000 PINADDR_TABLE
C:\Users\pc\AppData\Local\Temp\ccVO9QLl.s:1067   .rodata.PINADDR_TABLE:00000000 $d
C:\Users\pc\AppData\Local\Temp\ccVO9QLl.s:1112   .rodata.WKSTATUS_TABLE:00000000 $d

UNDEFINED SYMBOLS
btaon_fast_read_safe
btaon_fast_write_safe
