ARM GAS  C:\Users\pc\AppData\Local\Temp\cc111sow.s 			page 1


   1              		.cpu cortex-m0plus
   2              		.arch armv6s-m
   3              		.fpu softvfp
   4              		.eabi_attribute 20, 1
   5              		.eabi_attribute 21, 1
   6              		.eabi_attribute 23, 3
   7              		.eabi_attribute 24, 1
   8              		.eabi_attribute 25, 1
   9              		.eabi_attribute 26, 1
  10              		.eabi_attribute 30, 1
  11              		.eabi_attribute 34, 0
  12              		.eabi_attribute 18, 4
  13              		.file	"rtl876x_rcc.c"
  14              		.text
  15              		.section	.text.RCC_PeriphClockCmd,"ax",%progbits
  16              		.align	1
  17              		.global	RCC_PeriphClockCmd
  18              		.syntax unified
  19              		.code	16
  20              		.thumb_func
  22              	RCC_PeriphClockCmd:
  23              		@ args = 0, pretend = 0, frame = 0
  24              		@ frame_needed = 0, uses_anonymous_args = 0
  25 0000 70B5     		push	{r4, r5, r6, lr}
  26 0002 850E     		lsrs	r5, r0, #26
  27 0004 0323     		movs	r3, #3
  28 0006 1D40     		ands	r5, r3
  29 0008 4C0F     		lsrs	r4, r1, #29
  30 000a 2340     		ands	r3, r4
  31 000c 012A     		cmp	r2, #1
  32 000e 1FD0     		beq	.L23
  33 0010 0A00     		movs	r2, r1
  34 0012 213A     		subs	r2, r2, #33
  35 0014 FF3A     		subs	r2, r2, #255
  36 0016 2024     		movs	r4, #32
  37 0018 A243     		bics	r2, r4
  38 001a 7AD0     		beq	.L16
  39 001c 1029     		cmp	r1, #16
  40 001e 78D0     		beq	.L16
  41 0020 504A     		ldr	r2, .L27
  42 0022 1140     		ands	r1, r2
  43 0024 AC00     		lsls	r4, r5, #2
  44 0026 504A     		ldr	r2, .L27+4
  45 0028 9446     		mov	ip, r2
  46 002a 6444     		add	r4, r4, ip
  47 002c 4F4A     		ldr	r2, .L27+8
  48 002e 1040     		ands	r0, r2
  49 0030 2268     		ldr	r2, [r4]
  50 0032 8243     		bics	r2, r0
  51 0034 2260     		str	r2, [r4]
  52 0036 0029     		cmp	r1, #0
  53 0038 00DA     		bge	.LCB36
  54 003a 70E0     		b	.L24	@long jump
  55              	.LCB36:
  56 003c 9B00     		lsls	r3, r3, #2
  57 003e 4C4A     		ldr	r2, .L27+12
  58 0040 9446     		mov	ip, r2
ARM GAS  C:\Users\pc\AppData\Local\Temp\cc111sow.s 			page 2


  59 0042 6344     		add	r3, r3, ip
  60 0044 4A00     		lsls	r2, r1, #1
  61 0046 1143     		orrs	r1, r2
  62 0048 1A68     		ldr	r2, [r3]
  63 004a 8A43     		bics	r2, r1
  64 004c 1A60     		str	r2, [r3]
  65 004e 65E0     		b	.L1
  66              	.L23:
  67 0050 484A     		ldr	r2, .L27+16
  68 0052 9142     		cmp	r1, r2
  69 0054 13D0     		beq	.L25
  70 0056 C222     		movs	r2, #194
  71 0058 D205     		lsls	r2, r2, #23
  72 005a 9142     		cmp	r1, r2
  73 005c 2FD0     		beq	.L26
  74 005e 464A     		ldr	r2, .L27+20
  75 0060 9142     		cmp	r1, r2
  76 0062 3DD0     		beq	.L6
  77 0064 454A     		ldr	r2, .L27+24
  78 0066 9142     		cmp	r1, r2
  79 0068 3AD0     		beq	.L6
  80 006a 454A     		ldr	r2, .L27+28
  81 006c 9142     		cmp	r1, r2
  82 006e 42D1     		bne	.L8
  83 0070 444C     		ldr	r4, .L27+32
  84 0072 2668     		ldr	r6, [r4]
  85 0074 8022     		movs	r2, #128
  86 0076 9200     		lsls	r2, r2, #2
  87 0078 3243     		orrs	r2, r6
  88 007a 2260     		str	r2, [r4]
  89 007c 0AE0     		b	.L4
  90              	.L25:
  91 007e 424A     		ldr	r2, .L27+36
  92 0080 D668     		ldr	r6, [r2, #12]
  93 0082 8024     		movs	r4, #128
  94 0084 E404     		lsls	r4, r4, #19
  95 0086 3443     		orrs	r4, r6
  96 0088 D460     		str	r4, [r2, #12]
  97 008a D668     		ldr	r6, [r2, #12]
  98 008c 8024     		movs	r4, #128
  99 008e A405     		lsls	r4, r4, #22
 100 0090 3443     		orrs	r4, r6
 101 0092 D460     		str	r4, [r2, #12]
 102              	.L4:
 103 0094 334A     		ldr	r2, .L27
 104 0096 1140     		ands	r1, r2
 105 0098 AA00     		lsls	r2, r5, #2
 106 009a 334C     		ldr	r4, .L27+4
 107 009c A446     		mov	ip, r4
 108 009e 6244     		add	r2, r2, ip
 109 00a0 324C     		ldr	r4, .L27+8
 110 00a2 2040     		ands	r0, r4
 111 00a4 1468     		ldr	r4, [r2]
 112 00a6 2043     		orrs	r0, r4
 113 00a8 1060     		str	r0, [r2]
 114              	.L13:
 115 00aa 9B00     		lsls	r3, r3, #2
ARM GAS  C:\Users\pc\AppData\Local\Temp\cc111sow.s 			page 3


 116 00ac 304A     		ldr	r2, .L27+12
 117 00ae 9446     		mov	ip, r2
 118 00b0 6344     		add	r3, r3, ip
 119 00b2 4A00     		lsls	r2, r1, #1
 120 00b4 1143     		orrs	r1, r2
 121 00b6 1A68     		ldr	r2, [r3]
 122 00b8 1143     		orrs	r1, r2
 123 00ba 1960     		str	r1, [r3]
 124 00bc 2EE0     		b	.L1
 125              	.L26:
 126 00be 324A     		ldr	r2, .L27+36
 127 00c0 D668     		ldr	r6, [r2, #12]
 128 00c2 8024     		movs	r4, #128
 129 00c4 E404     		lsls	r4, r4, #19
 130 00c6 3443     		orrs	r4, r6
 131 00c8 D460     		str	r4, [r2, #12]
 132 00ca D668     		ldr	r6, [r2, #12]
 133 00cc 8024     		movs	r4, #128
 134 00ce E403     		lsls	r4, r4, #15
 135 00d0 3443     		orrs	r4, r6
 136 00d2 D460     		str	r4, [r2, #12]
 137 00d4 D668     		ldr	r6, [r2, #12]
 138 00d6 8024     		movs	r4, #128
 139 00d8 6405     		lsls	r4, r4, #21
 140 00da 3443     		orrs	r4, r6
 141 00dc D460     		str	r4, [r2, #12]
 142 00de D9E7     		b	.L4
 143              	.L6:
 144 00e0 294A     		ldr	r2, .L27+36
 145 00e2 D668     		ldr	r6, [r2, #12]
 146 00e4 8024     		movs	r4, #128
 147 00e6 E404     		lsls	r4, r4, #19
 148 00e8 3443     		orrs	r4, r6
 149 00ea D460     		str	r4, [r2, #12]
 150 00ec D668     		ldr	r6, [r2, #12]
 151 00ee 8024     		movs	r4, #128
 152 00f0 2405     		lsls	r4, r4, #20
 153 00f2 3443     		orrs	r4, r6
 154 00f4 D460     		str	r4, [r2, #12]
 155              	.L8:
 156 00f6 0A00     		movs	r2, r1
 157 00f8 213A     		subs	r2, r2, #33
 158 00fa FF3A     		subs	r2, r2, #255
 159 00fc 2024     		movs	r4, #32
 160 00fe A243     		bics	r2, r4
 161 0100 01D0     		beq	.L18
 162 0102 1029     		cmp	r1, #16
 163 0104 16D1     		bne	.L9
 164              	.L18:
 165 0106 204A     		ldr	r2, .L27+36
 166 0108 136A     		ldr	r3, [r2, #32]
 167 010a 1943     		orrs	r1, r3
 168 010c 0843     		orrs	r0, r1
 169 010e 1062     		str	r0, [r2, #32]
 170 0110 04E0     		b	.L1
 171              	.L16:
 172 0112 1D4A     		ldr	r2, .L27+36
ARM GAS  C:\Users\pc\AppData\Local\Temp\cc111sow.s 			page 4


 173 0114 136A     		ldr	r3, [r2, #32]
 174 0116 0843     		orrs	r0, r1
 175 0118 8343     		bics	r3, r0
 176 011a 1362     		str	r3, [r2, #32]
 177              	.L1:
 178              		@ sp needed
 179 011c 70BD     		pop	{r4, r5, r6, pc}
 180              	.L24:
 181 011e 9B00     		lsls	r3, r3, #2
 182 0120 134A     		ldr	r2, .L27+12
 183 0122 9446     		mov	ip, r2
 184 0124 6344     		add	r3, r3, ip
 185 0126 4A00     		lsls	r2, r1, #1
 186 0128 8900     		lsls	r1, r1, #2
 187 012a 1143     		orrs	r1, r2
 188 012c 1A68     		ldr	r2, [r3]
 189 012e 8A43     		bics	r2, r1
 190 0130 1A60     		str	r2, [r3]
 191 0132 F3E7     		b	.L1
 192              	.L9:
 193 0134 0B4A     		ldr	r2, .L27
 194 0136 1140     		ands	r1, r2
 195 0138 AC00     		lsls	r4, r5, #2
 196 013a 0B4A     		ldr	r2, .L27+4
 197 013c 9446     		mov	ip, r2
 198 013e 6444     		add	r4, r4, ip
 199 0140 0A4A     		ldr	r2, .L27+8
 200 0142 1040     		ands	r0, r2
 201 0144 2268     		ldr	r2, [r4]
 202 0146 1043     		orrs	r0, r2
 203 0148 2060     		str	r0, [r4]
 204 014a 0029     		cmp	r1, #0
 205 014c ADDA     		bge	.L13
 206 014e 9B00     		lsls	r3, r3, #2
 207 0150 074A     		ldr	r2, .L27+12
 208 0152 9446     		mov	ip, r2
 209 0154 6344     		add	r3, r3, ip
 210 0156 4A00     		lsls	r2, r1, #1
 211 0158 8900     		lsls	r1, r1, #2
 212 015a 1143     		orrs	r1, r2
 213 015c 1A68     		ldr	r2, [r3]
 214 015e 1143     		orrs	r1, r2
 215 0160 1960     		str	r1, [r3]
 216 0162 DBE7     		b	.L1
 217              	.L28:
 218              		.align	2
 219              	.L27:
 220 0164 FFFFFF9F 		.word	-1610612737
 221 0168 10020040 		.word	1073742352
 222 016c FFFFFFF3 		.word	-201326593
 223 0170 2C020040 		.word	1073742380
 224 0174 40000060 		.word	1610612800
 225 0178 10000060 		.word	1610612752
 226 017c 00000160 		.word	1610678272
 227 0180 00400020 		.word	536887296
 228 0184 60030040 		.word	1073742688
 229 0188 00020040 		.word	1073742336
ARM GAS  C:\Users\pc\AppData\Local\Temp\cc111sow.s 			page 5


 231              		.section	.text.RCC_PeriFunctionConfig,"ax",%progbits
 232              		.align	1
 233              		.global	RCC_PeriFunctionConfig
 234              		.syntax unified
 235              		.code	16
 236              		.thumb_func
 238              	RCC_PeriFunctionConfig:
 239              		@ args = 0, pretend = 0, frame = 0
 240              		@ frame_needed = 0, uses_anonymous_args = 0
 241              		@ link register save eliminated.
 242 0000 0301     		lsls	r3, r0, #4
 243 0002 9B0F     		lsrs	r3, r3, #30
 244 0004 0129     		cmp	r1, #1
 245 0006 0ED0     		beq	.L36
 246 0008 0428     		cmp	r0, #4
 247 000a 20D0     		beq	.L34
 248 000c 421E     		subs	r2, r0, #1
 249 000e 012A     		cmp	r2, #1
 250 0010 1DD9     		bls	.L34
 251 0012 9B00     		lsls	r3, r3, #2
 252 0014 104A     		ldr	r2, .L37
 253 0016 9446     		mov	ip, r2
 254 0018 6344     		add	r3, r3, ip
 255 001a 104A     		ldr	r2, .L37+4
 256 001c 1040     		ands	r0, r2
 257 001e 1A68     		ldr	r2, [r3]
 258 0020 8243     		bics	r2, r0
 259 0022 1A60     		str	r2, [r3]
 260 0024 17E0     		b	.L29
 261              	.L36:
 262 0026 0428     		cmp	r0, #4
 263 0028 0CD0     		beq	.L31
 264 002a 421E     		subs	r2, r0, #1
 265 002c 012A     		cmp	r2, #1
 266 002e 09D9     		bls	.L31
 267 0030 9B00     		lsls	r3, r3, #2
 268 0032 094A     		ldr	r2, .L37
 269 0034 9446     		mov	ip, r2
 270 0036 6344     		add	r3, r3, ip
 271 0038 084A     		ldr	r2, .L37+4
 272 003a 1040     		ands	r0, r2
 273 003c 1A68     		ldr	r2, [r3]
 274 003e 1043     		orrs	r0, r2
 275 0040 1860     		str	r0, [r3]
 276 0042 08E0     		b	.L29
 277              	.L31:
 278 0044 064A     		ldr	r2, .L37+8
 279 0046 136A     		ldr	r3, [r2, #32]
 280 0048 1843     		orrs	r0, r3
 281 004a 1062     		str	r0, [r2, #32]
 282 004c 03E0     		b	.L29
 283              	.L34:
 284 004e 044A     		ldr	r2, .L37+8
 285 0050 136A     		ldr	r3, [r2, #32]
 286 0052 8343     		bics	r3, r0
 287 0054 1362     		str	r3, [r2, #32]
 288              	.L29:
ARM GAS  C:\Users\pc\AppData\Local\Temp\cc111sow.s 			page 6


 289              		@ sp needed
 290 0056 7047     		bx	lr
 291              	.L38:
 292              		.align	2
 293              	.L37:
 294 0058 10020040 		.word	1073742352
 295 005c FFFFFFF3 		.word	-201326593
 296 0060 00020040 		.word	1073742336
 298              		.section	.text.RCC_PeriClockConfig,"ax",%progbits
 299              		.align	1
 300              		.global	RCC_PeriClockConfig
 301              		.syntax unified
 302              		.code	16
 303              		.thumb_func
 305              	RCC_PeriClockConfig:
 306              		@ args = 0, pretend = 0, frame = 0
 307              		@ frame_needed = 0, uses_anonymous_args = 0
 308              		@ link register save eliminated.
 309 0000 4300     		lsls	r3, r0, #1
 310 0002 9B0F     		lsrs	r3, r3, #30
 311 0004 0129     		cmp	r1, #1
 312 0006 14D0     		beq	.L52
 313 0008 0200     		movs	r2, r0
 314 000a 213A     		subs	r2, r2, #33
 315 000c FF3A     		subs	r2, r2, #255
 316 000e 2021     		movs	r1, #32
 317 0010 8A43     		bics	r2, r1
 318 0012 28D0     		beq	.L44
 319 0014 1028     		cmp	r0, #16
 320 0016 26D0     		beq	.L44
 321 0018 204A     		ldr	r2, .L55
 322 001a 1040     		ands	r0, r2
 323 001c 33D4     		bmi	.L53
 324 001e 9B00     		lsls	r3, r3, #2
 325 0020 1F4A     		ldr	r2, .L55+4
 326 0022 9446     		mov	ip, r2
 327 0024 6344     		add	r3, r3, ip
 328 0026 4200     		lsls	r2, r0, #1
 329 0028 1043     		orrs	r0, r2
 330 002a 1A68     		ldr	r2, [r3]
 331 002c 8243     		bics	r2, r0
 332 002e 1A60     		str	r2, [r3]
 333 0030 1DE0     		b	.L39
 334              	.L52:
 335 0032 0200     		movs	r2, r0
 336 0034 213A     		subs	r2, r2, #33
 337 0036 FF3A     		subs	r2, r2, #255
 338 0038 1F31     		adds	r1, r1, #31
 339 003a 8A43     		bics	r2, r1
 340 003c 0ED0     		beq	.L41
 341 003e 1028     		cmp	r0, #16
 342 0040 0CD0     		beq	.L41
 343 0042 164A     		ldr	r2, .L55
 344 0044 1040     		ands	r0, r2
 345 0046 13D4     		bmi	.L54
 346 0048 9B00     		lsls	r3, r3, #2
 347 004a 154A     		ldr	r2, .L55+4
ARM GAS  C:\Users\pc\AppData\Local\Temp\cc111sow.s 			page 7


 348 004c 9446     		mov	ip, r2
 349 004e 6344     		add	r3, r3, ip
 350 0050 4200     		lsls	r2, r0, #1
 351 0052 1043     		orrs	r0, r2
 352 0054 1A68     		ldr	r2, [r3]
 353 0056 1043     		orrs	r0, r2
 354 0058 1860     		str	r0, [r3]
 355 005a 08E0     		b	.L39
 356              	.L41:
 357 005c 114A     		ldr	r2, .L55+8
 358 005e 136A     		ldr	r3, [r2, #32]
 359 0060 1843     		orrs	r0, r3
 360 0062 1062     		str	r0, [r2, #32]
 361 0064 03E0     		b	.L39
 362              	.L44:
 363 0066 0F4A     		ldr	r2, .L55+8
 364 0068 136A     		ldr	r3, [r2, #32]
 365 006a 8343     		bics	r3, r0
 366 006c 1362     		str	r3, [r2, #32]
 367              	.L39:
 368              		@ sp needed
 369 006e 7047     		bx	lr
 370              	.L54:
 371 0070 9B00     		lsls	r3, r3, #2
 372 0072 0B4A     		ldr	r2, .L55+4
 373 0074 9446     		mov	ip, r2
 374 0076 6344     		add	r3, r3, ip
 375 0078 4200     		lsls	r2, r0, #1
 376 007a 8000     		lsls	r0, r0, #2
 377 007c 1043     		orrs	r0, r2
 378 007e 1A68     		ldr	r2, [r3]
 379 0080 1043     		orrs	r0, r2
 380 0082 1860     		str	r0, [r3]
 381 0084 F3E7     		b	.L39
 382              	.L53:
 383 0086 9B00     		lsls	r3, r3, #2
 384 0088 054A     		ldr	r2, .L55+4
 385 008a 9446     		mov	ip, r2
 386 008c 6344     		add	r3, r3, ip
 387 008e 4200     		lsls	r2, r0, #1
 388 0090 8000     		lsls	r0, r0, #2
 389 0092 1043     		orrs	r0, r2
 390 0094 1A68     		ldr	r2, [r3]
 391 0096 8243     		bics	r2, r0
 392 0098 1A60     		str	r2, [r3]
 393 009a E8E7     		b	.L39
 394              	.L56:
 395              		.align	2
 396              	.L55:
 397 009c FFFFFF9F 		.word	-1610612737
 398 00a0 2C020040 		.word	1073742380
 399 00a4 00020040 		.word	1073742336
 401              		.section	.text.RCC_I2CClkDivConfig,"ax",%progbits
 402              		.align	1
 403              		.global	RCC_I2CClkDivConfig
 404              		.syntax unified
 405              		.code	16
ARM GAS  C:\Users\pc\AppData\Local\Temp\cc111sow.s 			page 8


 406              		.thumb_func
 408              	RCC_I2CClkDivConfig:
 409              		@ args = 0, pretend = 0, frame = 0
 410              		@ frame_needed = 0, uses_anonymous_args = 0
 411 0000 30B5     		push	{r4, r5, lr}
 412 0002 154B     		ldr	r3, .L62
 413 0004 9842     		cmp	r0, r3
 414 0006 03D0     		beq	.L60
 415 0008 144B     		ldr	r3, .L62+4
 416 000a 9842     		cmp	r0, r3
 417 000c 12D0     		beq	.L61
 418              	.L57:
 419              		@ sp needed
 420 000e 30BD     		pop	{r4, r5, pc}
 421              	.L60:
 422 0010 134B     		ldr	r3, .L62+8
 423 0012 986B     		ldr	r0, [r3, #56]
 424 0014 0124     		movs	r4, #1
 425 0016 A043     		bics	r0, r4
 426 0018 9863     		str	r0, [r3, #56]
 427 001a 124A     		ldr	r2, .L62+12
 428 001c 1068     		ldr	r0, [r2]
 429 001e 124D     		ldr	r5, .L62+16
 430 0020 2840     		ands	r0, r5
 431 0022 1060     		str	r0, [r2]
 432 0024 1068     		ldr	r0, [r2]
 433 0026 C903     		lsls	r1, r1, #15
 434 0028 0143     		orrs	r1, r0
 435 002a 1160     		str	r1, [r2]
 436 002c 9A6B     		ldr	r2, [r3, #56]
 437 002e 2243     		orrs	r2, r4
 438 0030 9A63     		str	r2, [r3, #56]
 439 0032 ECE7     		b	.L57
 440              	.L61:
 441 0034 0A4B     		ldr	r3, .L62+8
 442 0036 986B     		ldr	r0, [r3, #56]
 443 0038 0424     		movs	r4, #4
 444 003a A043     		bics	r0, r4
 445 003c 9863     		str	r0, [r3, #56]
 446 003e 094A     		ldr	r2, .L62+12
 447 0040 1068     		ldr	r0, [r2]
 448 0042 0A4D     		ldr	r5, .L62+20
 449 0044 2840     		ands	r0, r5
 450 0046 1060     		str	r0, [r2]
 451 0048 1068     		ldr	r0, [r2]
 452 004a 4904     		lsls	r1, r1, #17
 453 004c 0143     		orrs	r1, r0
 454 004e 1160     		str	r1, [r2]
 455 0050 9A6B     		ldr	r2, [r3, #56]
 456 0052 2243     		orrs	r2, r4
 457 0054 9A63     		str	r2, [r3, #56]
 458 0056 DAE7     		b	.L57
 459              	.L63:
 460              		.align	2
 461              	.L62:
 462 0058 00500140 		.word	1073827840
 463 005c 00540140 		.word	1073828864
ARM GAS  C:\Users\pc\AppData\Local\Temp\cc111sow.s 			page 9


 464 0060 00020040 		.word	1073742336
 465 0064 5C030040 		.word	1073742684
 466 0068 FF7FFEFF 		.word	-98305
 467 006c FFFFF9FF 		.word	-393217
 469              		.section	.text.RCC_SPIClkDivConfig,"ax",%progbits
 470              		.align	1
 471              		.global	RCC_SPIClkDivConfig
 472              		.syntax unified
 473              		.code	16
 474              		.thumb_func
 476              	RCC_SPIClkDivConfig:
 477              		@ args = 0, pretend = 0, frame = 0
 478              		@ frame_needed = 0, uses_anonymous_args = 0
 479 0000 10B5     		push	{r4, lr}
 480 0002 174B     		ldr	r3, .L69
 481 0004 9842     		cmp	r0, r3
 482 0006 03D0     		beq	.L67
 483 0008 164B     		ldr	r3, .L69+4
 484 000a 9842     		cmp	r0, r3
 485 000c 14D0     		beq	.L68
 486              	.L64:
 487              		@ sp needed
 488 000e 10BD     		pop	{r4, pc}
 489              	.L67:
 490 0010 154B     		ldr	r3, .L69+8
 491 0012 5A6B     		ldr	r2, [r3, #52]
 492 0014 1548     		ldr	r0, .L69+12
 493 0016 0240     		ands	r2, r0
 494 0018 5A63     		str	r2, [r3, #52]
 495 001a 154A     		ldr	r2, .L69+16
 496 001c 1068     		ldr	r0, [r2]
 497 001e 154C     		ldr	r4, .L69+20
 498 0020 2040     		ands	r0, r4
 499 0022 1060     		str	r0, [r2]
 500 0024 1068     		ldr	r0, [r2]
 501 0026 C904     		lsls	r1, r1, #19
 502 0028 0143     		orrs	r1, r0
 503 002a 1160     		str	r1, [r2]
 504 002c 596B     		ldr	r1, [r3, #52]
 505 002e 8022     		movs	r2, #128
 506 0030 5202     		lsls	r2, r2, #9
 507 0032 0A43     		orrs	r2, r1
 508 0034 5A63     		str	r2, [r3, #52]
 509 0036 EAE7     		b	.L64
 510              	.L68:
 511 0038 0B4B     		ldr	r3, .L69+8
 512 003a 5A6B     		ldr	r2, [r3, #52]
 513 003c 0E48     		ldr	r0, .L69+24
 514 003e 0240     		ands	r2, r0
 515 0040 5A63     		str	r2, [r3, #52]
 516 0042 0B4A     		ldr	r2, .L69+16
 517 0044 1068     		ldr	r0, [r2]
 518 0046 0D4C     		ldr	r4, .L69+28
 519 0048 2040     		ands	r0, r4
 520 004a 1060     		str	r0, [r2]
 521 004c 1068     		ldr	r0, [r2]
 522 004e 4905     		lsls	r1, r1, #21
ARM GAS  C:\Users\pc\AppData\Local\Temp\cc111sow.s 			page 10


 523 0050 0143     		orrs	r1, r0
 524 0052 1160     		str	r1, [r2]
 525 0054 596B     		ldr	r1, [r3, #52]
 526 0056 8022     		movs	r2, #128
 527 0058 D202     		lsls	r2, r2, #11
 528 005a 0A43     		orrs	r2, r1
 529 005c 5A63     		str	r2, [r3, #52]
 530 005e D6E7     		b	.L64
 531              	.L70:
 532              		.align	2
 533              	.L69:
 534 0060 00300140 		.word	1073819648
 535 0064 00340140 		.word	1073820672
 536 0068 00020040 		.word	1073742336
 537 006c FFFFFEFF 		.word	-65537
 538 0070 5C030040 		.word	1073742684
 539 0074 FFFFE7FF 		.word	-1572865
 540 0078 FFFFFBFF 		.word	-262145
 541 007c FFFF9FFF 		.word	-6291457
 543              		.section	.text.RCC_TIMClkDivConfig,"ax",%progbits
 544              		.align	1
 545              		.global	RCC_TIMClkDivConfig
 546              		.syntax unified
 547              		.code	16
 548              		.thumb_func
 550              	RCC_TIMClkDivConfig:
 551              		@ args = 0, pretend = 0, frame = 0
 552              		@ frame_needed = 0, uses_anonymous_args = 0
 553 0000 30B5     		push	{r4, r5, lr}
 554 0002 0C4B     		ldr	r3, .L72
 555 0004 1A6B     		ldr	r2, [r3, #48]
 556 0006 0C4C     		ldr	r4, .L72+4
 557 0008 2240     		ands	r2, r4
 558 000a 1A63     		str	r2, [r3, #48]
 559 000c 0B4A     		ldr	r2, .L72+8
 560 000e 1568     		ldr	r5, [r2]
 561 0010 841E     		subs	r4, r0, #2
 562 0012 6000     		lsls	r0, r4, #1
 563 0014 0019     		adds	r0, r0, r4
 564 0016 0D30     		adds	r0, r0, #13
 565 0018 0724     		movs	r4, #7
 566 001a 8440     		lsls	r4, r4, r0
 567 001c A543     		bics	r5, r4
 568 001e 1560     		str	r5, [r2]
 569 0020 1468     		ldr	r4, [r2]
 570 0022 8140     		lsls	r1, r1, r0
 571 0024 2143     		orrs	r1, r4
 572 0026 1160     		str	r1, [r2]
 573 0028 196B     		ldr	r1, [r3, #48]
 574 002a 8022     		movs	r2, #128
 575 002c D201     		lsls	r2, r2, #7
 576 002e 0A43     		orrs	r2, r1
 577 0030 1A63     		str	r2, [r3, #48]
 578              		@ sp needed
 579 0032 30BD     		pop	{r4, r5, pc}
 580              	.L73:
 581              		.align	2
ARM GAS  C:\Users\pc\AppData\Local\Temp\cc111sow.s 			page 11


 582              	.L72:
 583 0034 00020040 		.word	1073742336
 584 0038 FFBFFFFF 		.word	-16385
 585 003c 60030040 		.word	1073742688
 587              		.section	.text.RCC_UARTClkDivConfig,"ax",%progbits
 588              		.align	1
 589              		.global	RCC_UARTClkDivConfig
 590              		.syntax unified
 591              		.code	16
 592              		.thumb_func
 594              	RCC_UARTClkDivConfig:
 595              		@ args = 0, pretend = 0, frame = 0
 596              		@ frame_needed = 0, uses_anonymous_args = 0
 597 0000 30B5     		push	{r4, r5, lr}
 598 0002 214B     		ldr	r3, .L80
 599 0004 9842     		cmp	r0, r3
 600 0006 19D0     		beq	.L78
 601 0008 204B     		ldr	r3, .L80+4
 602 000a 9842     		cmp	r0, r3
 603 000c 2AD0     		beq	.L79
 604 000e 204B     		ldr	r3, .L80+8
 605 0010 9842     		cmp	r0, r3
 606 0012 26D1     		bne	.L74
 607 0014 1F4B     		ldr	r3, .L80+12
 608 0016 1A6B     		ldr	r2, [r3, #48]
 609 0018 1F48     		ldr	r0, .L80+16
 610 001a 0240     		ands	r2, r0
 611 001c 1A63     		str	r2, [r3, #48]
 612 001e 1F4A     		ldr	r2, .L80+20
 613 0020 1068     		ldr	r0, [r2]
 614 0022 1F4C     		ldr	r4, .L80+24
 615 0024 2040     		ands	r0, r4
 616 0026 1060     		str	r0, [r2]
 617 0028 1068     		ldr	r0, [r2]
 618 002a C902     		lsls	r1, r1, #11
 619 002c 0143     		orrs	r1, r0
 620 002e 1160     		str	r1, [r2]
 621 0030 196B     		ldr	r1, [r3, #48]
 622 0032 8022     		movs	r2, #128
 623 0034 D200     		lsls	r2, r2, #3
 624 0036 0A43     		orrs	r2, r1
 625 0038 1A63     		str	r2, [r3, #48]
 626 003a 12E0     		b	.L74
 627              	.L78:
 628 003c 154B     		ldr	r3, .L80+12
 629 003e 1A6B     		ldr	r2, [r3, #48]
 630 0040 1848     		ldr	r0, .L80+28
 631 0042 0240     		ands	r2, r0
 632 0044 1A63     		str	r2, [r3, #48]
 633 0046 154A     		ldr	r2, .L80+20
 634 0048 1068     		ldr	r0, [r2]
 635 004a 174C     		ldr	r4, .L80+32
 636 004c 2040     		ands	r0, r4
 637 004e 1060     		str	r0, [r2]
 638 0050 1068     		ldr	r0, [r2]
 639 0052 4903     		lsls	r1, r1, #13
 640 0054 0143     		orrs	r1, r0
ARM GAS  C:\Users\pc\AppData\Local\Temp\cc111sow.s 			page 12


 641 0056 1160     		str	r1, [r2]
 642 0058 196B     		ldr	r1, [r3, #48]
 643 005a 8022     		movs	r2, #128
 644 005c 5201     		lsls	r2, r2, #5
 645 005e 0A43     		orrs	r2, r1
 646 0060 1A63     		str	r2, [r3, #48]
 647              	.L74:
 648              		@ sp needed
 649 0062 30BD     		pop	{r4, r5, pc}
 650              	.L79:
 651 0064 0B4B     		ldr	r3, .L80+12
 652 0066 586B     		ldr	r0, [r3, #52]
 653 0068 0124     		movs	r4, #1
 654 006a A043     		bics	r0, r4
 655 006c 5863     		str	r0, [r3, #52]
 656 006e 0B4A     		ldr	r2, .L80+20
 657 0070 1068     		ldr	r0, [r2]
 658 0072 0E4D     		ldr	r5, .L80+36
 659 0074 2840     		ands	r0, r5
 660 0076 1060     		str	r0, [r2]
 661 0078 1068     		ldr	r0, [r2]
 662 007a 4902     		lsls	r1, r1, #9
 663 007c 0143     		orrs	r1, r0
 664 007e 1160     		str	r1, [r2]
 665 0080 5A6B     		ldr	r2, [r3, #52]
 666 0082 2243     		orrs	r2, r4
 667 0084 5A63     		str	r2, [r3, #52]
 668 0086 ECE7     		b	.L74
 669              	.L81:
 670              		.align	2
 671              	.L80:
 672 0088 00100140 		.word	1073811456
 673 008c 00200140 		.word	1073815552
 674 0090 00240140 		.word	1073816576
 675 0094 00020040 		.word	1073742336
 676 0098 FFFBFFFF 		.word	-1025
 677 009c 5C030040 		.word	1073742684
 678 00a0 FFE7FFFF 		.word	-6145
 679 00a4 FFEFFFFF 		.word	-4097
 680 00a8 FF9FFFFF 		.word	-24577
 681 00ac FFF9FFFF 		.word	-1537
 683              		.ident	"GCC: (GNU Arm Embedded Toolchain 10.3-2021.10) 10.3.1 20210824 (release)"
ARM GAS  C:\Users\pc\AppData\Local\Temp\cc111sow.s 			page 13


DEFINED SYMBOLS
                            *ABS*:00000000 rtl876x_rcc.c
C:\Users\pc\AppData\Local\Temp\cc111sow.s:16     .text.RCC_PeriphClockCmd:00000000 $t
C:\Users\pc\AppData\Local\Temp\cc111sow.s:22     .text.RCC_PeriphClockCmd:00000000 RCC_PeriphClockCmd
C:\Users\pc\AppData\Local\Temp\cc111sow.s:220    .text.RCC_PeriphClockCmd:00000164 $d
C:\Users\pc\AppData\Local\Temp\cc111sow.s:232    .text.RCC_PeriFunctionConfig:00000000 $t
C:\Users\pc\AppData\Local\Temp\cc111sow.s:238    .text.RCC_PeriFunctionConfig:00000000 RCC_PeriFunctionConfig
C:\Users\pc\AppData\Local\Temp\cc111sow.s:294    .text.RCC_PeriFunctionConfig:00000058 $d
C:\Users\pc\AppData\Local\Temp\cc111sow.s:299    .text.RCC_PeriClockConfig:00000000 $t
C:\Users\pc\AppData\Local\Temp\cc111sow.s:305    .text.RCC_PeriClockConfig:00000000 RCC_PeriClockConfig
C:\Users\pc\AppData\Local\Temp\cc111sow.s:397    .text.RCC_PeriClockConfig:0000009c $d
C:\Users\pc\AppData\Local\Temp\cc111sow.s:402    .text.RCC_I2CClkDivConfig:00000000 $t
C:\Users\pc\AppData\Local\Temp\cc111sow.s:408    .text.RCC_I2CClkDivConfig:00000000 RCC_I2CClkDivConfig
C:\Users\pc\AppData\Local\Temp\cc111sow.s:462    .text.RCC_I2CClkDivConfig:00000058 $d
C:\Users\pc\AppData\Local\Temp\cc111sow.s:470    .text.RCC_SPIClkDivConfig:00000000 $t
C:\Users\pc\AppData\Local\Temp\cc111sow.s:476    .text.RCC_SPIClkDivConfig:00000000 RCC_SPIClkDivConfig
C:\Users\pc\AppData\Local\Temp\cc111sow.s:534    .text.RCC_SPIClkDivConfig:00000060 $d
C:\Users\pc\AppData\Local\Temp\cc111sow.s:544    .text.RCC_TIMClkDivConfig:00000000 $t
C:\Users\pc\AppData\Local\Temp\cc111sow.s:550    .text.RCC_TIMClkDivConfig:00000000 RCC_TIMClkDivConfig
C:\Users\pc\AppData\Local\Temp\cc111sow.s:583    .text.RCC_TIMClkDivConfig:00000034 $d
C:\Users\pc\AppData\Local\Temp\cc111sow.s:588    .text.RCC_UARTClkDivConfig:00000000 $t
C:\Users\pc\AppData\Local\Temp\cc111sow.s:594    .text.RCC_UARTClkDivConfig:00000000 RCC_UARTClkDivConfig
C:\Users\pc\AppData\Local\Temp\cc111sow.s:672    .text.RCC_UARTClkDivConfig:00000088 $d

NO UNDEFINED SYMBOLS
