ARM GAS  C:\Users\pc\AppData\Local\Temp\ccWjqmO7.s 			page 1


   1              		.cpu cortex-m0plus
   2              		.arch armv6s-m
   3              		.fpu softvfp
   4              		.eabi_attribute 20, 1
   5              		.eabi_attribute 21, 1
   6              		.eabi_attribute 23, 3
   7              		.eabi_attribute 24, 1
   8              		.eabi_attribute 25, 1
   9              		.eabi_attribute 26, 1
  10              		.eabi_attribute 30, 1
  11              		.eabi_attribute 34, 0
  12              		.eabi_attribute 18, 4
  13              		.file	"system_rtl876x.c"
  14              		.section	.rodata.str1.4,"aMS",%progbits,1
  15              		.align	2
  16              	.LC0:
  17 0000 496E6974 		.ascii	"InitialSP\000"
  17      69616C53 
  17      5000
  18 000a 0000     		.align	2
  19              	.LC1:
  20 000c 52657365 		.ascii	"Reset\000"
  20      7400
  21 0012 0000     		.align	2
  22              	.LC2:
  23 0014 4E4D4900 		.ascii	"NMI\000"
  24              		.align	2
  25              	.LC3:
  26 0018 48617264 		.ascii	"HardFault\000"
  26      4661756C 
  26      7400
  27 0022 0000     		.align	2
  28              	.LC4:
  29 0024 4D656D4D 		.ascii	"MemManage\000"
  29      616E6167 
  29      6500
  30 002e 0000     		.align	2
  31              	.LC5:
  32 0030 42757346 		.ascii	"BusFault\000"
  32      61756C74 
  32      00
  33 0039 000000   		.align	2
  34              	.LC6:
  35 003c 55736167 		.ascii	"UsageFault\000"
  35      65466175 
  35      6C7400
  36 0047 00       		.align	2
  37              	.LC7:
  38 0048 52737664 		.ascii	"Rsvd\000"
  38      00
  39 004d 000000   		.align	2
  40              	.LC8:
  41 0050 53564300 		.ascii	"SVC\000"
  42              		.align	2
  43              	.LC9:
  44 0054 44656275 		.ascii	"DebugMon\000"
  44      674D6F6E 
ARM GAS  C:\Users\pc\AppData\Local\Temp\ccWjqmO7.s 			page 2


  44      00
  45 005d 000000   		.align	2
  46              	.LC10:
  47 0060 50656E64 		.ascii	"PendSV\000"
  47      535600
  48 0067 00       		.align	2
  49              	.LC11:
  50 0068 53797354 		.ascii	"SysTick\000"
  50      69636B00 
  51              		.align	2
  52              	.LC13:
  53 0070 53797374 		.ascii	"System\000"
  53      656D00
  54 0077 00       		.align	2
  55              	.LC14:
  56 0078 544D4554 		.ascii	"TMETER\000"
  56      455200
  57 007f 00       		.align	2
  58              	.LC15:
  59 0080 42544D41 		.ascii	"BTMAC\000"
  59      4300
  60 0086 0000     		.align	2
  61              	.LC16:
  62 0088 54494D33 		.ascii	"TIM3\000"
  62      00
  63 008d 000000   		.align	2
  64              	.LC17:
  65 0090 54494D32 		.ascii	"TIM2\000"
  65      00
  66 0095 000000   		.align	2
  67              	.LC18:
  68 0098 42544D41 		.ascii	"BTMAC_WRAP_AROUND\000"
  68      435F5752 
  68      41505F41 
  68      524F554E 
  68      4400
  69 00aa 0000     		.align	2
  70              	.LC19:
  71 00ac 49325330 		.ascii	"I2S0_TX\000"
  71      5F545800 
  72              		.align	2
  73              	.LC20:
  74 00b4 49325330 		.ascii	"I2S0_RX\000"
  74      5F525800 
  75              		.align	2
  76              	.LC21:
  77 00bc 54696D65 		.ascii	"Timer4-5\000"
  77      72342D35 
  77      00
  78 00c5 000000   		.align	2
  79              	.LC22:
  80 00c8 5A494742 		.ascii	"ZIGBEE\000"
  80      454500
  81 00cf 00       		.align	2
  82              	.LC23:
  83 00d0 50465F52 		.ascii	"PF_RTC\000"
  83      544300
ARM GAS  C:\Users\pc\AppData\Local\Temp\ccWjqmO7.s 			page 3


  84 00d7 00       		.align	2
  85              	.LC24:
  86 00d8 55415254 		.ascii	"UART0\000"
  86      3000
  87 00de 0000     		.align	2
  88              	.LC25:
  89 00e0 55415254 		.ascii	"UART1\000"
  89      3100
  90 00e6 0000     		.align	2
  91              	.LC26:
  92 00e8 49383038 		.ascii	"I8080\000"
  92      3000
  93 00ee 0000     		.align	2
  94              	.LC27:
  95 00f0 53504930 		.ascii	"SPI0\000"
  95      00
  96 00f5 000000   		.align	2
  97              	.LC28:
  98 00f8 53504931 		.ascii	"SPI1\000"
  98      00
  99 00fd 000000   		.align	2
 100              	.LC29:
 101 0100 49324330 		.ascii	"I2C0\000"
 101      00
 102 0105 000000   		.align	2
 103              	.LC30:
 104 0108 49324331 		.ascii	"I2C1\000"
 104      00
 105 010d 000000   		.align	2
 106              	.LC31:
 107 0110 41444300 		.ascii	"ADC\000"
 108              		.align	2
 109              	.LC32:
 110 0114 50657269 		.ascii	"Peripheral\000"
 110      70686572 
 110      616C00
 111 011f 00       		.align	2
 112              	.LC33:
 113 0120 47444D41 		.ascii	"GDMA0 Channel0\000"
 113      30204368 
 113      616E6E65 
 113      6C3000
 114 012f 00       		.align	2
 115              	.LC34:
 116 0130 47444D41 		.ascii	"GDMA0 Channel1\000"
 116      30204368 
 116      616E6E65 
 116      6C3100
 117 013f 00       		.align	2
 118              	.LC35:
 119 0140 47444D41 		.ascii	"GDMA0 Channel2\000"
 119      30204368 
 119      616E6E65 
 119      6C3200
 120 014f 00       		.align	2
 121              	.LC36:
 122 0150 47444D41 		.ascii	"GDMA0 Channel3\000"
ARM GAS  C:\Users\pc\AppData\Local\Temp\ccWjqmO7.s 			page 4


 122      30204368 
 122      616E6E65 
 122      6C3300
 123 015f 00       		.align	2
 124              	.LC37:
 125 0160 456E6861 		.ascii	"Enhanced_Timer0\000"
 125      6E636564 
 125      5F54696D 
 125      65723000 
 126              		.align	2
 127              	.LC38:
 128 0170 456E6861 		.ascii	"Enhanced_Timer1\000"
 128      6E636564 
 128      5F54696D 
 128      65723100 
 129              		.align	2
 130              	.LC39:
 131 0180 4750494F 		.ascii	"GPIO_Group3\000"
 131      5F47726F 
 131      75703300 
 132              		.align	2
 133              	.LC40:
 134 018c 4750494F 		.ascii	"GPIO_Group2\000"
 134      5F47726F 
 134      75703200 
 135              		.align	2
 136              	.LC41:
 137 0198 495200   		.ascii	"IR\000"
 138 019b 00       		.align	2
 139              	.LC42:
 140 019c 4750494F 		.ascii	"GPIO_Group1\000"
 140      5F47726F 
 140      75703100 
 141              		.align	2
 142              	.LC43:
 143 01a8 4750494F 		.ascii	"GPIO_Group0\000"
 143      5F47726F 
 143      75703000 
 144              		.align	2
 145              	.LC44:
 146 01b4 55415254 		.ascii	"UART2\000"
 146      3200
 147 01ba 0000     		.align	2
 148              	.LC45:
 149 01bc 54494D34 		.ascii	"TIM4\000"
 149      00
 150 01c1 000000   		.align	2
 151              	.LC46:
 152 01c4 54494D35 		.ascii	"TIM5\000"
 152      00
 153 01c9 000000   		.align	2
 154              	.LC47:
 155 01cc 53504943 		.ascii	"SPIC0\000"
 155      3000
 156 01d2 0000     		.align	2
 157              	.LC48:
 158 01d4 51646563 		.ascii	"Qdecode\000"
ARM GAS  C:\Users\pc\AppData\Local\Temp\ccWjqmO7.s 			page 5


 158      6F646500 
 159              		.align	2
 160              	.LC49:
 161 01dc 4B657973 		.ascii	"Keyscan\000"
 161      63616E00 
 162              		.align	2
 163              	.LC50:
 164 01e4 53504932 		.ascii	"SPI2W\000"
 164      5700
 165 01ea 0000     		.align	2
 166              	.LC51:
 167 01ec 4C50434F 		.ascii	"LPCOMP\000"
 167      4D5000
 168 01f3 00       		.align	2
 169              	.LC52:
 170 01f4 5054415F 		.ascii	"PTA_Mailbox\000"
 170      4D61696C 
 170      626F7800 
 171              		.align	2
 172              	.LC53:
 173 0200 53504943 		.ascii	"SPIC1\000"
 173      3100
 174 0206 0000     		.align	2
 175              	.LC54:
 176 0208 53484132 		.ascii	"SHA256\000"
 176      353600
 177 020f 00       		.align	2
 178              	.LC55:
 179 0210 506C6174 		.ascii	"Platform\000"
 179      666F726D 
 179      00
 180 0219 000000   		.align	2
 181              	.LC56:
 182 021c 54524E47 		.ascii	"TRNG\000"
 182      00
 183 0221 000000   		.align	2
 184              	.LC57:
 185 0224 464C4153 		.ascii	"FLASH_SEC\000"
 185      485F5345 
 185      4300
 186 022e 0000     		.align	2
 187              	.LC58:
 188 0230 52544300 		.ascii	"RTC\000"
 189              		.align	2
 190              	.LC59:
 191 0234 57445400 		.ascii	"WDT\000"
 192              		.text
 193              		.section	.app.flash.text,"ax",%progbits
 194              		.align	1
 195              		.global	wdg_system_reset_app_cb
 196              		.syntax unified
 197              		.code	16
 198              		.thumb_func
 200              	wdg_system_reset_app_cb:
 201              		@ args = 0, pretend = 0, frame = 0
 202              		@ frame_needed = 0, uses_anonymous_args = 0
 203 0000 10B5     		push	{r4, lr}
ARM GAS  C:\Users\pc\AppData\Local\Temp\ccWjqmO7.s 			page 6


 204 0002 034B     		ldr	r3, .L3
 205 0004 1B68     		ldr	r3, [r3]
 206 0006 002B     		cmp	r3, #0
 207 0008 00D0     		beq	.L1
 208 000a 9847     		blx	r3
 209              	.L1:
 210              		@ sp needed
 211 000c 10BD     		pop	{r4, pc}
 212              	.L4:
 213 000e C046     		.align	2
 214              	.L3:
 215 0010 00000000 		.word	user_wdg_cb
 217              		.section	.app.overlay_a,"ax",%progbits
 218              		.align	1
 219              		.global	AppUpdateVectorTable
 220              		.syntax unified
 221              		.code	16
 222              		.thumb_func
 224              	AppUpdateVectorTable:
 225              		@ args = 0, pretend = 0, frame = 256
 226              		@ frame_needed = 0, uses_anonymous_args = 0
 227 0000 F0B5     		push	{r4, r5, r6, r7, lr}
 228 0002 C646     		mov	lr, r8
 229 0004 00B5     		push	{lr}
 230 0006 C0B0     		sub	sp, sp, #256
 231 0008 4022     		movs	r2, #64
 232 000a 2D49     		ldr	r1, .L17
 233 000c 30A8     		add	r0, sp, #192
 234 000e FFF7FEFF 		bl	memcpy
 235 0012 BC22     		movs	r2, #188
 236 0014 2B49     		ldr	r1, .L17+4
 237 0016 01A8     		add	r0, sp, #4
 238 0018 FFF7FEFF 		bl	memcpy
 239 001c 2A4C     		ldr	r4, .L17+8
 240 001e 2B4B     		ldr	r3, .L17+12
 241 0020 9A68     		ldr	r2, [r3, #8]
 242 0022 8023     		movs	r3, #128
 243 0024 9B03     		lsls	r3, r3, #14
 244 0026 9A42     		cmp	r2, r3
 245 0028 0BD1     		bne	.L16
 246              	.L6:
 247 002a A608     		lsrs	r6, r4, #2
 248 002c 032C     		cmp	r4, #3
 249 002e 3ED9     		bls	.L8
 250 0030 274D     		ldr	r5, .L17+16
 251 0032 0024     		movs	r4, #0
 252 0034 274F     		ldr	r7, .L17+20
 253 0036 284B     		ldr	r3, .L17+24
 254 0038 2422     		movs	r2, #36
 255 003a 9446     		mov	ip, r2
 256 003c 6344     		add	r3, r3, ip
 257 003e 9846     		mov	r8, r3
 258 0040 1AE0     		b	.L7
 259              	.L16:
 260 0042 8020     		movs	r0, #128
 261 0044 8003     		lsls	r0, r0, #14
 262 0046 FFF7FEFF 		bl	RamVectorTableInit
ARM GAS  C:\Users\pc\AppData\Local\Temp\ccWjqmO7.s 			page 7


 263 004a EEE7     		b	.L6
 264              	.L10:
 265 004c 234B     		ldr	r3, .L17+28
 266 004e 2A68     		ldr	r2, [r5]
 267 0050 9A42     		cmp	r2, r3
 268 0052 10D1     		bne	.L9
 269 0054 1BE0     		b	.L11
 270              	.L12:
 271 0056 224B     		ldr	r3, .L17+32
 272 0058 6B44     		add	r3, r3, sp
 273 005a 5959     		ldr	r1, [r3, r5]
 274 005c 9520     		movs	r0, #149
 275 005e 8005     		lsls	r0, r0, #22
 276 0060 FFF7FEFF 		bl	trace_string
 277 0064 0300     		movs	r3, r0
 278 0066 0122     		movs	r2, #1
 279 0068 4146     		mov	r1, r8
 280 006a 1E48     		ldr	r0, .L17+36
 281 006c FFF7FEFF 		bl	log_buffer
 282              	.L13:
 283 0070 184B     		ldr	r3, .L17+20
 284 0072 5B59     		ldr	r3, [r3, r5]
 285 0074 2B60     		str	r3, [r5]
 286              	.L9:
 287 0076 0435     		adds	r5, r5, #4
 288              	.L7:
 289 0078 0134     		adds	r4, r4, #1
 290 007a B442     		cmp	r4, r6
 291 007c 17D2     		bcs	.L8
 292 007e 012C     		cmp	r4, #1
 293 0080 F9D9     		bls	.L9
 294 0082 7B59     		ldr	r3, [r7, r5]
 295 0084 184A     		ldr	r2, .L17+40
 296 0086 9342     		cmp	r3, r2
 297 0088 E0D0     		beq	.L10
 298 008a 002B     		cmp	r3, #0
 299 008c F3D0     		beq	.L9
 300              	.L11:
 301 008e 0F2C     		cmp	r4, #15
 302 0090 E1D8     		bhi	.L12
 303 0092 164B     		ldr	r3, .L17+44
 304 0094 6B44     		add	r3, r3, sp
 305 0096 5959     		ldr	r1, [r3, r5]
 306 0098 9520     		movs	r0, #149
 307 009a 8005     		lsls	r0, r0, #22
 308 009c FFF7FEFF 		bl	trace_string
 309 00a0 0300     		movs	r3, r0
 310 00a2 0122     		movs	r2, #1
 311 00a4 0C49     		ldr	r1, .L17+24
 312 00a6 0F48     		ldr	r0, .L17+36
 313 00a8 FFF7FEFF 		bl	log_buffer
 314 00ac E0E7     		b	.L13
 315              	.L8:
 316              		.syntax divided
 317              	@ 890 "../sdk/inc/platform/cmsis_gcc.h" 1
 318 00ae BFF35F8F 		dmb 0xF
 319              	@ 0 "" 2
ARM GAS  C:\Users\pc\AppData\Local\Temp\ccWjqmO7.s 			page 8


 320              	@ 879 "../sdk/inc/platform/cmsis_gcc.h" 1
 321 00b2 BFF34F8F 		dsb 0xF
 322              	@ 0 "" 2
 323              		.thumb
 324              		.syntax unified
 325 00b6 40B0     		add	sp, sp, #256
 326              		@ sp needed
 327 00b8 80BC     		pop	{r7}
 328 00ba B846     		mov	r8, r7
 329 00bc F0BD     		pop	{r4, r5, r6, r7, pc}
 330              	.L18:
 331 00be C046     		.align	2
 332              	.L17:
 333 00c0 00000000 		.word	.LANCHOR0
 334 00c4 40000000 		.word	.LC64
 335 00c8 00000000 		.word	__ram_vector_table_length__
 336 00cc 00ED00E0 		.word	-536810240
 337 00d0 04002000 		.word	2097156
 338 00d4 0000E0FF 		.word	__ram_vector_load_ad__-2097152
 339 00d8 00000000 		.word	.LANCHOR1
 340 00dc 00000000 		.word	ROM_Default_Handler
 341 00e0 C4FFDFFF 		.word	-2097212
 342 00e4 01011025 		.word	621805825
 343 00e8 00000000 		.word	Default_Handler
 344 00ec C000E0FF 		.word	-2096960
 346              		.section	.text.random_seed_init,"ax",%progbits
 347              		.align	1
 348              		.global	random_seed_init
 349              		.syntax unified
 350              		.code	16
 351              		.thumb_func
 353              	random_seed_init:
 354              		@ args = 0, pretend = 0, frame = 0
 355              		@ frame_needed = 0, uses_anonymous_args = 0
 356 0000 10B5     		push	{r4, lr}
 357 0002 0120     		movs	r0, #1
 358 0004 4042     		rsbs	r0, r0, #0
 359 0006 FFF7FEFF 		bl	platform_random
 360 000a 014B     		ldr	r3, .L20
 361 000c 1860     		str	r0, [r3]
 362              		@ sp needed
 363 000e 10BD     		pop	{r4, pc}
 364              	.L21:
 365              		.align	2
 366              	.L20:
 367 0010 00000000 		.word	.LANCHOR2
 369              		.section	.app.flash.gap.text,"ax",%progbits
 370              		.align	1
 371              		.global	flash_sec_lock_all_keys
 372              		.syntax unified
 373              		.code	16
 374              		.thumb_func
 376              	flash_sec_lock_all_keys:
 377              		@ args = 0, pretend = 0, frame = 0
 378              		@ frame_needed = 0, uses_anonymous_args = 0
 379 0000 10B5     		push	{r4, lr}
 380 0002 0024     		movs	r4, #0
ARM GAS  C:\Users\pc\AppData\Local\Temp\ccWjqmO7.s 			page 9


 381              	.L23:
 382 0004 E0B2     		uxtb	r0, r4
 383 0006 FFF7FEFF 		bl	flash_sec_lock_key
 384 000a 0134     		adds	r4, r4, #1
 385 000c 082C     		cmp	r4, #8
 386 000e F9D1     		bne	.L23
 387              		@ sp needed
 388 0010 10BD     		pop	{r4, pc}
 390              		.section	.app.flash.text
 391              		.align	1
 392              		.global	ram_cache_init
 393              		.syntax unified
 394              		.code	16
 395              		.thumb_func
 397              	ram_cache_init:
 398              		@ args = 0, pretend = 0, frame = 0
 399              		@ frame_needed = 0, uses_anonymous_args = 0
 400 0014 10B5     		push	{r4, lr}
 401 0016 034A     		ldr	r2, .L26
 402 0018 0349     		ldr	r1, .L26+4
 403 001a 0448     		ldr	r0, .L26+8
 404 001c FFF7FEFF 		bl	memcpy
 405              		@ sp needed
 406 0020 10BD     		pop	{r4, pc}
 407              	.L27:
 408 0022 C046     		.align	2
 409              	.L26:
 410 0024 00000000 		.word	__cache_dataon_length__
 411 0028 00000000 		.word	__cache_data_load_ad__
 412 002c 00000000 		.word	__cache_dataon_start__
 414              		.align	1
 415              		.global	get_image_entry_addr
 416              		.syntax unified
 417              		.code	16
 418              		.thumb_func
 420              	get_image_entry_addr:
 421              		@ args = 0, pretend = 0, frame = 0
 422              		@ frame_needed = 0, uses_anonymous_args = 0
 423 0030 70B5     		push	{r4, r5, r6, lr}
 424 0032 0400     		movs	r4, r0
 425 0034 FFF7FEFF 		bl	get_active_ota_bank_addr
 426 0038 0500     		movs	r5, r0
 427 003a 1649     		ldr	r1, .L35
 428 003c FFF7FEFF 		bl	check_header_valid
 429 0040 0028     		cmp	r0, #0
 430 0042 1DD1     		bne	.L30
 431 0044 2100     		movs	r1, r4
 432 0046 2800     		movs	r0, r5
 433 0048 FFF7FEFF 		bl	get_image_size_in_bank
 434 004c 0368     		ldr	r3, [r0]
 435 004e 002B     		cmp	r3, #0
 436 0050 18D0     		beq	.L31
 437 0052 2000     		movs	r0, r4
 438 0054 FFF7FEFF 		bl	get_header_addr_by_img_id
 439 0058 0500     		movs	r5, r0
 440 005a 2100     		movs	r1, r4
 441 005c FFF7FEFF 		bl	check_header_valid
ARM GAS  C:\Users\pc\AppData\Local\Temp\ccWjqmO7.s 			page 10


 442 0060 0028     		cmp	r0, #0
 443 0062 11D1     		bne	.L32
 444 0064 DB23     		movs	r3, #219
 445 0066 5B00     		lsls	r3, r3, #1
 446 0068 EB5A     		ldrh	r3, [r5, r3]
 447 006a A342     		cmp	r3, r4
 448 006c 0ED1     		bne	.L33
 449 006e 0A4B     		ldr	r3, .L35+4
 450 0070 9C42     		cmp	r4, r3
 451 0072 0DD8     		bhi	.L34
 452 0074 E623     		movs	r3, #230
 453 0076 5B00     		lsls	r3, r3, #1
 454 0078 EB58     		ldr	r3, [r5, r3]
 455 007a 0130     		adds	r0, r0, #1
 456 007c 1843     		orrs	r0, r3
 457 007e 00E0     		b	.L28
 458              	.L30:
 459 0080 0020     		movs	r0, #0
 460              	.L28:
 461              		@ sp needed
 462 0082 70BD     		pop	{r4, r5, r6, pc}
 463              	.L31:
 464 0084 0020     		movs	r0, #0
 465 0086 FCE7     		b	.L28
 466              	.L32:
 467 0088 0020     		movs	r0, #0
 468 008a FAE7     		b	.L28
 469              	.L33:
 470 008c 0020     		movs	r0, #0
 471 008e F8E7     		b	.L28
 472              	.L34:
 473 0090 0020     		movs	r0, #0
 474 0092 F6E7     		b	.L28
 475              	.L36:
 476              		.align	2
 477              	.L35:
 478 0094 90270000 		.word	10128
 479 0098 9B270000 		.word	10139
 481              		.align	1
 482              		.global	set_os_clock
 483              		.syntax unified
 484              		.code	16
 485              		.thumb_func
 487              	set_os_clock:
 488              		@ args = 0, pretend = 0, frame = 0
 489              		@ frame_needed = 0, uses_anonymous_args = 0
 490              		@ link register save eliminated.
 491 009c 0228     		cmp	r0, #2
 492 009e 20D0     		beq	.L38
 493 00a0 0AD8     		bhi	.L39
 494 00a2 0028     		cmp	r0, #0
 495 00a4 14D0     		beq	.L45
 496 00a6 DA23     		movs	r3, #218
 497 00a8 134A     		ldr	r2, .L46
 498 00aa C821     		movs	r1, #200
 499 00ac D152     		strh	r1, [r2, r3]
 500 00ae 9446     		mov	ip, r2
ARM GAS  C:\Users\pc\AppData\Local\Temp\ccWjqmO7.s 			page 11


 501 00b0 6344     		add	r3, r3, ip
 502 00b2 0022     		movs	r2, #0
 503 00b4 5A80     		strh	r2, [r3, #2]
 504 00b6 13E0     		b	.L37
 505              	.L39:
 506 00b8 0328     		cmp	r0, #3
 507 00ba 11D1     		bne	.L37
 508 00bc DA23     		movs	r3, #218
 509 00be 0E4A     		ldr	r2, .L46
 510 00c0 FA21     		movs	r1, #250
 511 00c2 8900     		lsls	r1, r1, #2
 512 00c4 D152     		strh	r1, [r2, r3]
 513 00c6 9446     		mov	ip, r2
 514 00c8 6344     		add	r3, r3, ip
 515 00ca 0022     		movs	r2, #0
 516 00cc 5A80     		strh	r2, [r3, #2]
 517 00ce 07E0     		b	.L37
 518              	.L45:
 519 00d0 DA23     		movs	r3, #218
 520 00d2 094A     		ldr	r2, .L46
 521 00d4 6421     		movs	r1, #100
 522 00d6 D152     		strh	r1, [r2, r3]
 523 00d8 9446     		mov	ip, r2
 524 00da 6344     		add	r3, r3, ip
 525 00dc 0022     		movs	r2, #0
 526 00de 5A80     		strh	r2, [r3, #2]
 527              	.L37:
 528              		@ sp needed
 529 00e0 7047     		bx	lr
 530              	.L38:
 531 00e2 DA23     		movs	r3, #218
 532 00e4 044A     		ldr	r2, .L46
 533 00e6 FA21     		movs	r1, #250
 534 00e8 4900     		lsls	r1, r1, #1
 535 00ea D152     		strh	r1, [r2, r3]
 536 00ec 9446     		mov	ip, r2
 537 00ee 6344     		add	r3, r3, ip
 538 00f0 0022     		movs	r2, #0
 539 00f2 5A80     		strh	r2, [r3, #2]
 540 00f4 F4E7     		b	.L37
 541              	.L47:
 542 00f6 C046     		.align	2
 543              	.L46:
 544 00f8 38012000 		.word	2097464
 546              		.align	1
 547              		.global	print_reset_reason
 548              		.syntax unified
 549              		.code	16
 550              		.thumb_func
 552              	print_reset_reason:
 553              		@ args = 0, pretend = 0, frame = 48
 554              		@ frame_needed = 0, uses_anonymous_args = 0
 555 00fc F0B5     		push	{r4, r5, r6, r7, lr}
 556 00fe CE46     		mov	lr, r9
 557 0100 00B5     		push	{lr}
 558 0102 8EB0     		sub	sp, sp, #56
 559 0104 E120     		movs	r0, #225
ARM GAS  C:\Users\pc\AppData\Local\Temp\ccWjqmO7.s 			page 12


 560 0106 4000     		lsls	r0, r0, #1
 561 0108 FFF7FEFF 		bl	btaon_fast_read_safe
 562 010c 0390     		str	r0, [sp, #12]
 563 010e E020     		movs	r0, #224
 564 0110 4000     		lsls	r0, r0, #1
 565 0112 FFF7FEFF 		bl	btaon_fast_read_safe
 566 0116 0600     		movs	r6, r0
 567 0118 E320     		movs	r0, #227
 568 011a 4000     		lsls	r0, r0, #1
 569 011c FFF7FEFF 		bl	btaon_fast_read_safe
 570 0120 0400     		movs	r4, r0
 571 0122 E220     		movs	r0, #226
 572 0124 4000     		lsls	r0, r0, #1
 573 0126 FFF7FEFF 		bl	btaon_fast_read_safe
 574 012a 2404     		lsls	r4, r4, #16
 575 012c 0443     		orrs	r4, r0
 576 012e E520     		movs	r0, #229
 577 0130 4000     		lsls	r0, r0, #1
 578 0132 FFF7FEFF 		bl	btaon_fast_read_safe
 579 0136 0500     		movs	r5, r0
 580 0138 E420     		movs	r0, #228
 581 013a 4000     		lsls	r0, r0, #1
 582 013c FFF7FEFF 		bl	btaon_fast_read_safe
 583 0140 0700     		movs	r7, r0
 584 0142 E720     		movs	r0, #231
 585 0144 4000     		lsls	r0, r0, #1
 586 0146 FFF7FEFF 		bl	btaon_fast_read_safe
 587 014a 0490     		str	r0, [sp, #16]
 588 014c E620     		movs	r0, #230
 589 014e 4000     		lsls	r0, r0, #1
 590 0150 FFF7FEFF 		bl	btaon_fast_read_safe
 591 0154 0590     		str	r0, [sp, #20]
 592 0156 E920     		movs	r0, #233
 593 0158 4000     		lsls	r0, r0, #1
 594 015a FFF7FEFF 		bl	btaon_fast_read_safe
 595 015e 0690     		str	r0, [sp, #24]
 596 0160 E820     		movs	r0, #232
 597 0162 4000     		lsls	r0, r0, #1
 598 0164 FFF7FEFF 		bl	btaon_fast_read_safe
 599 0168 0790     		str	r0, [sp, #28]
 600 016a EB20     		movs	r0, #235
 601 016c 4000     		lsls	r0, r0, #1
 602 016e FFF7FEFF 		bl	btaon_fast_read_safe
 603 0172 0890     		str	r0, [sp, #32]
 604 0174 EA20     		movs	r0, #234
 605 0176 4000     		lsls	r0, r0, #1
 606 0178 FFF7FEFF 		bl	btaon_fast_read_safe
 607 017c 0990     		str	r0, [sp, #36]
 608 017e 002C     		cmp	r4, #0
 609 0180 38D1     		bne	.L49
 610 0182 4F49     		ldr	r1, .L56
 611 0184 0022     		movs	r2, #0
 612 0186 4C31     		adds	r1, r1, #76
 613 0188 4E48     		ldr	r0, .L56+4
 614 018a FFF7FEFF 		bl	log_buffer
 615 018e 4E4B     		ldr	r3, .L56+8
 616 0190 0022     		movs	r2, #0
ARM GAS  C:\Users\pc\AppData\Local\Temp\ccWjqmO7.s 			page 13


 617 0192 1A70     		strb	r2, [r3]
 618 0194 4D4B     		ldr	r3, .L56+12
 619 0196 1C68     		ldr	r4, [r3]
 620 0198 6300     		lsls	r3, r4, #1
 621 019a 9B0F     		lsrs	r3, r3, #30
 622 019c 00D0     		beq	.LCB458
 623 019e 78E0     		b	.L50	@long jump
 624              	.LCB458:
 625 01a0 4A4D     		ldr	r5, .L56+12
 626 01a2 EB68     		ldr	r3, [r5, #12]
 627 01a4 4A4A     		ldr	r2, .L56+16
 628 01a6 1340     		ands	r3, r2
 629 01a8 EB60     		str	r3, [r5, #12]
 630 01aa 4A4E     		ldr	r6, .L56+20
 631 01ac 8027     		movs	r7, #128
 632 01ae 3F03     		lsls	r7, r7, #12
 633 01b0 8023     		movs	r3, #128
 634 01b2 F750     		str	r7, [r6, r3]
 635 01b4 FFF7FEFF 		bl	WDG_ClockEnable
 636 01b8 0022     		movs	r2, #0
 637 01ba 0021     		movs	r1, #0
 638 01bc 0120     		movs	r0, #1
 639 01be FFF7FEFF 		bl	WDG_Config
 640 01c2 FFF7FEFF 		bl	WDG_Enable
 641 01c6 444B     		ldr	r3, .L56+24
 642 01c8 1B68     		ldr	r3, [r3]
 643 01ca 0120     		movs	r0, #1
 644 01cc 9847     		blx	r3
 645 01ce FFF7FEFF 		bl	WDG_Disable
 646 01d2 424B     		ldr	r3, .L56+28
 647 01d4 1B68     		ldr	r3, [r3]
 648 01d6 9620     		movs	r0, #150
 649 01d8 9847     		blx	r3
 650 01da 6A68     		ldr	r2, [r5, #4]
 651 01dc 404B     		ldr	r3, .L56+32
 652 01de 1A60     		str	r2, [r3]
 653 01e0 C023     		movs	r3, #192
 654 01e2 5B00     		lsls	r3, r3, #1
 655 01e4 F750     		str	r7, [r6, r3]
 656 01e6 3760     		str	r7, [r6]
 657 01e8 EA68     		ldr	r2, [r5, #12]
 658 01ea 8023     		movs	r3, #128
 659 01ec 5B01     		lsls	r3, r3, #5
 660 01ee 1343     		orrs	r3, r2
 661 01f0 EB60     		str	r3, [r5, #12]
 662 01f2 61E0     		b	.L54
 663              	.L49:
 664 01f4 FFF7FEFF 		bl	reset_reason_get
 665 01f8 031C     		adds	r3, r0, #0
 666 01fa 0028     		cmp	r0, #0
 667 01fc 00D1     		bne	.L52
 668 01fe 0123     		movs	r3, #1
 669              	.L52:
 670 0200 DBB2     		uxtb	r3, r3
 671 0202 2F49     		ldr	r1, .L56
 672 0204 2F4A     		ldr	r2, .L56+4
 673 0206 9146     		mov	r9, r2
ARM GAS  C:\Users\pc\AppData\Local\Temp\ccWjqmO7.s 			page 14


 674 0208 0122     		movs	r2, #1
 675 020a 6C31     		adds	r1, r1, #108
 676 020c 4846     		mov	r0, r9
 677 020e FFF7FEFF 		bl	log_buffer
 678 0212 039B     		ldr	r3, [sp, #12]
 679 0214 5B04     		lsls	r3, r3, #17
 680 0216 7600     		lsls	r6, r6, #1
 681 0218 3343     		orrs	r3, r6
 682 021a 324E     		ldr	r6, .L56+36
 683 021c 3100     		movs	r1, r6
 684 021e 1831     		adds	r1, r1, #24
 685 0220 2D04     		lsls	r5, r5, #16
 686 0222 2F43     		orrs	r7, r5
 687 0224 0197     		str	r7, [sp, #4]
 688 0226 0094     		str	r4, [sp]
 689 0228 0322     		movs	r2, #3
 690 022a 4846     		mov	r0, r9
 691 022c FFF7FEFF 		bl	log_buffer
 692 0230 049B     		ldr	r3, [sp, #16]
 693 0232 5B04     		lsls	r3, r3, #17
 694 0234 059A     		ldr	r2, [sp, #20]
 695 0236 5000     		lsls	r0, r2, #1
 696 0238 0343     		orrs	r3, r0
 697 023a 3100     		movs	r1, r6
 698 023c 4431     		adds	r1, r1, #68
 699 023e 089A     		ldr	r2, [sp, #32]
 700 0240 1004     		lsls	r0, r2, #16
 701 0242 099A     		ldr	r2, [sp, #36]
 702 0244 1043     		orrs	r0, r2
 703 0246 0190     		str	r0, [sp, #4]
 704 0248 069A     		ldr	r2, [sp, #24]
 705 024a 1004     		lsls	r0, r2, #16
 706 024c 079A     		ldr	r2, [sp, #28]
 707 024e 1043     		orrs	r0, r2
 708 0250 0090     		str	r0, [sp]
 709 0252 0322     		movs	r2, #3
 710 0254 4846     		mov	r0, r9
 711 0256 FFF7FEFF 		bl	log_buffer
 712              	.L51:
 713 025a 234A     		ldr	r2, .L56+40
 714 025c A123     		movs	r3, #161
 715 025e 5B00     		lsls	r3, r3, #1
 716 0260 D35C     		ldrb	r3, [r2, r3]
 717 0262 DA06     		lsls	r2, r3, #27
 718 0264 02D5     		bpl	.L48
 719 0266 3F22     		movs	r2, #63
 720 0268 9343     		bics	r3, r2
 721 026a 03D0     		beq	.L55
 722              	.L48:
 723 026c 0EB0     		add	sp, sp, #56
 724              		@ sp needed
 725 026e 80BC     		pop	{r7}
 726 0270 B946     		mov	r9, r7
 727 0272 F0BD     		pop	{r4, r5, r6, r7, pc}
 728              	.L55:
 729 0274 3E33     		adds	r3, r3, #62
 730 0276 08AA     		add	r2, sp, #32
ARM GAS  C:\Users\pc\AppData\Local\Temp\ccWjqmO7.s 			page 15


 731 0278 1373     		strb	r3, [r2, #12]
 732 027a 3D3B     		subs	r3, r3, #61
 733 027c 1375     		strb	r3, [r2, #20]
 734 027e 1A4A     		ldr	r2, .L56+40
 735 0280 C733     		adds	r3, r3, #199
 736 0282 D35C     		ldrb	r3, [r2, r3]
 737 0284 DB07     		lsls	r3, r3, #31
 738 0286 DB0F     		lsrs	r3, r3, #31
 739 0288 0C93     		str	r3, [sp, #48]
 740 028a 0BA8     		add	r0, sp, #44
 741 028c FFF7FEFF 		bl	NVIC_Init
 742 0290 ECE7     		b	.L48
 743              	.L50:
 744 0292 FFF7FEFF 		bl	WDG_ClockEnable
 745 0296 0022     		movs	r2, #0
 746 0298 0021     		movs	r1, #0
 747 029a 0120     		movs	r0, #1
 748 029c FFF7FEFF 		bl	WDG_Config
 749 02a0 FFF7FEFF 		bl	WDG_Enable
 750 02a4 0C4B     		ldr	r3, .L56+24
 751 02a6 1B68     		ldr	r3, [r3]
 752 02a8 0120     		movs	r0, #1
 753 02aa 9847     		blx	r3
 754 02ac FFF7FEFF 		bl	WDG_Disable
 755 02b0 0A4B     		ldr	r3, .L56+28
 756 02b2 1B68     		ldr	r3, [r3]
 757 02b4 9620     		movs	r0, #150
 758 02b6 9847     		blx	r3
 759              	.L54:
 760 02b8 044B     		ldr	r3, .L56+12
 761 02ba 1C60     		str	r4, [r3]
 762 02bc CDE7     		b	.L51
 763              	.L57:
 764 02be C046     		.align	2
 765              	.L56:
 766 02c0 00000000 		.word	.LANCHOR1
 767 02c4 02031025 		.word	621806338
 768 02c8 00000000 		.word	reset_reason
 769 02cc 00600040 		.word	1073766400
 770 02d0 FFEFFFFF 		.word	-4097
 771 02d4 00E100E0 		.word	-536813312
 772 02d8 00000000 		.word	platform_delay_ms
 773 02dc 00000000 		.word	platform_delay_us
 774 02e0 04600040 		.word	1073766404
 775 02e4 80000000 		.word	.LANCHOR3
 776 02e8 38012000 		.word	2097464
 778              		.section	.rodata.str1.4
 779              		.align	2
 780              	.LC83:
 781 0238 4300     		.ascii	"C\000"
 782 023a 0000     		.align	2
 783              	.LC86:
 784 023c 312E322E 		.ascii	"1.2.0.0\000"
 784      302E3000 
 785              		.align	2
 786              	.LC88:
 787 0244 54687520 		.ascii	"Thu Jan 23 16:33:00 2025\000"
ARM GAS  C:\Users\pc\AppData\Local\Temp\ccWjqmO7.s 			page 16


 787      4A616E20 
 787      32332031 
 787      363A3333 
 787      3A303020 
 788              		.section	.app.flash.text
 789              		.align	1
 790              		.global	pre_main
 791              		.syntax unified
 792              		.code	16
 793              		.thumb_func
 795              	pre_main:
 796              		@ args = 0, pretend = 0, frame = 0
 797              		@ frame_needed = 0, uses_anonymous_args = 0
 798 02ec 70B5     		push	{r4, r5, r6, lr}
 799 02ee 82B0     		sub	sp, sp, #8
 800              		.syntax divided
 801              	@ 142 "../sdk/inc/platform/cmsis_gcc.h" 1
 802 02f0 72B6     		cpsid i
 803              	@ 0 "" 2
 804              		.thumb
 805              		.syntax unified
 806 02f2 FFF7FEFF 		bl	print_reset_reason
 807 02f6 FFF7FEFF 		bl	ram_cache_init
 808 02fa 1049     		ldr	r1, .L60
 809 02fc 0020     		movs	r0, #0
 810 02fe FFF7FEFF 		bl	setlocale
 811 0302 0F4E     		ldr	r6, .L60+4
 812 0304 9525     		movs	r5, #149
 813 0306 AD05     		lsls	r5, r5, #22
 814 0308 0E49     		ldr	r1, .L60+8
 815 030a 2800     		movs	r0, r5
 816 030c FFF7FEFF 		bl	trace_string
 817 0310 0400     		movs	r4, r0
 818 0312 0D49     		ldr	r1, .L60+12
 819 0314 2800     		movs	r0, r5
 820 0316 FFF7FEFF 		bl	trace_string
 821 031a 0090     		str	r0, [sp]
 822 031c 2300     		movs	r3, r4
 823 031e 0222     		movs	r2, #2
 824 0320 3100     		movs	r1, r6
 825 0322 7431     		adds	r1, r1, #116
 826 0324 0948     		ldr	r0, .L60+16
 827 0326 FFF7FEFF 		bl	log_buffer
 828 032a FFF7FEFF 		bl	AppUpdateVectorTable
 829 032e 084B     		ldr	r3, .L60+20
 830 0330 1B68     		ldr	r3, [r3]
 831 0332 002B     		cmp	r3, #0
 832 0334 00D0     		beq	.L58
 833 0336 9847     		blx	r3
 834              	.L58:
 835 0338 02B0     		add	sp, sp, #8
 836              		@ sp needed
 837 033a 70BD     		pop	{r4, r5, r6, pc}
 838              	.L61:
 839              		.align	2
 840              	.L60:
 841 033c 38020000 		.word	.LC83
ARM GAS  C:\Users\pc\AppData\Local\Temp\ccWjqmO7.s 			page 17


 842 0340 80000000 		.word	.LANCHOR3
 843 0344 3C020000 		.word	.LC86
 844 0348 44020000 		.word	.LC88
 845 034c 00031025 		.word	621806336
 846 0350 00000000 		.word	app_pre_main_cb
 848              		.section	.app.data_ram.text,"ax",%progbits
 849              		.align	1
 850              		.global	GPIO_Group3_Handler
 851              		.syntax unified
 852              		.code	16
 853              		.thumb_func
 855              	GPIO_Group3_Handler:
 856              		@ args = 0, pretend = 0, frame = 0
 857              		@ frame_needed = 0, uses_anonymous_args = 0
 858 0000 10B5     		push	{r4, lr}
 859 0002 154B     		ldr	r3, .L79
 860 0004 1C6C     		ldr	r4, [r3, #64]
 861 0006 2307     		lsls	r3, r4, #28
 862 0008 0ED4     		bmi	.L71
 863              	.L63:
 864 000a 2306     		lsls	r3, r4, #24
 865 000c 0FD4     		bmi	.L72
 866              	.L64:
 867 000e 2305     		lsls	r3, r4, #20
 868 0010 10D4     		bmi	.L73
 869              	.L65:
 870 0012 2304     		lsls	r3, r4, #16
 871 0014 11D4     		bmi	.L74
 872              	.L66:
 873 0016 2303     		lsls	r3, r4, #12
 874 0018 12D4     		bmi	.L75
 875              	.L67:
 876 001a 2302     		lsls	r3, r4, #8
 877 001c 13D4     		bmi	.L76
 878              	.L68:
 879 001e 2301     		lsls	r3, r4, #4
 880 0020 14D4     		bmi	.L77
 881              	.L69:
 882 0022 002C     		cmp	r4, #0
 883 0024 15DB     		blt	.L78
 884              	.L62:
 885              		@ sp needed
 886 0026 10BD     		pop	{r4, pc}
 887              	.L71:
 888 0028 FFF7FEFF 		bl	GPIO3_Handler
 889 002c EDE7     		b	.L63
 890              	.L72:
 891 002e FFF7FEFF 		bl	GPIO7_Handler
 892 0032 ECE7     		b	.L64
 893              	.L73:
 894 0034 FFF7FEFF 		bl	GPIO11_Handler
 895 0038 EBE7     		b	.L65
 896              	.L74:
 897 003a FFF7FEFF 		bl	GPIO15_Handler
 898 003e EAE7     		b	.L66
 899              	.L75:
 900 0040 FFF7FEFF 		bl	GPIO19_Handler
ARM GAS  C:\Users\pc\AppData\Local\Temp\ccWjqmO7.s 			page 18


 901 0044 E9E7     		b	.L67
 902              	.L76:
 903 0046 FFF7FEFF 		bl	GPIO23_Handler
 904 004a E8E7     		b	.L68
 905              	.L77:
 906 004c FFF7FEFF 		bl	GPIO27_Handler
 907 0050 E7E7     		b	.L69
 908              	.L78:
 909 0052 FFF7FEFF 		bl	GPIO31_Handler
 910 0056 E6E7     		b	.L62
 911              	.L80:
 912              		.align	2
 913              	.L79:
 914 0058 00100040 		.word	1073745920
 916              		.align	1
 917              		.global	GPIO_Group2_Handler
 918              		.syntax unified
 919              		.code	16
 920              		.thumb_func
 922              	GPIO_Group2_Handler:
 923              		@ args = 0, pretend = 0, frame = 0
 924              		@ frame_needed = 0, uses_anonymous_args = 0
 925 005c 10B5     		push	{r4, lr}
 926 005e 154B     		ldr	r3, .L98
 927 0060 1C6C     		ldr	r4, [r3, #64]
 928 0062 6307     		lsls	r3, r4, #29
 929 0064 0ED4     		bmi	.L90
 930              	.L82:
 931 0066 6306     		lsls	r3, r4, #25
 932 0068 0FD4     		bmi	.L91
 933              	.L83:
 934 006a 6305     		lsls	r3, r4, #21
 935 006c 10D4     		bmi	.L92
 936              	.L84:
 937 006e 6304     		lsls	r3, r4, #17
 938 0070 11D4     		bmi	.L93
 939              	.L85:
 940 0072 6303     		lsls	r3, r4, #13
 941 0074 12D4     		bmi	.L94
 942              	.L86:
 943 0076 6302     		lsls	r3, r4, #9
 944 0078 13D4     		bmi	.L95
 945              	.L87:
 946 007a 6301     		lsls	r3, r4, #5
 947 007c 14D4     		bmi	.L96
 948              	.L88:
 949 007e 6300     		lsls	r3, r4, #1
 950 0080 15D4     		bmi	.L97
 951              	.L81:
 952              		@ sp needed
 953 0082 10BD     		pop	{r4, pc}
 954              	.L90:
 955 0084 FFF7FEFF 		bl	GPIO2_Handler
 956 0088 EDE7     		b	.L82
 957              	.L91:
 958 008a FFF7FEFF 		bl	GPIO6_Handler
 959 008e ECE7     		b	.L83
ARM GAS  C:\Users\pc\AppData\Local\Temp\ccWjqmO7.s 			page 19


 960              	.L92:
 961 0090 FFF7FEFF 		bl	GPIO10_Handler
 962 0094 EBE7     		b	.L84
 963              	.L93:
 964 0096 FFF7FEFF 		bl	GPIO14_Handler
 965 009a EAE7     		b	.L85
 966              	.L94:
 967 009c FFF7FEFF 		bl	GPIO18_Handler
 968 00a0 E9E7     		b	.L86
 969              	.L95:
 970 00a2 FFF7FEFF 		bl	GPIO22_Handler
 971 00a6 E8E7     		b	.L87
 972              	.L96:
 973 00a8 FFF7FEFF 		bl	GPIO26_Handler
 974 00ac E7E7     		b	.L88
 975              	.L97:
 976 00ae FFF7FEFF 		bl	GPIO30_Handler
 977 00b2 E6E7     		b	.L81
 978              	.L99:
 979              		.align	2
 980              	.L98:
 981 00b4 00100040 		.word	1073745920
 983              		.align	1
 984              		.global	GPIO_Group1_Handler
 985              		.syntax unified
 986              		.code	16
 987              		.thumb_func
 989              	GPIO_Group1_Handler:
 990              		@ args = 0, pretend = 0, frame = 0
 991              		@ frame_needed = 0, uses_anonymous_args = 0
 992 00b8 10B5     		push	{r4, lr}
 993 00ba 154B     		ldr	r3, .L117
 994 00bc 1C6C     		ldr	r4, [r3, #64]
 995 00be A307     		lsls	r3, r4, #30
 996 00c0 0ED4     		bmi	.L109
 997              	.L101:
 998 00c2 A306     		lsls	r3, r4, #26
 999 00c4 0FD4     		bmi	.L110
 1000              	.L102:
 1001 00c6 A305     		lsls	r3, r4, #22
 1002 00c8 10D4     		bmi	.L111
 1003              	.L103:
 1004 00ca A304     		lsls	r3, r4, #18
 1005 00cc 11D4     		bmi	.L112
 1006              	.L104:
 1007 00ce A303     		lsls	r3, r4, #14
 1008 00d0 12D4     		bmi	.L113
 1009              	.L105:
 1010 00d2 A302     		lsls	r3, r4, #10
 1011 00d4 13D4     		bmi	.L114
 1012              	.L106:
 1013 00d6 A301     		lsls	r3, r4, #6
 1014 00d8 14D4     		bmi	.L115
 1015              	.L107:
 1016 00da A300     		lsls	r3, r4, #2
 1017 00dc 15D4     		bmi	.L116
 1018              	.L100:
ARM GAS  C:\Users\pc\AppData\Local\Temp\ccWjqmO7.s 			page 20


 1019              		@ sp needed
 1020 00de 10BD     		pop	{r4, pc}
 1021              	.L109:
 1022 00e0 FFF7FEFF 		bl	GPIO1_Handler
 1023 00e4 EDE7     		b	.L101
 1024              	.L110:
 1025 00e6 FFF7FEFF 		bl	GPIO5_Handler
 1026 00ea ECE7     		b	.L102
 1027              	.L111:
 1028 00ec FFF7FEFF 		bl	GPIO9_Handler
 1029 00f0 EBE7     		b	.L103
 1030              	.L112:
 1031 00f2 FFF7FEFF 		bl	GPIO13_Handler
 1032 00f6 EAE7     		b	.L104
 1033              	.L113:
 1034 00f8 FFF7FEFF 		bl	GPIO17_Handler
 1035 00fc E9E7     		b	.L105
 1036              	.L114:
 1037 00fe FFF7FEFF 		bl	GPIO21_Handler
 1038 0102 E8E7     		b	.L106
 1039              	.L115:
 1040 0104 FFF7FEFF 		bl	GPIO25_Handler
 1041 0108 E7E7     		b	.L107
 1042              	.L116:
 1043 010a FFF7FEFF 		bl	GPIO29_Handler
 1044 010e E6E7     		b	.L100
 1045              	.L118:
 1046              		.align	2
 1047              	.L117:
 1048 0110 00100040 		.word	1073745920
 1050              		.align	1
 1051              		.global	GPIO_Group0_Handler
 1052              		.syntax unified
 1053              		.code	16
 1054              		.thumb_func
 1056              	GPIO_Group0_Handler:
 1057              		@ args = 0, pretend = 0, frame = 0
 1058              		@ frame_needed = 0, uses_anonymous_args = 0
 1059 0114 10B5     		push	{r4, lr}
 1060 0116 154B     		ldr	r3, .L136
 1061 0118 1C6C     		ldr	r4, [r3, #64]
 1062 011a E307     		lsls	r3, r4, #31
 1063 011c 0ED4     		bmi	.L128
 1064              	.L120:
 1065 011e E306     		lsls	r3, r4, #27
 1066 0120 0FD4     		bmi	.L129
 1067              	.L121:
 1068 0122 E305     		lsls	r3, r4, #23
 1069 0124 10D4     		bmi	.L130
 1070              	.L122:
 1071 0126 E304     		lsls	r3, r4, #19
 1072 0128 11D4     		bmi	.L131
 1073              	.L123:
 1074 012a E303     		lsls	r3, r4, #15
 1075 012c 12D4     		bmi	.L132
 1076              	.L124:
 1077 012e E302     		lsls	r3, r4, #11
ARM GAS  C:\Users\pc\AppData\Local\Temp\ccWjqmO7.s 			page 21


 1078 0130 13D4     		bmi	.L133
 1079              	.L125:
 1080 0132 E301     		lsls	r3, r4, #7
 1081 0134 14D4     		bmi	.L134
 1082              	.L126:
 1083 0136 E300     		lsls	r3, r4, #3
 1084 0138 15D4     		bmi	.L135
 1085              	.L119:
 1086              		@ sp needed
 1087 013a 10BD     		pop	{r4, pc}
 1088              	.L128:
 1089 013c FFF7FEFF 		bl	GPIO0_Handler
 1090 0140 EDE7     		b	.L120
 1091              	.L129:
 1092 0142 FFF7FEFF 		bl	GPIO4_Handler
 1093 0146 ECE7     		b	.L121
 1094              	.L130:
 1095 0148 FFF7FEFF 		bl	GPIO8_Handler
 1096 014c EBE7     		b	.L122
 1097              	.L131:
 1098 014e FFF7FEFF 		bl	GPIO12_Handler
 1099 0152 EAE7     		b	.L123
 1100              	.L132:
 1101 0154 FFF7FEFF 		bl	GPIO16_Handler
 1102 0158 E9E7     		b	.L124
 1103              	.L133:
 1104 015a FFF7FEFF 		bl	GPIO20_Handler
 1105 015e E8E7     		b	.L125
 1106              	.L134:
 1107 0160 FFF7FEFF 		bl	GPIO24_Handler
 1108 0164 E7E7     		b	.L126
 1109              	.L135:
 1110 0166 FFF7FEFF 		bl	GPIO28_Handler
 1111 016a E6E7     		b	.L119
 1112              	.L137:
 1113              		.align	2
 1114              	.L136:
 1115 016c 00100040 		.word	1073745920
 1117              		.section	.text.malloc,"ax",%progbits
 1118              		.align	1
 1119              		.global	malloc
 1120              		.syntax unified
 1121              		.code	16
 1122              		.thumb_func
 1124              	malloc:
 1125              		@ args = 0, pretend = 0, frame = 0
 1126              		@ frame_needed = 0, uses_anonymous_args = 0
 1127 0000 10B5     		push	{r4, lr}
 1128 0002 0100     		movs	r1, r0
 1129 0004 024B     		ldr	r3, .L139
 1130 0006 034A     		ldr	r2, .L139+4
 1131 0008 0020     		movs	r0, #0
 1132 000a FFF7FEFF 		bl	os_mem_alloc_intern
 1133              		@ sp needed
 1134 000e 10BD     		pop	{r4, pc}
 1135              	.L140:
 1136              		.align	2
ARM GAS  C:\Users\pc\AppData\Local\Temp\ccWjqmO7.s 			page 22


 1137              	.L139:
 1138 0010 F3040000 		.word	1267
 1139 0014 00000000 		.word	.LANCHOR4
 1141              		.section	.text.calloc,"ax",%progbits
 1142              		.align	1
 1143              		.global	calloc
 1144              		.syntax unified
 1145              		.code	16
 1146              		.thumb_func
 1148              	calloc:
 1149              		@ args = 0, pretend = 0, frame = 0
 1150              		@ frame_needed = 0, uses_anonymous_args = 0
 1151 0000 10B5     		push	{r4, lr}
 1152 0002 9F23     		movs	r3, #159
 1153 0004 4143     		muls	r1, r0
 1154 0006 DB00     		lsls	r3, r3, #3
 1155 0008 024A     		ldr	r2, .L142
 1156 000a 0020     		movs	r0, #0
 1157 000c FFF7FEFF 		bl	os_mem_zalloc_intern
 1158              		@ sp needed
 1159 0010 10BD     		pop	{r4, pc}
 1160              	.L143:
 1161 0012 C046     		.align	2
 1162              	.L142:
 1163 0014 00000000 		.word	.LANCHOR5
 1165              		.section	.text.realloc,"ax",%progbits
 1166              		.align	1
 1167              		.global	realloc
 1168              		.syntax unified
 1169              		.code	16
 1170              		.thumb_func
 1172              	realloc:
 1173              		@ args = 0, pretend = 0, frame = 0
 1174              		@ frame_needed = 0, uses_anonymous_args = 0
 1175 0000 10B5     		push	{r4, lr}
 1176 0002 0C00     		movs	r4, r1
 1177 0004 0028     		cmp	r0, #0
 1178 0006 01D0     		beq	.L145
 1179 0008 FFF7FEFF 		bl	os_mem_free
 1180              	.L145:
 1181 000c 034B     		ldr	r3, .L146
 1182 000e 044A     		ldr	r2, .L146+4
 1183 0010 2100     		movs	r1, r4
 1184 0012 0020     		movs	r0, #0
 1185 0014 FFF7FEFF 		bl	os_mem_alloc_intern
 1186              		@ sp needed
 1187 0018 10BD     		pop	{r4, pc}
 1188              	.L147:
 1189 001a C046     		.align	2
 1190              	.L146:
 1191 001c 02050000 		.word	1282
 1192 0020 00000000 		.word	.LANCHOR6
 1194              		.section	.text.free,"ax",%progbits
 1195              		.align	1
 1196              		.global	free
 1197              		.syntax unified
 1198              		.code	16
ARM GAS  C:\Users\pc\AppData\Local\Temp\ccWjqmO7.s 			page 23


 1199              		.thumb_func
 1201              	free:
 1202              		@ args = 0, pretend = 0, frame = 0
 1203              		@ frame_needed = 0, uses_anonymous_args = 0
 1204 0000 10B5     		push	{r4, lr}
 1205 0002 FFF7FEFF 		bl	os_mem_free
 1206              		@ sp needed
 1207 0006 10BD     		pop	{r4, pc}
 1209              		.section	.text.get_cpu_clock,"ax",%progbits
 1210              		.align	1
 1211              		.global	get_cpu_clock
 1212              		.syntax unified
 1213              		.code	16
 1214              		.thumb_func
 1216              	get_cpu_clock:
 1217              		@ args = 0, pretend = 0, frame = 0
 1218              		@ frame_needed = 0, uses_anonymous_args = 0
 1219              		@ link register save eliminated.
 1220 0000 014B     		ldr	r3, .L150
 1221 0002 1868     		ldr	r0, [r3]
 1222              		@ sp needed
 1223 0004 7047     		bx	lr
 1224              	.L151:
 1225 0006 C046     		.align	2
 1226              	.L150:
 1227 0008 00000000 		.word	SystemCpuClock
 1229              		.section	.text.get_ic_type,"ax",%progbits
 1230              		.align	1
 1231              		.global	get_ic_type
 1232              		.syntax unified
 1233              		.code	16
 1234              		.thumb_func
 1236              	get_ic_type:
 1237              		@ args = 0, pretend = 0, frame = 0
 1238              		@ frame_needed = 0, uses_anonymous_args = 0
 1239              		@ link register save eliminated.
 1240 0000 014B     		ldr	r3, .L153
 1241 0002 1878     		ldrb	r0, [r3]
 1242              		@ sp needed
 1243 0004 7047     		bx	lr
 1244              	.L154:
 1245 0006 C046     		.align	2
 1246              	.L153:
 1247 0008 4A112000 		.word	2101578
 1249              		.section	.text._close,"ax",%progbits
 1250              		.align	1
 1251              		.weak	_close
 1252              		.syntax unified
 1253              		.code	16
 1254              		.thumb_func
 1256              	_close:
 1257              		@ args = 0, pretend = 0, frame = 0
 1258              		@ frame_needed = 0, uses_anonymous_args = 0
 1259              		@ link register save eliminated.
 1260 0000 0120     		movs	r0, #1
 1261 0002 4042     		rsbs	r0, r0, #0
 1262              		@ sp needed
ARM GAS  C:\Users\pc\AppData\Local\Temp\ccWjqmO7.s 			page 24


 1263 0004 7047     		bx	lr
 1265              		.section	.text._fstat,"ax",%progbits
 1266              		.align	1
 1267              		.weak	_fstat
 1268              		.syntax unified
 1269              		.code	16
 1270              		.thumb_func
 1272              	_fstat:
 1273              		@ args = 0, pretend = 0, frame = 0
 1274              		@ frame_needed = 0, uses_anonymous_args = 0
 1275              		@ link register save eliminated.
 1276 0000 8023     		movs	r3, #128
 1277 0002 9B01     		lsls	r3, r3, #6
 1278 0004 4B60     		str	r3, [r1, #4]
 1279 0006 0020     		movs	r0, #0
 1280              		@ sp needed
 1281 0008 7047     		bx	lr
 1283              		.section	.text._getpid,"ax",%progbits
 1284              		.align	1
 1285              		.weak	_getpid
 1286              		.syntax unified
 1287              		.code	16
 1288              		.thumb_func
 1290              	_getpid:
 1291              		@ args = 0, pretend = 0, frame = 0
 1292              		@ frame_needed = 0, uses_anonymous_args = 0
 1293              		@ link register save eliminated.
 1294 0000 0120     		movs	r0, #1
 1295              		@ sp needed
 1296 0002 7047     		bx	lr
 1298              		.section	.text._isatty,"ax",%progbits
 1299              		.align	1
 1300              		.weak	_isatty
 1301              		.syntax unified
 1302              		.code	16
 1303              		.thumb_func
 1305              	_isatty:
 1306              		@ args = 0, pretend = 0, frame = 0
 1307              		@ frame_needed = 0, uses_anonymous_args = 0
 1308              		@ link register save eliminated.
 1309 0000 0120     		movs	r0, #1
 1310              		@ sp needed
 1311 0002 7047     		bx	lr
 1313              		.section	.text._kill,"ax",%progbits
 1314              		.align	1
 1315              		.weak	_kill
 1316              		.syntax unified
 1317              		.code	16
 1318              		.thumb_func
 1320              	_kill:
 1321              		@ args = 0, pretend = 0, frame = 0
 1322              		@ frame_needed = 0, uses_anonymous_args = 0
 1323              		@ link register save eliminated.
 1324 0000 024B     		ldr	r3, .L160
 1325 0002 1622     		movs	r2, #22
 1326 0004 1A60     		str	r2, [r3]
 1327 0006 0120     		movs	r0, #1
ARM GAS  C:\Users\pc\AppData\Local\Temp\ccWjqmO7.s 			page 25


 1328 0008 4042     		rsbs	r0, r0, #0
 1329              		@ sp needed
 1330 000a 7047     		bx	lr
 1331              	.L161:
 1332              		.align	2
 1333              	.L160:
 1334 000c 00000000 		.word	errno
 1336              		.section	.text._lseek,"ax",%progbits
 1337              		.align	1
 1338              		.weak	_lseek
 1339              		.syntax unified
 1340              		.code	16
 1341              		.thumb_func
 1343              	_lseek:
 1344              		@ args = 0, pretend = 0, frame = 0
 1345              		@ frame_needed = 0, uses_anonymous_args = 0
 1346              		@ link register save eliminated.
 1347 0000 0020     		movs	r0, #0
 1348              		@ sp needed
 1349 0002 7047     		bx	lr
 1351              		.section	.text._read,"ax",%progbits
 1352              		.align	1
 1353              		.weak	_read
 1354              		.syntax unified
 1355              		.code	16
 1356              		.thumb_func
 1358              	_read:
 1359              		@ args = 0, pretend = 0, frame = 0
 1360              		@ frame_needed = 0, uses_anonymous_args = 0
 1361              		@ link register save eliminated.
 1362 0000 0020     		movs	r0, #0
 1363              		@ sp needed
 1364 0002 7047     		bx	lr
 1366              		.section	.text._write,"ax",%progbits
 1367              		.align	1
 1368              		.weak	_write
 1369              		.syntax unified
 1370              		.code	16
 1371              		.thumb_func
 1373              	_write:
 1374              		@ args = 0, pretend = 0, frame = 0
 1375              		@ frame_needed = 0, uses_anonymous_args = 0
 1376              		@ link register save eliminated.
 1377 0000 1000     		movs	r0, r2
 1378              		@ sp needed
 1379 0002 7047     		bx	lr
 1381              		.section	.app.data_ram.text
 1382              		.align	1
 1383              		.global	memset
 1384              		.syntax unified
 1385              		.code	16
 1386              		.thumb_func
 1388              	memset:
 1389              		@ args = 0, pretend = 0, frame = 0
 1390              		@ frame_needed = 0, uses_anonymous_args = 0
 1391 0170 10B5     		push	{r4, lr}
 1392 0172 0B00     		movs	r3, r1
ARM GAS  C:\Users\pc\AppData\Local\Temp\ccWjqmO7.s 			page 26


 1393 0174 1100     		movs	r1, r2
 1394 0176 1A00     		movs	r2, r3
 1395 0178 FFF7FEFF 		bl	__aeabi_memset
 1396              		@ sp needed
 1397 017c 10BD     		pop	{r4, pc}
 1399 017e C046     		.section	.app.flash.text
 1400              		.align	1
 1401              		.global	ram_init
 1402              		.syntax unified
 1403              		.code	16
 1404              		.thumb_func
 1406              	ram_init:
 1407              		@ args = 0, pretend = 0, frame = 0
 1408              		@ frame_needed = 0, uses_anonymous_args = 0
 1409 0354 10B5     		push	{r4, lr}
 1410 0356 084A     		ldr	r2, .L167
 1411 0358 0849     		ldr	r1, .L167+4
 1412 035a 0948     		ldr	r0, .L167+8
 1413 035c FFF7FEFF 		bl	memcpy
 1414 0360 084A     		ldr	r2, .L167+12
 1415 0362 0949     		ldr	r1, .L167+16
 1416 0364 0948     		ldr	r0, .L167+20
 1417 0366 FFF7FEFF 		bl	memcpy
 1418 036a 094A     		ldr	r2, .L167+24
 1419 036c 0021     		movs	r1, #0
 1420 036e 0948     		ldr	r0, .L167+28
 1421 0370 FFF7FEFF 		bl	memset
 1422              		@ sp needed
 1423 0374 10BD     		pop	{r4, pc}
 1424              	.L168:
 1425 0376 C046     		.align	2
 1426              	.L167:
 1427 0378 00000000 		.word	__ram_dataon_ro_length__
 1428 037c 00000000 		.word	__ram_ro_load_ad__
 1429 0380 00000000 		.word	__ram_dataon_ro_start__
 1430 0384 00000000 		.word	__ram_dataon_rw_length__
 1431 0388 00000000 		.word	__ram_rw_load_ad__
 1432 038c 00000000 		.word	__ram_dataon_rw_start__
 1433 0390 00000000 		.word	__ram_dataon_zi_length__
 1434 0394 00000000 		.word	__ram_dataon_zi_start__
 1436              		.align	1
 1437              		.global	SystemInit
 1438              		.syntax unified
 1439              		.code	16
 1440              		.thumb_func
 1442              	SystemInit:
 1443              		@ args = 0, pretend = 0, frame = 0
 1444              		@ frame_needed = 0, uses_anonymous_args = 0
 1445 0398 10B5     		push	{r4, lr}
 1446 039a FFF7FEFF 		bl	check_hci_mode_flag
 1447 039e 0028     		cmp	r0, #0
 1448 03a0 04D1     		bne	.L170
 1449 03a2 2E4A     		ldr	r2, .L172
 1450 03a4 9C23     		movs	r3, #156
 1451 03a6 D35C     		ldrb	r3, [r2, r3]
 1452 03a8 DB07     		lsls	r3, r3, #31
 1453 03aa 01D4     		bmi	.L171
ARM GAS  C:\Users\pc\AppData\Local\Temp\ccWjqmO7.s 			page 27


 1454              	.L170:
 1455 03ac 0120     		movs	r0, #1
 1456              		@ sp needed
 1457 03ae 10BD     		pop	{r4, pc}
 1458              	.L171:
 1459 03b0 2B4B     		ldr	r3, .L172+4
 1460 03b2 2C4A     		ldr	r2, .L172+8
 1461 03b4 1A60     		str	r2, [r3]
 1462 03b6 2C48     		ldr	r0, .L172+12
 1463 03b8 FFF7FEFF 		bl	get_image_entry_addr
 1464 03bc 2B4B     		ldr	r3, .L172+16
 1465 03be 1860     		str	r0, [r3]
 1466 03c0 2B4B     		ldr	r3, .L172+20
 1467 03c2 2C4A     		ldr	r2, .L172+24
 1468 03c4 1A60     		str	r2, [r3]
 1469 03c6 2C4B     		ldr	r3, .L172+28
 1470 03c8 2C4A     		ldr	r2, .L172+32
 1471 03ca 1A60     		str	r2, [r3]
 1472 03cc 234C     		ldr	r4, .L172
 1473 03ce A423     		movs	r3, #164
 1474 03d0 5B00     		lsls	r3, r3, #1
 1475 03d2 2B4A     		ldr	r2, .L172+36
 1476 03d4 E250     		str	r2, [r4, r3]
 1477 03d6 D021     		movs	r1, #208
 1478 03d8 8020     		movs	r0, #128
 1479 03da 0022     		movs	r2, #0
 1480 03dc 0902     		lsls	r1, r1, #8
 1481 03de C001     		lsls	r0, r0, #7
 1482 03e0 FFF7FEFF 		bl	update_ram_layout
 1483 03e4 A022     		movs	r2, #160
 1484 03e6 5200     		lsls	r2, r2, #1
 1485 03e8 A35C     		ldrb	r3, [r4, r2]
 1486 03ea 0221     		movs	r1, #2
 1487 03ec 0B43     		orrs	r3, r1
 1488 03ee DBB2     		uxtb	r3, r3
 1489 03f0 2021     		movs	r1, #32
 1490 03f2 0B43     		orrs	r3, r1
 1491 03f4 0421     		movs	r1, #4
 1492 03f6 0B43     		orrs	r3, r1
 1493 03f8 A354     		strb	r3, [r4, r2]
 1494 03fa 224A     		ldr	r2, .L172+40
 1495 03fc 1379     		ldrb	r3, [r2, #4]
 1496 03fe 0220     		movs	r0, #2
 1497 0400 8343     		bics	r3, r0
 1498 0402 0230     		adds	r0, r0, #2
 1499 0404 8343     		bics	r3, r0
 1500 0406 1371     		strb	r3, [r2, #4]
 1501 0408 A123     		movs	r3, #161
 1502 040a 5B00     		lsls	r3, r3, #1
 1503 040c E25C     		ldrb	r2, [r4, r3]
 1504 040e 0C30     		adds	r0, r0, #12
 1505 0410 8243     		bics	r2, r0
 1506 0412 E254     		strb	r2, [r4, r3]
 1507 0414 1C4B     		ldr	r3, .L172+44
 1508 0416 D878     		ldrb	r0, [r3, #3]
 1509 0418 3F22     		movs	r2, #63
 1510 041a 0240     		ands	r2, r0
ARM GAS  C:\Users\pc\AppData\Local\Temp\ccWjqmO7.s 			page 28


 1511 041c DA70     		strb	r2, [r3, #3]
 1512 041e E022     		movs	r2, #224
 1513 0420 A35C     		ldrb	r3, [r4, r2]
 1514 0422 0B43     		orrs	r3, r1
 1515 0424 A354     		strb	r3, [r4, r2]
 1516 0426 8822     		movs	r2, #136
 1517 0428 1204     		lsls	r2, r2, #16
 1518 042a E264     		str	r2, [r4, #76]
 1519 042c 0023     		movs	r3, #0
 1520 042e 2365     		str	r3, [r4, #80]
 1521 0430 6265     		str	r2, [r4, #84]
 1522 0432 A365     		str	r3, [r4, #88]
 1523 0434 EC33     		adds	r3, r3, #236
 1524 0436 F022     		movs	r2, #240
 1525 0438 E254     		strb	r2, [r4, r3]
 1526 043a 0133     		adds	r3, r3, #1
 1527 043c B43A     		subs	r2, r2, #180
 1528 043e E254     		strb	r2, [r4, r3]
 1529 0440 0133     		adds	r3, r3, #1
 1530 0442 8C32     		adds	r2, r2, #140
 1531 0444 E254     		strb	r2, [r4, r3]
 1532 0446 0133     		adds	r3, r3, #1
 1533 0448 3732     		adds	r2, r2, #55
 1534 044a E254     		strb	r2, [r4, r3]
 1535 044c FFF7FEFF 		bl	ram_init
 1536 0450 0E4B     		ldr	r3, .L172+48
 1537 0452 1B68     		ldr	r3, [r3]
 1538 0454 002B     		cmp	r3, #0
 1539 0456 A9D0     		beq	.L170
 1540 0458 9847     		blx	r3
 1541 045a A7E7     		b	.L170
 1542              	.L173:
 1543              		.align	2
 1544              	.L172:
 1545 045c 38012000 		.word	2097464
 1546 0460 00000000 		.word	app_pre_main
 1547 0464 00000000 		.word	pre_main
 1548 0468 9A270000 		.word	10138
 1549 046c 00000000 		.word	upperstack_entry
 1550 0470 00000000 		.word	app_main
 1551 0474 00000000 		.word	common_main
 1552 0478 00000000 		.word	app_cb_wdg_reset
 1553 047c 00000000 		.word	wdg_system_reset_app_cb
 1554 0480 00902000 		.word	2134016
 1555 0484 D4012000 		.word	2097620
 1556 0488 FE012000 		.word	2097662
 1557 048c 00000000 		.word	os_patch
 1559              		.section	.text.log_direct_app,"ax",%progbits
 1560              		.align	1
 1561              		.global	log_direct_app
 1562              		.syntax unified
 1563              		.code	16
 1564              		.thumb_func
 1566              	log_direct_app:
 1567              		@ args = 4, pretend = 12, frame = 264
 1568              		@ frame_needed = 0, uses_anonymous_args = 1
 1569 0000 0EB4     		push	{r1, r2, r3}
ARM GAS  C:\Users\pc\AppData\Local\Temp\ccWjqmO7.s 			page 29


 1570 0002 70B5     		push	{r4, r5, r6, lr}
 1571 0004 C3B0     		sub	sp, sp, #268
 1572 0006 0400     		movs	r4, r0
 1573 0008 254B     		ldr	r3, .L185
 1574 000a 1B78     		ldrb	r3, [r3]
 1575 000c 002B     		cmp	r3, #0
 1576 000e 04D0     		beq	.L174
 1577 0010 244A     		ldr	r2, .L185+4
 1578 0012 A023     		movs	r3, #160
 1579 0014 D35C     		ldrb	r3, [r2, r3]
 1580 0016 9B07     		lsls	r3, r3, #30
 1581 0018 04D5     		bpl	.L184
 1582              	.L174:
 1583 001a 43B0     		add	sp, sp, #268
 1584              		@ sp needed
 1585 001c 70BC     		pop	{r4, r5, r6}
 1586 001e 08BC     		pop	{r3}
 1587 0020 03B0     		add	sp, sp, #12
 1588 0022 1847     		bx	r3
 1589              	.L184:
 1590 0024 FFF7FEFF 		bl	log_timestamp_get
 1591 0028 0290     		str	r0, [sp, #8]
 1592 002a 03AB     		add	r3, sp, #12
 1593 002c 7E22     		movs	r2, #126
 1594 002e 1A70     		strb	r2, [r3]
 1595 0030 0022     		movs	r2, #0
 1596 0032 1A71     		strb	r2, [r3, #4]
 1597 0034 220E     		lsrs	r2, r4, #24
 1598 0036 9A71     		strb	r2, [r3, #6]
 1599 0038 220C     		lsrs	r2, r4, #16
 1600 003a DA71     		strb	r2, [r3, #7]
 1601 003c 0590     		str	r0, [sp, #20]
 1602 003e 240A     		lsrs	r4, r4, #8
 1603 0040 1C73     		strb	r4, [r3, #12]
 1604 0042 48AB     		add	r3, sp, #288
 1605 0044 0193     		str	r3, [sp, #4]
 1606 0046 479A     		ldr	r2, [sp, #284]
 1607 0048 F021     		movs	r1, #240
 1608 004a 06A8     		add	r0, sp, #24
 1609 004c FFF7FEFF 		bl	vsnprintf
 1610 0050 03B2     		sxth	r3, r0
 1611 0052 0C26     		movs	r6, #12
 1612 0054 0204     		lsls	r2, r0, #16
 1613 0056 04D4     		bmi	.L178
 1614 0058 F036     		adds	r6, r6, #240
 1615 005a F02B     		cmp	r3, #240
 1616 005c 01DC     		bgt	.L178
 1617 005e 0C30     		adds	r0, r0, #12
 1618 0060 86B2     		uxth	r6, r0
 1619              	.L178:
 1620 0062 03AC     		add	r4, sp, #12
 1621 0064 6670     		strb	r6, [r4, #1]
 1622 0066 FFF7FEFF 		bl	os_lock
 1623 006a 0F4A     		ldr	r2, .L185+8
 1624 006c 1378     		ldrb	r3, [r2]
 1625 006e 591C     		adds	r1, r3, #1
 1626 0070 1170     		strb	r1, [r2]
ARM GAS  C:\Users\pc\AppData\Local\Temp\ccWjqmO7.s 			page 30


 1627 0072 A370     		strb	r3, [r4, #2]
 1628 0074 FFF7FEFF 		bl	os_unlock
 1629 0078 2378     		ldrb	r3, [r4]
 1630 007a 6278     		ldrb	r2, [r4, #1]
 1631 007c 5340     		eors	r3, r2
 1632 007e A278     		ldrb	r2, [r4, #2]
 1633 0080 5340     		eors	r3, r2
 1634 0082 E370     		strb	r3, [r4, #3]
 1635 0084 002E     		cmp	r6, #0
 1636 0086 C8D0     		beq	.L174
 1637 0088 2500     		movs	r5, r4
 1638 008a 0024     		movs	r4, #0
 1639              	.L180:
 1640 008c 2878     		ldrb	r0, [r5]
 1641 008e FFF7FEFF 		bl	LogUartTxChar
 1642 0092 0134     		adds	r4, r4, #1
 1643 0094 A4B2     		uxth	r4, r4
 1644 0096 0135     		adds	r5, r5, #1
 1645 0098 A642     		cmp	r6, r4
 1646 009a F7D1     		bne	.L180
 1647 009c BDE7     		b	.L174
 1648              	.L186:
 1649 009e C046     		.align	2
 1650              	.L185:
 1651 00a0 00000000 		.word	is_log_init
 1652 00a4 38012000 		.word	2097464
 1653 00a8 00000000 		.word	log_seq_num
 1655              		.section	.rodata.common_main.str1.4,"aMS",%progbits,1
 1656              		.align	2
 1657              	.LC114:
 1658 0000 496E2053 		.ascii	"In SoC Mode\000"
 1658      6F43204D 
 1658      6F646500 
 1659              		.align	2
 1660              	.LC117:
 1661 000c 5741524E 		.ascii	"WARNING: In HCI Mode, will not run APP Task\000"
 1661      494E473A 
 1661      20496E20 
 1661      48434920 
 1661      4D6F6465 
 1662              		.section	.text.common_main,"ax",%progbits
 1663              		.align	1
 1664              		.global	common_main
 1665              		.syntax unified
 1666              		.code	16
 1667              		.thumb_func
 1669              	common_main:
 1670              		@ args = 0, pretend = 0, frame = 0
 1671              		@ frame_needed = 0, uses_anonymous_args = 0
 1672 0000 70B5     		push	{r4, r5, r6, lr}
 1673 0002 0720     		movs	r0, #7
 1674 0004 FFF7FEFF 		bl	flash_nor_get_bank_addr
 1675 0008 0400     		movs	r4, r0
 1676 000a 0720     		movs	r0, #7
 1677 000c FFF7FEFF 		bl	flash_nor_get_bank_size
 1678 0010 010B     		lsrs	r1, r0, #12
 1679 0012 C9B2     		uxtb	r1, r1
ARM GAS  C:\Users\pc\AppData\Local\Temp\ccWjqmO7.s 			page 31


 1680 0014 2000     		movs	r0, r4
 1681 0016 FFF7FEFF 		bl	ftl_init
 1682 001a 124D     		ldr	r5, .L192
 1683 001c 9C24     		movs	r4, #156
 1684 001e 2B5D     		ldrb	r3, [r5, r4]
 1685 0020 0422     		movs	r2, #4
 1686 0022 1343     		orrs	r3, r2
 1687 0024 2B55     		strb	r3, [r5, r4]
 1688 0026 FFF7FEFF 		bl	random_seed_init
 1689 002a 2B5D     		ldrb	r3, [r5, r4]
 1690 002c DB07     		lsls	r3, r3, #31
 1691 002e 10D5     		bpl	.L188
 1692 0030 9420     		movs	r0, #148
 1693 0032 0D49     		ldr	r1, .L192+4
 1694 0034 8005     		lsls	r0, r0, #22
 1695 0036 FFF7FEFF 		bl	log_direct_app
 1696 003a 0C4B     		ldr	r3, .L192+8
 1697 003c 1B68     		ldr	r3, [r3]
 1698 003e 002B     		cmp	r3, #0
 1699 0040 00D0     		beq	.L190
 1700 0042 9847     		blx	r3
 1701              	.L190:
 1702 0044 FFF7FEFF 		bl	flash_sec_lock_all_keys
 1703 0048 FFF7FEFF 		bl	main
 1704              	.L191:
 1705 004c FFF7FEFF 		bl	os_sched_start
 1706              		@ sp needed
 1707 0050 70BD     		pop	{r4, r5, r6, pc}
 1708              	.L188:
 1709 0052 9420     		movs	r0, #148
 1710 0054 0649     		ldr	r1, .L192+12
 1711 0056 8005     		lsls	r0, r0, #22
 1712 0058 FFF7FEFF 		bl	log_direct_app
 1713 005c FFF7FEFF 		bl	WDG_Disable
 1714 0060 F4E7     		b	.L191
 1715              	.L193:
 1716 0062 C046     		.align	2
 1717              	.L192:
 1718 0064 38012000 		.word	2097464
 1719 0068 00000000 		.word	.LC114
 1720 006c 00000000 		.word	flash_sec_init_app_cb
 1721 0070 0C000000 		.word	.LC117
 1723              		.global	img_header
 1724              		.global	random_seed_value
 1725              		.weak	flash_sec_init_app_cb
 1726              		.weak	os_patch
 1727              		.weak	app_pre_main_cb
 1728              		.weak	user_wdg_cb
 1729              		.section	.rodata
 1730              		.align	2
 1731              		.set	.LANCHOR0,. + 0
 1732              	.LC62:
 1733 0000 00000000 		.word	.LC0
 1734 0004 0C000000 		.word	.LC1
 1735 0008 14000000 		.word	.LC2
 1736 000c 18000000 		.word	.LC3
 1737 0010 24000000 		.word	.LC4
ARM GAS  C:\Users\pc\AppData\Local\Temp\ccWjqmO7.s 			page 32


 1738 0014 30000000 		.word	.LC5
 1739 0018 3C000000 		.word	.LC6
 1740 001c 48000000 		.word	.LC7
 1741 0020 48000000 		.word	.LC7
 1742 0024 48000000 		.word	.LC7
 1743 0028 48000000 		.word	.LC7
 1744 002c 50000000 		.word	.LC8
 1745 0030 54000000 		.word	.LC9
 1746 0034 48000000 		.word	.LC7
 1747 0038 60000000 		.word	.LC10
 1748 003c 68000000 		.word	.LC11
 1749              	.LC64:
 1750 0040 70000000 		.word	.LC13
 1751 0044 78000000 		.word	.LC14
 1752 0048 80000000 		.word	.LC15
 1753 004c 88000000 		.word	.LC16
 1754 0050 90000000 		.word	.LC17
 1755 0054 98000000 		.word	.LC18
 1756 0058 AC000000 		.word	.LC19
 1757 005c B4000000 		.word	.LC20
 1758 0060 BC000000 		.word	.LC21
 1759 0064 C8000000 		.word	.LC22
 1760 0068 D0000000 		.word	.LC23
 1761 006c D8000000 		.word	.LC24
 1762 0070 E0000000 		.word	.LC25
 1763 0074 E8000000 		.word	.LC26
 1764 0078 F0000000 		.word	.LC27
 1765 007c F8000000 		.word	.LC28
 1766 0080 00010000 		.word	.LC29
 1767 0084 08010000 		.word	.LC30
 1768 0088 10010000 		.word	.LC31
 1769 008c 14010000 		.word	.LC32
 1770 0090 20010000 		.word	.LC33
 1771 0094 30010000 		.word	.LC34
 1772 0098 40010000 		.word	.LC35
 1773 009c 50010000 		.word	.LC36
 1774 00a0 60010000 		.word	.LC37
 1775 00a4 70010000 		.word	.LC38
 1776 00a8 80010000 		.word	.LC39
 1777 00ac 8C010000 		.word	.LC40
 1778 00b0 98010000 		.word	.LC41
 1779 00b4 9C010000 		.word	.LC42
 1780 00b8 A8010000 		.word	.LC43
 1781 00bc B4010000 		.word	.LC44
 1782 00c0 BC010000 		.word	.LC45
 1783 00c4 C4010000 		.word	.LC46
 1784 00c8 CC010000 		.word	.LC47
 1785 00cc D4010000 		.word	.LC48
 1786 00d0 DC010000 		.word	.LC49
 1787 00d4 E4010000 		.word	.LC50
 1788 00d8 EC010000 		.word	.LC51
 1789 00dc F4010000 		.word	.LC52
 1790 00e0 00020000 		.word	.LC53
 1791 00e4 08020000 		.word	.LC54
 1792 00e8 10020000 		.word	.LC55
 1793 00ec 1C020000 		.word	.LC56
 1794 00f0 24020000 		.word	.LC57
ARM GAS  C:\Users\pc\AppData\Local\Temp\ccWjqmO7.s 			page 33


 1795 00f4 30020000 		.word	.LC58
 1796 00f8 34020000 		.word	.LC59
 1797              		.section	.TRACE,"a"
 1798              		.align	2
 1799              		.set	.LANCHOR1,. + 0
 1800              		.set	.LANCHOR3,. + 128
 1803              	format.4:
 1804 0000 21212A57 		.ascii	"!!*Warning! %s is updated by APP!\000"
 1804      61726E69 
 1804      6E672120 
 1804      25732069 
 1804      73207570 
 1805 0022 0000     		.space	2
 1808              	format.3:
 1809 0024 21212A57 		.ascii	"!!*Warning! ISR %s is updated by APP!\000"
 1809      61726E69 
 1809      6E672120 
 1809      49535220 
 1809      25732069 
 1810 004a 0000     		.space	2
 1813              	format.9:
 1814 004c 212A2A5B 		.ascii	"!**[Debug Info]RESET Reason: HW\000"
 1814      44656275 
 1814      6720496E 
 1814      666F5D52 
 1814      45534554 
 1817              	format.8:
 1818 006c 212A2A5B 		.ascii	"!**[Debug Info]RESET Reason: SW, TYPE 0x%x\000"
 1818      44656275 
 1818      6720496E 
 1818      666F5D52 
 1818      45534554 
 1819 0097 00       		.space	1
 1822              	format.7:
 1823 0098 212A2A5B 		.ascii	"!**[Debug Info]WDG: pc %x, lr %x, psr %x\000"
 1823      44656275 
 1823      6720496E 
 1823      666F5D57 
 1823      44473A20 
 1824 00c1 000000   		.space	3
 1827              	format.6:
 1828 00c4 212A2A5B 		.ascii	"!**[Debug Info]AON WDG: pc %x, lr %x, psr %x\000"
 1828      44656275 
 1828      6720496E 
 1828      666F5D41 
 1828      4F4E2057 
 1829 00f1 000000   		.space	3
 1832              	format.5:
 1833 00f4 21212153 		.ascii	"!!!SDK Ver: %s, Build Time: %s\000"
 1833      444B2056 
 1833      65723A20 
 1833      25732C20 
 1833      4275696C 
 1834              		.section	.app.flash.header,"a"
 1835              		.align	2
 1838              	img_header:
 1839 0000 FF       		.byte	-1
ARM GAS  C:\Users\pc\AppData\Local\Temp\ccWjqmO7.s 			page 34


 1840 0001 FF       		.byte	-1
 1841 0002 FF       		.byte	-1
 1842 0003 FF       		.byte	-1
 1843 0004 FF       		.byte	-1
 1844 0005 FF       		.byte	-1
 1845 0006 FF       		.byte	-1
 1846 0007 FF       		.byte	-1
 1847 0008 FF       		.byte	-1
 1848 0009 FF       		.byte	-1
 1849 000a FF       		.byte	-1
 1850 000b FF       		.byte	-1
 1851 000c FF       		.byte	-1
 1852 000d FF       		.byte	-1
 1853 000e FF       		.byte	-1
 1854 000f FF       		.byte	-1
 1855 0010 00000000 		.space	416
 1855      00000000 
 1855      00000000 
 1855      00000000 
 1855      00000000 
 1856 01b0 0000     		.space	2
 1857 01b2 10       		.byte	16
 1858 01b3 00       		.byte	0
 1859 01b4 01       		.byte	1
 1860 01b5 09       		.byte	9
 1861 01b6 9327     		.short	10131
 1862 01b8 00010000 		.word	256
 1863 01bc 98       		.byte	-104
 1864 01bd C5       		.byte	-59
 1865 01be 31       		.byte	49
 1866 01bf 9B       		.byte	-101
 1867 01c0 43       		.byte	67
 1868 01c1 C2       		.byte	-62
 1869 01c2 ED       		.byte	-19
 1870 01c3 11       		.byte	17
 1871 01c4 BE       		.byte	-66
 1872 01c5 06       		.byte	6
 1873 01c6 11       		.byte	17
 1874 01c7 3B       		.byte	59
 1875 01c8 98       		.byte	-104
 1876 01c9 3E       		.byte	62
 1877 01ca DD       		.byte	-35
 1878 01cb 6F       		.byte	111
 1879 01cc 00000000 		.word	Reset_Handler
 1880 01d0 00000000 		.space	4
 1881 01d4 00000000 		.word	0
 1882 01d8 00608300 		.word	8609792
 1883 01dc 00000000 		.space	24
 1883      00000000 
 1883      00000000 
 1883      00000000 
 1883      00000000 
 1884 01f4 00000000 		.word	0
 1885 01f8 00000000 		.space	24
 1885      00000000 
 1885      00000000 
 1885      00000000 
ARM GAS  C:\Users\pc\AppData\Local\Temp\ccWjqmO7.s 			page 35


 1885      00000000 
 1886 0210 21       		.byte	33
 1887 0211 00       		.byte	0
 1888 0212 00       		.byte	0
 1889 0213 00       		.byte	0
 1890 0214 052B8110 		.word	276900613
 1891 0218 73       		.byte	115
 1892 0219 64       		.byte	100
 1893 021a 6B       		.byte	107
 1894 021b 23       		.byte	35
 1895 021c 23       		.byte	35
 1896 021d 23       		.byte	35
 1897 021e 23       		.byte	35
 1898 021f 23       		.byte	35
 1899 0220 00000000 		.space	480
 1899      00000000 
 1899      00000000 
 1899      00000000 
 1899      00000000 
 1900              		.section	.bss.app_pre_main_cb,"aw",%nobits
 1901              		.align	2
 1904              	app_pre_main_cb:
 1905 0000 00000000 		.space	4
 1906              		.section	.bss.flash_sec_init_app_cb,"aw",%nobits
 1907              		.align	2
 1910              	flash_sec_init_app_cb:
 1911 0000 00000000 		.space	4
 1912              		.section	.bss.os_patch,"aw",%nobits
 1913              		.align	2
 1916              	os_patch:
 1917 0000 00000000 		.space	4
 1918              		.section	.bss.random_seed_value,"aw",%nobits
 1919              		.align	2
 1920              		.set	.LANCHOR2,. + 0
 1923              	random_seed_value:
 1924 0000 00000000 		.space	4
 1925              		.section	.bss.user_wdg_cb,"aw",%nobits
 1926              		.align	2
 1929              	user_wdg_cb:
 1930 0000 00000000 		.space	4
 1931              		.section	.rodata.__func__.0,"a"
 1932              		.align	2
 1933              		.set	.LANCHOR6,. + 0
 1936              	__func__.0:
 1937 0000 7265616C 		.ascii	"realloc\000"
 1937      6C6F6300 
 1938              		.section	.rodata.__func__.1,"a"
 1939              		.align	2
 1940              		.set	.LANCHOR5,. + 0
 1943              	__func__.1:
 1944 0000 63616C6C 		.ascii	"calloc\000"
 1944      6F6300
 1945              		.section	.rodata.__func__.2,"a"
 1946              		.align	2
 1947              		.set	.LANCHOR4,. + 0
 1950              	__func__.2:
 1951 0000 6D616C6C 		.ascii	"malloc\000"
ARM GAS  C:\Users\pc\AppData\Local\Temp\ccWjqmO7.s 			page 36


 1951      6F6300
 1952              		.ident	"GCC: (GNU Arm Embedded Toolchain 10.3-2021.10) 10.3.1 20210824 (release)"
ARM GAS  C:\Users\pc\AppData\Local\Temp\ccWjqmO7.s 			page 37


DEFINED SYMBOLS
                            *ABS*:00000000 system_rtl876x.c
C:\Users\pc\AppData\Local\Temp\ccWjqmO7.s:15     .rodata.str1.4:00000000 $d
C:\Users\pc\AppData\Local\Temp\ccWjqmO7.s:194    .app.flash.text:00000000 $t
C:\Users\pc\AppData\Local\Temp\ccWjqmO7.s:200    .app.flash.text:00000000 wdg_system_reset_app_cb
C:\Users\pc\AppData\Local\Temp\ccWjqmO7.s:215    .app.flash.text:00000010 $d
C:\Users\pc\AppData\Local\Temp\ccWjqmO7.s:1929   .bss.user_wdg_cb:00000000 user_wdg_cb
C:\Users\pc\AppData\Local\Temp\ccWjqmO7.s:218    .app.overlay_a:00000000 $t
C:\Users\pc\AppData\Local\Temp\ccWjqmO7.s:224    .app.overlay_a:00000000 AppUpdateVectorTable
C:\Users\pc\AppData\Local\Temp\ccWjqmO7.s:333    .app.overlay_a:000000c0 $d
C:\Users\pc\AppData\Local\Temp\ccWjqmO7.s:347    .text.random_seed_init:00000000 $t
C:\Users\pc\AppData\Local\Temp\ccWjqmO7.s:353    .text.random_seed_init:00000000 random_seed_init
C:\Users\pc\AppData\Local\Temp\ccWjqmO7.s:367    .text.random_seed_init:00000010 $d
C:\Users\pc\AppData\Local\Temp\ccWjqmO7.s:370    .app.flash.gap.text:00000000 $t
C:\Users\pc\AppData\Local\Temp\ccWjqmO7.s:376    .app.flash.gap.text:00000000 flash_sec_lock_all_keys
C:\Users\pc\AppData\Local\Temp\ccWjqmO7.s:391    .app.flash.text:00000014 $t
C:\Users\pc\AppData\Local\Temp\ccWjqmO7.s:397    .app.flash.text:00000014 ram_cache_init
C:\Users\pc\AppData\Local\Temp\ccWjqmO7.s:410    .app.flash.text:00000024 $d
C:\Users\pc\AppData\Local\Temp\ccWjqmO7.s:414    .app.flash.text:00000030 $t
C:\Users\pc\AppData\Local\Temp\ccWjqmO7.s:420    .app.flash.text:00000030 get_image_entry_addr
C:\Users\pc\AppData\Local\Temp\ccWjqmO7.s:478    .app.flash.text:00000094 $d
C:\Users\pc\AppData\Local\Temp\ccWjqmO7.s:481    .app.flash.text:0000009c $t
C:\Users\pc\AppData\Local\Temp\ccWjqmO7.s:487    .app.flash.text:0000009c set_os_clock
C:\Users\pc\AppData\Local\Temp\ccWjqmO7.s:544    .app.flash.text:000000f8 $d
C:\Users\pc\AppData\Local\Temp\ccWjqmO7.s:546    .app.flash.text:000000fc $t
C:\Users\pc\AppData\Local\Temp\ccWjqmO7.s:552    .app.flash.text:000000fc print_reset_reason
C:\Users\pc\AppData\Local\Temp\ccWjqmO7.s:766    .app.flash.text:000002c0 $d
C:\Users\pc\AppData\Local\Temp\ccWjqmO7.s:789    .app.flash.text:000002ec $t
C:\Users\pc\AppData\Local\Temp\ccWjqmO7.s:795    .app.flash.text:000002ec pre_main
C:\Users\pc\AppData\Local\Temp\ccWjqmO7.s:841    .app.flash.text:0000033c $d
C:\Users\pc\AppData\Local\Temp\ccWjqmO7.s:1904   .bss.app_pre_main_cb:00000000 app_pre_main_cb
C:\Users\pc\AppData\Local\Temp\ccWjqmO7.s:849    .app.data_ram.text:00000000 $t
C:\Users\pc\AppData\Local\Temp\ccWjqmO7.s:855    .app.data_ram.text:00000000 GPIO_Group3_Handler
C:\Users\pc\AppData\Local\Temp\ccWjqmO7.s:914    .app.data_ram.text:00000058 $d
C:\Users\pc\AppData\Local\Temp\ccWjqmO7.s:916    .app.data_ram.text:0000005c $t
C:\Users\pc\AppData\Local\Temp\ccWjqmO7.s:922    .app.data_ram.text:0000005c GPIO_Group2_Handler
C:\Users\pc\AppData\Local\Temp\ccWjqmO7.s:981    .app.data_ram.text:000000b4 $d
C:\Users\pc\AppData\Local\Temp\ccWjqmO7.s:983    .app.data_ram.text:000000b8 $t
C:\Users\pc\AppData\Local\Temp\ccWjqmO7.s:989    .app.data_ram.text:000000b8 GPIO_Group1_Handler
C:\Users\pc\AppData\Local\Temp\ccWjqmO7.s:1048   .app.data_ram.text:00000110 $d
C:\Users\pc\AppData\Local\Temp\ccWjqmO7.s:1050   .app.data_ram.text:00000114 $t
C:\Users\pc\AppData\Local\Temp\ccWjqmO7.s:1056   .app.data_ram.text:00000114 GPIO_Group0_Handler
C:\Users\pc\AppData\Local\Temp\ccWjqmO7.s:1115   .app.data_ram.text:0000016c $d
C:\Users\pc\AppData\Local\Temp\ccWjqmO7.s:1118   .text.malloc:00000000 $t
C:\Users\pc\AppData\Local\Temp\ccWjqmO7.s:1124   .text.malloc:00000000 malloc
C:\Users\pc\AppData\Local\Temp\ccWjqmO7.s:1138   .text.malloc:00000010 $d
C:\Users\pc\AppData\Local\Temp\ccWjqmO7.s:1142   .text.calloc:00000000 $t
C:\Users\pc\AppData\Local\Temp\ccWjqmO7.s:1148   .text.calloc:00000000 calloc
C:\Users\pc\AppData\Local\Temp\ccWjqmO7.s:1163   .text.calloc:00000014 $d
C:\Users\pc\AppData\Local\Temp\ccWjqmO7.s:1166   .text.realloc:00000000 $t
C:\Users\pc\AppData\Local\Temp\ccWjqmO7.s:1172   .text.realloc:00000000 realloc
C:\Users\pc\AppData\Local\Temp\ccWjqmO7.s:1191   .text.realloc:0000001c $d
C:\Users\pc\AppData\Local\Temp\ccWjqmO7.s:1195   .text.free:00000000 $t
C:\Users\pc\AppData\Local\Temp\ccWjqmO7.s:1201   .text.free:00000000 free
C:\Users\pc\AppData\Local\Temp\ccWjqmO7.s:1210   .text.get_cpu_clock:00000000 $t
C:\Users\pc\AppData\Local\Temp\ccWjqmO7.s:1216   .text.get_cpu_clock:00000000 get_cpu_clock
C:\Users\pc\AppData\Local\Temp\ccWjqmO7.s:1227   .text.get_cpu_clock:00000008 $d
ARM GAS  C:\Users\pc\AppData\Local\Temp\ccWjqmO7.s 			page 38


C:\Users\pc\AppData\Local\Temp\ccWjqmO7.s:1230   .text.get_ic_type:00000000 $t
C:\Users\pc\AppData\Local\Temp\ccWjqmO7.s:1236   .text.get_ic_type:00000000 get_ic_type
C:\Users\pc\AppData\Local\Temp\ccWjqmO7.s:1247   .text.get_ic_type:00000008 $d
C:\Users\pc\AppData\Local\Temp\ccWjqmO7.s:1250   .text._close:00000000 $t
C:\Users\pc\AppData\Local\Temp\ccWjqmO7.s:1256   .text._close:00000000 _close
C:\Users\pc\AppData\Local\Temp\ccWjqmO7.s:1266   .text._fstat:00000000 $t
C:\Users\pc\AppData\Local\Temp\ccWjqmO7.s:1272   .text._fstat:00000000 _fstat
C:\Users\pc\AppData\Local\Temp\ccWjqmO7.s:1284   .text._getpid:00000000 $t
C:\Users\pc\AppData\Local\Temp\ccWjqmO7.s:1290   .text._getpid:00000000 _getpid
C:\Users\pc\AppData\Local\Temp\ccWjqmO7.s:1299   .text._isatty:00000000 $t
C:\Users\pc\AppData\Local\Temp\ccWjqmO7.s:1305   .text._isatty:00000000 _isatty
C:\Users\pc\AppData\Local\Temp\ccWjqmO7.s:1314   .text._kill:00000000 $t
C:\Users\pc\AppData\Local\Temp\ccWjqmO7.s:1320   .text._kill:00000000 _kill
C:\Users\pc\AppData\Local\Temp\ccWjqmO7.s:1334   .text._kill:0000000c $d
C:\Users\pc\AppData\Local\Temp\ccWjqmO7.s:1337   .text._lseek:00000000 $t
C:\Users\pc\AppData\Local\Temp\ccWjqmO7.s:1343   .text._lseek:00000000 _lseek
C:\Users\pc\AppData\Local\Temp\ccWjqmO7.s:1352   .text._read:00000000 $t
C:\Users\pc\AppData\Local\Temp\ccWjqmO7.s:1358   .text._read:00000000 _read
C:\Users\pc\AppData\Local\Temp\ccWjqmO7.s:1367   .text._write:00000000 $t
C:\Users\pc\AppData\Local\Temp\ccWjqmO7.s:1373   .text._write:00000000 _write
C:\Users\pc\AppData\Local\Temp\ccWjqmO7.s:1382   .app.data_ram.text:00000170 $t
C:\Users\pc\AppData\Local\Temp\ccWjqmO7.s:1388   .app.data_ram.text:00000170 memset
C:\Users\pc\AppData\Local\Temp\ccWjqmO7.s:1400   .app.flash.text:00000354 $t
C:\Users\pc\AppData\Local\Temp\ccWjqmO7.s:1406   .app.flash.text:00000354 ram_init
C:\Users\pc\AppData\Local\Temp\ccWjqmO7.s:1427   .app.flash.text:00000378 $d
C:\Users\pc\AppData\Local\Temp\ccWjqmO7.s:1436   .app.flash.text:00000398 $t
C:\Users\pc\AppData\Local\Temp\ccWjqmO7.s:1442   .app.flash.text:00000398 SystemInit
C:\Users\pc\AppData\Local\Temp\ccWjqmO7.s:1545   .app.flash.text:0000045c $d
C:\Users\pc\AppData\Local\Temp\ccWjqmO7.s:1669   .text.common_main:00000000 common_main
C:\Users\pc\AppData\Local\Temp\ccWjqmO7.s:1916   .bss.os_patch:00000000 os_patch
C:\Users\pc\AppData\Local\Temp\ccWjqmO7.s:1560   .text.log_direct_app:00000000 $t
C:\Users\pc\AppData\Local\Temp\ccWjqmO7.s:1566   .text.log_direct_app:00000000 log_direct_app
C:\Users\pc\AppData\Local\Temp\ccWjqmO7.s:1651   .text.log_direct_app:000000a0 $d
C:\Users\pc\AppData\Local\Temp\ccWjqmO7.s:1656   .rodata.common_main.str1.4:00000000 $d
C:\Users\pc\AppData\Local\Temp\ccWjqmO7.s:1663   .text.common_main:00000000 $t
C:\Users\pc\AppData\Local\Temp\ccWjqmO7.s:1718   .text.common_main:00000064 $d
C:\Users\pc\AppData\Local\Temp\ccWjqmO7.s:1910   .bss.flash_sec_init_app_cb:00000000 flash_sec_init_app_cb
C:\Users\pc\AppData\Local\Temp\ccWjqmO7.s:1838   .app.flash.header:00000000 img_header
C:\Users\pc\AppData\Local\Temp\ccWjqmO7.s:1923   .bss.random_seed_value:00000000 random_seed_value
C:\Users\pc\AppData\Local\Temp\ccWjqmO7.s:1730   .rodata:00000000 $d
C:\Users\pc\AppData\Local\Temp\ccWjqmO7.s:1798   .TRACE:00000000 $d
C:\Users\pc\AppData\Local\Temp\ccWjqmO7.s:1803   .TRACE:00000000 format.4
C:\Users\pc\AppData\Local\Temp\ccWjqmO7.s:1808   .TRACE:00000024 format.3
C:\Users\pc\AppData\Local\Temp\ccWjqmO7.s:1813   .TRACE:0000004c format.9
C:\Users\pc\AppData\Local\Temp\ccWjqmO7.s:1817   .TRACE:0000006c format.8
C:\Users\pc\AppData\Local\Temp\ccWjqmO7.s:1822   .TRACE:00000098 format.7
C:\Users\pc\AppData\Local\Temp\ccWjqmO7.s:1827   .TRACE:000000c4 format.6
C:\Users\pc\AppData\Local\Temp\ccWjqmO7.s:1832   .TRACE:000000f4 format.5
C:\Users\pc\AppData\Local\Temp\ccWjqmO7.s:1835   .app.flash.header:00000000 $d
C:\Users\pc\AppData\Local\Temp\ccWjqmO7.s:1901   .bss.app_pre_main_cb:00000000 $d
C:\Users\pc\AppData\Local\Temp\ccWjqmO7.s:1907   .bss.flash_sec_init_app_cb:00000000 $d
C:\Users\pc\AppData\Local\Temp\ccWjqmO7.s:1913   .bss.os_patch:00000000 $d
C:\Users\pc\AppData\Local\Temp\ccWjqmO7.s:1919   .bss.random_seed_value:00000000 $d
C:\Users\pc\AppData\Local\Temp\ccWjqmO7.s:1926   .bss.user_wdg_cb:00000000 $d
C:\Users\pc\AppData\Local\Temp\ccWjqmO7.s:1932   .rodata.__func__.0:00000000 $d
C:\Users\pc\AppData\Local\Temp\ccWjqmO7.s:1936   .rodata.__func__.0:00000000 __func__.0
C:\Users\pc\AppData\Local\Temp\ccWjqmO7.s:1939   .rodata.__func__.1:00000000 $d
ARM GAS  C:\Users\pc\AppData\Local\Temp\ccWjqmO7.s 			page 39


C:\Users\pc\AppData\Local\Temp\ccWjqmO7.s:1943   .rodata.__func__.1:00000000 __func__.1
C:\Users\pc\AppData\Local\Temp\ccWjqmO7.s:1946   .rodata.__func__.2:00000000 $d
C:\Users\pc\AppData\Local\Temp\ccWjqmO7.s:1950   .rodata.__func__.2:00000000 __func__.2

UNDEFINED SYMBOLS
memcpy
RamVectorTableInit
trace_string
log_buffer
__ram_vector_table_length__
__ram_vector_load_ad__
ROM_Default_Handler
Default_Handler
platform_random
flash_sec_lock_key
__cache_dataon_length__
__cache_data_load_ad__
__cache_dataon_start__
get_active_ota_bank_addr
check_header_valid
get_image_size_in_bank
get_header_addr_by_img_id
btaon_fast_read_safe
WDG_ClockEnable
WDG_Config
WDG_Enable
WDG_Disable
reset_reason_get
NVIC_Init
reset_reason
platform_delay_ms
platform_delay_us
setlocale
GPIO3_Handler
GPIO7_Handler
GPIO11_Handler
GPIO15_Handler
GPIO19_Handler
GPIO23_Handler
GPIO27_Handler
GPIO31_Handler
GPIO2_Handler
GPIO6_Handler
GPIO10_Handler
GPIO14_Handler
GPIO18_Handler
GPIO22_Handler
GPIO26_Handler
GPIO30_Handler
GPIO1_Handler
GPIO5_Handler
GPIO9_Handler
GPIO13_Handler
GPIO17_Handler
GPIO21_Handler
GPIO25_Handler
GPIO29_Handler
ARM GAS  C:\Users\pc\AppData\Local\Temp\ccWjqmO7.s 			page 40


GPIO0_Handler
GPIO4_Handler
GPIO8_Handler
GPIO12_Handler
GPIO16_Handler
GPIO20_Handler
GPIO24_Handler
GPIO28_Handler
os_mem_alloc_intern
os_mem_zalloc_intern
os_mem_free
SystemCpuClock
errno
__aeabi_memset
__ram_dataon_ro_length__
__ram_ro_load_ad__
__ram_dataon_ro_start__
__ram_dataon_rw_length__
__ram_rw_load_ad__
__ram_dataon_rw_start__
__ram_dataon_zi_length__
__ram_dataon_zi_start__
check_hci_mode_flag
update_ram_layout
app_pre_main
upperstack_entry
app_main
app_cb_wdg_reset
log_timestamp_get
vsnprintf
os_lock
os_unlock
LogUartTxChar
is_log_init
log_seq_num
flash_nor_get_bank_addr
flash_nor_get_bank_size
ftl_init
main
os_sched_start
Reset_Handler
