Archive member included to satisfy reference by file (symbol)

../sdk/lib/adc.a(adc_lib.o)   build/battery.o (ADC_CalibrationInit)
../sdk/lib/gap_utils.a(gap_lib.o)
                              build/main.o (gap_lib_init)
../sdk/lib/gap_utils.a(gap_lib_system_call.o)
                              build/app_task.o (gap_start_bt_stack)
../sdk/lib/gap_utils.a(gap_vendor_cmd.o)
                              ../sdk/lib/gap_utils.a(gap_lib.o) (le_handle_vendor_cmd_rsp)
c:/gcc-arm-none-eabi/bin/../lib/gcc/arm-none-eabi/10.3.1/../../../../arm-none-eabi/lib/thumb/v6-m/nofp\libc_nano.a(lib_a-init.o)
                              c:/gcc-arm-none-eabi/bin/../lib/gcc/arm-none-eabi/10.3.1/../../../../arm-none-eabi/lib/thumb/v6-m/nofp/crt0.o (__libc_init_array)
c:/gcc-arm-none-eabi/bin/../lib/gcc/arm-none-eabi/10.3.1/../../../../arm-none-eabi/lib/thumb/v6-m/nofp\libc_nano.a(lib_a-reent.o)
                              build/system_rtl876x.o (errno)
c:/gcc-arm-none-eabi/bin/../lib/gcc/arm-none-eabi/10.3.1/../../../../arm-none-eabi/lib/thumb/v6-m/nofp\libc_nano.a(lib_a-snprintf.o)
                              build/retarget.o (snprintf)
c:/gcc-arm-none-eabi/bin/../lib/gcc/arm-none-eabi/10.3.1/../../../../arm-none-eabi/lib/thumb/v6-m/nofp\libc_nano.a(lib_a-sprintf.o)
                              build/peripheral_app.o (sprintf)
c:/gcc-arm-none-eabi/bin/../lib/gcc/arm-none-eabi/10.3.1/../../../../arm-none-eabi/lib/thumb/v6-m/nofp\libc_nano.a(lib_a-vsnprintf.o)
                              build/system_rtl876x.o (vsnprintf)
c:/gcc-arm-none-eabi/bin/../lib/gcc/arm-none-eabi/10.3.1/../../../../arm-none-eabi/lib/thumb/v6-m/nofp\libc_nano.a(lib_a-impure.o)
                              c:/gcc-arm-none-eabi/bin/../lib/gcc/arm-none-eabi/10.3.1/../../../../arm-none-eabi/lib/thumb/v6-m/nofp\libc_nano.a(lib_a-reent.o) (_impure_ptr)
c:/gcc-arm-none-eabi/bin/../lib/gcc/arm-none-eabi/10.3.1/../../../../arm-none-eabi/lib/thumb/v6-m/nofp\libc_nano.a(lib_a-nano-freer.o)
                              c:/gcc-arm-none-eabi/bin/../lib/gcc/arm-none-eabi/10.3.1/../../../../arm-none-eabi/lib/thumb/v6-m/nofp\libc_nano.a(lib_a-reent.o) (_free_r)
c:/gcc-arm-none-eabi/bin/../lib/gcc/arm-none-eabi/10.3.1/../../../../arm-none-eabi/lib/thumb/v6-m/nofp\libc_nano.a(lib_a-nano-mallocr.o)
                              c:/gcc-arm-none-eabi/bin/../lib/gcc/arm-none-eabi/10.3.1/../../../../arm-none-eabi/lib/thumb/v6-m/nofp\libc_nano.a(lib_a-nano-freer.o) (__malloc_free_list)
c:/gcc-arm-none-eabi/bin/../lib/gcc/arm-none-eabi/10.3.1/../../../../arm-none-eabi/lib/thumb/v6-m/nofp\libc_nano.a(lib_a-nano-svfprintf.o)
                              c:/gcc-arm-none-eabi/bin/../lib/gcc/arm-none-eabi/10.3.1/../../../../arm-none-eabi/lib/thumb/v6-m/nofp\libc_nano.a(lib_a-snprintf.o) (_svfprintf_r)
c:/gcc-arm-none-eabi/bin/../lib/gcc/arm-none-eabi/10.3.1/../../../../arm-none-eabi/lib/thumb/v6-m/nofp\libc_nano.a(lib_a-nano-vfprintf_i.o)
                              c:/gcc-arm-none-eabi/bin/../lib/gcc/arm-none-eabi/10.3.1/../../../../arm-none-eabi/lib/thumb/v6-m/nofp\libc_nano.a(lib_a-nano-svfprintf.o) (_printf_i)
c:/gcc-arm-none-eabi/bin/../lib/gcc/arm-none-eabi/10.3.1/../../../../arm-none-eabi/lib/thumb/v6-m/nofp\libc_nano.a(lib_a-sbrkr.o)
                              c:/gcc-arm-none-eabi/bin/../lib/gcc/arm-none-eabi/10.3.1/../../../../arm-none-eabi/lib/thumb/v6-m/nofp\libc_nano.a(lib_a-nano-mallocr.o) (_sbrk_r)
c:/gcc-arm-none-eabi/bin/../lib/gcc/arm-none-eabi/10.3.1/../../../../arm-none-eabi/lib/thumb/v6-m/nofp\libc_nano.a(lib_a-memchr-stub.o)
                              c:/gcc-arm-none-eabi/bin/../lib/gcc/arm-none-eabi/10.3.1/../../../../arm-none-eabi/lib/thumb/v6-m/nofp\libc_nano.a(lib_a-nano-svfprintf.o) (memchr)
c:/gcc-arm-none-eabi/bin/../lib/gcc/arm-none-eabi/10.3.1/../../../../arm-none-eabi/lib/thumb/v6-m/nofp\libc_nano.a(lib_a-memmove.o)
                              c:/gcc-arm-none-eabi/bin/../lib/gcc/arm-none-eabi/10.3.1/../../../../arm-none-eabi/lib/thumb/v6-m/nofp\libc_nano.a(lib_a-nano-svfprintf.o) (memmove)
c:/gcc-arm-none-eabi/bin/../lib/gcc/arm-none-eabi/10.3.1/../../../../arm-none-eabi/lib/thumb/v6-m/nofp\libc_nano.a(lib_a-mlock.o)
                              c:/gcc-arm-none-eabi/bin/../lib/gcc/arm-none-eabi/10.3.1/../../../../arm-none-eabi/lib/thumb/v6-m/nofp\libc_nano.a(lib_a-nano-freer.o) (__malloc_lock)
c:/gcc-arm-none-eabi/bin/../lib/gcc/arm-none-eabi/10.3.1/../../../../arm-none-eabi/lib/thumb/v6-m/nofp\libc_nano.a(lib_a-nano-reallocr.o)
                              c:/gcc-arm-none-eabi/bin/../lib/gcc/arm-none-eabi/10.3.1/../../../../arm-none-eabi/lib/thumb/v6-m/nofp\libc_nano.a(lib_a-nano-svfprintf.o) (_realloc_r)
c:/gcc-arm-none-eabi/bin/../lib/gcc/arm-none-eabi/10.3.1/../../../../arm-none-eabi/lib/thumb/v6-m/nofp\libc_nano.a(lib_a-lock.o)
                              c:/gcc-arm-none-eabi/bin/../lib/gcc/arm-none-eabi/10.3.1/../../../../arm-none-eabi/lib/thumb/v6-m/nofp\libc_nano.a(lib_a-mlock.o) (__retarget_lock_acquire_recursive)
[...]
Memory Configuration

Name             Origin             Length             Attributes
APP_DATA_ON      0x00207c00         0x00004000         xrw
HEAP_DATA_ON     0x0020bc00         0x0000a400         xrw
CACHE_DATA_ON    0x00216000         0x00000000         xrw
APP_FLASH        0x00832000         0x00025000         r
APP_TRACE        0x08800000         0x00400000         r
*default*        0x00000000         0xffffffff

Linker script and memory map

LOAD c:/gcc-arm-none-eabi/bin/../lib/gcc/arm-none-eabi/10.3.1/thumb/v6-m/nofp/crti.o
LOAD c:/gcc-arm-none-eabi/bin/../lib/gcc/arm-none-eabi/10.3.1/thumb/v6-m/nofp/crtbegin.o
LOAD c:/gcc-arm-none-eabi/bin/../lib/gcc/arm-none-eabi/10.3.1/../../../../arm-none-eabi/lib/thumb/v6-m/nofp/crt0.o
LOAD build/system_rtl876x.o
LOAD build/rtl876x_io_dlps.o
LOAD build/rtl876x_nvic.o
LOAD build/rtl876x_pinmux.o
LOAD build/rtl876x_gpio.o
LOAD build/rtl876x_rcc.o
LOAD build/rtl876x_uart.o
LOAD build/simple_ble_service.o
LOAD build/bas.o
LOAD build/ancs_client.o
LOAD build/custom_service.o
LOAD build/app_task.o
LOAD build/epd.o
LOAD build/main.o
LOAD build/peripheral_app.o
LOAD build/retarget.o
LOAD build/ble_cmd_handler.o
LOAD build/eeprom.o
LOAD build/drawing.o
LOAD build/battery.o
LOAD build/boot_screen.o
LOAD build/ota.o
LOAD build/mac_edit.o
LOAD build/uzlib.o
LOAD build/rtl876x_adc.o
LOAD build/rtl876x_aon_wdg.o
LOAD build/overlay_mgr.o
LOAD build/startup_rtl876x_gcc.o
LOAD ../sdk/lib/rom_symbol_gcc.axf
                0x00000209                vAssertHandler = 0x209
                0x0000024d                ulSetInterruptMaskFromISR = 0x24d
                0x00000255                vClearInterruptMaskFromISR = 0x255
                0x0000029d                WDG_SystemReset = 0x29d
                0x000002a9                __aeabi_memcpy4 = 0x2a9
                0x000002a9                __aeabi_memcpy8 = 0x2a9
                0x000034d1                RamVectorTableInit = 0x34d1
                0x000034f7                RamVectorTableUpdate = 0x34f7
                0x000037ed                LOGUARTDriverInit = 0x37ed
                0x000043ab                DumpRawMemory = 0x43ab
                0x00004519                dump_raw_memory_all = 0x4519
                0x00004573                hardfault_print_buffered_log = 0x4573
                0x000047e7                ROM_Default_Handler = 0x47e7
                0x0000491b                SystemCall = 0x491b
                0x00004927                SystemCall_Stack = 0x4927
                0x00004a79                update_ram_layout = 0x4a79
                0x000053a5                get_active_ota_bank_addr = 0x53a5
                0x000054ed                btxfcs = 0x54ed
                0x00005665                PPB_BufSwitch = 0x5665
                0x00005689                PPB_Init = 0x5689
                0x000056dd                PPB_Uninit = 0x56dd
                0x00005701                PPB_Init_DLPS_Restore = 0x5701
                0x00005709                PPB_Write = 0x5709
                0x000057db                PPB_ClearOutputBuffer = 0x57db
                0x00005811                LogUartTxChar = 0x5811
                0x00005853                log_timestamp_get = 0x5853
                0x00005893                VSnprintf = 0x5893
                0x00005a07                log_direct = 0x5a07
                0x00005aa9                log_buffer = 0x5aa9
                0x00005bcd                log_index = 0x5bcd
                0x00005cdf                log_snoop = 0x5cdf
                0x00005ddf                trace_bdaddr = 0x5ddf
                0x00005e6b                trace_string = 0x5e6b
                0x00005f07                trace_binary = 0x5f07
                0x00005f9f                LogBufferLowerStack = 0x5f9f
                0x000060c5                LogBufferLowerStackData = 0x60c5
                0x000061a3                log_module_trace_init = 0x61a3
                0x000061d3                log_module_trace_set = 0x61d3
                0x0000621f                log_module_bitmap_trace_set = 0x621f
                0x00006323                LogUartDMAStart = 0x6323
                0x00006335                LogDMA_SM_Dispatch = 0x6335
                0x000063bd                LogUartDMAInit = 0x63bd
                0x000064b1                LogUartDMAIdleHook = 0x64b1
                0x0000651f                log_pm_check = 0x651f
                0x0000675d                hw_aes_encrypt128_use_dma = 0x675d
                0x000067a1                hw_aes_decrypt128_use_dma = 0x67a1
                0x000067e5                aes128_ecb_encrypt = 0x67e5
                0x00006841                aes128_ecb_decrypt = 0x6841
                0x0000689b                aes128_ecb_encrypt_msb2lsb = 0x689b
                0x000068b3                aes128_ecb_decrypt_msb2lsb = 0x68b3
                0x000068cb                aes256_ecb_encrypt = 0x68cb
                0x00006927                aes256_ecb_decrypt = 0x6927
                0x00006981                aes256_ecb_encrypt_msb2lsb = 0x6981
                0x00006999                aes256_ecb_decrypt_msb2lsb = 0x6999
                0x000069ed                hw_aes_decrypt_16byte = 0x69ed
                0x000075d3                ftl_ioctl = 0x75d3
                0x00007b1f                ftl_load = 0x7b1f
                0x00007b33                ftl_save = 0x7b33
                0x00007c45                ftl_init = 0x7c45
                0x00007df1                hardfault_dump = 0x7df1
                0x0000805f                flash_dump_flash_info = 0x805f
                0x000080b3                flash_get_flash_exist = 0x80b3
                0x000080b9                flash_get_bank_addr = 0x80b9
                0x0000813b                flash_get_bank_size = 0x813b
                0x000081a1                flash_erase_locked = 0x81a1
                0x000081f7                flash_ioctl = 0x81f7
                0x00008601                flash_write_locked = 0x8601
                0x00008629                flash_auto_write_locked = 0x8629
                0x0000864b                flash_auto_write_buffer_locked = 0x864b
                0x00008671                flash_read_locked = 0x8671
                0x00008699                flash_auto_read_locked = 0x8699
                0x000086b7                flash_split_read_locked = 0x86b7
                0x000086e1                flash_auto_dma_read_locked = 0x86e1
                0x00008709                flash_auto_seq_trans_dma_read_locked = 0x8709
                0x00008731                flash_try_high_speed = 0x8731
                0x000088f1                flash_get_block_protect_locked = 0x88f1
                0x00008917                flash_set_block_protect_locked = 0x8917
                0x0000893d                flash_sw_protect_unlock_by_addr_locked = 0x893d
                0x000089cd                crc8EtsGen = 0x89cd
                0x000089ed                crc8EtsCheck = 0x89ed
                0x00008a1d                set_hci_mode_flag = 0x8a1d
                0x00008a47                check_hci_mode_flag = 0x8a47
                0x00008a5d                check_image_chksum = 0x8a5d
                0x00008a83                check_header_valid = 0x8a83
                0x00008ae3                get_header_addr_by_img_id = 0x8ae3
                0x00008b3f                get_active_bank_image_size_by_img_id = 0x8b3f
                0x00008b7b                is_ota_support_bank_switch = 0x8b7b
                0x00008b95                get_temp_ota_bank_addr_by_img_id = 0x8b95
                0x00008c07                get_temp_ota_bank_size_by_img_id = 0x8c07
                0x00008c73                get_active_bank_image_version = 0x8c73
                0x00008d3f                platform_random = 0x8d3f
                0x00009fcf                flash_erase = 0x9fcf
                0x0000a559                flash_set_bit = 0xa559
                0x0000a561                flash_get_bit = 0xa561
                0x0000a56d                flash_write = 0xa56d
                0x0000a875                flash_auto_write = 0xa875
                0x0000d0c9                power_manager_get_unit_status = 0xd0c9
                0x0000d207                power_manager_suspend_all = 0xd207
                0x0000d211                power_manager_resume_all = 0xd211
                0x0000d755                platform_pm_set_power_mode = 0xd755
                0x0000d769                platform_pm_get_power_mode = 0xd769
                0x0000d76f                platform_pm_get_error_code = 0xd76f
                0x0000d775                platform_pm_get_refuse_reason = 0xd775
                0x0000d78f                platform_pm_get_statistics = 0xd78f
                0x0000d7b9                platform_pm_get_wakeup_reason = 0xd7b9
                0x0000d7c9                platform_pm_register_callback_func = 0xd7c9
                0x0000d8cb                platform_pm_stop_all_non_excluded_timer = 0xd8cb
                0x0000e81b                platform_rtc_get_counter = 0xe81b
                0x0000e885                vListInitialise = 0xe885
                0x0000e89b                vListInitialiseItem = 0xe89b
                0x0000e8a1                vListInsertEnd = 0xe8a1
                0x0000e8b9                vListInsert = 0xe8b9
                0x0000e8e9                uxListRemove = 0xe8e9
                0x0000e911                xQueueGenericReset = 0xe911
                0x0000e985                xQueueGenericCreate = 0xe985
                0x0000eab3                xQueueGenericSend = 0xeab3
                0x0000ebed                xQueueCreateMutex = 0xebed
                0x0000ec11                xQueueGetMutexHolder = 0xec11
                0x0000ec2d                xQueueGetMutexHolderFromISR = 0xec2d
                0x0000ec4d                xQueueGiveMutexRecursive = 0xec4d
                0x0000ec85                xQueueSemaphoreTake = 0xec85
                0x0000edef                xQueueTakeMutexRecursive = 0xedef
                0x0000ee29                xQueueCreateCountingSemaphore = 0xee29
                0x0000ee5f                xQueueGenericSendFromISR = 0xee5f
                0x0000eefd                xQueueGiveFromISR = 0xeefd
                0x0000efaf                xQueueReceive = 0xefaf
                0x0000f0c7                xQueuePeek = 0xf0c7
                0x0000f1f1                xQueueReceiveFromISR = 0xf1f1
                0x0000f26f                xQueuePeekFromISR = 0xf26f
                0x0000f2d3                uxQueueMessagesWaiting = 0xf2d3
                0x0000f2f3                uxQueueSpacesAvailable = 0xf2f3
                0x0000f317                uxQueueMessagesWaitingFromISR = 0xf317
                0x0000f32d                vQueueDelete = 0xf32d
                0x0000f347                uxQueueGetQueueNumber = 0xf347
                0x0000f34b                vQueueSetQueueNumber = 0xf34b
                0x0000f34f                ucQueueGetQueueType = 0xf34f
                0x0000f355                xQueueIsQueueEmptyFromISR = 0xf355
                0x0000f375                xQueueIsQueueFullFromISR = 0xf375
                0x0000f395                vQueueWaitForMessageRestricted = 0xf395
                0x0000f51b                xTaskCreate = 0xf51b
                0x0000f5dd                vTaskDelete = 0xf5dd
                0x0000f683                xTaskIncrementTick = 0xf683
                0x0000f741                xTaskResumeAll = 0xf741
                0x0000f85b                vTaskSuspendAll = 0xf85b
                0x0000f865                vTaskDelayUntil = 0xf865
                0x0000f8d3                vTaskDelay = 0xf8d3
                0x0000f907                eTaskGetState = 0xf907
                0x0000f96b                uxTaskPriorityGet = 0xf96b
                0x0000f985                uxTaskPriorityGetFromISR = 0xf985
                0x0000f99f                vTaskPrioritySet = 0xf99f
                0x0000fa33                vTaskSwitchContext = 0xfa33
                0x0000fadb                vTaskSuspend = 0xfadb
                0x0000fb8f                vTaskResume = 0xfb8f
                0x0000fc1d                xTaskResumeFromISR = 0xfc1d
                0x0000fc87                vTaskStartScheduler = 0xfc87
                0x0000fce7                vTaskEndScheduler = 0xfce7
                0x0000fcf7                xTaskGetTickCount2 = 0xfcf7
                0x0000fcfd                xTaskGetTickCount = 0xfcfd
                0x0000fd03                xTaskGetTickCountFromISR = 0xfd03
                0x0000fd09                uxTaskGetNumberOfTasks = 0xfd09
                0x0000fd0f                pcTaskGetName = 0xfd0f
                0x0000fd33                vTaskGetInfo = 0xfd33
                0x0000fdfb                uxTaskGetSystemState = 0xfdfb
                0x0000fe85                xTaskGetIdleTaskHandle = 0xfe85
                0x0000fe9f                vTaskPlaceOnEventList = 0xfe9f
                0x0000fec9                vTaskPlaceOnUnorderedEventList = 0xfec9
                0x0000ff0f                vTaskPlaceOnEventListRestricted = 0xff0f
                0x0000ff43                xTaskRemoveFromEventList = 0xff43
                0x0000ffa7                vTaskRemoveFromUnorderedEventList = 0xffa7
                0x0001003d                vTaskSetTimeOutState = 0x1003d
                0x0001005f                vTaskInternalSetTimeOutState = 0x1005f
                0x0001006b                xTaskCheckForTimeOut = 0x1006b
                0x000100d1                vTaskMissedYield = 0x100d1
                0x000100d9                uxTaskGetTaskNumber = 0x100d9
                0x000100e1                vTaskSetTaskNumber = 0x100e1
                0x000100e9                uxTaskGetStackHighWaterMark = 0x100e9
                0x000100fb                xTaskGetCurrentTaskHandle = 0x100fb
                0x00010101                xTaskGetSchedulerState = 0x10101
                0x0001011b                xTaskPriorityInherit = 0x1011b
                0x0001018b                xTaskPriorityDisinherit = 0x1018b
                0x000101fb                vTaskPriorityDisinheritAfterTimeout = 0x101fb
                0x0001027b                uxTaskResetEventItemValue = 0x1027b
                0x0001028f                pvTaskIncrementMutexHeldCount = 0x1028f
                0x000102a3                ulTaskNotifyTake = 0x102a3
                0x000102fd                xTaskNotifyWait = 0x102fd
                0x00010371                xTaskGenericNotify = 0x10371
                0x00010441                xTaskGenericNotifyFromISR = 0x10441
                0x00010511                vTaskNotifyGiveFromISR = 0x10511
                0x0001059f                xTaskNotifyStateClear = 0x1059f
                0x000105c9                vTaskStatusDump = 0x105c9
                0x000108e1                xTimerGenericCommand = 0x108e1
                0x00010b15                xTimerCreateTimerTask = 0x10b15
                0x00010b5d                xTimerCreate = 0x10b5d
                0x00010bd9                xTimerGetTimerDaemonTaskHandle = 0x10bd9
                0x00010bf1                xTimerGetPeriod = 0x10bf1
                0x00010c07                vTimerSetReloadMode = 0x10c07
                0x00010c39                xTimerGetExpiryTime = 0x10c39
                0x00010c4f                pcTimerGetName = 0x10c4f
                0x00010c65                vTimerGetNextTimeoutItem = 0x10c65
                0x00010ca1                xTimerGetAutoReload = 0x10ca1
                0x00010cab                xTimerIsTimerActive = 0x10cab
                0x00010cd5                xTimerIsTimerActiveFromISR = 0x10cd5
                0x00010d01                pvTimerGetTimerID = 0x10d01
                0x00010d1f                vTimerSetTimerID = 0x10d1f
                0x00010d3f                xTimerPendFunctionCallFromISR = 0x10d3f
                0x00010d5f                xTimerPendFunctionCall = 0x10d5f
                0x00010d99                uxTimerGetTimerNumber = 0x10d99
                0x00010d9d                vTimerSetTimerNumber = 0x10d9d
                0x00010daf                dumpAllUsedTimer = 0x10daf
                0x00010fb9                pxPortInitialiseStack = 0x10fb9
                0x0001100b                xPortStartScheduler = 0x1100b
                0x00011033                vPortEndScheduler = 0x11033
                0x0001104d                vPortYield = 0x1104d
                0x0001105f                vPortEnterCritical = 0x1105f
                0x00011081                vPortExitCritical = 0x11081
                0x000110c5                rtlEnterCritical = 0x110c5
                0x000110e1                rtlExitCritical = 0x110e1
                0x000111a7                vTimerCreateFailedHook = 0x111a7
                0x000113a3                pvPortMalloc = 0x113a3
                0x000114d3                pvPortMalloc_auto_type = 0x114d3
                0x00011505                vPortFree = 0x11505
                0x00011585                xPortGetFreeHeapSize = 0x11585
                0x000115c7                xPortGetMinimumEverFreeHeapSize = 0x115c7
                0x000115d1                vPortInitialiseBlocks = 0x115d1
                0x00011dff                hw_aes_init = 0x11dff
                0x00011f6d                hw_aes_cpu_operate = 0x11f6d
                0x00011f79                hw_aes_set_dma_tx_done = 0x11f79
                0x00011f7f                hw_aes_set_dma_rx_done = 0x11f7f
                0x00011f85                hw_aes_dma_operate = 0x11f85
                0x0001210b                hw_aes_dma_interrupt_disable = 0x1210b
                0x000121af                hw_aes_is_dma_rx_done = 0x121af
                0x000121b5                hw_aes_is_dma_tx_done = 0x121b5
                0x000121bb                hw_aes_dma_done = 0x121bb
                0x000121c5                hw_aes_set_dma_move_src = 0x121c5
                0x000121e5                hw_aes_set_dma_move_dst = 0x121e5
                0x000121eb                hw_aes_set_dma_carry_size = 0x121eb
                0x0001235f                aes_cmac_inverse = 0x1235f
                0x00012417                get_secure_reg_cfg_val = 0x12417
                0x0001254b                Pinmux_Deinit_rom = 0x1254b
                0x00012959                WDG_ClockEnable = 0x12959
                0x00012977                WDG_Config = 0x12977
                0x000129bb                WDG_Enable = 0x129bb
                0x000129d5                WDG_Disable = 0x129d5
                0x000129ef                WDG_Restart = 0x129ef
                0x00012b71                reset_reason_get = 0x12b71
                0x00012c31                os_mem_alloc_intern = 0x12c31
                0x00012c8b                os_mem_zalloc_intern = 0x12c8b
                0x00012ced                os_mem_aligned_alloc_intern = 0x12ced
                0x00012d4d                os_mem_free = 0x12d4d
                0x00012d69                os_mem_aligned_free = 0x12d69
                0x00012d85                os_mem_peek = 0x12d85
                0x00012da7                os_mem_check_heap_usage = 0x12da7
                0x00012de1                os_msg_queue_create_intern = 0x12de1
                0x00012e39                os_msg_queue_delete_intern = 0x12e39
                0x00012e83                os_msg_queue_peek_intern = 0x12e83
                0x00012ed7                os_msg_send_intern = 0x12ed7
                0x00012f33                os_msg_recv_intern = 0x12f33
                0x00012f91                os_msg_peek_intern = 0x12f91
                0x00013011                os_queue_init = 0x13011
                0x0001301b                os_queue_in = 0x1301b
                0x0001304b                os_queue_out = 0x1304b
                0x0001307f                os_queue_peek = 0x1307f
                0x00013083                os_queue_insert = 0x13083
                0x000130c3                os_queue_delete = 0x130c3
                0x00013131                os_systick_handler = 0x13131
                0x00013147                os_delay = 0x13147
                0x00013163                os_sys_time_get = 0x13163
                0x00013181                os_sys_tick_get = 0x13181
                0x0001319f                os_sys_tick_increase = 0x1319f
                0x000131c3                os_sched_start = 0x131c3
                0x000131e1                os_sched_stop = 0x131e1
                0x000131ff                os_sched_suspend = 0x131ff
                0x0001321d                os_sched_resume = 0x1321d
                0x0001323b                os_sched_is_start = 0x1323b
                0x00013259                os_sched_state_get = 0x13259
                0x00013277                os_vector_table_update = 0x13277
                0x0001328d                os_init = 0x1328d
                0x000132d9                os_lock = 0x132d9
                0x000132f5                os_unlock = 0x132f5
                0x00013311                os_sem_create = 0x13311
                0x0001333d                os_sem_delete = 0x1333d
                0x00013361                os_sem_take = 0x13361
                0x00013389                os_sem_give = 0x13389
                0x000133ad                os_mutex_create = 0x133ad
                0x000133d1                os_mutex_delete = 0x133d1
                0x000133f5                os_mutex_take = 0x133f5
                0x0001341d                os_mutex_give = 0x1341d
                0x00013469                os_task_create = 0x13469
                0x000134a5                os_task_delete = 0x134a5
                0x000134c9                os_task_suspend = 0x134c9
                0x000134ed                os_task_resume = 0x134ed
                0x00013511                os_task_yield = 0x13511
                0x0001352f                os_task_handle_get = 0x1352f
                0x00013553                os_task_priority_get = 0x13553
                0x0001357b                os_task_priority_set = 0x1357b
                0x000135a3                os_task_status_dump = 0x135a3
                0x000135b9                os_task_dlps_return_idle_task = 0x135b9
                0x000135f9                os_timer_id_get = 0x135f9
                0x00013635                os_timer_create = 0x13635
                0x00013671                os_timer_start = 0x13671
                0x00013695                os_timer_restart = 0x13695
                0x000136bd                os_timer_stop = 0x136bd
                0x000136e1                os_timer_delete = 0x136e1
                0x00013705                os_timer_dump = 0x13705
                0x00013723                os_timer_state_get = 0x13723
                0x0001375f                os_timer_init = 0x1375f
                0x00013775                os_timer_number_get = 0x13775
                0x0001379d                os_timer_pendcall = 0x1379d
                0x000137cb                os_timer_next_timeout_value_get = 0x137cb
                0x00013f9f                osif_timer_create = 0x13f9f
                0x00014901                BB_write_baseband_register = 0x14901
                0x00014a91                bzdma_ble_set_segment_valid_bitmap = 0x14a91
                0x00015369                bzdma_send_packet_to_ble_data_ring_fifo = 0x15369
                0x0001544b                bzdma_update_fw_rptr_of_ble_data_ring_fifo = 0x1544b
                0x0001557d                bzdma_wait_rxcmd_complete = 0x1557d
                0x000155a3                bzdma_send_burst_rxcmd_and_wait_complete = 0x155a3
                0x000184ad                rtk_write_modem_radio_reg = 0x184ad
                0x00018515                rtk_read_modem_radio_reg = 0x18515
                0x0001a81b                hci_handle_le_receiver_test = 0x1a81b
                0x0001ac3b                hci_handle_le_test_end = 0x1ac3b
                0x00032f61                btaon_fast_read = 0x32f61
                0x00032f75                btaon_fast_read_8b = 0x32f75
                0x00032f95                btaon_fast_read_safe = 0x32f95
                0x00032fb1                btaon_fast_read_safe_8b = 0x32fb1
                0x00032fdb                btaon_fast_write = 0x32fdb
                0x00032ffb                btaon_fast_write_8b = 0x32ffb
                0x00033039                btaon_fast_write_safe = 0x33039
                0x00033063                btaon_fast_write_safe_8b = 0x33063
                0x000330a9                btaon_fast_update = 0x330a9
                0x000330c3                btaon_fast_update_8b = 0x330c3
                0x000330df                btaon_fast_update_safe = 0x330df
                0x000330fb                btaon_fast_update_safe_8b = 0x330fb
                0x0003d547                init_dft = 0x3d547
                0x0003d66f                modem_dft = 0x3d66f
                0x0003d751                deinit_dft = 0x3d751
                0x0003dee9                btmac_pm_check_active = 0x3dee9
                0x0003defd                btmac_pm_check_inactive = 0x3defd
                0x0003df39                btmac_pm_initiate_wakeup = 0x3df39
                0x0003df43                btmac_pm_set_power_mode = 0x3df43
                0x0003df4f                btmac_pm_get_error_code = 0x3df4f
                0x0003df55                btmac_pm_get_wakeup_reason = 0x3df55
                0x0003df5b                btmac_pm_get_statistics = 0x3df5b
                0x0003e4a9                btmac_pm_check_rom = 0x3e4a9
                0x0003ed01                dfu_dump_header = 0x3ed01
                0x0003ed1b                dfu_set_ready = 0x3ed1b
                0x0003ed25                dfu_set_obsolete = 0x3ed25
                0x0003ed31                dfu_check_ota_mode_flag = 0x3ed31
                0x0003ed45                dfu_reset = 0x3ed45
                0x0003edc3                dfu_process_crc = 0x3edc3
                0x0003ee99                dfu_process_sha256 = 0x3ee99
                0x0003f4ad                SHA256_Init = 0x3f4ad
                0x0003f4d7                SHA256_Update = 0x3f4d7
                0x0003f517                SHA256_Final = 0x3f517
                0x0003f5d5                SHA256 = 0x3f5d5
                0x0003f795                setlocale = 0x3f795
                0x0003f7a9                memcmp = 0x3f7a9
                0x0003f805                strlen = 0x3f805
                0x0003f849                __aeabi_memcpy = 0x3f849
                0x0003f849                __rt_memcpy = 0x3f849
                0x0003f849                memcpy = 0x3f849
                0x0003f8cb                __aeabi_memset = 0x3f8cb
                0x0003f8dd                _memset_w = 0x3f8dd
                0x0003f8f7                _memset = 0x3f8f7
                0x0003f915                __aeabi_memclr = 0x3f915
                0x0003f915                __rt_memclr = 0x3f915
                0x0003f919                __aeabi_memclr4 = 0x3f919
                0x0003f919                __aeabi_memclr8 = 0x3f919
                0x0003f919                __rt_memclr_w = 0x3f919
                0x000409b9                exit = 0x409b9
                0x00200104                pMCU_PPB = 0x200104
                0x00200108                pLogDMA_SM = 0x200108
                0x00200110                socv_ft_data = 0x200110
                0x0020011c                platform_delay_us = 0x20011c
                0x00200120                platform_delay_ms = 0x200120
                0x00200164                otp = 0x200164
                0x00200524                SystemCpuClock = 0x200524
                0x00200854                init_true_random_generator = 0x200854
                0x00200858                get_true_random_number = 0x200858
                0x00200861                bzdma_supported_le_max_seg_num = 0x200861
                0x002008a0                BB_handle_psd_end_intr = 0x2008a0
                0x002008a8                BB_handle_psd_end_intr_in_isr = 0x2008a8
                0x002008b0                rtk_write_rfc_reg_pi = 0x2008b0
                0x002008b4                rtk_read_modem_radio_reg_pi = 0x2008b4
                0x002008b8                rtk_write_modem_radio_reg_pi = 0x2008b8
                0x002008e0                rtk_ioq_read_rfc_reg = 0x2008e0
                0x002008e4                rtk_update_rfc_reg_pi = 0x2008e4
                0x002008f4                lc_calculate_log_from_rssi = 0x2008f4
                0x00200b0c                ll_hw_init = 0x200b0c
                0x00200ea0                phy_auto_gated_on = 0x200ea0
                0x00200ea4                phy_auto_gated_off = 0x200ea4
                0x00200ef0                le_tx_power_to_txgain_index = 0x200ef0
                0x002010d4                btmac_pm_system = 0x2010d4
                0x002011d0                app_pre_main = 0x2011d0
                0x002011d4                upperstack_entry = 0x2011d4
                0x002011d8                app_main = 0x2011d8
                0x002011e8                log_seq_num = 0x2011e8
                0x002011ea                is_log_init = 0x2011ea
                0x00201228                flash_sem = 0x201228
                0x00201258                flash_device_info = 0x201258
                0x00201340                pxCurrentTCB = 0x201340
                0x0020134c                xTickCount = 0x20134c
                0x00201358                uxPendedTicks = 0x201358
                0x00201370                uxSchedulerSuspended = 0x201370
                0x00201374                pTaskHandleList = 0x201374
                0x00201474                uxTimerCreateCount = 0x201474
                0x00201476                uxTimerDeleteCount = 0x201476
                0x00201478                xTimerQueue = 0x201478
                0x00201488                pxTimerPool = 0x201488
                0x0020148c                puxUsedTimerPoolMask = 0x20148c
                0x002014d8                xFreeBytesRemaining = 0x2014d8
                0x002014e0                xMinimumEverFreeBytesRemaining = 0x2014e0
                0x002014e8                xHeapTotalSize = 0x2014e8
                0x002014f0                xStart = 0x2014f0
                0x00201514                app_cb_wdg_reset = 0x201514
                0x00201580                patch_osif_os_sys_time_get = 0x201580
                0x00201608                patch_osif_os_msg_send_intern = 0x201608
                0x00201644                patch_osif_os_timer_create = 0x201644
                0x00201694                Patch_Dump_CPU_Register_and_Memory = 0x201694
                0x002016c0                patch_vTaskSwitchContext = 0x2016c0
                0x002016c4                patch_traceTaskSwitchIn = 0x2016c4
                0x0020182c                patch_HardFaultRecord_TryToSave = 0x20182c
                0x00201858                low_task_handle = 0x201858
                0x00201888                Bzdma_Manager = 0x201888
                0x002020de                g_modem_psd_report_entry_num = 0x2020de
                0x002020ec                g_modem_psd_report_array = 0x2020ec
                0x00202938                g_efuse_modem_psd_setting_1 = 0x202938
                0x00202c94                rcp_BTMAC_Handler = 0x202c94
LOAD ../sdk/lib/adc.a
LOAD ../sdk/lib/gap_utils.a
LOAD ../sdk/lib/bee3_sdk.a
LOAD c:/gcc-arm-none-eabi/bin/../lib/gcc/arm-none-eabi/10.3.1/../../../../arm-none-eabi/lib/thumb/v6-m/nofp\libc_nano.a
LOAD c:/gcc-arm-none-eabi/bin/../lib/gcc/arm-none-eabi/10.3.1/../../../../arm-none-eabi/lib/thumb/v6-m/nofp\libm.a
LOAD c:/gcc-arm-none-eabi/bin/../lib/gcc/arm-none-eabi/10.3.1/../../../../arm-none-eabi/lib/thumb/v6-m/nofp\libnosys.a
START GROUP
LOAD c:/gcc-arm-none-eabi/bin/../lib/gcc/arm-none-eabi/10.3.1/thumb/v6-m/nofp\libgcc.a
LOAD c:/gcc-arm-none-eabi/bin/../lib/gcc/arm-none-eabi/10.3.1/../../../../arm-none-eabi/lib/thumb/v6-m/nofp\libc_nano.a
END GROUP
START GROUP
LOAD c:/gcc-arm-none-eabi/bin/../lib/gcc/arm-none-eabi/10.3.1/thumb/v6-m/nofp\libgcc.a
LOAD c:/gcc-arm-none-eabi/bin/../lib/gcc/arm-none-eabi/10.3.1/../../../../arm-none-eabi/lib/thumb/v6-m/nofp\libc_nano.a
END GROUP
LOAD c:/gcc-arm-none-eabi/bin/../lib/gcc/arm-none-eabi/10.3.1/thumb/v6-m/nofp/crtend.o
LOAD c:/gcc-arm-none-eabi/bin/../lib/gcc/arm-none-eabi/10.3.1/thumb/v6-m/nofp/crtn.o

IMAGE_HEADER    0x00832000      0x400
 *(.app.flash.header)
 .app.flash.header
                0x00832000      0x1e0 build/system_rtl876x.o
                0x00832000                img_header
 *(.app.flash.header.auth)
 .app.flash.header.auth
                0x008321e0      0x220 build/system_rtl876x.o
                0x008321e0                auth_header

APP_FLASH_HEADER_EXT
 *(.app.flash.header_ext)

FLASH_START_ADDR
                0x00832400        0x8
 build/startup_rtl876x_gcc.o(RESET)
 RESET          0x00832400        0x8 build/startup_rtl876x_gcc.o
                0x00832400                Reset_Handler
                0x00832408                . = ALIGN (0x4)
                0x00832400                __flash_start_load_ad__ = LOADADDR (FLASH_START_ADDR)
                0x00832400                __flash_start_exe_ad__ = ADDR (FLASH_START_ADDR)

FLASH_TEXT      0x00832400     0x8f50
 *(.text*)
 .text.random_seed_init
                0x00832400       0x14 build/system_rtl876x.o
                0x00832400                random_seed_init
 .text.show_sdk_lib_version
                0x00832414        0x2 build/system_rtl876x.o
                0x00832414                show_sdk_lib_version
 *fill*         0x00832416        0x2 
 .text.log_direct_app
                0x00832418       0xa8 build/system_rtl876x.o
                0x00832418                log_direct_app
 .text.common_main
                0x008324c0       0x78 build/system_rtl876x.o
                0x008324c0                common_main
 .text.DLPS_IORegister
                0x00832538       0x1c build/rtl876x_io_dlps.o
                0x00832538                DLPS_IORegister
 .text.NVIC_Init
                0x00832554       0xe8 build/rtl876x_nvic.o
                0x00832554                NVIC_Init
 .text.Pinmux_Deinit
                0x0083263c       0x20 build/rtl876x_pinmux.o
                0x0083263c                Pinmux_Deinit
 .text.Pinmux_Config
                0x0083265c       0x28 build/rtl876x_pinmux.o
                0x0083265c                Pinmux_Config
 .text.Pad_Config
                0x00832684       0x8c build/rtl876x_pinmux.o
                0x00832684                Pad_Config
 .text.Pad_ControlSelectValue
                0x00832710       0x34 build/rtl876x_pinmux.o
                0x00832710                Pad_ControlSelectValue
 .text.GPIO_Init
                0x00832744       0xdc build/rtl876x_gpio.o
                0x00832744                GPIO_Init
 .text.GPIO_StructInit
                0x00832820       0x1a build/rtl876x_gpio.o
                0x00832820                GPIO_StructInit
 .text.GPIO_GetPin
                0x0083283a       0x38 build/rtl876x_gpio.o
                0x0083283a                GPIO_GetPin
 *fill*         0x00832872        0x2 
 .text.RCC_PeriphClockCmd
                0x00832874      0x14c build/rtl876x_rcc.o
                0x00832874                RCC_PeriphClockCmd
 .text.UART_Init
                0x008329c0       0xd0 build/rtl876x_uart.o
                0x008329c0                UART_Init
 .text.UART_StructInit
                0x00832a90       0x34 build/rtl876x_uart.o
                0x00832a90                UART_StructInit
 .text.custom_service_attr_read_cb
                0x00832ac4        0x4 build/custom_service.o
                0x00832ac4                custom_service_attr_read_cb
 .text.custom_service_attr_write_cb
                0x00832ac8       0x3c build/custom_service.o
                0x00832ac8                custom_service_attr_write_cb
 .text.custom_service_cccd_update_cb
                0x00832b04       0x38 build/custom_service.o
                0x00832b04                custom_service_cccd_update_cb
 .text.custom_service_add_service
                0x00832b3c       0x48 build/custom_service.o
                0x00832b3c                custom_service_add_service
 .text.custom_service_send_notification
                0x00832b84       0x16 build/custom_service.o
                0x00832b84                custom_service_send_notification
 *fill*         0x00832b9a        0x2 
 .text.adv_timer_callback
                0x00832b9c       0x18 build/app_task.o
                0x00832b9c                adv_timer_callback
 .text.app_main_task
                0x00832bb4       0xe8 build/app_task.o
                0x00832bb4                app_main_task
 .text.app_task_init
                0x00832c9c       0x2c build/app_task.o
                0x00832c9c                app_task_init
 .text.app_send_msg_to_apptask
                0x00832cc8       0x64 build/app_task.o
                0x00832cc8                app_send_msg_to_apptask
 .text.spi_write_byte
                0x00832d2c       0x60 build/epd.o
                0x00832d2c                spi_write_byte
 .text.epd_cmd  0x00832d8c       0x38 build/epd.o
                0x00832d8c                epd_cmd
 .text.epd_write
                0x00832dc4       0x70 build/epd.o
                0x00832dc4                epd_write
 .text.epd_stream_data
                0x00832e34       0x48 build/epd.o
                0x00832e34                epd_stream_data
 .text.epd_stream_const
                0x00832e7c       0x48 build/epd.o
                0x00832e7c                epd_stream_const
 .text.epd_wait_busy
                0x00832ec4       0x30 build/epd.o
                0x00832ec4                epd_wait_busy
 .text.epd_hw_reset
                0x00832ef4       0x4c build/epd.o
                0x00832ef4                epd_hw_reset
 .text.epd_init
                0x00832f40      0x1b0 build/epd.o
                0x00832f40                epd_init
 .text.epd_sleep
                0x008330f0       0x38 build/epd.o
                0x008330f0                epd_sleep
 .text.epd_board_init
                0x00833128       0xe8 build/epd.o
                0x00833128                epd_board_init
 .text.epd_board_sleep
                0x00833210       0x74 build/epd.o
                0x00833210                epd_board_sleep
 .text.io_dlps_enter_cb
                0x00833284       0x7c build/main.o
                0x00833284                io_dlps_enter_cb
 .text.io_dlps_exit_cb
                0x00833300       0x74 build/main.o
                0x00833300                io_dlps_exit_cb
 .text.app_le_gap_init
                0x00833374      0x188 build/main.o
                0x00833374                app_le_gap_init
 .text.app_le_profile_init
                0x008334fc       0x24 build/main.o
                0x008334fc                app_le_profile_init
 .text.driver_init
                0x00833520       0x28 build/main.o
                0x00833520                driver_init
 .text.pwr_mgr_init
                0x00833548       0x30 build/main.o
                0x00833548                pwr_mgr_init
 .text.main     0x00833578       0x34 build/main.o
                0x00833578                main
 .text.epd_poll_timer_cb
                0x008335ac       0x1a build/peripheral_app.o
 *fill*         0x008335c6        0x2 
 .text.ble_addr_early_init
                0x008335c8       0xb0 build/peripheral_app.o
                0x008335c8                ble_addr_early_init
 .text.get_capabilities
                0x00833678       0x30 build/peripheral_app.o
                0x00833678                get_capabilities
 .text.app_send_custom_notification
                0x008336a8       0x18 build/peripheral_app.o
                0x008336a8                app_send_custom_notification
 .text.set_adv_data
                0x008336c0       0xd4 build/peripheral_app.o
                0x008336c0                set_adv_data
 .text.app_handle_dev_state_evt
                0x00833794       0xc8 build/peripheral_app.o
                0x00833794                app_handle_dev_state_evt
 .text.app_handle_conn_state_evt
                0x0083385c       0xc8 build/peripheral_app.o
                0x0083385c                app_handle_conn_state_evt
 .text.app_handle_authen_state_evt
                0x00833924       0x50 build/peripheral_app.o
                0x00833924                app_handle_authen_state_evt
 .text.app_handle_conn_mtu_info_evt
                0x00833974       0x14 build/peripheral_app.o
                0x00833974                app_handle_conn_mtu_info_evt
 .text.app_handle_conn_param_update_evt
                0x00833988       0x74 build/peripheral_app.o
                0x00833988                app_handle_conn_param_update_evt
 .text.app_handle_gap_msg
                0x008339fc      0x12c build/peripheral_app.o
                0x008339fc                app_handle_gap_msg
 .text.app_handle_io_msg
                0x00833b28       0x84 build/peripheral_app.o
                0x00833b28                app_handle_io_msg
 .text.app_gap_callback
                0x00833bac       0x68 build/peripheral_app.o
                0x00833bac                app_gap_callback
 .text.app_profile_callback
                0x00833c14       0x9c build/peripheral_app.o
                0x00833c14                app_profile_callback
 .text.uart_print_init
                0x00833cb0       0x74 build/retarget.o
                0x00833cb0                uart_print_init
 .text.uart_puts
                0x00833d24       0x70 build/retarget.o
                0x00833d24                uart_puts
 .text.uart_bdaddr_str
                0x00833d94       0x40 build/retarget.o
                0x00833d94                uart_bdaddr_str
 .text.uart_printf
                0x00833dd4       0x2e build/retarget.o
                0x00833dd4                uart_printf
 *fill*         0x00833e02        0x2 
 .text.HardFault_Handler_C
                0x00833e04       0x80 build/retarget.o
                0x00833e04                HardFault_Handler_C
 .text.HardFault_Handler
                0x00833e84       0x1c build/retarget.o
                0x00833e84                HardFault_Handler
 .text.recalcParts
                0x00833ea0       0x38 build/ble_cmd_handler.o
 .text.getAddressForSlot
                0x00833ed8       0x34 build/ble_cmd_handler.o
                0x00833ed8                getAddressForSlot
 .text.drawImageFromEeprom
                0x00833f0c       0x40 build/ble_cmd_handler.o
                0x00833f0c                drawImageFromEeprom
 .text.ble_send_notify
                0x00833f4c       0x44 build/ble_cmd_handler.o
                0x00833f4c                ble_send_notify
 .text.processAvailDataInfoBLE
                0x00833f90      0x464 build/ble_cmd_handler.o
                0x00833f90                processAvailDataInfoBLE
 .text.zb_ble_hci_cmd_handler
                0x008343f4      0x700 build/ble_cmd_handler.o
                0x008343f4                zb_ble_hci_cmd_handler
 .text.SPI_Flash_CS_set
                0x00834af4       0x2c build/eeprom.o
                0x00834af4                SPI_Flash_CS_set
 .text.SPI_Flash_CLK_set
                0x00834b20       0x2c build/eeprom.o
                0x00834b20                SPI_Flash_CLK_set
 .text.SPI_Flash_MOSI_set
                0x00834b4c       0x2c build/eeprom.o
                0x00834b4c                SPI_Flash_MOSI_set
 .text.SPI_Flash_MISO_get
                0x00834b78       0x1c build/eeprom.o
                0x00834b78                SPI_Flash_MISO_get
 .text.SPI_Flash_enable_GPIO
                0x00834b94       0xc4 build/eeprom.o
                0x00834b94                SPI_Flash_enable_GPIO
 .text.SPI_Flash_transceive
                0x00834c58       0x4e build/eeprom.o
                0x00834c58                SPI_Flash_transceive
 *fill*         0x00834ca6        0x2 
 .text.eepromPowerUp
                0x00834ca8       0x38 build/eeprom.o
                0x00834ca8                eepromPowerUp
 .text.eepromPowerDown
                0x00834ce0       0x2c build/eeprom.o
                0x00834ce0                eepromPowerDown
 .text.Flash_wait_busy
                0x00834d0c       0x30 build/eeprom.o
                0x00834d0c                Flash_wait_busy
 .text.Flash_CMD_WriteEN
                0x00834d3c       0x16 build/eeprom.o
                0x00834d3c                Flash_CMD_WriteEN
 *fill*         0x00834d52        0x2 
 .text.FLASH_Init
                0x00834d54       0x74 build/eeprom.o
                0x00834d54                FLASH_Init
 .text.eepromRead
                0x00834dc8       0x4c build/eeprom.o
                0x00834dc8                eepromRead
 .text.Flash_write_page
                0x00834e14       0x52 build/eeprom.o
                0x00834e14                Flash_write_page
 .text.eepromWrite
                0x00834e66       0x46 build/eeprom.o
                0x00834e66                eepromWrite
 .text.Flash_BlkErase_4k
                0x00834eac       0x3a build/eeprom.o
                0x00834eac                Flash_BlkErase_4k
 *fill*         0x00834ee6        0x2 
 .text.eepromErase
                0x00834ee8       0x40 build/eeprom.o
                0x00834ee8                eepromErase
 .text.zlib_read_cb
                0x00834f28       0x5c build/drawing.o
 .text.draw_rows_deinterleave
                0x00834f84       0x9c build/drawing.o
 .text.decompress_plane_rows
                0x00835020       0xbc build/drawing.o
 .text.draw_zlib
                0x008350dc      0x1d4 build/drawing.o
 .text.drawImageAtAddress
                0x008352b0      0x1a4 build/drawing.o
                0x008352b0                drawImageAtAddress
 .text.epd_refresh_done
                0x00835454       0x3c build/drawing.o
                0x00835454                epd_refresh_done
 .text.battery_measure_mv
                0x00835490       0xf8 build/battery.o
                0x00835490                battery_measure_mv
 .text.render_lines
                0x00835588      0x13c build/boot_screen.o
 .text.boot_screen_draw
                0x008356c4      0x104 build/boot_screen.o
                0x008356c4                boot_screen_draw
 .text.boot_screen_show_error
                0x008357c8       0x34 build/boot_screen.o
                0x008357c8                boot_screen_show_error
 .text.ota_erase_ext
                0x008357fc       0x2c build/ota.o
                0x008357fc                ota_erase_ext
 .text.ota_save_ext_block
                0x00835828       0x48 build/ota.o
                0x00835828                ota_save_ext_block
 .text.ota_apply
                0x00835870      0x234 build/ota.o
                0x00835870                ota_apply
 .text.mac_edit_update
                0x00835aa4      0x1ac build/mac_edit.o
                0x00835aa4                mac_edit_update
 .text.tinf_build_tree
                0x00835c50       0x72 build/uzlib.o
 .text.uzlib_get_byte
                0x00835cc2       0x36 build/uzlib.o
                0x00835cc2                uzlib_get_byte
 .text.tinf_getbit
                0x00835cf8       0x26 build/uzlib.o
 .text.tinf_read_bits
                0x00835d1e       0x3c build/uzlib.o
 .text.tinf_decode_symbol
                0x00835d5a       0x4c build/uzlib.o
 *fill*         0x00835da6        0x2 
 .text.tinf_decode_trees
                0x00835da8      0x120 build/uzlib.o
 .text.uzlib_uncompress_init
                0x00835ec8       0x1a build/uzlib.o
                0x00835ec8                uzlib_uncompress_init
 *fill*         0x00835ee2        0x2 
 .text.uzlib_uncompress
                0x00835ee4      0x314 build/uzlib.o
                0x00835ee4                uzlib_uncompress
 .text.uzlib_zlib_parse_header
                0x008361f8       0x56 build/uzlib.o
                0x008361f8                uzlib_zlib_parse_header
 *fill*         0x0083624e        0x2 
 .text.ADC_Init
                0x00836250      0x138 build/rtl876x_adc.o
                0x00836250                ADC_Init
 .text.ADC_StructInit
                0x00836388       0x54 build/rtl876x_adc.o
                0x00836388                ADC_StructInit
 .text.ADC_Cmd  0x008363dc       0x98 build/rtl876x_adc.o
                0x008363dc                ADC_Cmd
 .text.ADC_INTConfig
                0x00836474       0x14 build/rtl876x_adc.o
                0x00836474                ADC_INTConfig
 .text.ADC_ReadRawData
                0x00836488       0x18 build/rtl876x_adc.o
                0x00836488                ADC_ReadRawData
 .text.ADC_GetINTStatus
                0x008364a0        0xe build/rtl876x_adc.o
                0x008364a0                ADC_GetINTStatus
 .text.ADC_ClearINTPendingBit
                0x008364ae        0xa build/rtl876x_adc.o
                0x008364ae                ADC_ClearINTPendingBit
 .text.AON_WDG_WriteReg
                0x008364b8       0x4c build/rtl876x_aon_wdg.o
 .text.AON_WDG_Config
                0x00836504       0x84 build/rtl876x_aon_wdg.o
                0x00836504                AON_WDG_Config
 .text.AON_WDG_Enable
                0x00836588       0x44 build/rtl876x_aon_wdg.o
                0x00836588                AON_WDG_Enable
 .text.AON_WDG_Restart
                0x008365cc       0x1c build/rtl876x_aon_wdg.o
                0x008365cc                AON_WDG_Restart
 .text          0x008365e8        0x2 build/startup_rtl876x_gcc.o
                0x008365e8                GPIO22_Handler
                0x008365e8                GPIO17_Handler
                0x008365e8                I2C0_Handler
                0x008365e8                UART2_Handler
                0x008365e8                TRNG_Handler
                0x008365e8                SysTick_Handler
                0x008365e8                Timer7_Handler
                0x008365e8                I2C1_Handler
                0x008365e8                I2S0_RX_Handler
                0x008365e8                PendSV_Handler
                0x008365e8                GPIO23_Handler
                0x008365e8                NMI_Handler
                0x008365e8                GPIO15_Handler
                0x008365e8                PTA_Mailbox_Handler
                0x008365e8                Keyscan_Handler
                0x008365e8                GPIO5_Handler
                0x008365e8                I2S0_TX_Handler
                0x008365e8                ADC_Handler
                0x008365e8                GPIO27_Handler
                0x008365e8                GPIO6_Handler
                0x008365e8                GPIO19_Handler
                0x008365e8                BTMAC_Handler
                0x008365e8                GPIO10_Handler
                0x008365e8                GPIO16_Handler
                0x008365e8                RTC_Handler
                0x008365e8                UsageFault_Handler
                0x008365e8                Timer6_Handler
                0x008365e8                GDMA0_Channel2_Handler
                0x008365e8                Timer2_Handler
                0x008365e8                GPIO31_Handler
                0x008365e8                Timer3_Handler
                0x008365e8                GPIO1_Handler
                0x008365e8                Peripheral_Handler
                0x008365e8                GPIO28_Handler
                0x008365e8                GPIO14_Handler
                0x008365e8                GPIO18_Handler
                0x008365e8                UART1_Handler
                0x008365e8                GPIO11_Handler
                0x008365e8                GPIO4_Handler
                0x008365e8                Timer4_5_Handler
                0x008365e8                GPIO13_Handler
                0x008365e8                GPIO26_Handler
                0x008365e8                Timer5_Handler
                0x008365e8                LPCOMP_Handler
                0x008365e8                Default_Handler
                0x008365e8                WDG_Handler
                0x008365e8                GPIO9_Handler
                0x008365e8                GPIO30_Handler
                0x008365e8                Enhanced_Timer1_Handler
                0x008365e8                System_Handler
                0x008365e8                GPIO8_Handler
                0x008365e8                MemManage_Handler
                0x008365e8                Enhanced_Timer0_Handler
                0x008365e8                SVC_Handler
                0x008365e8                GDMA0_Channel1_Handler
                0x008365e8                IR_Handler
                0x008365e8                SPI2W_Handler
                0x008365e8                GPIO25_Handler
                0x008365e8                SPI1_Handler
                0x008365e8                GPIO24_Handler
                0x008365e8                CAP_Touch_Handler
                0x008365e8                UART0_Handler
                0x008365e8                Timer4_Handler
                0x008365e8                GPIO29_Handler
                0x008365e8                SPI_Flash_Handler
                0x008365e8                GPIO21_Handler
                0x008365e8                Qdecode_Handler
                0x008365e8                BusFault_Handler
                0x008365e8                GPIO2_Handler
                0x008365e8                GPIO20_Handler
                0x008365e8                GPIO12_Handler
                0x008365e8                GDMA0_Channel3_Handler
                0x008365e8                GDMA0_Channel0_Handler
                0x008365e8                SPI0_Handler
                0x008365e8                GPIO7_Handler
                0x008365e8                GPIO0_Handler
                0x008365e8                GPIO3_Handler
 *fill*         0x008365ea        0x2 
 .text          0x008365ec      0x30c ../sdk/lib/adc.a(adc_lib.o)
                0x00836680                ADC_CalibrationInit
                0x00836848                ADC_GetVoltage
                0x008368cc                ADC_GetResistance
 .text.gap_lib_handle_btif_msg
                0x008368f8       0x28 ../sdk/lib/gap_utils.a(gap_lib.o)
                0x008368f8                gap_lib_handle_btif_msg
 .text.gap_lib_init
                0x00836920       0x24 ../sdk/lib/gap_utils.a(gap_lib.o)
                0x00836920                gap_lib_init
 .text.gap_start_bt_stack
                0x00836944       0x1e ../sdk/lib/gap_utils.a(gap_lib_system_call.o)
                0x00836944                gap_start_bt_stack
 .text.gap_set_param
                0x00836962       0x1e ../sdk/lib/gap_utils.a(gap_lib_system_call.o)
                0x00836962                gap_set_param
 .text.gap_get_param
                0x00836980       0x1e ../sdk/lib/gap_utils.a(gap_lib_system_call.o)
                0x00836980                gap_get_param
 .text.gap_handle_msg
                0x0083699e        0xe ../sdk/lib/gap_utils.a(gap_lib_system_call.o)
                0x0083699e                gap_handle_msg
 .text.gap_register_extend_cb
                0x008369ac        0xe ../sdk/lib/gap_utils.a(gap_lib_system_call.o)
                0x008369ac                gap_register_extend_cb
 *fill*         0x008369ba        0x2 
 .text.le_gap_init
                0x008369bc       0x1c ../sdk/lib/gap_utils.a(gap_lib_system_call.o)
                0x008369bc                le_gap_init
 .text.le_register_app_cb
                0x008369d8       0x18 ../sdk/lib/gap_utils.a(gap_lib_system_call.o)
                0x008369d8                le_register_app_cb
 .text.le_set_gap_param
                0x008369f0       0x20 ../sdk/lib/gap_utils.a(gap_lib_system_call.o)
                0x008369f0                le_set_gap_param
 .text.server_init
                0x00836a10        0xe ../sdk/lib/gap_utils.a(gap_lib_system_call.o)
                0x00836a10                server_init
 *fill*         0x00836a1e        0x2 
 .text.server_add_service
                0x00836a20       0x34 ../sdk/lib/gap_utils.a(gap_lib_system_call.o)
                0x00836a20                server_add_service
 .text.server_register_app_cb
                0x00836a54       0x10 ../sdk/lib/gap_utils.a(gap_lib_system_call.o)
                0x00836a54                server_register_app_cb
 .text.server_send_data
                0x00836a64       0x30 ../sdk/lib/gap_utils.a(gap_lib_system_call.o)
                0x00836a64                server_send_data
 .text.le_adv_set_param
                0x00836a94       0x1e ../sdk/lib/gap_utils.a(gap_lib_system_call.o)
                0x00836a94                le_adv_set_param
 *fill*         0x00836ab2        0x2 
 .text.le_adv_start
                0x00836ab4       0x1c ../sdk/lib/gap_utils.a(gap_lib_system_call.o)
                0x00836ab4                le_adv_start
 .text.le_adv_stop
                0x00836ad0       0x1c ../sdk/lib/gap_utils.a(gap_lib_system_call.o)
                0x00836ad0                le_adv_stop
 .text.le_adv_update_param
                0x00836aec       0x1c ../sdk/lib/gap_utils.a(gap_lib_system_call.o)
                0x00836aec                le_adv_update_param
 .text.le_get_conn_param
                0x00836b08       0x1e ../sdk/lib/gap_utils.a(gap_lib_system_call.o)
                0x00836b08                le_get_conn_param
 *fill*         0x00836b26        0x2 
 .text.le_get_conn_addr
                0x00836b28       0x20 ../sdk/lib/gap_utils.a(gap_lib_system_call.o)
                0x00836b28                le_get_conn_addr
 .text.le_bond_set_param
                0x00836b48       0x1e ../sdk/lib/gap_utils.a(gap_lib_system_call.o)
                0x00836b48                le_bond_set_param
 *fill*         0x00836b66        0x2 
 .text.le_bond_get_display_key
                0x00836b68       0x20 ../sdk/lib/gap_utils.a(gap_lib_system_call.o)
                0x00836b68                le_bond_get_display_key
 .text.le_bond_passkey_input_confirm
                0x00836b88       0x20 ../sdk/lib/gap_utils.a(gap_lib_system_call.o)
                0x00836b88                le_bond_passkey_input_confirm
 .text.le_bond_oob_input_confirm
                0x00836ba8       0x20 ../sdk/lib/gap_utils.a(gap_lib_system_call.o)
                0x00836ba8                le_bond_oob_input_confirm
 .text.le_bond_just_work_confirm
                0x00836bc8       0x20 ../sdk/lib/gap_utils.a(gap_lib_system_call.o)
                0x00836bc8                le_bond_just_work_confirm
 .text.le_bond_passkey_display_confirm
                0x00836be8       0x20 ../sdk/lib/gap_utils.a(gap_lib_system_call.o)
                0x00836be8                le_bond_passkey_display_confirm
 .text.le_bond_user_confirm
                0x00836c08       0x20 ../sdk/lib/gap_utils.a(gap_lib_system_call.o)
                0x00836c08                le_bond_user_confirm
 .text.le_get_conn_id_by_handle
                0x00836c28       0x20 ../sdk/lib/gap_utils.a(gap_lib_system_call.o)
                0x00836c28                le_get_conn_id_by_handle
 .text.le_handle_vendor_cmd_rsp
                0x00836c48      0x1c8 ../sdk/lib/gap_utils.a(gap_vendor_cmd.o)
                0x00836c48                le_handle_vendor_cmd_rsp
 .text.le_handle_vendor_evt_info
                0x00836e10       0x1c ../sdk/lib/gap_utils.a(gap_vendor_cmd.o)
                0x00836e10                le_handle_vendor_evt_info
 .text.snprintf
                0x00836e2c       0x68 c:/gcc-arm-none-eabi/bin/../lib/gcc/arm-none-eabi/10.3.1/../../../../arm-none-eabi/lib/thumb/v6-m/nofp\libc_nano.a(lib_a-snprintf.o)
                0x00836e2c                sniprintf
                0x00836e2c                snprintf
 .text.sprintf  0x00836e94       0x40 c:/gcc-arm-none-eabi/bin/../lib/gcc/arm-none-eabi/10.3.1/../../../../arm-none-eabi/lib/thumb/v6-m/nofp\libc_nano.a(lib_a-sprintf.o)
                0x00836e94                siprintf
                0x00836e94                sprintf
 .text._vsnprintf_r
                0x00836ed4       0x56 c:/gcc-arm-none-eabi/bin/../lib/gcc/arm-none-eabi/10.3.1/../../../../arm-none-eabi/lib/thumb/v6-m/nofp\libc_nano.a(lib_a-vsnprintf.o)
                0x00836ed4                _vsniprintf_r
                0x00836ed4                _vsnprintf_r
 *fill*         0x00836f2a        0x2 
 .text.vsnprintf
                0x00836f2c       0x18 c:/gcc-arm-none-eabi/bin/../lib/gcc/arm-none-eabi/10.3.1/../../../../arm-none-eabi/lib/thumb/v6-m/nofp\libc_nano.a(lib_a-vsnprintf.o)
                0x00836f2c                vsniprintf
                0x00836f2c                vsnprintf
 .text._free_r  0x00836f44       0x94 c:/gcc-arm-none-eabi/bin/../lib/gcc/arm-none-eabi/10.3.1/../../../../arm-none-eabi/lib/thumb/v6-m/nofp\libc_nano.a(lib_a-nano-freer.o)
                0x00836f44                _free_r
 .text.sbrk_aligned
                0x00836fd8       0x44 c:/gcc-arm-none-eabi/bin/../lib/gcc/arm-none-eabi/10.3.1/../../../../arm-none-eabi/lib/thumb/v6-m/nofp\libc_nano.a(lib_a-nano-mallocr.o)
 .text._malloc_r
                0x0083701c       0xec c:/gcc-arm-none-eabi/bin/../lib/gcc/arm-none-eabi/10.3.1/../../../../arm-none-eabi/lib/thumb/v6-m/nofp\libc_nano.a(lib_a-nano-mallocr.o)
                0x0083701c                _malloc_r
 .text.__ssputs_r
                0x00837108       0xc4 c:/gcc-arm-none-eabi/bin/../lib/gcc/arm-none-eabi/10.3.1/../../../../arm-none-eabi/lib/thumb/v6-m/nofp\libc_nano.a(lib_a-nano-svfprintf.o)
                0x00837108                __ssputs_r
 .text._svfprintf_r
                0x008371cc      0x200 c:/gcc-arm-none-eabi/bin/../lib/gcc/arm-none-eabi/10.3.1/../../../../arm-none-eabi/lib/thumb/v6-m/nofp\libc_nano.a(lib_a-nano-svfprintf.o)
                0x008371cc                _svfiprintf_r
                0x008371cc                _svfprintf_r
 .text._printf_common
                0x008373cc       0xde c:/gcc-arm-none-eabi/bin/../lib/gcc/arm-none-eabi/10.3.1/../../../../arm-none-eabi/lib/thumb/v6-m/nofp\libc_nano.a(lib_a-nano-vfprintf_i.o)
                0x008373cc                _printf_common
 *fill*         0x008374aa        0x2 
 .text._printf_i
                0x008374ac      0x224 c:/gcc-arm-none-eabi/bin/../lib/gcc/arm-none-eabi/10.3.1/../../../../arm-none-eabi/lib/thumb/v6-m/nofp\libc_nano.a(lib_a-nano-vfprintf_i.o)
                0x008374ac                _printf_i
 .text._sbrk_r  0x008376d0       0x24 c:/gcc-arm-none-eabi/bin/../lib/gcc/arm-none-eabi/10.3.1/../../../../arm-none-eabi/lib/thumb/v6-m/nofp\libc_nano.a(lib_a-sbrkr.o)
                0x008376d0                _sbrk_r
 .text.memchr   0x008376f4       0x16 c:/gcc-arm-none-eabi/bin/../lib/gcc/arm-none-eabi/10.3.1/../../../../arm-none-eabi/lib/thumb/v6-m/nofp\libc_nano.a(lib_a-memchr-stub.o)
                0x008376f4                memchr
 .text.memmove  0x0083770a       0x26 c:/gcc-arm-none-eabi/bin/../lib/gcc/arm-none-eabi/10.3.1/../../../../arm-none-eabi/lib/thumb/v6-m/nofp\libc_nano.a(lib_a-memmove.o)
                0x0083770a                memmove
 .text.__malloc_lock
                0x00837730       0x10 c:/gcc-arm-none-eabi/bin/../lib/gcc/arm-none-eabi/10.3.1/../../../../arm-none-eabi/lib/thumb/v6-m/nofp\libc_nano.a(lib_a-mlock.o)
                0x00837730                __malloc_lock
 .text.__malloc_unlock
                0x00837740       0x10 c:/gcc-arm-none-eabi/bin/../lib/gcc/arm-none-eabi/10.3.1/../../../../arm-none-eabi/lib/thumb/v6-m/nofp\libc_nano.a(lib_a-mlock.o)
                0x00837740                __malloc_unlock
 .text._realloc_r
                0x00837750       0x5e c:/gcc-arm-none-eabi/bin/../lib/gcc/arm-none-eabi/10.3.1/../../../../arm-none-eabi/lib/thumb/v6-m/nofp\libc_nano.a(lib_a-nano-reallocr.o)
                0x00837750                _realloc_r
 .text.__retarget_lock_acquire_recursive
                0x008377ae        0x2 c:/gcc-arm-none-eabi/bin/../lib/gcc/arm-none-eabi/10.3.1/../../../../arm-none-eabi/lib/thumb/v6-m/nofp\libc_nano.a(lib_a-lock.o)
                0x008377ae                __retarget_lock_acquire_recursive
 .text.__retarget_lock_release_recursive
                0x008377b0        0x2 c:/gcc-arm-none-eabi/bin/../lib/gcc/arm-none-eabi/10.3.1/../../../../arm-none-eabi/lib/thumb/v6-m/nofp\libc_nano.a(lib_a-lock.o)
                0x008377b0                __retarget_lock_release_recursive
 .text._malloc_usable_size_r
                0x008377b2       0x10 c:/gcc-arm-none-eabi/bin/../lib/gcc/arm-none-eabi/10.3.1/../../../../arm-none-eabi/lib/thumb/v6-m/nofp\libc_nano.a(lib_a-nano-msizer.o)
                0x008377b2                _malloc_usable_size_r
 *fill*         0x008377c2        0x2 
 .text._sbrk    0x008377c4       0x1c c:/gcc-arm-none-eabi/bin/../lib/gcc/arm-none-eabi/10.3.1/../../../../arm-none-eabi/lib/thumb/v6-m/nofp\libnosys.a(sbrk.o)
                0x008377c4                _sbrk
 .text          0x008377e0       0x14 c:/gcc-arm-none-eabi/bin/../lib/gcc/arm-none-eabi/10.3.1/thumb/v6-m/nofp\libgcc.a(_thumb1_case_shi.o)
                0x008377e0                __gnu_thumb1_case_shi
 .text          0x008377f4      0x114 c:/gcc-arm-none-eabi/bin/../lib/gcc/arm-none-eabi/10.3.1/thumb/v6-m/nofp\libgcc.a(_udivsi3.o)
                0x008377f4                __aeabi_uidiv
                0x008377f4                __udivsi3
                0x00837900                __aeabi_uidivmod
 .text          0x00837908      0x1d4 c:/gcc-arm-none-eabi/bin/../lib/gcc/arm-none-eabi/10.3.1/thumb/v6-m/nofp\libgcc.a(_divsi3.o)
                0x00837908                __divsi3
                0x00837908                __aeabi_idiv
                0x00837ad4                __aeabi_idivmod
 .text          0x00837adc        0x4 c:/gcc-arm-none-eabi/bin/../lib/gcc/arm-none-eabi/10.3.1/thumb/v6-m/nofp\libgcc.a(_dvmd_tls.o)
                0x00837adc                __aeabi_idiv0
                0x00837adc                __aeabi_ldiv0
 .text          0x00837ae0       0x30 c:/gcc-arm-none-eabi/bin/../lib/gcc/arm-none-eabi/10.3.1/thumb/v6-m/nofp\libgcc.a(_fixunssfsi.o)
                0x00837ae0                __fixunssfsi
                0x00837ae0                __aeabi_f2uiz
 .text          0x00837b10      0x33c c:/gcc-arm-none-eabi/bin/../lib/gcc/arm-none-eabi/10.3.1/thumb/v6-m/nofp\libgcc.a(addsf3.o)
                0x00837b10                __aeabi_fadd
 .text          0x00837e4c      0x230 c:/gcc-arm-none-eabi/bin/../lib/gcc/arm-none-eabi/10.3.1/thumb/v6-m/nofp\libgcc.a(divsf3.o)
                0x00837e4c                __aeabi_fdiv
 .text          0x0083807c      0x24c c:/gcc-arm-none-eabi/bin/../lib/gcc/arm-none-eabi/10.3.1/thumb/v6-m/nofp\libgcc.a(mulsf3.o)
                0x0083807c                __aeabi_fmul
 .text          0x008382c8      0x35c c:/gcc-arm-none-eabi/bin/../lib/gcc/arm-none-eabi/10.3.1/thumb/v6-m/nofp\libgcc.a(subsf3.o)
                0x008382c8                __aeabi_fsub
 .text          0x00838624       0x40 c:/gcc-arm-none-eabi/bin/../lib/gcc/arm-none-eabi/10.3.1/thumb/v6-m/nofp\libgcc.a(fixsfsi.o)
                0x00838624                __aeabi_f2iz
 .text          0x00838664       0x9c c:/gcc-arm-none-eabi/bin/../lib/gcc/arm-none-eabi/10.3.1/thumb/v6-m/nofp\libgcc.a(floatsisf.o)
                0x00838664                __aeabi_i2f
 .text          0x00838700       0x74 c:/gcc-arm-none-eabi/bin/../lib/gcc/arm-none-eabi/10.3.1/thumb/v6-m/nofp\libgcc.a(_arm_cmpsf2.o)
                0x00838700                __aeabi_cfrcmple
                0x00838708                __aeabi_cfcmpeq
                0x00838708                __aeabi_cfcmple
                0x00838718                __aeabi_fcmpeq
                0x00838724                __aeabi_fcmplt
                0x00838738                __aeabi_fcmple
                0x0083874c                __aeabi_fcmpgt
                0x00838760                __aeabi_fcmpge
 .text          0x00838774       0x3c c:/gcc-arm-none-eabi/bin/../lib/gcc/arm-none-eabi/10.3.1/thumb/v6-m/nofp\libgcc.a(_clzsi2.o)
                0x00838774                __clzsi2
 .text          0x008387b0       0x4c c:/gcc-arm-none-eabi/bin/../lib/gcc/arm-none-eabi/10.3.1/thumb/v6-m/nofp\libgcc.a(eqsf2.o)
                0x008387b0                __eqsf2
                0x008387b0                __nesf2
 .text          0x008387fc       0x8c c:/gcc-arm-none-eabi/bin/../lib/gcc/arm-none-eabi/10.3.1/thumb/v6-m/nofp\libgcc.a(gesf2.o)
                0x008387fc                __gesf2
                0x008387fc                __gtsf2
 .text          0x00838888       0x88 c:/gcc-arm-none-eabi/bin/../lib/gcc/arm-none-eabi/10.3.1/thumb/v6-m/nofp\libgcc.a(lesf2.o)
                0x00838888                __ltsf2
                0x00838888                __lesf2
                0x00838910                . = ALIGN (0x4)
 *(.rodata*)
 .rodata.str1.4
                0x00838910      0x225 build/system_rtl876x.o
                                0x229 (size before relaxing)
 *fill*         0x00838b35        0x3 
 .rodata.common_main.str1.4
                0x00838b38       0x38 build/system_rtl876x.o
 .rodata        0x00838b70       0xe8 build/system_rtl876x.o
 .rodata.app_cb_table
                0x00838c58        0xc build/system_rtl876x.o
                0x00838c58                app_cb_table
 .rodata.PINADDR_TABLE
                0x00838c64       0x4e build/rtl876x_pinmux.o
                0x00838c64                PINADDR_TABLE
 *fill*         0x00838cb2        0x2 
 .rodata.custom_service_cbs
                0x00838cb4        0xc build/custom_service.o
                0x00838cb4                custom_service_cbs
 .rodata.custom_service_tbl
                0x00838cc0       0x70 build/custom_service.o
                0x00838cc0                custom_service_tbl
 .rodata.adv_timer_callback.str1.4
                0x00838d30       0x1a build/app_task.o
 *fill*         0x00838d4a        0x2 
 .rodata.app_main_task.str1.4
                0x00838d4c       0x1e build/app_task.o
 *fill*         0x00838d6a        0x2 
 .rodata.app_task_init.str1.4
                0x00838d6c        0x4 build/app_task.o
 .rodata.app_send_msg_to_apptask.str1.4
                0x00838d70       0x29 build/app_task.o
 *fill*         0x00838d99        0x3 
 .rodata.__func__.0
                0x00838d9c        0xe build/app_task.o
 *fill*         0x00838daa        0x2 
 .rodata.__func__.1
                0x00838dac       0x18 build/app_task.o
 .rodata.epd_wait_busy.str1.4
                0x00838dc4        0xf build/epd.o
 *fill*         0x00838dd3        0x1 
 .rodata.driver_init.str1.4
                0x00838dd4       0x48 build/main.o
 .rodata.main.str1.4
                0x00838e1c       0x1b build/main.o
 *fill*         0x00838e37        0x1 
 .rodata.ble_addr_early_init.str1.4
                0x00838e38       0x68 build/peripheral_app.o
 .rodata.set_adv_data.str1.4
                0x00838ea0       0x11 build/peripheral_app.o
 *fill*         0x00838eb1        0x3 
 .rodata.app_handle_dev_state_evt.str1.4
                0x00838eb4       0xc3 build/peripheral_app.o
 *fill*         0x00838f77        0x1 
 .rodata.app_handle_conn_state_evt.str1.4
                0x00838f78      0x11a build/peripheral_app.o
 *fill*         0x00839092        0x2 
 .rodata.app_handle_authen_state_evt.str1.4
                0x00839094      0x13e build/peripheral_app.o
 *fill*         0x008391d2        0x2 
 .rodata.app_handle_conn_mtu_info_evt.str1.4
                0x008391d4       0x3b build/peripheral_app.o
 *fill*         0x0083920f        0x1 
 .rodata.app_handle_conn_param_update_evt.str1.4
                0x00839210       0xf6 build/peripheral_app.o
 *fill*         0x00839306        0x2 
 .rodata.app_handle_gap_msg.str1.4
                0x00839308      0x104 build/peripheral_app.o
 .rodata.app_handle_gap_msg
                0x0083940c       0x2c build/peripheral_app.o
 .rodata.app_handle_io_msg.str1.4
                0x00839438       0x21 build/peripheral_app.o
 *fill*         0x00839459        0x3 
 .rodata.app_gap_callback.str1.4
                0x0083945c      0x11a build/peripheral_app.o
 *fill*         0x00839576        0x2 
 .rodata.app_profile_callback.str1.4
                0x00839578       0xf0 build/peripheral_app.o
 .rodata        0x00839668       0x10 build/peripheral_app.o
 .rodata.uart_bdaddr_str.str1.4
                0x00839678       0x32 build/retarget.o
 *fill*         0x008396aa        0x2 
 .rodata.HardFault_Handler_C.str1.4
                0x008396ac       0xc5 build/retarget.o
 *fill*         0x00839771        0x3 
 .rodata.drawImageFromEeprom.str1.4
                0x00839774       0x1e build/ble_cmd_handler.o
 *fill*         0x00839792        0x2 
 .rodata.ble_send_notify.str1.4
                0x00839794       0x1a build/ble_cmd_handler.o
 *fill*         0x008397ae        0x2 
 .rodata.processAvailDataInfoBLE.str1.4
                0x008397b0      0x1ee build/ble_cmd_handler.o
 *fill*         0x0083999e        0x2 
 .rodata.processAvailDataInfoBLE
                0x008399a0       0xc4 build/ble_cmd_handler.o
 .rodata.zb_ble_hci_cmd_handler.str1.4
                0x00839a64      0x47a build/ble_cmd_handler.o
                                0x486 (size before relaxing)
 *fill*         0x00839ede        0x2 
 .rodata.zb_ble_hci_cmd_handler
                0x00839ee0      0x330 build/ble_cmd_handler.o
 .rodata.FLASH_Init.str1.4
                0x0083a210       0x1d build/eeprom.o
 *fill*         0x0083a22d        0x3 
 .rodata.decompress_plane_rows.str1.4
                0x0083a230       0x1b build/drawing.o
 *fill*         0x0083a24b        0x1 
 .rodata.draw_zlib.str1.4
                0x0083a24c       0x6e build/drawing.o
 *fill*         0x0083a2ba        0x2 
 .rodata.drawImageAtAddress.str1.4
                0x0083a2bc      0x111 build/drawing.o
 *fill*         0x0083a3cd        0x3 
 .rodata.epd_refresh_done.str1.4
                0x0083a3d0        0xb build/drawing.o
 *fill*         0x0083a3db        0x1 
 .rodata.battery_measure_mv.str1.4
                0x0083a3dc       0x69 build/battery.o
 *fill*         0x0083a445        0x3 
 .rodata.boot_screen_draw.str1.4
                0x0083a448       0xb8 build/boot_screen.o
 .rodata.boot_screen_show_error.str1.4
                0x0083a500       0x1b build/boot_screen.o
 *fill*         0x0083a51b        0x1 
 .rodata.font8  0x0083a51c      0x2f8 build/boot_screen.o
 .rodata.ota_erase_ext.str1.4
                0x0083a814       0x24 build/ota.o
 .rodata.ota_save_ext_block.str1.4
                0x0083a838       0x4a build/ota.o
 *fill*         0x0083a882        0x2 
 .rodata.ota_apply.str1.4
                0x0083a884      0x190 build/ota.o
 .rodata.str1.4
                0x0083aa14       0x80 build/ota.o
 .rodata.e.0    0x0083aa94       0x10 build/ota.o
 .rodata.e.1    0x0083aaa4        0xc build/ota.o
 .rodata.e.2    0x0083aab0       0x10 build/ota.o
 .rodata.mac_edit_update.str1.4
                0x0083aac0      0x249 build/mac_edit.o
 *fill*         0x0083ad09        0x3 
 .rodata.__func__.0
                0x0083ad0c       0x10 build/mac_edit.o
 .rodata.clcidx
                0x0083ad1c       0x13 build/uzlib.o
                0x0083ad1c                clcidx
 *fill*         0x0083ad2f        0x1 
 .rodata.dist_base
                0x0083ad30       0x3c build/uzlib.o
                0x0083ad30                dist_base
 .rodata.dist_bits
                0x0083ad6c       0x1e build/uzlib.o
                0x0083ad6c                dist_bits
 *fill*         0x0083ad8a        0x2 
 .rodata.length_base
                0x0083ad8c       0x3c build/uzlib.o
                0x0083ad8c                length_base
 .rodata.length_bits
                0x0083adc8       0x1e build/uzlib.o
                0x0083adc8                length_bits
 *fill*         0x0083ade6        0x2 
 .rodata.le_handle_vendor_cmd_rsp
                0x0083ade8       0x58 ../sdk/lib/gap_utils.a(gap_vendor_cmd.o)
 .rodata._svfprintf_r.str1.1
                0x0083ae40       0x11 c:/gcc-arm-none-eabi/bin/../lib/gcc/arm-none-eabi/10.3.1/../../../../arm-none-eabi/lib/thumb/v6-m/nofp\libc_nano.a(lib_a-nano-svfprintf.o)
 .rodata._printf_i.str1.1
                0x0083ae51       0x22 c:/gcc-arm-none-eabi/bin/../lib/gcc/arm-none-eabi/10.3.1/../../../../arm-none-eabi/lib/thumb/v6-m/nofp\libc_nano.a(lib_a-nano-vfprintf_i.o)
 *fill*         0x0083ae73        0x1 
 .rodata        0x0083ae74       0x80 c:/gcc-arm-none-eabi/bin/../lib/gcc/arm-none-eabi/10.3.1/thumb/v6-m/nofp\libgcc.a(divsf3.o)
 .rodata        0x0083aef4       0x40 c:/gcc-arm-none-eabi/bin/../lib/gcc/arm-none-eabi/10.3.1/thumb/v6-m/nofp\libgcc.a(mulsf3.o)
                0x0083af34                . = ALIGN (0x4)
 *(.app.flash.text)
 .app.flash.text
                0x0083af34      0x41c build/system_rtl876x.o
                0x0083af34                wdg_system_reset_app_cb
                0x0083af48                ram_cache_init
                0x0083af64                get_image_entry_addr
                0x0083afd0                set_os_clock
                0x0083b018                print_reset_reason
                0x0083b170                pre_main
                0x0083b1d8                ram_init
                0x0083b21c                SystemInit
 *(.app.flash.rodata)
 *(.ARM.exidx)

.glue_7         0x0083b350        0x0
 .glue_7        0x0083b350        0x0 linker stubs

.glue_7t        0x0083b350        0x0
 .glue_7t       0x0083b350        0x0 linker stubs

.vfp11_veneer   0x0083b350        0x0
 .vfp11_veneer  0x0083b350        0x0 linker stubs

.v4_bx          0x0083b350        0x0
 .v4_bx         0x0083b350        0x0 linker stubs

.init           0x0083b350        0x4
 .init          0x0083b350        0x4 c:/gcc-arm-none-eabi/bin/../lib/gcc/arm-none-eabi/10.3.1/thumb/v6-m/nofp/crti.o
                0x0083b350                _init

.fini           0x0083b354        0x4
 .fini          0x0083b354        0x4 c:/gcc-arm-none-eabi/bin/../lib/gcc/arm-none-eabi/10.3.1/thumb/v6-m/nofp/crti.o
                0x0083b354                _fini

.app.overlay_a  0x0083b358       0xf4
 .app.overlay_a
                0x0083b358       0xf4 build/system_rtl876x.o
                0x0083b358                AppUpdateVectorTable

.iplt           0x0083b44c        0x0
 .iplt          0x0083b44c        0x0 build/system_rtl876x.o

.igot.plt       0x0083b44c        0x0
 .igot.plt      0x0083b44c        0x0 build/system_rtl876x.o

RAM_VECTOR_TABLE
                0x0083b44c       0xe8
                0x0083b44c                __ram_vector_table_start__ = .
 *(VECTOR)
 VECTOR         0x0083b44c       0xe8 build/startup_rtl876x_gcc.o
                0x0083b44c                g_pfnVectors
                0x0083b534                __ram_vector_table_end__ = .
                0x0083b534                . = ALIGN (0x4)
                0x0083b44c                __ram_vector_load_ad__ = LOADADDR (RAM_VECTOR_TABLE)
                0x000000e8                __ram_vector_table_length__ = (__ram_vector_table_end__ - __ram_vector_table_start__)

RAM_DATA_ON     0x00207c00      0x96c load address 0x0083b534
                0x00207c00                . = ALIGN (0x4)
                0x00207c00                __ram_dataon_ro_start__ = .
 *(.app.data_ram.text)
 .app.data_ram.text
                0x00207c00      0x170 build/system_rtl876x.o
                0x00207c00                GPIO_Group3_Handler
                0x00207c5c                GPIO_Group2_Handler
                0x00207cb8                GPIO_Group1_Handler
                0x00207d0c                GPIO_Group0_Handler
                0x00207d60                memset
 .app.data_ram.text
                0x00207d70      0x6a0 build/rtl876x_io_dlps.o
                0x00207d70                DLPS_IO_EnterDlpsCb
                0x00208094                DLPS_IO_ExitDlpsCb
                0x00208410                . = ALIGN (0x4)
                0x00208410                __ram_dataon_ro_end__ = .
                0x00208410                __ram_dataon_rw_start__ = .
 *(.data*)
 .data.adc_temperature
                0x00208410        0x1 build/peripheral_app.o
                0x00208410                adc_temperature
 *fill*         0x00208411        0x3 
 .data.device_name
                0x00208414        0xb build/peripheral_app.o
                0x00208414                device_name
 *fill*         0x0020841f        0x1 
 .data.settings
                0x00208420       0xb2 build/peripheral_app.o
                0x00208420                settings
 .data.curImgSlot
                0x002084d2        0x1 build/ble_cmd_handler.o
                0x002084d2                curImgSlot
 .data          0x002084d3       0x32 ../sdk/lib/adc.a(adc_lib.o)
                0x002084d3                SOC_Version
                0x002084d4                ADC_K_Version
                0x002084d5                SOC_Version_Table
 *fill*         0x00208505        0x3 
 .data._impure_ptr
                0x00208508        0x4 c:/gcc-arm-none-eabi/bin/../lib/gcc/arm-none-eabi/10.3.1/../../../../arm-none-eabi/lib/thumb/v6-m/nofp\libc_nano.a(lib_a-impure.o)
                0x00208508                _impure_ptr
 .data.impure_data
                0x0020850c       0x60 c:/gcc-arm-none-eabi/bin/../lib/gcc/arm-none-eabi/10.3.1/../../../../arm-none-eabi/lib/thumb/v6-m/nofp\libc_nano.a(lib_a-impure.o)
 *(.ram.dataon.data)
                0x0020856c                __ram_dataon_rw_end__ = .
                0x0020856c                . = ALIGN (0x4)

BSS             0x0020856c     0x277c load address 0x0083bea0
                0x0020856c                . = ALIGN (0x4)
                0x0020856c                __ram_dataon_zi_start__ = .
 *(.ram.dataon.bss*)
 *(.bss*)
 .bss.app_pre_main_cb
                0x0020856c        0x4 build/system_rtl876x.o
                0x0020856c                app_pre_main_cb
 .bss.os_patch  0x00208570        0x4 build/system_rtl876x.o
                0x00208570                os_patch
 .bss.random_seed_value
                0x00208574        0x4 build/system_rtl876x.o
                0x00208574                random_seed_value
 .bss.user_wdg_cb
                0x00208578        0x4 build/system_rtl876x.o
                0x00208578                user_wdg_cb
 .bss.ADC_StoreReg
                0x0020857c       0x3c build/rtl876x_io_dlps.o
                0x0020857c                ADC_StoreReg
 .bss.CPU_StoreReg
                0x002085b8        0xc build/rtl876x_io_dlps.o
                0x002085b8                CPU_StoreReg
 .bss.CPU_StoreReg_IP
                0x002085c4       0x20 build/rtl876x_io_dlps.o
                0x002085c4                CPU_StoreReg_IP
 .bss.GPIO_StoreReg
                0x002085e4       0x28 build/rtl876x_io_dlps.o
                0x002085e4                GPIO_StoreReg
 .bss.PWM2_StoreReg
                0x0020860c        0x4 build/rtl876x_io_dlps.o
                0x0020860c                PWM2_StoreReg
 .bss.PeriIntStoreReg
                0x00208610        0x4 build/rtl876x_io_dlps.o
                0x00208610                PeriIntStoreReg
 .bss.Pinmux_StoreReg
                0x00208614       0x28 build/rtl876x_io_dlps.o
                0x00208614                Pinmux_StoreReg
 .bss.TIM_StoreReg
                0x0020863c       0x70 build/rtl876x_io_dlps.o
                0x0020863c                TIM_StoreReg
 .bss.UART0_StoreReg
                0x002086ac       0x30 build/rtl876x_io_dlps.o
                0x002086ac                UART0_StoreReg
 .bss.User_IO_EnterDlpsCB
                0x002086dc        0x4 build/rtl876x_io_dlps.o
                0x002086dc                User_IO_EnterDlpsCB
 .bss.User_IO_ExitDlpsCB
                0x002086e0        0x4 build/rtl876x_io_dlps.o
                0x002086e0                User_IO_ExitDlpsCB
 .bss.custom_service_id
                0x002086e4        0x1 build/custom_service.o
                0x002086e4                custom_service_id
 *fill*         0x002086e5        0x3 
 .bss.pfn_custom_service_cb
                0x002086e8        0x4 build/custom_service.o
 .bss.adv_timer_handle
                0x002086ec        0x4 build/app_task.o
                0x002086ec                adv_timer_handle
 .bss.app_task_handle
                0x002086f0        0x4 build/app_task.o
                0x002086f0                app_task_handle
 .bss.evt_queue_handle
                0x002086f4        0x4 build/app_task.o
                0x002086f4                evt_queue_handle
 .bss.io_queue_handle
                0x002086f8        0x4 build/app_task.o
                0x002086f8                io_queue_handle
 .bss.loop_count
                0x002086fc        0x4 build/app_task.o
                0x002086fc                loop_count
 .bss.ble_adv_data
                0x00208700       0x12 build/peripheral_app.o
                0x00208700                ble_adv_data
 .bss.custom_srv_id
                0x00208712        0x1 build/peripheral_app.o
                0x00208712                custom_srv_id
 *fill*         0x00208713        0x1 
 .bss.epd_poll_timer
                0x00208714        0x4 build/peripheral_app.o
 .bss.epd_read_temperature
                0x00208718        0x1 build/peripheral_app.o
                0x00208718                epd_read_temperature
 *fill*         0x00208719        0x3 
 .bss.g_ble_rand_addr
                0x0020871c        0x6 build/peripheral_app.o
 .bss.gap_conn_state
                0x00208722        0x1 build/peripheral_app.o
                0x00208722                gap_conn_state
 *fill*         0x00208723        0x1 
 .bss.gap_dev_state
                0x00208724        0x1 build/peripheral_app.o
                0x00208724                gap_dev_state
 *fill*         0x00208725        0x3 
 .bss.buf.0     0x00208728       0x12 build/retarget.o
 *fill*         0x0020873a        0x2 
 .bss.bleNotifyBuff
                0x0020873c      0x200 build/ble_cmd_handler.o
 .bss.blockXferBuffer
                0x0020893c     0x1004 build/ble_cmd_handler.o
 .bss.curBlock  0x00209940       0x11 build/ble_cmd_handler.o
                0x00209940                curBlock
 *fill*         0x00209951        0x3 
 .bss.curDataInfo
                0x00209954       0x11 build/ble_cmd_handler.o
                0x00209954                curDataInfo
 *fill*         0x00209965        0x3 
 .bss.curHighSlotId
                0x00209968        0x4 build/ble_cmd_handler.o
                0x00209968                curHighSlotId
 .bss.dataRequestSizeBLE
                0x0020996c        0x2 build/ble_cmd_handler.o
 .bss.drawWithLut
                0x0020996e        0x1 build/ble_cmd_handler.o
                0x0020996e                drawWithLut
 *fill*         0x0020996f        0x1 
 .bss.imageSize
                0x00209970        0x4 build/ble_cmd_handler.o
                0x00209970                imageSize
 .bss.imgSlots  0x00209974        0x1 build/ble_cmd_handler.o
                0x00209974                imgSlots
 .bss.nextImgSlot
                0x00209975        0x1 build/ble_cmd_handler.o
                0x00209975                nextImgSlot
 .bss.partsThisBlockBLE
                0x00209976        0x1 build/ble_cmd_handler.o
 .bss.g_flash_awake
                0x00209977        0x1 build/eeprom.o
 .bss.byteCounter
                0x00209978        0x4 build/drawing.o
                0x00209978                byteCounter
 .bss.g_epd_refreshing
                0x0020997c        0x1 build/drawing.o
                0x0020997c                g_epd_refreshing
 *fill*         0x0020997d        0x3 
 .bss.row_buf.0
                0x00209980       0x80 build/drawing.o
 .bss.z_comp_buf
                0x00209a00      0x200 build/drawing.o
 .bss.z_comp_pos
                0x00209c00        0x4 build/drawing.o
 .bss.z_comp_size
                0x00209c04        0x4 build/drawing.o
 .bss.z_dict    0x00209c08     0x1000 build/drawing.o
 .bss.z_eeprom_base
                0x0020ac08        0x4 build/drawing.o
 .bss.z_row_buf
                0x0020ac0c       0x64 build/drawing.o
 .bss.is_called.0
                0x0020ac70        0x1 build/rtl876x_aon_wdg.o
 *fill*         0x0020ac71        0x3 
 .bss           0x0020ac74       0x54 ../sdk/lib/adc.a(adc_lib.o)
                0x0020ac74                ADC_Resistance_Value
                0x0020ac76                EFUSE_ADC_Read_Value
                0x0020ac98                ADC_Divide_Single_Value
                0x0020aca4                ADC_Bypass_Single_Value
                0x0020acb0                ADC_Divide_Diff_Value
                0x0020acbc                ADC_Bypass_Diff_Value
 .bss.gap_app_cb
                0x0020acc8        0x4 ../sdk/lib/gap_utils.a(gap_lib_system_call.o)
                0x0020acc8                gap_app_cb
 .bss.gap_common_app_cb
                0x0020accc        0x4 ../sdk/lib/gap_utils.a(gap_lib_system_call.o)
                0x0020accc                gap_common_app_cb
 .bss.gap_common_vendor_cb
                0x0020acd0        0x4 ../sdk/lib/gap_utils.a(gap_vendor_cmd.o)
                0x0020acd0                gap_common_vendor_cb
 .bss.errno     0x0020acd4        0x4 c:/gcc-arm-none-eabi/bin/../lib/gcc/arm-none-eabi/10.3.1/../../../../arm-none-eabi/lib/thumb/v6-m/nofp\libc_nano.a(lib_a-reent.o)
                0x0020acd4                errno
 .bss.__malloc_free_list
                0x0020acd8        0x4 c:/gcc-arm-none-eabi/bin/../lib/gcc/arm-none-eabi/10.3.1/../../../../arm-none-eabi/lib/thumb/v6-m/nofp\libc_nano.a(lib_a-nano-mallocr.o)
                0x0020acd8                __malloc_free_list
 .bss.__malloc_sbrk_start
                0x0020acdc        0x4 c:/gcc-arm-none-eabi/bin/../lib/gcc/arm-none-eabi/10.3.1/../../../../arm-none-eabi/lib/thumb/v6-m/nofp\libc_nano.a(lib_a-nano-mallocr.o)
                0x0020acdc                __malloc_sbrk_start
 .bss.__lock___malloc_recursive_mutex
                0x0020ace0        0x1 c:/gcc-arm-none-eabi/bin/../lib/gcc/arm-none-eabi/10.3.1/../../../../arm-none-eabi/lib/thumb/v6-m/nofp\libc_nano.a(lib_a-lock.o)
                0x0020ace0                __lock___malloc_recursive_mutex
 *fill*         0x0020ace1        0x3 
 .bss.heap_end.0
                0x0020ace4        0x4 c:/gcc-arm-none-eabi/bin/../lib/gcc/arm-none-eabi/10.3.1/../../../../arm-none-eabi/lib/thumb/v6-m/nofp\libnosys.a(sbrk.o)
 *(COMMON)
                0x0020ace8                . = ALIGN (0x4)
                0x0020ace8                __ram_dataon_zi_end__ = .
                0x0083b534                __ram_ro_load_ad__ = LOADADDR (RAM_DATA_ON)
                0x00000810                __ram_dataon_ro_length__ = (__ram_dataon_ro_end__ - __ram_dataon_ro_start__)
                0x0000015c                __ram_dataon_rw_length__ = (__ram_dataon_rw_end__ - __ram_dataon_rw_start__)
                0x0000277c                __ram_dataon_zi_length__ = (__ram_dataon_zi_end__ - __ram_dataon_zi_start__)
                0x0083bd44                __ram_rw_load_ad__ = (LOADADDR (RAM_DATA_ON) + __ram_dataon_ro_length__)

HEAP_DATA_ON    0x0020bc00        0x0 load address 0x0083bea0
                0x0020bc00                __heap_start__ = .
                0x0020bc00                end = __heap_start__
                0x0020bc00                _end = end
                0x0020bc00                __end = end
 *(.heap)
                0x0020bc00                __heap_end__ = .
                0x0020bc00                __HeapLimit = __heap_end__

CACHE_DATA_ON   0x00216000        0x0 load address 0x0083bea0
                0x00216000                __cache_dataon_start__ = .
 *(.ram.sharecacheram.text)
                0x00216000                __cache_dataon_end__ = .
                0x00000000                __cache_dataon_length__ = (__cache_dataon_end__ - __cache_dataon_start__)
                0x0083b534                __cache_data_load_ad__ = LOADADDR (RAM_DATA_ON)

App.trace       0x08800000      0x18c
 *(.TRACE*)
 .TRACE         0x08800000      0x147 build/system_rtl876x.o
 *fill*         0x08800147        0x1 
 .TRACE         0x08800148       0x2a build/rtl876x_io_dlps.o
 *fill*         0x08800172        0x2 
 .TRACE         0x08800174       0x18 ../sdk/lib/gap_utils.a(gap_lib.o)
OUTPUT(build/ATC_RTL_BLE_OEPL_8762.elf elf32-littlearm)
LOAD linker stubs

.rel.dyn        0x0880018c        0x0
 .rel.iplt      0x0880018c        0x0 build/system_rtl876x.o

.ARM.attributes
                0x00000000       0x2f
 .ARM.attributes
                0x00000000       0x1e c:/gcc-arm-none-eabi/bin/../lib/gcc/arm-none-eabi/10.3.1/thumb/v6-m/nofp/crti.o
 .ARM.attributes
                0x0000001e       0x2c build/system_rtl876x.o
 .ARM.attributes
                0x0000004a       0x2c build/rtl876x_io_dlps.o
 .ARM.attributes
                0x00000076       0x2c build/rtl876x_nvic.o
 .ARM.attributes
                0x000000a2       0x2c build/rtl876x_pinmux.o
 .ARM.attributes
                0x000000ce       0x2c build/rtl876x_gpio.o
 .ARM.attributes
                0x000000fa       0x2c build/rtl876x_rcc.o
 .ARM.attributes
                0x00000126       0x2c build/rtl876x_uart.o
 .ARM.attributes
                0x00000152       0x2c build/custom_service.o
 .ARM.attributes
                0x0000017e       0x2c build/app_task.o
 .ARM.attributes
                0x000001aa       0x2c build/epd.o
 .ARM.attributes
                0x000001d6       0x2c build/main.o
 .ARM.attributes
                0x00000202       0x2c build/peripheral_app.o
 .ARM.attributes
                0x0000022e       0x2c build/retarget.o
 .ARM.attributes
                0x0000025a       0x2c build/ble_cmd_handler.o
 .ARM.attributes
                0x00000286       0x2c build/eeprom.o
 .ARM.attributes
                0x000002b2       0x2c build/drawing.o
 .ARM.attributes
                0x000002de       0x2c build/battery.o
 .ARM.attributes
                0x0000030a       0x2c build/boot_screen.o
 .ARM.attributes
                0x00000336       0x2c build/ota.o
 .ARM.attributes
                0x00000362       0x2c build/mac_edit.o
 .ARM.attributes
                0x0000038e       0x2c build/uzlib.o
 .ARM.attributes