ARM GAS  C:\Users\pc\AppData\Local\Temp\ccn57mOc.s 			page 1


   1              		.cpu cortex-m0plus
   2              		.arch armv6s-m
   3              		.fpu softvfp
   4              		.eabi_attribute 20, 1
   5              		.eabi_attribute 21, 1
   6              		.eabi_attribute 23, 3
   7              		.eabi_attribute 24, 1
   8              		.eabi_attribute 25, 1
   9              		.eabi_attribute 26, 1
  10              		.eabi_attribute 30, 1
  11              		.eabi_attribute 34, 0
  12              		.eabi_attribute 18, 4
  13              		.file	"drawing.c"
  14              		.text
  15              		.section	.text.zlib_read_cb,"ax",%progbits
  16              		.align	1
  17              		.syntax unified
  18              		.code	16
  19              		.thumb_func
  21              	zlib_read_cb:
  22              		@ args = 0, pretend = 0, frame = 0
  23              		@ frame_needed = 0, uses_anonymous_args = 0
  24 0000 70B5     		push	{r4, r5, r6, lr}
  25 0002 0500     		movs	r5, r0
  26 0004 114B     		ldr	r3, .L5
  27 0006 1B68     		ldr	r3, [r3]
  28 0008 114A     		ldr	r2, .L5+4
  29 000a 1268     		ldr	r2, [r2]
  30 000c D41A     		subs	r4, r2, r3
  31 000e 9A42     		cmp	r2, r3
  32 0010 18D0     		beq	.L4
  33 0012 8022     		movs	r2, #128
  34 0014 9200     		lsls	r2, r2, #2
  35 0016 9442     		cmp	r4, r2
  36 0018 00D9     		bls	.L3
  37 001a 1400     		movs	r4, r2
  38              	.L3:
  39 001c 0D4E     		ldr	r6, .L5+8
  40 001e 0E4A     		ldr	r2, .L5+12
  41 0020 1068     		ldr	r0, [r2]
  42 0022 1818     		adds	r0, r3, r0
  43 0024 0430     		adds	r0, r0, #4
  44 0026 2200     		movs	r2, r4
  45 0028 3100     		movs	r1, r6
  46 002a FFF7FEFF 		bl	eepromRead
  47 002e 731C     		adds	r3, r6, #1
  48 0030 2B60     		str	r3, [r5]
  49 0032 A319     		adds	r3, r4, r6
  50 0034 6B60     		str	r3, [r5, #4]
  51 0036 054B     		ldr	r3, .L5
  52 0038 1A68     		ldr	r2, [r3]
  53 003a 9446     		mov	ip, r2
  54 003c 6444     		add	r4, r4, ip
  55 003e 1C60     		str	r4, [r3]
  56 0040 3078     		ldrb	r0, [r6]
  57              	.L1:
  58              		@ sp needed
ARM GAS  C:\Users\pc\AppData\Local\Temp\ccn57mOc.s 			page 2


  59 0042 70BD     		pop	{r4, r5, r6, pc}
  60              	.L4:
  61 0044 0120     		movs	r0, #1
  62 0046 4042     		rsbs	r0, r0, #0
  63 0048 FBE7     		b	.L1
  64              	.L6:
  65 004a C046     		.align	2
  66              	.L5:
  67 004c 00000000 		.word	.LANCHOR0
  68 0050 00000000 		.word	.LANCHOR1
  69 0054 00000000 		.word	z_comp_buf
  70 0058 00000000 		.word	.LANCHOR2
  72              		.section	.text.draw_rows_deinterleave,"ax",%progbits
  73              		.align	1
  74              		.syntax unified
  75              		.code	16
  76              		.thumb_func
  78              	draw_rows_deinterleave:
  79              		@ args = 8, pretend = 0, frame = 8
  80              		@ frame_needed = 0, uses_anonymous_args = 0
  81 0000 F0B5     		push	{r4, r5, r6, r7, lr}
  82 0002 DE46     		mov	lr, fp
  83 0004 5746     		mov	r7, r10
  84 0006 4E46     		mov	r6, r9
  85 0008 4546     		mov	r5, r8
  86 000a E0B5     		push	{r5, r6, r7, lr}
  87 000c 83B0     		sub	sp, sp, #12
  88 000e 0400     		movs	r4, r0
  89 0010 0F00     		movs	r7, r1
  90 0012 1600     		movs	r6, r2
  91 0014 0193     		str	r3, [sp, #4]
  92 0016 0CAB     		add	r3, sp, #48
  93 0018 1B78     		ldrb	r3, [r3]
  94 001a 9946     		mov	r9, r3
  95 001c 0DAB     		add	r3, sp, #52
  96 001e 1B78     		ldrb	r3, [r3]
  97 0020 9A46     		mov	r10, r3
  98 0022 0029     		cmp	r1, #0
  99 0024 2DD0     		beq	.L7
 100 0026 0025     		movs	r5, #0
 101 0028 194B     		ldr	r3, .L14
 102 002a 9B46     		mov	fp, r3
 103 002c 9846     		mov	r8, r3
 104 002e 15E0     		b	.L11
 105              	.L9:
 106 0030 0198     		ldr	r0, [sp, #4]
 107 0032 FFF7FEFF 		bl	epd_cmd
 108 0036 3221     		movs	r1, #50
 109 0038 4046     		mov	r0, r8
 110 003a FFF7FEFF 		bl	epd_stream_data
 111 003e 4846     		mov	r0, r9
 112 0040 FFF7FEFF 		bl	epd_cmd
 113 0044 3221     		movs	r1, #50
 114 0046 1348     		ldr	r0, .L14+4
 115 0048 FFF7FEFF 		bl	epd_stream_data
 116 004c 124A     		ldr	r2, .L14+8
 117 004e 1368     		ldr	r3, [r2]
ARM GAS  C:\Users\pc\AppData\Local\Temp\ccn57mOc.s 			page 3


 118 0050 6433     		adds	r3, r3, #100
 119 0052 1360     		str	r3, [r2]
 120 0054 0135     		adds	r5, r5, #1
 121 0056 A419     		adds	r4, r4, r6
 122 0058 AF42     		cmp	r7, r5
 123 005a 12D0     		beq	.L7
 124              	.L11:
 125 005c 3200     		movs	r2, r6
 126 005e 5946     		mov	r1, fp
 127 0060 2000     		movs	r0, r4
 128 0062 FFF7FEFF 		bl	eepromRead
 129 0066 5346     		mov	r3, r10
 130 0068 002B     		cmp	r3, #0
 131 006a E1D0     		beq	.L9
 132 006c 002E     		cmp	r6, #0
 133 006e DFD0     		beq	.L9
 134 0070 074B     		ldr	r3, .L14
 135 0072 9919     		adds	r1, r3, r6
 136              	.L10:
 137 0074 1A78     		ldrb	r2, [r3]
 138 0076 D243     		mvns	r2, r2
 139 0078 1A70     		strb	r2, [r3]
 140 007a 0133     		adds	r3, r3, #1
 141 007c 8B42     		cmp	r3, r1
 142 007e F9D1     		bne	.L10
 143 0080 D6E7     		b	.L9
 144              	.L7:
 145 0082 03B0     		add	sp, sp, #12
 146              		@ sp needed
 147 0084 F0BC     		pop	{r4, r5, r6, r7}
 148 0086 BB46     		mov	fp, r7
 149 0088 B246     		mov	r10, r6
 150 008a A946     		mov	r9, r5
 151 008c A046     		mov	r8, r4
 152 008e F0BD     		pop	{r4, r5, r6, r7, pc}
 153              	.L15:
 154              		.align	2
 155              	.L14:
 156 0090 00000000 		.word	row_buf.0
 157 0094 31000000 		.word	row_buf.0+49
 158 0098 00000000 		.word	.LANCHOR3
 160              		.section	.rodata.decompress_plane_rows.str1.4,"aMS",%progbits,1
 161              		.align	2
 162              	.LC9:
 163 0000 5A4C4942 		.ascii	"ZLIB plane err %d row %lu\012\000"
 163      20706C61 
 163      6E652065 
 163      72722025 
 163      6420726F 
 164              		.section	.text.decompress_plane_rows,"ax",%progbits
 165              		.align	1
 166              		.syntax unified
 167              		.code	16
 168              		.thumb_func
 170              	decompress_plane_rows:
 171              		@ args = 8, pretend = 0, frame = 8
 172              		@ frame_needed = 0, uses_anonymous_args = 0
ARM GAS  C:\Users\pc\AppData\Local\Temp\ccn57mOc.s 			page 4


 173 0000 F0B5     		push	{r4, r5, r6, r7, lr}
 174 0002 DE46     		mov	lr, fp
 175 0004 5746     		mov	r7, r10
 176 0006 4E46     		mov	r6, r9
 177 0008 4546     		mov	r5, r8
 178 000a E0B5     		push	{r5, r6, r7, lr}
 179 000c 83B0     		sub	sp, sp, #12
 180 000e 0400     		movs	r4, r0
 181 0010 0091     		str	r1, [sp]
 182 0012 9146     		mov	r9, r2
 183 0014 9846     		mov	r8, r3
 184 0016 0CAB     		add	r3, sp, #48
 185 0018 04CB     		ldmia	r3!, {r2}
 186 001a 0192     		str	r2, [sp, #4]
 187 001c 1B78     		ldrb	r3, [r3]
 188 001e 9B46     		mov	fp, r3
 189 0020 4346     		mov	r3, r8
 190 0022 002B     		cmp	r3, #0
 191 0024 42D0     		beq	.L22
 192 0026 0025     		movs	r5, #0
 193 0028 214E     		ldr	r6, .L27
 194 002a 9246     		mov	r10, r2
 195 002c B244     		add	r10, r10, r6
 196 002e 3700     		movs	r7, r6
 197 0030 22E0     		b	.L21
 198              	.L26:
 199 0032 2A00     		movs	r2, r5
 200 0034 0100     		movs	r1, r0
 201 0036 1F48     		ldr	r0, .L27+4
 202 0038 FFF7FEFF 		bl	uart_printf
 203 003c 0020     		movs	r0, #0
 204              	.L17:
 205 003e 03B0     		add	sp, sp, #12
 206              		@ sp needed
 207 0040 F0BC     		pop	{r4, r5, r6, r7}
 208 0042 BB46     		mov	fp, r7
 209 0044 B246     		mov	r10, r6
 210 0046 A946     		mov	r9, r5
 211 0048 A046     		mov	r8, r4
 212 004a F0BD     		pop	{r4, r5, r6, r7, pc}
 213              	.L19:
 214 004c 0098     		ldr	r0, [sp]
 215 004e FFF7FEFF 		bl	epd_cmd
 216 0052 3221     		movs	r1, #50
 217 0054 3800     		movs	r0, r7
 218 0056 FFF7FEFF 		bl	epd_stream_data
 219 005a 4846     		mov	r0, r9
 220 005c FFF7FEFF 		bl	epd_cmd
 221 0060 3800     		movs	r0, r7
 222 0062 3130     		adds	r0, r0, #49
 223 0064 3221     		movs	r1, #50
 224 0066 FFF7FEFF 		bl	epd_stream_data
 225 006a 134A     		ldr	r2, .L27+8
 226 006c 1368     		ldr	r3, [r2]
 227 006e 6433     		adds	r3, r3, #100
 228 0070 1360     		str	r3, [r2]
 229 0072 0135     		adds	r5, r5, #1
ARM GAS  C:\Users\pc\AppData\Local\Temp\ccn57mOc.s 			page 5


 230 0074 A845     		cmp	r8, r5
 231 0076 17D0     		beq	.L25
 232              	.L21:
 233 0078 A661     		str	r6, [r4, #24]
 234 007a 6661     		str	r6, [r4, #20]
 235 007c 5346     		mov	r3, r10
 236 007e E361     		str	r3, [r4, #28]
 237 0080 2000     		movs	r0, r4
 238 0082 FFF7FEFF 		bl	uzlib_uncompress
 239 0086 0028     		cmp	r0, #0
 240 0088 D3DB     		blt	.L26
 241 008a 5B46     		mov	r3, fp
 242 008c 002B     		cmp	r3, #0
 243 008e DDD0     		beq	.L19
 244 0090 019A     		ldr	r2, [sp, #4]
 245 0092 002A     		cmp	r2, #0
 246 0094 DAD0     		beq	.L19
 247 0096 064B     		ldr	r3, .L27
 248 0098 9918     		adds	r1, r3, r2
 249              	.L20:
 250 009a 1A78     		ldrb	r2, [r3]
 251 009c D243     		mvns	r2, r2
 252 009e 1A70     		strb	r2, [r3]
 253 00a0 0133     		adds	r3, r3, #1
 254 00a2 8B42     		cmp	r3, r1
 255 00a4 F9D1     		bne	.L20
 256 00a6 D1E7     		b	.L19
 257              	.L25:
 258 00a8 0120     		movs	r0, #1
 259 00aa C8E7     		b	.L17
 260              	.L22:
 261 00ac 0120     		movs	r0, #1
 262 00ae C6E7     		b	.L17
 263              	.L28:
 264              		.align	2
 265              	.L27:
 266 00b0 00000000 		.word	.LANCHOR4
 267 00b4 00000000 		.word	.LC9
 268 00b8 00000000 		.word	.LANCHOR3
 270              		.section	.rodata.draw_zlib.str1.4,"aMS",%progbits,1
 271              		.align	2
 272              	.LC20:
 273 0000 5A4C4942 		.ascii	"ZLIB header err %d\012\000"
 273      20686561 
 273      64657220 
 273      65727220 
 273      25640A00 
 274              		.align	2
 275              	.LC22:
 276 0014 5A4C4942 		.ascii	"ZLIB window %u > max\012\000"
 276      2077696E 
 276      646F7720 
 276      2575203E 
 276      206D6178 
 277 002a 0000     		.align	2
 278              	.LC25:
 279 002c 5A4C4942 		.ascii	"ZLIB hdr len err\012\000"
ARM GAS  C:\Users\pc\AppData\Local\Temp\ccn57mOc.s 			page 6


 279      20686472 
 279      206C656E 
 279      20657272 
 279      0A00
 280 003e 0000     		.align	2
 281              	.LC27:
 282 0040 5A4C4942 		.ascii	"ZLIB hdr err\012\000"
 282      20686472 
 282      20657272 
 282      0A00
 283 004e 0000     		.align	2
 284              	.LC29:
 285 0050 5A4C4942 		.ascii	"ZLIB %ux%u bpp=%u decomp=%lu\012\000"
 285      20257578 
 285      25752062 
 285      70703D25 
 285      75206465 
 286              		.section	.text.draw_zlib,"ax",%progbits
 287              		.align	1
 288              		.syntax unified
 289              		.code	16
 290              		.thumb_func
 292              	draw_zlib:
 293              		@ args = 0, pretend = 0, frame = 1328
 294              		@ frame_needed = 0, uses_anonymous_args = 0
 295 0000 F0B5     		push	{r4, r5, r6, r7, lr}
 296 0002 C646     		mov	lr, r8
 297 0004 00B5     		push	{lr}
 298 0006 634C     		ldr	r4, .L41
 299 0008 A544     		add	sp, sp, r4
 300 000a 8046     		mov	r8, r0
 301 000c 0E00     		movs	r6, r1
 302 000e 0700     		movs	r7, r0
 303 0010 1537     		adds	r7, r7, #21
 304 0012 614B     		ldr	r3, .L41+4
 305 0014 9A7D     		ldrb	r2, [r3, #22]
 306 0016 DD7D     		ldrb	r5, [r3, #23]
 307 0018 2D02     		lsls	r5, r5, #8
 308 001a 1543     		orrs	r5, r2
 309 001c 1A7E     		ldrb	r2, [r3, #24]
 310 001e 5C7E     		ldrb	r4, [r3, #25]
 311 0020 2402     		lsls	r4, r4, #8
 312 0022 1443     		orrs	r4, r2
 313 0024 0422     		movs	r2, #4
 314 0026 5D49     		ldr	r1, .L41+8
 315 0028 6944     		add	r1, r1, sp
 316 002a 3800     		movs	r0, r7
 317 002c FFF7FEFF 		bl	eepromRead
 318 0030 327B     		ldrb	r2, [r6, #12]
 319 0032 737B     		ldrb	r3, [r6, #13]
 320 0034 1B02     		lsls	r3, r3, #8
 321 0036 1343     		orrs	r3, r2
 322 0038 B17B     		ldrb	r1, [r6, #14]
 323 003a 0904     		lsls	r1, r1, #16
 324 003c 0B43     		orrs	r3, r1
 325 003e F27B     		ldrb	r2, [r6, #15]
 326 0040 1206     		lsls	r2, r2, #24
ARM GAS  C:\Users\pc\AppData\Local\Temp\ccn57mOc.s 			page 7


 327 0042 1A43     		orrs	r2, r3
 328 0044 043A     		subs	r2, r2, #4
 329 0046 564B     		ldr	r3, .L41+12
 330 0048 1A60     		str	r2, [r3]
 331 004a 8022     		movs	r2, #128
 332 004c 9200     		lsls	r2, r2, #2
 333 004e 554B     		ldr	r3, .L41+16
 334 0050 1A60     		str	r2, [r3]
 335 0052 554B     		ldr	r3, .L41+20
 336 0054 1F60     		str	r7, [r3]
 337 0056 554F     		ldr	r7, .L41+24
 338 0058 4046     		mov	r0, r8
 339 005a 1930     		adds	r0, r0, #25
 340 005c 3900     		movs	r1, r7
 341 005e FFF7FEFF 		bl	eepromRead
 342 0062 0C97     		str	r7, [sp, #48]
 343 0064 8023     		movs	r3, #128
 344 0066 9B00     		lsls	r3, r3, #2
 345 0068 9C46     		mov	ip, r3
 346 006a 6744     		add	r7, r7, ip
 347 006c 0D97     		str	r7, [sp, #52]
 348 006e 504B     		ldr	r3, .L41+28
 349 0070 0E93     		str	r3, [sp, #56]
 350 0072 0CA8     		add	r0, sp, #48
 351 0074 FFF7FEFF 		bl	uzlib_zlib_parse_header
 352 0078 0028     		cmp	r0, #0
 353 007a 59DB     		blt	.L37
 354 007c 8022     		movs	r2, #128
 355 007e 5200     		lsls	r2, r2, #1
 356 0080 8240     		lsls	r2, r2, r0
 357 0082 8023     		movs	r3, #128
 358 0084 5B01     		lsls	r3, r3, #5
 359 0086 91B2     		uxth	r1, r2
 360 0088 9942     		cmp	r1, r3
 361 008a 57D8     		bhi	.L38
 362 008c 1204     		lsls	r2, r2, #16
 363 008e 120C     		lsrs	r2, r2, #16
 364 0090 0CAE     		add	r6, sp, #48
 365 0092 4849     		ldr	r1, .L41+32
 366 0094 3000     		movs	r0, r6
 367 0096 FFF7FEFF 		bl	uzlib_uncompress_init
 368 009a 2F23     		movs	r3, #47
 369 009c 6B44     		add	r3, r3, sp
 370 009e 1293     		str	r3, [sp, #72]
 371 00a0 2F23     		movs	r3, #47
 372 00a2 6B44     		add	r3, r3, sp
 373 00a4 1193     		str	r3, [sp, #68]
 374 00a6 1396     		str	r6, [sp, #76]
 375 00a8 3000     		movs	r0, r6
 376 00aa FFF7FEFF 		bl	uzlib_uncompress
 377 00ae 0028     		cmp	r0, #0
 378 00b0 51DB     		blt	.L39
 379 00b2 2F23     		movs	r3, #47
 380 00b4 6B44     		add	r3, r3, sp
 381 00b6 1A78     		ldrb	r2, [r3]
 382 00b8 013A     		subs	r2, r2, #1
 383 00ba D2B2     		uxtb	r2, r2
ARM GAS  C:\Users\pc\AppData\Local\Temp\ccn57mOc.s 			page 8


 384 00bc 03AB     		add	r3, sp, #12
 385 00be 1293     		str	r3, [sp, #72]
 386 00c0 1193     		str	r3, [sp, #68]
 387 00c2 111C     		adds	r1, r2, #0
 388 00c4 202A     		cmp	r2, #32
 389 00c6 00D9     		bls	.L34
 390 00c8 2021     		movs	r1, #32
 391              	.L34:
 392 00ca C9B2     		uxtb	r1, r1
 393 00cc 5B18     		adds	r3, r3, r1
 394 00ce 1393     		str	r3, [sp, #76]
 395 00d0 0CA8     		add	r0, sp, #48
 396 00d2 FFF7FEFF 		bl	uzlib_uncompress
 397 00d6 0028     		cmp	r0, #0
 398 00d8 42DB     		blt	.L40
 399 00da E408     		lsrs	r4, r4, #3
 400 00dc 03AB     		add	r3, sp, #12
 401 00de 1F79     		ldrb	r7, [r3, #4]
 402 00e0 DA78     		ldrb	r2, [r3, #3]
 403 00e2 1202     		lsls	r2, r2, #8
 404 00e4 9978     		ldrb	r1, [r3, #2]
 405 00e6 0A43     		orrs	r2, r1
 406 00e8 5978     		ldrb	r1, [r3, #1]
 407 00ea 0902     		lsls	r1, r1, #8
 408 00ec 1B78     		ldrb	r3, [r3]
 409 00ee 1943     		orrs	r1, r3
 410 00f0 2A4B     		ldr	r3, .L41+8
 411 00f2 6B44     		add	r3, r3, sp
 412 00f4 1B68     		ldr	r3, [r3]
 413 00f6 0093     		str	r3, [sp]
 414 00f8 3B00     		movs	r3, r7
 415 00fa 2F48     		ldr	r0, .L41+36
 416 00fc FFF7FEFF 		bl	uart_printf
 417 0100 0123     		movs	r3, #1
 418 0102 0193     		str	r3, [sp, #4]
 419 0104 0094     		str	r4, [sp]
 420 0106 2B00     		movs	r3, r5
 421 0108 2422     		movs	r2, #36
 422 010a A421     		movs	r1, #164
 423 010c 0CA8     		add	r0, sp, #48
 424 010e FFF7FEFF 		bl	decompress_plane_rows
 425 0112 061E     		subs	r6, r0, #0
 426 0114 18D0     		beq	.L31
 427 0116 012F     		cmp	r7, #1
 428 0118 27D9     		bls	.L36
 429 011a 0023     		movs	r3, #0
 430 011c 0193     		str	r3, [sp, #4]
 431 011e 0094     		str	r4, [sp]
 432 0120 2B00     		movs	r3, r5
 433 0122 2622     		movs	r2, #38
 434 0124 A621     		movs	r1, #166
 435 0126 0CA8     		add	r0, sp, #48
 436 0128 FFF7FEFF 		bl	decompress_plane_rows
 437 012c 0600     		movs	r6, r0
 438 012e 0BE0     		b	.L31
 439              	.L37:
 440 0130 0100     		movs	r1, r0
ARM GAS  C:\Users\pc\AppData\Local\Temp\ccn57mOc.s 			page 9


 441 0132 2248     		ldr	r0, .L41+40
 442 0134 FFF7FEFF 		bl	uart_printf
 443 0138 0026     		movs	r6, #0
 444 013a 05E0     		b	.L31
 445              	.L38:
 446 013c 1204     		lsls	r2, r2, #16
 447 013e 110C     		lsrs	r1, r2, #16
 448 0140 1F48     		ldr	r0, .L41+44
 449 0142 FFF7FEFF 		bl	uart_printf
 450 0146 0026     		movs	r6, #0
 451              	.L31:
 452 0148 3000     		movs	r0, r6
 453 014a A723     		movs	r3, #167
 454 014c DB00     		lsls	r3, r3, #3
 455 014e 9D44     		add	sp, sp, r3
 456              		@ sp needed
 457 0150 80BC     		pop	{r7}
 458 0152 B846     		mov	r8, r7
 459 0154 F0BD     		pop	{r4, r5, r6, r7, pc}
 460              	.L39:
 461 0156 1B48     		ldr	r0, .L41+48
 462 0158 FFF7FEFF 		bl	uart_printf
 463 015c 0026     		movs	r6, #0
 464 015e F3E7     		b	.L31
 465              	.L40:
 466 0160 1948     		ldr	r0, .L41+52
 467 0162 FFF7FEFF 		bl	uart_printf
 468 0166 0026     		movs	r6, #0
 469 0168 EEE7     		b	.L31
 470              	.L36:
 471 016a 2620     		movs	r0, #38
 472 016c FFF7FEFF 		bl	epd_cmd
 473 0170 164C     		ldr	r4, .L41+56
 474 0172 2100     		movs	r1, r4
 475 0174 0020     		movs	r0, #0
 476 0176 FFF7FEFF 		bl	epd_stream_const
 477 017a A620     		movs	r0, #166
 478 017c FFF7FEFF 		bl	epd_cmd
 479 0180 2100     		movs	r1, r4
 480 0182 0020     		movs	r0, #0
 481 0184 FFF7FEFF 		bl	epd_stream_const
 482 0188 114A     		ldr	r2, .L41+60
 483 018a 1368     		ldr	r3, [r2]
 484 018c 6433     		adds	r3, r3, #100
 485 018e 1360     		str	r3, [r2]
 486 0190 DAE7     		b	.L31
 487              	.L42:
 488 0192 C046     		.align	2
 489              	.L41:
 490 0194 C8FAFFFF 		.word	-1336
 491 0198 00000000 		.word	settings
 492 019c 34050000 		.word	1332
 493 01a0 00000000 		.word	.LANCHOR1
 494 01a4 00000000 		.word	.LANCHOR0
 495 01a8 00000000 		.word	.LANCHOR2
 496 01ac 00000000 		.word	z_comp_buf
 497 01b0 00000000 		.word	zlib_read_cb
ARM GAS  C:\Users\pc\AppData\Local\Temp\ccn57mOc.s 			page 10


 498 01b4 00000000 		.word	z_dict
 499 01b8 50000000 		.word	.LC29
 500 01bc 00000000 		.word	.LC20
 501 01c0 14000000 		.word	.LC22
 502 01c4 2C000000 		.word	.LC25
 503 01c8 40000000 		.word	.LC27
 504 01cc 20350000 		.word	13600
 505 01d0 00000000 		.word	.LANCHOR3
 507              		.section	.text.drawOnOffline,"ax",%progbits
 508              		.align	1
 509              		.global	drawOnOffline
 510              		.syntax unified
 511              		.code	16
 512              		.thumb_func
 514              	drawOnOffline:
 515              		@ args = 0, pretend = 0, frame = 0
 516              		@ frame_needed = 0, uses_anonymous_args = 0
 517              		@ link register save eliminated.
 518              		@ sp needed
 519 0000 7047     		bx	lr
 521              		.section	.rodata.drawImageAtAddress.str1.4,"aMS",%progbits,1
 522              		.align	2
 523              	.LC34:
 524 0000 44524157 		.ascii	"DRAW addr=0x%lX type=0x%02X size=%lu inv_bw=%d inv_"
 524      20616464 
 524      723D3078 
 524      256C5820 
 524      74797065 
 525 0033 7265643D 		.ascii	"red=%d\012\000"
 525      25640A00 
 526 003b 00       		.align	2
 527              	.LC36:
 528 003c 44524157 		.ascii	"DRAW 1bpp %ux%u (dual panel row deinterleave)\012\000"
 528      20316270 
 528      70202575 
 528      78257520 
 528      28647561 
 529 006b 00       		.align	2
 530              	.LC38:
 531 006c 44524157 		.ascii	"DRAW 2bpp %ux%u (dual panel row deinterleave)\012\000"
 531      20326270 
 531      70202575 
 531      78257520 
 531      28647561 
 532 009b 00       		.align	2
 533              	.LC40:
 534 009c 44524157 		.ascii	"DRAW ZLIB %ux%u\012\000"
 534      205A4C49 
 534      42202575 
 534      7825750A 
 534      00
 535 00ad 000000   		.align	2
 536              	.LC42:
 537 00b0 44524157 		.ascii	"DRAW BMP not implemented\012\000"
 537      20424D50 
 537      206E6F74 
 537      20696D70 
ARM GAS  C:\Users\pc\AppData\Local\Temp\ccn57mOc.s 			page 11


 537      6C656D65 
 538 00ca 0000     		.align	2
 539              	.LC44:
 540 00cc 44524157 		.ascii	"DRAW unknown type 0x%02X\012\000"
 540      20756E6B 
 540      6E6F776E 
 540      20747970 
 540      65203078 
 541 00e6 0000     		.align	2
 542              	.LC47:
 543 00e8 44524157 		.ascii	"DRAW refresh triggered (%lu bytes sent)\012\000"
 543      20726566 
 543      72657368 
 543      20747269 
 543      67676572 
 544              		.section	.text.drawImageAtAddress,"ax",%progbits
 545              		.align	1
 546              		.global	drawImageAtAddress
 547              		.syntax unified
 548              		.code	16
 549              		.thumb_func
 551              	drawImageAtAddress:
 552              		@ args = 0, pretend = 0, frame = 32
 553              		@ frame_needed = 0, uses_anonymous_args = 0
 554 0000 F0B5     		push	{r4, r5, r6, r7, lr}
 555 0002 C646     		mov	lr, r8
 556 0004 00B5     		push	{lr}
 557 0006 8AB0     		sub	sp, sp, #40
 558 0008 0500     		movs	r5, r0
 559 000a 0027     		movs	r7, #0
 560 000c 5A4B     		ldr	r3, .L54
 561 000e 1F60     		str	r7, [r3]
 562 0010 FFF7FEFF 		bl	eepromPowerUp
 563 0014 1522     		movs	r2, #21
 564 0016 04A9     		add	r1, sp, #16
 565 0018 2800     		movs	r0, r5
 566 001a FFF7FEFF 		bl	eepromRead
 567 001e 2E00     		movs	r6, r5
 568 0020 1536     		adds	r6, r6, #21
 569 0022 564B     		ldr	r3, .L54+4
 570 0024 197E     		ldrb	r1, [r3, #24]
 571 0026 5A7E     		ldrb	r2, [r3, #25]
 572 0028 1202     		lsls	r2, r2, #8
 573 002a 0A43     		orrs	r2, r1
 574 002c D408     		lsrs	r4, r2, #3
 575 002e 997D     		ldrb	r1, [r3, #22]
 576 0030 DA7D     		ldrb	r2, [r3, #23]
 577 0032 1202     		lsls	r2, r2, #8
 578 0034 0A43     		orrs	r2, r1
 579 0036 9046     		mov	r8, r2
 580 0038 079B     		ldr	r3, [sp, #28]
 581 003a 0393     		str	r3, [sp, #12]
 582 003c 02AB     		add	r3, sp, #8
 583 003e 1A7E     		ldrb	r2, [r3, #24]
 584 0040 0197     		str	r7, [sp, #4]
 585 0042 0123     		movs	r3, #1
 586 0044 0093     		str	r3, [sp]
ARM GAS  C:\Users\pc\AppData\Local\Temp\ccn57mOc.s 			page 12


 587 0046 039B     		ldr	r3, [sp, #12]
 588 0048 2900     		movs	r1, r5
 589 004a 4D48     		ldr	r0, .L54+8
 590 004c FFF7FEFF 		bl	uart_printf
 591 0050 02AB     		add	r3, sp, #8
 592 0052 197E     		ldrb	r1, [r3, #24]
 593 0054 2129     		cmp	r1, #33
 594 0056 5BD0     		beq	.L45
 595 0058 3FD8     		bhi	.L46
 596 005a 0229     		cmp	r1, #2
 597 005c 00D1     		bne	.LCB598
 598 005e 7EE0     		b	.L47	@long jump
 599              	.LCB598:
 600 0060 2029     		cmp	r1, #32
 601 0062 00D0     		beq	.LCB600
 602 0064 81E0     		b	.L49	@long jump
 603              	.LCB600:
 604 0066 454B     		ldr	r3, .L54+4
 605 0068 997D     		ldrb	r1, [r3, #22]
 606 006a DA7D     		ldrb	r2, [r3, #23]
 607 006c 1202     		lsls	r2, r2, #8
 608 006e 0A43     		orrs	r2, r1
 609 0070 187E     		ldrb	r0, [r3, #24]
 610 0072 597E     		ldrb	r1, [r3, #25]
 611 0074 0902     		lsls	r1, r1, #8
 612 0076 0143     		orrs	r1, r0
 613 0078 4248     		ldr	r0, .L54+12
 614 007a FFF7FEFF 		bl	uart_printf
 615 007e FFF7FEFF 		bl	epd_board_init
 616 0082 FFF7FEFF 		bl	epd_init
 617 0086 0123     		movs	r3, #1
 618 0088 0193     		str	r3, [sp, #4]
 619 008a 2333     		adds	r3, r3, #35
 620 008c 0093     		str	r3, [sp]
 621 008e 8033     		adds	r3, r3, #128
 622 0090 2200     		movs	r2, r4
 623 0092 4146     		mov	r1, r8
 624 0094 3000     		movs	r0, r6
 625 0096 FFF7FEFF 		bl	draw_rows_deinterleave
 626 009a 2620     		movs	r0, #38
 627 009c FFF7FEFF 		bl	epd_cmd
 628 00a0 394C     		ldr	r4, .L54+16
 629 00a2 2100     		movs	r1, r4
 630 00a4 0020     		movs	r0, #0
 631 00a6 FFF7FEFF 		bl	epd_stream_const
 632 00aa A620     		movs	r0, #166
 633 00ac FFF7FEFF 		bl	epd_cmd
 634 00b0 2100     		movs	r1, r4
 635 00b2 0020     		movs	r0, #0
 636 00b4 FFF7FEFF 		bl	epd_stream_const
 637              	.L51:
 638 00b8 FFF7FEFF 		bl	eepromPowerDown
 639 00bc 334B     		ldr	r3, .L54+20
 640 00be 0122     		movs	r2, #1
 641 00c0 1A70     		strb	r2, [r3]
 642 00c2 2020     		movs	r0, #32
 643 00c4 FFF7FEFF 		bl	epd_cmd
ARM GAS  C:\Users\pc\AppData\Local\Temp\ccn57mOc.s 			page 13


 644 00c8 2B4B     		ldr	r3, .L54
 645 00ca 1968     		ldr	r1, [r3]
 646 00cc 3048     		ldr	r0, .L54+24
 647 00ce FFF7FEFF 		bl	uart_printf
 648              	.L44:
 649 00d2 0AB0     		add	sp, sp, #40
 650              		@ sp needed
 651 00d4 80BC     		pop	{r7}
 652 00d6 B846     		mov	r8, r7
 653 00d8 F0BD     		pop	{r4, r5, r6, r7, pc}
 654              	.L46:
 655 00da 3029     		cmp	r1, #48
 656 00dc 45D1     		bne	.L49
 657 00de 274B     		ldr	r3, .L54+4
 658 00e0 997D     		ldrb	r1, [r3, #22]
 659 00e2 DA7D     		ldrb	r2, [r3, #23]
 660 00e4 1202     		lsls	r2, r2, #8
 661 00e6 0A43     		orrs	r2, r1
 662 00e8 187E     		ldrb	r0, [r3, #24]
 663 00ea 597E     		ldrb	r1, [r3, #25]
 664 00ec 0902     		lsls	r1, r1, #8
 665 00ee 0143     		orrs	r1, r0
 666 00f0 2848     		ldr	r0, .L54+28
 667 00f2 FFF7FEFF 		bl	uart_printf
 668 00f6 FFF7FEFF 		bl	epd_board_init
 669 00fa FFF7FEFF 		bl	epd_init
 670 00fe 04A9     		add	r1, sp, #16
 671 0100 2800     		movs	r0, r5
 672 0102 FFF7FEFF 		bl	draw_zlib
 673 0106 0028     		cmp	r0, #0
 674 0108 D6D1     		bne	.L51
 675 010a FFF7FEFF 		bl	eepromPowerDown
 676 010e E0E7     		b	.L44
 677              	.L45:
 678 0110 1A4B     		ldr	r3, .L54+4
 679 0112 997D     		ldrb	r1, [r3, #22]
 680 0114 DA7D     		ldrb	r2, [r3, #23]
 681 0116 1202     		lsls	r2, r2, #8
 682 0118 0A43     		orrs	r2, r1
 683 011a 187E     		ldrb	r0, [r3, #24]
 684 011c 597E     		ldrb	r1, [r3, #25]
 685 011e 0902     		lsls	r1, r1, #8
 686 0120 0143     		orrs	r1, r0
 687 0122 1D48     		ldr	r0, .L54+32
 688 0124 FFF7FEFF 		bl	uart_printf
 689 0128 FFF7FEFF 		bl	epd_board_init
 690 012c FFF7FEFF 		bl	epd_init
 691 0130 0123     		movs	r3, #1
 692 0132 0193     		str	r3, [sp, #4]
 693 0134 2333     		adds	r3, r3, #35
 694 0136 0093     		str	r3, [sp]
 695 0138 8033     		adds	r3, r3, #128
 696 013a 2200     		movs	r2, r4
 697 013c 4146     		mov	r1, r8
 698 013e 3000     		movs	r0, r6
 699 0140 FFF7FEFF 		bl	draw_rows_deinterleave
 700 0144 4046     		mov	r0, r8
ARM GAS  C:\Users\pc\AppData\Local\Temp\ccn57mOc.s 			page 14


 701 0146 6043     		muls	r0, r4
 702 0148 8019     		adds	r0, r0, r6
 703 014a 0023     		movs	r3, #0
 704 014c 0193     		str	r3, [sp, #4]
 705 014e 2633     		adds	r3, r3, #38
 706 0150 0093     		str	r3, [sp]
 707 0152 8033     		adds	r3, r3, #128
 708 0154 2200     		movs	r2, r4
 709 0156 4146     		mov	r1, r8
 710 0158 FFF7FEFF 		bl	draw_rows_deinterleave
 711 015c ACE7     		b	.L51
 712              	.L47:
 713 015e 0F48     		ldr	r0, .L54+36
 714 0160 FFF7FEFF 		bl	uart_printf
 715 0164 FFF7FEFF 		bl	eepromPowerDown
 716 0168 B3E7     		b	.L44
 717              	.L49:
 718 016a 0D48     		ldr	r0, .L54+40
 719 016c FFF7FEFF 		bl	uart_printf
 720 0170 FFF7FEFF 		bl	eepromPowerDown
 721 0174 ADE7     		b	.L44
 722              	.L55:
 723 0176 C046     		.align	2
 724              	.L54:
 725 0178 00000000 		.word	.LANCHOR3
 726 017c 00000000 		.word	settings
 727 0180 00000000 		.word	.LC34
 728 0184 3C000000 		.word	.LC36
 729 0188 20350000 		.word	13600
 730 018c 00000000 		.word	.LANCHOR5
 731 0190 E8000000 		.word	.LC47
 732 0194 9C000000 		.word	.LC40
 733 0198 6C000000 		.word	.LC38
 734 019c B0000000 		.word	.LC42
 735 01a0 CC000000 		.word	.LC44
 737              		.section	.rodata.epd_refresh_done.str1.4,"aMS",%progbits,1
 738              		.align	2
 739              	.LC50:
 740 0000 44524157 		.ascii	"DRAW done\012\000"
 740      20646F6E 
 740      650A00
 741              		.section	.text.epd_refresh_done,"ax",%progbits
 742              		.align	1
 743              		.global	epd_refresh_done
 744              		.syntax unified
 745              		.code	16
 746              		.thumb_func
 748              	epd_refresh_done:
 749              		@ args = 0, pretend = 0, frame = 0
 750              		@ frame_needed = 0, uses_anonymous_args = 0
 751 0000 10B5     		push	{r4, lr}
 752 0002 1B20     		movs	r0, #27
 753 0004 FFF7FEFF 		bl	GPIO_GetPin
 754 0008 094B     		ldr	r3, .L59
 755 000a 1A6D     		ldr	r2, [r3, #80]
 756 000c 1A6D     		ldr	r2, [r3, #80]
 757 000e 0023     		movs	r3, #0
ARM GAS  C:\Users\pc\AppData\Local\Temp\ccn57mOc.s 			page 15


 758 0010 0242     		tst	r2, r0
 759 0012 0AD1     		bne	.L57
 760 0014 074B     		ldr	r3, .L59+4
 761 0016 0022     		movs	r2, #0
 762 0018 1A70     		strb	r2, [r3]
 763 001a FFF7FEFF 		bl	epd_sleep
 764 001e FFF7FEFF 		bl	epd_board_sleep
 765 0022 0548     		ldr	r0, .L59+8
 766 0024 FFF7FEFF 		bl	uart_printf
 767 0028 0123     		movs	r3, #1
 768              	.L57:
 769 002a 1800     		movs	r0, r3
 770              		@ sp needed
 771 002c 10BD     		pop	{r4, pc}
 772              	.L60:
 773 002e C046     		.align	2
 774              	.L59:
 775 0030 00100040 		.word	1073745920
 776 0034 00000000 		.word	.LANCHOR5
 777 0038 00000000 		.word	.LC50
 779              		.global	g_epd_refreshing
 780              		.global	byteCounter
 781              		.section	.bss.byteCounter,"aw",%nobits
 782              		.align	2
 783              		.set	.LANCHOR3,. + 0
 786              	byteCounter:
 787 0000 00000000 		.space	4
 788              		.section	.bss.g_epd_refreshing,"aw",%nobits
 789              		.set	.LANCHOR5,. + 0
 792              	g_epd_refreshing:
 793 0000 00       		.space	1
 794              		.section	.bss.row_buf.0,"aw",%nobits
 795              		.align	2
 798              	row_buf.0:
 799 0000 00000000 		.space	128
 799      00000000 
 799      00000000 
 799      00000000 
 799      00000000 
 800              		.section	.bss.z_comp_buf,"aw",%nobits
 801              		.align	2
 804              	z_comp_buf:
 805 0000 00000000 		.space	512
 805      00000000 
 805      00000000 
 805      00000000 
 805      00000000 
 806              		.section	.bss.z_comp_pos,"aw",%nobits
 807              		.align	2
 808              		.set	.LANCHOR0,. + 0
 811              	z_comp_pos:
 812 0000 00000000 		.space	4
 813              		.section	.bss.z_comp_size,"aw",%nobits
 814              		.align	2
 815              		.set	.LANCHOR1,. + 0
 818              	z_comp_size:
 819 0000 00000000 		.space	4
ARM GAS  C:\Users\pc\AppData\Local\Temp\ccn57mOc.s 			page 16


 820              		.section	.bss.z_dict,"aw",%nobits
 821              		.align	2
 824              	z_dict:
 825 0000 00000000 		.space	4096
 825      00000000 
 825      00000000 
 825      00000000 
 825      00000000 
 826              		.section	.bss.z_eeprom_base,"aw",%nobits
 827              		.align	2
 828              		.set	.LANCHOR2,. + 0
 831              	z_eeprom_base:
 832 0000 00000000 		.space	4
 833              		.section	.bss.z_row_buf,"aw",%nobits
 834              		.align	2
 835              		.set	.LANCHOR4,. + 0
 838              	z_row_buf:
 839 0000 00000000 		.space	100
 839      00000000 
 839      00000000 
 839      00000000 
 839      00000000 
 840              		.ident	"GCC: (GNU Arm Embedded Toolchain 10.3-2021.10) 10.3.1 20210824 (release)"
ARM GAS  C:\Users\pc\AppData\Local\Temp\ccn57mOc.s 			page 17


DEFINED SYMBOLS
                            *ABS*:00000000 drawing.c
C:\Users\pc\AppData\Local\Temp\ccn57mOc.s:16     .text.zlib_read_cb:00000000 $t
C:\Users\pc\AppData\Local\Temp\ccn57mOc.s:21     .text.zlib_read_cb:00000000 zlib_read_cb
C:\Users\pc\AppData\Local\Temp\ccn57mOc.s:67     .text.zlib_read_cb:0000004c $d
C:\Users\pc\AppData\Local\Temp\ccn57mOc.s:804    .bss.z_comp_buf:00000000 z_comp_buf
C:\Users\pc\AppData\Local\Temp\ccn57mOc.s:73     .text.draw_rows_deinterleave:00000000 $t
C:\Users\pc\AppData\Local\Temp\ccn57mOc.s:78     .text.draw_rows_deinterleave:00000000 draw_rows_deinterleave
C:\Users\pc\AppData\Local\Temp\ccn57mOc.s:156    .text.draw_rows_deinterleave:00000090 $d
C:\Users\pc\AppData\Local\Temp\ccn57mOc.s:798    .bss.row_buf.0:00000000 row_buf.0
C:\Users\pc\AppData\Local\Temp\ccn57mOc.s:161    .rodata.decompress_plane_rows.str1.4:00000000 $d
C:\Users\pc\AppData\Local\Temp\ccn57mOc.s:165    .text.decompress_plane_rows:00000000 $t
C:\Users\pc\AppData\Local\Temp\ccn57mOc.s:170    .text.decompress_plane_rows:00000000 decompress_plane_rows
C:\Users\pc\AppData\Local\Temp\ccn57mOc.s:266    .text.decompress_plane_rows:000000b0 $d
C:\Users\pc\AppData\Local\Temp\ccn57mOc.s:271    .rodata.draw_zlib.str1.4:00000000 $d
C:\Users\pc\AppData\Local\Temp\ccn57mOc.s:287    .text.draw_zlib:00000000 $t
C:\Users\pc\AppData\Local\Temp\ccn57mOc.s:292    .text.draw_zlib:00000000 draw_zlib
C:\Users\pc\AppData\Local\Temp\ccn57mOc.s:490    .text.draw_zlib:00000194 $d
C:\Users\pc\AppData\Local\Temp\ccn57mOc.s:824    .bss.z_dict:00000000 z_dict
C:\Users\pc\AppData\Local\Temp\ccn57mOc.s:508    .text.drawOnOffline:00000000 $t
C:\Users\pc\AppData\Local\Temp\ccn57mOc.s:514    .text.drawOnOffline:00000000 drawOnOffline
C:\Users\pc\AppData\Local\Temp\ccn57mOc.s:522    .rodata.drawImageAtAddress.str1.4:00000000 $d
C:\Users\pc\AppData\Local\Temp\ccn57mOc.s:545    .text.drawImageAtAddress:00000000 $t
C:\Users\pc\AppData\Local\Temp\ccn57mOc.s:551    .text.drawImageAtAddress:00000000 drawImageAtAddress
C:\Users\pc\AppData\Local\Temp\ccn57mOc.s:725    .text.drawImageAtAddress:00000178 $d
C:\Users\pc\AppData\Local\Temp\ccn57mOc.s:738    .rodata.epd_refresh_done.str1.4:00000000 $d
C:\Users\pc\AppData\Local\Temp\ccn57mOc.s:742    .text.epd_refresh_done:00000000 $t
C:\Users\pc\AppData\Local\Temp\ccn57mOc.s:748    .text.epd_refresh_done:00000000 epd_refresh_done
C:\Users\pc\AppData\Local\Temp\ccn57mOc.s:775    .text.epd_refresh_done:00000030 $d
C:\Users\pc\AppData\Local\Temp\ccn57mOc.s:792    .bss.g_epd_refreshing:00000000 g_epd_refreshing
C:\Users\pc\AppData\Local\Temp\ccn57mOc.s:786    .bss.byteCounter:00000000 byteCounter
C:\Users\pc\AppData\Local\Temp\ccn57mOc.s:782    .bss.byteCounter:00000000 $d
C:\Users\pc\AppData\Local\Temp\ccn57mOc.s:793    .bss.g_epd_refreshing:00000000 $d
C:\Users\pc\AppData\Local\Temp\ccn57mOc.s:795    .bss.row_buf.0:00000000 $d
C:\Users\pc\AppData\Local\Temp\ccn57mOc.s:801    .bss.z_comp_buf:00000000 $d
C:\Users\pc\AppData\Local\Temp\ccn57mOc.s:807    .bss.z_comp_pos:00000000 $d
C:\Users\pc\AppData\Local\Temp\ccn57mOc.s:811    .bss.z_comp_pos:00000000 z_comp_pos
C:\Users\pc\AppData\Local\Temp\ccn57mOc.s:814    .bss.z_comp_size:00000000 $d
C:\Users\pc\AppData\Local\Temp\ccn57mOc.s:818    .bss.z_comp_size:00000000 z_comp_size
C:\Users\pc\AppData\Local\Temp\ccn57mOc.s:821    .bss.z_dict:00000000 $d
C:\Users\pc\AppData\Local\Temp\ccn57mOc.s:827    .bss.z_eeprom_base:00000000 $d
C:\Users\pc\AppData\Local\Temp\ccn57mOc.s:831    .bss.z_eeprom_base:00000000 z_eeprom_base
C:\Users\pc\AppData\Local\Temp\ccn57mOc.s:834    .bss.z_row_buf:00000000 $d
C:\Users\pc\AppData\Local\Temp\ccn57mOc.s:838    .bss.z_row_buf:00000000 z_row_buf

UNDEFINED SYMBOLS
eepromRead
epd_cmd
epd_stream_data
uart_printf
uzlib_uncompress
uzlib_zlib_parse_header
uzlib_uncompress_init
epd_stream_const
settings
eepromPowerUp
epd_board_init
ARM GAS  C:\Users\pc\AppData\Local\Temp\ccn57mOc.s 			page 18


epd_init
eepromPowerDown
GPIO_GetPin
epd_sleep
epd_board_sleep
