ARM GAS  C:\Users\pc\AppData\Local\Temp\ccuUFg5r.s 			page 1


   1              		.cpu cortex-m0plus
   2              		.arch armv6s-m
   3              		.fpu softvfp
   4              		.eabi_attribute 20, 1
   5              		.eabi_attribute 21, 1
   6              		.eabi_attribute 23, 3
   7              		.eabi_attribute 24, 1
   8              		.eabi_attribute 25, 1
   9              		.eabi_attribute 26, 1
  10              		.eabi_attribute 30, 1
  11              		.eabi_attribute 34, 0
  12              		.eabi_attribute 18, 4
  13              		.file	"mac_edit.c"
  14              		.text
  15              		.section	.rodata.mac_edit_update.str1.4,"aMS",%progbits,1
  16              		.align	2
  17              	.LC0:
  18 0000 4D414320 		.ascii	"MAC EDIT: Failed to get current MAC\012\000"
  18      45444954 
  18      3A204661 
  18      696C6564 
  18      20746F20 
  19 0025 000000   		.align	2
  20              	.LC2:
  21 0028 4D414320 		.ascii	"MAC EDIT: Current MAC %02X:%02X:%02X:%02X:%02X:%02X"
  21      45444954 
  21      3A204375 
  21      7272656E 
  21      74204D41 
  22 005b 0A00     		.ascii	"\012\000"
  23 005d 000000   		.align	2
  24              	.LC5:
  25 0060 4D414320 		.ascii	"MAC EDIT: Memory allocation failed\012\000"
  25      45444954 
  25      3A204D65 
  25      6D6F7279 
  25      20616C6C 
  26              		.align	2
  27              	.LC7:
  28 0084 4D414320 		.ascii	"MAC EDIT: Flash read failed\012\000"
  28      45444954 
  28      3A20466C 
  28      61736820 
  28      72656164 
  29 00a1 000000   		.align	2
  30              	.LC9:
  31 00a4 4D414320 		.ascii	"MAC EDIT: Invalid image ID 0x%04X (expected 0x%04X)"
  31      45444954 
  31      3A20496E 
  31      76616C69 
  31      6420696D 
  32 00d7 0A00     		.ascii	"\012\000"
  33 00d9 000000   		.align	2
  34              	.LC11:
  35 00dc 4D414320 		.ascii	"MAC EDIT: Found MAC at offset 0x%03lX\012\000"
  35      45444954 
  35      3A20466F 
ARM GAS  C:\Users\pc\AppData\Local\Temp\ccuUFg5r.s 			page 2


  35      756E6420 
  35      4D414320 
  36 0103 00       		.align	2
  37              	.LC13:
  38 0104 4D414320 		.ascii	"MAC EDIT: Payload len %lu\012\000"
  38      45444954 
  38      3A205061 
  38      796C6F61 
  38      64206C65 
  39 011f 00       		.align	2
  40              	.LC15:
  41 0120 4D414320 		.ascii	"MAC EDIT: Current MAC not found in config data\012\000"
  41      45444954 
  41      3A204375 
  41      7272656E 
  41      74204D41 
  42              		.align	2
  43              	.LC17:
  44 0150 4D414320 		.ascii	"MAC EDIT: Payload len %lu exceeds buffer limit (0xC"
  44      45444954 
  44      3A205061 
  44      796C6F61 
  44      64206C65 
  45 0183 3030292C 		.ascii	"00), capping for hash\012\000"
  45      20636170 
  45      70696E67 
  45      20666F72 
  45      20686173 
  46 019a 0000     		.align	2
  47              	.LC19:
  48 019c 4D414320 		.ascii	"MAC EDIT: Erasing and writing flash...\012\000"
  48      45444954 
  48      3A204572 
  48      6173696E 
  48      6720616E 
  49              		.align	2
  50              	.LC21:
  51 01c4 4D414320 		.ascii	"MAC EDIT: Flash erase failed\012\000"
  51      45444954 
  51      3A20466C 
  51      61736820 
  51      65726173 
  52 01e2 0000     		.align	2
  53              	.LC23:
  54 01e4 4D414320 		.ascii	"MAC EDIT: Flash write failed at offset 0x%lx\012\000"
  54      45444954 
  54      3A20466C 
  54      61736820 
  54      77726974 
  55 0212 0000     		.align	2
  56              	.LC25:
  57 0214 4D414320 		.ascii	"MAC EDIT: Success! Rebooting to apply new config..."
  57      45444954 
  57      3A205375 
  57      63636573 
  57      73212052 
  58 0247 0A00     		.ascii	"\012\000"
ARM GAS  C:\Users\pc\AppData\Local\Temp\ccuUFg5r.s 			page 3


  59              		.section	.text.mac_edit_update,"ax",%progbits
  60              		.align	1
  61              		.global	mac_edit_update
  62              		.syntax unified
  63              		.code	16
  64              		.thumb_func
  66              	mac_edit_update:
  67              		@ args = 0, pretend = 0, frame = 24
  68              		@ frame_needed = 0, uses_anonymous_args = 0
  69 0000 F0B5     		push	{r4, r5, r6, r7, lr}
  70 0002 8BB0     		sub	sp, sp, #44
  71 0004 0590     		str	r0, [sp, #20]
  72 0006 8020     		movs	r0, #128
  73 0008 08A9     		add	r1, sp, #32
  74 000a 8000     		lsls	r0, r0, #2
  75 000c FFF7FEFF 		bl	gap_get_param
  76 0010 0028     		cmp	r0, #0
  77 0012 36D1     		bne	.L22
  78 0014 08A8     		add	r0, sp, #32
  79 0016 C378     		ldrb	r3, [r0, #3]
  80 0018 0279     		ldrb	r2, [r0, #4]
  81 001a 4179     		ldrb	r1, [r0, #5]
  82 001c 0478     		ldrb	r4, [r0]
  83 001e 0294     		str	r4, [sp, #8]
  84 0020 4478     		ldrb	r4, [r0, #1]
  85 0022 0194     		str	r4, [sp, #4]
  86 0024 8078     		ldrb	r0, [r0, #2]
  87 0026 0090     		str	r0, [sp]
  88 0028 4E48     		ldr	r0, .L29
  89 002a FFF7FEFF 		bl	uart_printf
  90 002e 8021     		movs	r1, #128
  91 0030 1823     		movs	r3, #24
  92 0032 4D4A     		ldr	r2, .L29+4
  93 0034 4901     		lsls	r1, r1, #5
  94 0036 0020     		movs	r0, #0
  95 0038 FFF7FEFF 		bl	os_mem_alloc_intern
  96 003c 051E     		subs	r5, r0, #0
  97 003e 26D0     		beq	.L23
  98 0040 8021     		movs	r1, #128
  99 0042 0200     		movs	r2, r0
 100 0044 4901     		lsls	r1, r1, #5
 101 0046 4948     		ldr	r0, .L29+8
 102 0048 FFF7FEFF 		bl	flash_read_locked
 103 004c 0028     		cmp	r0, #0
 104 004e 22D0     		beq	.L24
 105 0050 A988     		ldrh	r1, [r5, #4]
 106 0052 474B     		ldr	r3, .L29+12
 107 0054 9942     		cmp	r1, r3
 108 0056 25D1     		bne	.L25
 109 0058 8024     		movs	r4, #128
 110 005a E400     		lsls	r4, r4, #3
 111 005c 454F     		ldr	r7, .L29+16
 112              	.L6:
 113 005e 6619     		adds	r6, r4, r5
 114 0060 0622     		movs	r2, #6
 115 0062 08A9     		add	r1, sp, #32
 116 0064 3000     		movs	r0, r6
ARM GAS  C:\Users\pc\AppData\Local\Temp\ccuUFg5r.s 			page 4


 117 0066 FFF7FEFF 		bl	memcmp
 118 006a 0028     		cmp	r0, #0
 119 006c 22D0     		beq	.L26
 120 006e 0134     		adds	r4, r4, #1
 121 0070 BC42     		cmp	r4, r7
 122 0072 F4D1     		bne	.L6
 123 0074 4048     		ldr	r0, .L29+20
 124 0076 FFF7FEFF 		bl	uart_printf
 125 007a 2800     		movs	r0, r5
 126 007c FFF7FEFF 		bl	os_mem_free
 127 0080 02E0     		b	.L3
 128              	.L22:
 129 0082 3E48     		ldr	r0, .L29+24
 130 0084 FFF7FEFF 		bl	uart_printf
 131              	.L3:
 132 0088 0020     		movs	r0, #0
 133 008a 0BB0     		add	sp, sp, #44
 134              		@ sp needed
 135 008c F0BD     		pop	{r4, r5, r6, r7, pc}
 136              	.L23:
 137 008e 3C48     		ldr	r0, .L29+28
 138 0090 FFF7FEFF 		bl	uart_printf
 139 0094 F8E7     		b	.L3
 140              	.L24:
 141 0096 3B48     		ldr	r0, .L29+32
 142 0098 FFF7FEFF 		bl	uart_printf
 143 009c 2800     		movs	r0, r5
 144 009e FFF7FEFF 		bl	os_mem_free
 145 00a2 F1E7     		b	.L3
 146              	.L25:
 147 00a4 1A00     		movs	r2, r3
 148 00a6 3848     		ldr	r0, .L29+36
 149 00a8 FFF7FEFF 		bl	uart_printf
 150 00ac 2800     		movs	r0, r5
 151 00ae FFF7FEFF 		bl	os_mem_free
 152 00b2 E9E7     		b	.L3
 153              	.L26:
 154 00b4 2100     		movs	r1, r4
 155 00b6 3548     		ldr	r0, .L29+40
 156 00b8 FFF7FEFF 		bl	uart_printf
 157 00bc 0622     		movs	r2, #6
 158 00be 0599     		ldr	r1, [sp, #20]
 159 00c0 3000     		movs	r0, r6
 160 00c2 FFF7FEFF 		bl	memcpy
 161 00c6 AC68     		ldr	r4, [r5, #8]
 162 00c8 2100     		movs	r1, r4
 163 00ca 3148     		ldr	r0, .L29+44
 164 00cc FFF7FEFF 		bl	uart_printf
 165 00d0 C023     		movs	r3, #192
 166 00d2 1B01     		lsls	r3, r3, #4
 167 00d4 9C42     		cmp	r4, r3
 168 00d6 31D8     		bhi	.L27
 169              	.L9:
 170 00d8 2E48     		ldr	r0, .L29+48
 171 00da FFF7FEFF 		bl	uart_printf
 172 00de 2349     		ldr	r1, .L29+8
 173 00e0 0220     		movs	r0, #2
ARM GAS  C:\Users\pc\AppData\Local\Temp\ccuUFg5r.s 			page 5


 174 00e2 FFF7FEFF 		bl	flash_erase_locked
 175 00e6 0024     		movs	r4, #0
 176 00e8 0028     		cmp	r0, #0
 177 00ea 2CD0     		beq	.L21
 178 00ec 8026     		movs	r6, #128
 179 00ee 7600     		lsls	r6, r6, #1
 180 00f0 8027     		movs	r7, #128
 181 00f2 7F01     		lsls	r7, r7, #5
 182              	.L10:
 183 00f4 2A19     		adds	r2, r5, r4
 184 00f6 3100     		movs	r1, r6
 185 00f8 1C4B     		ldr	r3, .L29+8
 186 00fa E018     		adds	r0, r4, r3
 187 00fc FFF7FEFF 		bl	flash_write_locked
 188 0100 0028     		cmp	r0, #0
 189 0102 27D0     		beq	.L28
 190 0104 0134     		adds	r4, r4, #1
 191 0106 FF34     		adds	r4, r4, #255
 192 0108 BC42     		cmp	r4, r7
 193 010a F3D1     		bne	.L10
 194 010c 2248     		ldr	r0, .L29+52
 195 010e FFF7FEFF 		bl	uart_printf
 196 0112 0023     		movs	r3, #0
 197 0114 0793     		str	r3, [sp, #28]
 198 0116 079A     		ldr	r2, [sp, #28]
 199 0118 204B     		ldr	r3, .L29+56
 200 011a 9A42     		cmp	r2, r3
 201 011c 06DC     		bgt	.L12
 202 011e 1A00     		movs	r2, r3
 203              	.L13:
 204 0120 079B     		ldr	r3, [sp, #28]
 205 0122 0133     		adds	r3, r3, #1
 206 0124 0793     		str	r3, [sp, #28]
 207 0126 079B     		ldr	r3, [sp, #28]
 208 0128 9342     		cmp	r3, r2
 209 012a F9DD     		ble	.L13
 210              	.L12:
 211 012c 2800     		movs	r0, r5
 212 012e FFF7FEFF 		bl	os_mem_free
 213 0132 D621     		movs	r1, #214
 214 0134 0320     		movs	r0, #3
 215 0136 FFF7FEFF 		bl	WDG_SystemReset
 216              	.L14:
 217 013a FEE7     		b	.L14
 218              	.L27:
 219 013c 2100     		movs	r1, r4
 220 013e 1848     		ldr	r0, .L29+60
 221 0140 FFF7FEFF 		bl	uart_printf
 222 0144 C8E7     		b	.L9
 223              	.L21:
 224 0146 1748     		ldr	r0, .L29+64
 225 0148 FFF7FEFF 		bl	uart_printf
 226 014c 2800     		movs	r0, r5
 227 014e FFF7FEFF 		bl	os_mem_free
 228 0152 99E7     		b	.L3
 229              	.L28:
 230 0154 2100     		movs	r1, r4
ARM GAS  C:\Users\pc\AppData\Local\Temp\ccuUFg5r.s 			page 6


 231 0156 1448     		ldr	r0, .L29+68
 232 0158 FFF7FEFF 		bl	uart_printf
 233 015c 2800     		movs	r0, r5
 234 015e FFF7FEFF 		bl	os_mem_free
 235 0162 91E7     		b	.L3
 236              	.L30:
 237              		.align	2
 238              	.L29:
 239 0164 28000000 		.word	.LC2
 240 0168 00000000 		.word	.LANCHOR0
 241 016c 00108000 		.word	8392704
 242 0170 8D270000 		.word	10125
 243 0174 FB0F0000 		.word	4091
 244 0178 20010000 		.word	.LC15
 245 017c 00000000 		.word	.LC0
 246 0180 60000000 		.word	.LC5
 247 0184 84000000 		.word	.LC7
 248 0188 A4000000 		.word	.LC9
 249 018c DC000000 		.word	.LC11
 250 0190 04010000 		.word	.LC13
 251 0194 9C010000 		.word	.LC19
 252 0198 14020000 		.word	.LC25
 253 019c 0F270000 		.word	9999
 254 01a0 50010000 		.word	.LC17
 255 01a4 C4010000 		.word	.LC21
 256 01a8 E4010000 		.word	.LC23
 258              		.section	.rodata.__func__.0,"a"
 259              		.align	2
 260              		.set	.LANCHOR0,. + 0
 263              	__func__.0:
 264 0000 6D61635F 		.ascii	"mac_edit_update\000"
 264      65646974 
 264      5F757064 
 264      61746500 
 265              		.ident	"GCC: (GNU Arm Embedded Toolchain 10.3-2021.10) 10.3.1 20210824 (release)"
ARM GAS  C:\Users\pc\AppData\Local\Temp\ccuUFg5r.s 			page 7


DEFINED SYMBOLS
                            *ABS*:00000000 mac_edit.c
C:\Users\pc\AppData\Local\Temp\ccuUFg5r.s:16     .rodata.mac_edit_update.str1.4:00000000 $d
C:\Users\pc\AppData\Local\Temp\ccuUFg5r.s:60     .text.mac_edit_update:00000000 $t
C:\Users\pc\AppData\Local\Temp\ccuUFg5r.s:66     .text.mac_edit_update:00000000 mac_edit_update
C:\Users\pc\AppData\Local\Temp\ccuUFg5r.s:239    .text.mac_edit_update:00000164 $d
C:\Users\pc\AppData\Local\Temp\ccuUFg5r.s:259    .rodata.__func__.0:00000000 $d
C:\Users\pc\AppData\Local\Temp\ccuUFg5r.s:263    .rodata.__func__.0:00000000 __func__.0

UNDEFINED SYMBOLS
gap_get_param
uart_printf
os_mem_alloc_intern
flash_read_locked
memcmp
os_mem_free
memcpy
flash_erase_locked
flash_write_locked
WDG_SystemReset
