ARM GAS  C:\Users\pc\AppData\Local\Temp\cccK565y.s 			page 1


   1              		.cpu cortex-m0plus
   2              		.arch armv6s-m
   3              		.fpu softvfp
   4              		.eabi_attribute 20, 1
   5              		.eabi_attribute 21, 1
   6              		.eabi_attribute 23, 3
   7              		.eabi_attribute 24, 1
   8              		.eabi_attribute 25, 1
   9              		.eabi_attribute 26, 1
  10              		.eabi_attribute 30, 1
  11              		.eabi_attribute 34, 0
  12              		.eabi_attribute 18, 4
  13              		.file	"rtl876x_io_dlps.c"
  14              		.text
  15              		.section	.app.data_ram.text,"ax",%progbits
  16              		.align	1
  17              		.global	DLPS_IO_EnterDlpsCb
  18              		.syntax unified
  19              		.code	16
  20              		.thumb_func
  22              	DLPS_IO_EnterDlpsCb:
  23              		@ args = 0, pretend = 0, frame = 0
  24              		@ frame_needed = 0, uses_anonymous_args = 0
  25 0000 F0B5     		push	{r4, r5, r6, r7, lr}
  26 0002 CE46     		mov	lr, r9
  27 0004 4746     		mov	r7, r8
  28 0006 80B5     		push	{r7, lr}
  29 0008 83B0     		sub	sp, sp, #12
  30 000a FFF7FEFF 		bl	platform_pm_get_power_mode
  31 000e 0128     		cmp	r0, #1
  32 0010 00D1     		bne	.LCB12
  33 0012 1EE1     		b	.L9	@long jump
  34              	.LCB12:
  35              	.L2:
  36 0014 9E4B     		ldr	r3, .L11
  37 0016 8022     		movs	r2, #128
  38 0018 0121     		movs	r1, #1
  39 001a 9950     		str	r1, [r3, r2]
  40 001c 1968     		ldr	r1, [r3]
  41 001e 9D4A     		ldr	r2, .L11+4
  42 0020 1160     		str	r1, [r2]
  43 0022 8021     		movs	r1, #128
  44 0024 4900     		lsls	r1, r1, #1
  45 0026 5B58     		ldr	r3, [r3, r1]
  46 0028 5360     		str	r3, [r2, #4]
  47 002a 0023     		movs	r3, #0
  48 002c 984C     		ldr	r4, .L11
  49 002e 9A48     		ldr	r0, .L11+8
  50              	.L3:
  51 0030 1A00     		movs	r2, r3
  52 0032 C032     		adds	r2, r2, #192
  53 0034 9200     		lsls	r2, r2, #2
  54 0036 1159     		ldr	r1, [r2, r4]
  55 0038 9A00     		lsls	r2, r3, #2
  56 003a 1150     		str	r1, [r2, r0]
  57 003c 0133     		adds	r3, r3, #1
  58 003e 082B     		cmp	r3, #8
ARM GAS  C:\Users\pc\AppData\Local\Temp\cccK565y.s 			page 2


  59 0040 F6D1     		bne	.L3
  60 0042 964B     		ldr	r3, .L11+12
  61 0044 9A68     		ldr	r2, [r3, #8]
  62 0046 934B     		ldr	r3, .L11+4
  63 0048 9A60     		str	r2, [r3, #8]
  64 004a 954B     		ldr	r3, .L11+16
  65 004c DA68     		ldr	r2, [r3, #12]
  66 004e 954B     		ldr	r3, .L11+20
  67 0050 1A60     		str	r2, [r3]
  68 0052 0023     		movs	r3, #0
  69 0054 944C     		ldr	r4, .L11+24
  70 0056 9548     		ldr	r0, .L11+28
  71              	.L4:
  72 0058 9A00     		lsls	r2, r3, #2
  73 005a 1159     		ldr	r1, [r2, r4]
  74 005c 1150     		str	r1, [r2, r0]
  75 005e 0133     		adds	r3, r3, #1
  76 0060 0A2B     		cmp	r3, #10
  77 0062 F9D1     		bne	.L4
  78 0064 924B     		ldr	r3, .L11+32
  79 0066 1B68     		ldr	r3, [r3]
  80 0068 002B     		cmp	r3, #0
  81 006a 00D0     		beq	.L5
  82 006c 9847     		blx	r3
  83              	.L5:
  84 006e 914D     		ldr	r5, .L11+36
  85 0070 EA68     		ldr	r2, [r5, #12]
  86 0072 8023     		movs	r3, #128
  87 0074 DB04     		lsls	r3, r3, #19
  88 0076 1343     		orrs	r3, r2
  89 0078 EB60     		str	r3, [r5, #12]
  90 007a EA68     		ldr	r2, [r5, #12]
  91 007c 8023     		movs	r3, #128
  92 007e 5B05     		lsls	r3, r3, #21
  93 0080 1343     		orrs	r3, r2
  94 0082 EB60     		str	r3, [r5, #12]
  95 0084 8024     		movs	r4, #128
  96 0086 E405     		lsls	r4, r4, #23
  97 0088 8723     		movs	r3, #135
  98 008a 9B00     		lsls	r3, r3, #2
  99 008c 9846     		mov	r8, r3
 100 008e E358     		ldr	r3, [r4, r3]
 101 0090 0126     		movs	r6, #1
 102 0092 3343     		orrs	r3, r6
 103 0094 4246     		mov	r2, r8
 104 0096 A350     		str	r3, [r4, r2]
 105 0098 1C32     		adds	r2, r2, #28
 106 009a A358     		ldr	r3, [r4, r2]
 107 009c C027     		movs	r7, #192
 108 009e BF04     		lsls	r7, r7, #18
 109 00a0 3B43     		orrs	r3, r7
 110 00a2 A350     		str	r3, [r4, r2]
 111 00a4 844A     		ldr	r2, .L11+40
 112 00a6 5168     		ldr	r1, [r2, #4]
 113 00a8 844B     		ldr	r3, .L11+44
 114 00aa 1960     		str	r1, [r3]
 115 00ac 9168     		ldr	r1, [r2, #8]
ARM GAS  C:\Users\pc\AppData\Local\Temp\cccK565y.s 			page 3


 116 00ae 5960     		str	r1, [r3, #4]
 117 00b0 D168     		ldr	r1, [r2, #12]
 118 00b2 9960     		str	r1, [r3, #8]
 119 00b4 1169     		ldr	r1, [r2, #16]
 120 00b6 D960     		str	r1, [r3, #12]
 121 00b8 5169     		ldr	r1, [r2, #20]
 122 00ba 1961     		str	r1, [r3, #16]
 123 00bc 9169     		ldr	r1, [r2, #24]
 124 00be 5961     		str	r1, [r3, #20]
 125 00c0 D169     		ldr	r1, [r2, #28]
 126 00c2 9961     		str	r1, [r3, #24]
 127 00c4 116A     		ldr	r1, [r2, #32]
 128 00c6 D961     		str	r1, [r3, #28]
 129 00c8 516A     		ldr	r1, [r2, #36]
 130 00ca 1962     		str	r1, [r3, #32]
 131 00cc 916A     		ldr	r1, [r2, #40]
 132 00ce 5962     		str	r1, [r3, #36]
 133 00d0 D16A     		ldr	r1, [r2, #44]
 134 00d2 9962     		str	r1, [r3, #40]
 135 00d4 116D     		ldr	r1, [r2, #80]
 136 00d6 D962     		str	r1, [r3, #44]
 137 00d8 516D     		ldr	r1, [r2, #84]
 138 00da 1963     		str	r1, [r3, #48]
 139 00dc 916D     		ldr	r1, [r2, #88]
 140 00de 5963     		str	r1, [r3, #52]
 141 00e0 D26D     		ldr	r2, [r2, #92]
 142 00e2 9A63     		str	r2, [r3, #56]
 143 00e4 8823     		movs	r3, #136
 144 00e6 5B00     		lsls	r3, r3, #1
 145 00e8 9946     		mov	r9, r3
 146 00ea 1800     		movs	r0, r3
 147 00ec FFF7FEFF 		bl	btaon_fast_read_safe
 148 00f0 7349     		ldr	r1, .L11+48
 149 00f2 0140     		ands	r1, r0
 150 00f4 4846     		mov	r0, r9
 151 00f6 FFF7FEFF 		bl	btaon_fast_write_safe
 152 00fa 4346     		mov	r3, r8
 153 00fc E258     		ldr	r2, [r4, r3]
 154 00fe 1D3B     		subs	r3, r3, #29
 155 0100 FF3B     		subs	r3, r3, #255
 156 0102 1343     		orrs	r3, r2
 157 0104 4246     		mov	r2, r8
 158 0106 A350     		str	r3, [r4, r2]
 159 0108 8C23     		movs	r3, #140
 160 010a 9B00     		lsls	r3, r3, #2
 161 010c E258     		ldr	r2, [r4, r3]
 162 010e 1743     		orrs	r7, r2
 163 0110 E750     		str	r7, [r4, r3]
 164 0112 6C4A     		ldr	r2, .L11+52
 165 0114 1168     		ldr	r1, [r2]
 166 0116 6C4B     		ldr	r3, .L11+56
 167 0118 1960     		str	r1, [r3]
 168 011a 5168     		ldr	r1, [r2, #4]
 169 011c 5960     		str	r1, [r3, #4]
 170 011e 9168     		ldr	r1, [r2, #8]
 171 0120 9960     		str	r1, [r3, #8]
 172 0122 116B     		ldr	r1, [r2, #48]
ARM GAS  C:\Users\pc\AppData\Local\Temp\cccK565y.s 			page 4


 173 0124 D960     		str	r1, [r3, #12]
 174 0126 516B     		ldr	r1, [r2, #52]
 175 0128 1961     		str	r1, [r3, #16]
 176 012a 916B     		ldr	r1, [r2, #56]
 177 012c 5961     		str	r1, [r3, #20]
 178 012e D16B     		ldr	r1, [r2, #60]
 179 0130 9961     		str	r1, [r3, #24]
 180 0132 916C     		ldr	r1, [r2, #72]
 181 0134 D961     		str	r1, [r3, #28]
 182 0136 6549     		ldr	r1, .L11+60
 183 0138 0968     		ldr	r1, [r1]
 184 013a 1962     		str	r1, [r3, #32]
 185 013c 926E     		ldr	r2, [r2, #104]
 186 013e 5A62     		str	r2, [r3, #36]
 187 0140 2A69     		ldr	r2, [r5, #16]
 188 0142 8023     		movs	r3, #128
 189 0144 5B02     		lsls	r3, r3, #9
 190 0146 1343     		orrs	r3, r2
 191 0148 2B61     		str	r3, [r5, #16]
 192 014a 2A6B     		ldr	r2, [r5, #48]
 193 014c C023     		movs	r3, #192
 194 014e 1B02     		lsls	r3, r3, #8
 195 0150 1343     		orrs	r3, r2
 196 0152 2B63     		str	r3, [r5, #48]
 197 0154 5E4A     		ldr	r2, .L11+64
 198 0156 1168     		ldr	r1, [r2]
 199 0158 5E4B     		ldr	r3, .L11+68
 200 015a 1960     		str	r1, [r3]
 201 015c 9268     		ldr	r2, [r2, #8]
 202 015e 5A60     		str	r2, [r3, #4]
 203 0160 5D4A     		ldr	r2, .L11+72
 204 0162 1268     		ldr	r2, [r2]
 205 0164 9A60     		str	r2, [r3, #8]
 206 0166 5D4A     		ldr	r2, .L11+76
 207 0168 1168     		ldr	r1, [r2]
 208 016a D960     		str	r1, [r3, #12]
 209 016c 9268     		ldr	r2, [r2, #8]
 210 016e 1A61     		str	r2, [r3, #16]
 211 0170 5B4A     		ldr	r2, .L11+80
 212 0172 1268     		ldr	r2, [r2]
 213 0174 5A61     		str	r2, [r3, #20]
 214 0176 5B4A     		ldr	r2, .L11+84
 215 0178 1168     		ldr	r1, [r2]
 216 017a 9961     		str	r1, [r3, #24]
 217 017c 9268     		ldr	r2, [r2, #8]
 218 017e DA61     		str	r2, [r3, #28]
 219 0180 594A     		ldr	r2, .L11+88
 220 0182 1268     		ldr	r2, [r2]
 221 0184 1A62     		str	r2, [r3, #32]
 222 0186 594A     		ldr	r2, .L11+92
 223 0188 1168     		ldr	r1, [r2]
 224 018a 5962     		str	r1, [r3, #36]
 225 018c 9268     		ldr	r2, [r2, #8]
 226 018e 9A62     		str	r2, [r3, #40]
 227 0190 574A     		ldr	r2, .L11+96
 228 0192 1268     		ldr	r2, [r2]
 229 0194 DA62     		str	r2, [r3, #44]
ARM GAS  C:\Users\pc\AppData\Local\Temp\cccK565y.s 			page 5


 230 0196 574A     		ldr	r2, .L11+100
 231 0198 1168     		ldr	r1, [r2]
 232 019a 1963     		str	r1, [r3, #48]
 233 019c 9268     		ldr	r2, [r2, #8]
 234 019e 5A63     		str	r2, [r3, #52]
 235 01a0 554A     		ldr	r2, .L11+104
 236 01a2 1268     		ldr	r2, [r2]
 237 01a4 9A63     		str	r2, [r3, #56]
 238 01a6 554A     		ldr	r2, .L11+108
 239 01a8 1168     		ldr	r1, [r2]
 240 01aa D963     		str	r1, [r3, #60]
 241 01ac 9268     		ldr	r2, [r2, #8]
 242 01ae 1A64     		str	r2, [r3, #64]
 243 01b0 534A     		ldr	r2, .L11+112
 244 01b2 1268     		ldr	r2, [r2]
 245 01b4 5A64     		str	r2, [r3, #68]
 246 01b6 534A     		ldr	r2, .L11+116
 247 01b8 1268     		ldr	r2, [r2]
 248 01ba 9A64     		str	r2, [r3, #72]
 249 01bc 524A     		ldr	r2, .L11+120
 250 01be 1268     		ldr	r2, [r2]
 251 01c0 DA64     		str	r2, [r3, #76]
 252 01c2 524A     		ldr	r2, .L11+124
 253 01c4 1268     		ldr	r2, [r2]
 254 01c6 1A65     		str	r2, [r3, #80]
 255 01c8 514B     		ldr	r3, .L11+128
 256 01ca 1A68     		ldr	r2, [r3]
 257 01cc 514B     		ldr	r3, .L11+132
 258 01ce 1A60     		str	r2, [r3]
 259 01d0 8622     		movs	r2, #134
 260 01d2 9200     		lsls	r2, r2, #2
 261 01d4 A358     		ldr	r3, [r4, r2]
 262 01d6 1E43     		orrs	r6, r3
 263 01d8 A650     		str	r6, [r4, r2]
 264 01da 1C32     		adds	r2, r2, #28
 265 01dc A358     		ldr	r3, [r4, r2]
 266 01de 0321     		movs	r1, #3
 267 01e0 0B43     		orrs	r3, r1
 268 01e2 A350     		str	r3, [r4, r2]
 269 01e4 4C4B     		ldr	r3, .L11+136
 270 01e6 DA68     		ldr	r2, [r3, #12]
 271 01e8 8020     		movs	r0, #128
 272 01ea 0243     		orrs	r2, r0
 273 01ec DA60     		str	r2, [r3, #12]
 274 01ee 1968     		ldr	r1, [r3]
 275 01f0 4A4A     		ldr	r2, .L11+140
 276 01f2 1160     		str	r1, [r2]
 277 01f4 5968     		ldr	r1, [r3, #4]
 278 01f6 5160     		str	r1, [r2, #4]
 279 01f8 D968     		ldr	r1, [r3, #12]
 280 01fa 8143     		bics	r1, r0
 281 01fc D960     		str	r1, [r3, #12]
 282 01fe 5968     		ldr	r1, [r3, #4]
 283 0200 9160     		str	r1, [r2, #8]
 284 0202 D968     		ldr	r1, [r3, #12]
 285 0204 1161     		str	r1, [r2, #16]
 286 0206 1969     		ldr	r1, [r3, #16]
ARM GAS  C:\Users\pc\AppData\Local\Temp\cccK565y.s 			page 6


 287 0208 5161     		str	r1, [r2, #20]
 288 020a D969     		ldr	r1, [r3, #28]
 289 020c 9161     		str	r1, [r2, #24]
 290 020e 196A     		ldr	r1, [r3, #32]
 291 0210 D161     		str	r1, [r2, #28]
 292 0212 196C     		ldr	r1, [r3, #64]
 293 0214 1162     		str	r1, [r2, #32]
 294 0216 996C     		ldr	r1, [r3, #72]
 295 0218 5162     		str	r1, [r2, #36]
 296 021a 996A     		ldr	r1, [r3, #40]
 297 021c 9162     		str	r1, [r2, #40]
 298 021e 1B6D     		ldr	r3, [r3, #80]
 299 0220 D362     		str	r3, [r2, #44]
 300 0222 3F4A     		ldr	r2, .L11+144
 301 0224 E823     		movs	r3, #232
 302 0226 5B00     		lsls	r3, r3, #1
 303 0228 D35C     		ldrb	r3, [r2, r3]
 304 022a DB07     		lsls	r3, r3, #31
 305 022c 1DD4     		bmi	.L10
 306              	.L6:
 307 022e 3C4A     		ldr	r2, .L11+144
 308 0230 8D23     		movs	r3, #141
 309 0232 9B00     		lsls	r3, r3, #2
 310 0234 D05C     		ldrb	r0, [r2, r3]
 311 0236 8006     		lsls	r0, r0, #26
 312 0238 800E     		lsrs	r0, r0, #26
 313 023a 0023     		movs	r3, #0
 314 023c 0193     		str	r3, [sp, #4]
 315 023e 0093     		str	r3, [sp]
 316 0240 0122     		movs	r2, #1
 317 0242 0021     		movs	r1, #0
 318 0244 FFF7FEFF 		bl	Pad_Config
 319 0248 03B0     		add	sp, sp, #12
 320              		@ sp needed
 321 024a C0BC     		pop	{r6, r7}
 322 024c B946     		mov	r9, r7
 323 024e B046     		mov	r8, r6
 324 0250 F0BD     		pop	{r4, r5, r6, r7, pc}
 325              	.L9:
 326 0252 1530     		adds	r0, r0, #21
 327 0254 FFF7FEFF 		bl	btaon_fast_read_safe
 328 0258 FF21     		movs	r1, #255
 329 025a 0140     		ands	r1, r0
 330 025c C020     		movs	r0, #192
 331 025e 0002     		lsls	r0, r0, #8
 332 0260 0143     		orrs	r1, r0
 333 0262 1620     		movs	r0, #22
 334 0264 FFF7FEFF 		bl	btaon_fast_write_safe
 335 0268 D4E6     		b	.L2
 336              	.L10:
 337 026a 0024     		movs	r4, #0
 338 026c 0194     		str	r4, [sp, #4]
 339 026e 0094     		str	r4, [sp]
 340 0270 0123     		movs	r3, #1
 341 0272 0122     		movs	r2, #1
 342 0274 0021     		movs	r1, #0
 343 0276 7838     		subs	r0, r0, #120
ARM GAS  C:\Users\pc\AppData\Local\Temp\cccK565y.s 			page 7


 344 0278 FFF7FEFF 		bl	Pad_Config
 345 027c 0194     		str	r4, [sp, #4]
 346 027e 0094     		str	r4, [sp]
 347 0280 0123     		movs	r3, #1
 348 0282 0122     		movs	r2, #1
 349 0284 0021     		movs	r1, #0
 350 0286 0920     		movs	r0, #9
 351 0288 FFF7FEFF 		bl	Pad_Config
 352 028c CFE7     		b	.L6
 353              	.L12:
 354 028e C046     		.align	2
 355              	.L11:
 356 0290 00E100E0 		.word	-536813312
 357 0294 00000000 		.word	.LANCHOR0
 358 0298 00000000 		.word	.LANCHOR1
 359 029c 00ED00E0 		.word	-536810240
 360 02a0 00600040 		.word	1073766400
 361 02a4 00000000 		.word	.LANCHOR2
 362 02a8 80020040 		.word	1073742464
 363 02ac 00000000 		.word	.LANCHOR3
 364 02b0 00000000 		.word	.LANCHOR4
 365 02b4 00020040 		.word	1073742336
 366 02b8 00000140 		.word	1073807360
 367 02bc 00000000 		.word	.LANCHOR5
 368 02c0 FBFF0000 		.word	65531
 369 02c4 00100040 		.word	1073745920
 370 02c8 00000000 		.word	.LANCHOR6
 371 02cc 44030040 		.word	1073742660
 372 02d0 00200040 		.word	1073750016
 373 02d4 00000000 		.word	.LANCHOR7
 374 02d8 B0200040 		.word	1073750192
 375 02dc 14200040 		.word	1073750036
 376 02e0 B4200040 		.word	1073750196
 377 02e4 28200040 		.word	1073750056
 378 02e8 B8200040 		.word	1073750200
 379 02ec 3C200040 		.word	1073750076
 380 02f0 BC200040 		.word	1073750204
 381 02f4 50200040 		.word	1073750096
 382 02f8 C0200040 		.word	1073750208
 383 02fc 64200040 		.word	1073750116
 384 0300 C4200040 		.word	1073750212
 385 0304 60030040 		.word	1073742688
 386 0308 0C600040 		.word	1073766412
 387 030c 84030040 		.word	1073742724
 388 0310 64030040 		.word	1073742692
 389 0314 00000000 		.word	.LANCHOR8
 390 0318 00200140 		.word	1073815552
 391 031c 00000000 		.word	.LANCHOR9
 392 0320 64012000 		.word	2097508
 394              		.align	1
 395              		.global	DLPS_IO_ExitDlpsCb
 396              		.syntax unified
 397              		.code	16
 398              		.thumb_func
 400              	DLPS_IO_ExitDlpsCb:
 401              		@ args = 0, pretend = 0, frame = 16
 402              		@ frame_needed = 0, uses_anonymous_args = 0
ARM GAS  C:\Users\pc\AppData\Local\Temp\cccK565y.s 			page 8


 403 0324 F0B5     		push	{r4, r5, r6, r7, lr}
 404 0326 DE46     		mov	lr, fp
 405 0328 5746     		mov	r7, r10
 406 032a 4E46     		mov	r6, r9
 407 032c 4546     		mov	r5, r8
 408 032e E0B5     		push	{r5, r6, r7, lr}
 409 0330 87B0     		sub	sp, sp, #28
 410 0332 0023     		movs	r3, #0
 411 0334 B64C     		ldr	r4, .L23
 412 0336 B748     		ldr	r0, .L23+4
 413              	.L14:
 414 0338 9A00     		lsls	r2, r3, #2
 415 033a 1159     		ldr	r1, [r2, r4]
 416 033c 1150     		str	r1, [r2, r0]
 417 033e 0133     		adds	r3, r3, #1
 418 0340 0A2B     		cmp	r3, #10
 419 0342 F9D1     		bne	.L14
 420 0344 B44C     		ldr	r4, .L23+8
 421 0346 8D23     		movs	r3, #141
 422 0348 9B00     		lsls	r3, r3, #2
 423 034a E05C     		ldrb	r0, [r4, r3]
 424 034c 8006     		lsls	r0, r0, #26
 425 034e 800E     		lsrs	r0, r0, #26
 426 0350 0023     		movs	r3, #0
 427 0352 0193     		str	r3, [sp, #4]
 428 0354 0093     		str	r3, [sp]
 429 0356 0233     		adds	r3, r3, #2
 430 0358 0122     		movs	r2, #1
 431 035a 0121     		movs	r1, #1
 432 035c FFF7FEFF 		bl	Pad_Config
 433 0360 E823     		movs	r3, #232
 434 0362 5B00     		lsls	r3, r3, #1
 435 0364 E35C     		ldrb	r3, [r4, r3]
 436 0366 DB07     		lsls	r3, r3, #31
 437 0368 00D5     		bpl	.LCB438
 438 036a 36E1     		b	.L21	@long jump
 439              	.LCB438:
 440              	.L15:
 441 036c AB4D     		ldr	r5, .L23+12
 442 036e EB68     		ldr	r3, [r5, #12]
 443 0370 8022     		movs	r2, #128
 444 0372 D204     		lsls	r2, r2, #19
 445 0374 9046     		mov	r8, r2
 446 0376 1343     		orrs	r3, r2
 447 0378 EB60     		str	r3, [r5, #12]
 448 037a EA68     		ldr	r2, [r5, #12]
 449 037c 8023     		movs	r3, #128
 450 037e 5B05     		lsls	r3, r3, #21
 451 0380 1343     		orrs	r3, r2
 452 0382 EB60     		str	r3, [r5, #12]
 453 0384 8024     		movs	r4, #128
 454 0386 E405     		lsls	r4, r4, #23
 455 0388 8723     		movs	r3, #135
 456 038a 9B00     		lsls	r3, r3, #2
 457 038c 9A46     		mov	r10, r3
 458 038e E358     		ldr	r3, [r4, r3]
 459 0390 0127     		movs	r7, #1
ARM GAS  C:\Users\pc\AppData\Local\Temp\cccK565y.s 			page 9


 460 0392 3B43     		orrs	r3, r7
 461 0394 5246     		mov	r2, r10
 462 0396 A350     		str	r3, [r4, r2]
 463 0398 1C32     		adds	r2, r2, #28
 464 039a A358     		ldr	r3, [r4, r2]
 465 039c C026     		movs	r6, #192
 466 039e B604     		lsls	r6, r6, #18
 467 03a0 3343     		orrs	r3, r6
 468 03a2 A350     		str	r3, [r4, r2]
 469 03a4 9E4B     		ldr	r3, .L23+16
 470 03a6 DA68     		ldr	r2, [r3, #12]
 471 03a8 1F21     		movs	r1, #31
 472 03aa 8A43     		bics	r2, r1
 473 03ac DA60     		str	r2, [r3, #12]
 474 03ae 9D4A     		ldr	r2, .L23+20
 475 03b0 D16A     		ldr	r1, [r2, #44]
 476 03b2 1965     		str	r1, [r3, #80]
 477 03b4 9968     		ldr	r1, [r3, #8]
 478 03b6 090C     		lsrs	r1, r1, #16
 479 03b8 0904     		lsls	r1, r1, #16
 480 03ba 9960     		str	r1, [r3, #8]
 481 03bc D168     		ldr	r1, [r2, #12]
 482 03be 1961     		str	r1, [r3, #16]
 483 03c0 1169     		ldr	r1, [r2, #16]
 484 03c2 5961     		str	r1, [r3, #20]
 485 03c4 5169     		ldr	r1, [r2, #20]
 486 03c6 9961     		str	r1, [r3, #24]
 487 03c8 9169     		ldr	r1, [r2, #24]
 488 03ca D961     		str	r1, [r3, #28]
 489 03cc D169     		ldr	r1, [r2, #28]
 490 03ce 1962     		str	r1, [r3, #32]
 491 03d0 116A     		ldr	r1, [r2, #32]
 492 03d2 5962     		str	r1, [r3, #36]
 493 03d4 516A     		ldr	r1, [r2, #36]
 494 03d6 9962     		str	r1, [r3, #40]
 495 03d8 916A     		ldr	r1, [r2, #40]
 496 03da D962     		str	r1, [r3, #44]
 497 03dc 5168     		ldr	r1, [r2, #4]
 498 03de 9960     		str	r1, [r3, #8]
 499 03e0 1168     		ldr	r1, [r2]
 500 03e2 8C46     		mov	ip, r1
 501 03e4 0321     		movs	r1, #3
 502 03e6 8946     		mov	r9, r1
 503 03e8 6046     		mov	r0, ip
 504 03ea 8843     		bics	r0, r1
 505 03ec 5860     		str	r0, [r3, #4]
 506 03ee 116B     		ldr	r1, [r2, #48]
 507 03f0 5965     		str	r1, [r3, #84]
 508 03f2 516B     		ldr	r1, [r2, #52]
 509 03f4 9965     		str	r1, [r3, #88]
 510 03f6 916B     		ldr	r1, [r2, #56]
 511 03f8 D965     		str	r1, [r3, #92]
 512 03fa 5968     		ldr	r1, [r3, #4]
 513 03fc 4046     		mov	r0, r8
 514 03fe 0843     		orrs	r0, r1
 515 0400 5860     		str	r0, [r3, #4]
 516 0402 D968     		ldr	r1, [r3, #12]
ARM GAS  C:\Users\pc\AppData\Local\Temp\cccK565y.s 			page 10


 517 0404 F820     		movs	r0, #248
 518 0406 4001     		lsls	r0, r0, #5
 519 0408 8046     		mov	r8, r0
 520 040a 0143     		orrs	r1, r0
 521 040c D960     		str	r1, [r3, #12]
 522 040e 9268     		ldr	r2, [r2, #8]
 523 0410 DA60     		str	r2, [r3, #12]
 524 0412 8823     		movs	r3, #136
 525 0414 5B00     		lsls	r3, r3, #1
 526 0416 9B46     		mov	fp, r3
 527 0418 1800     		movs	r0, r3
 528 041a FFF7FEFF 		bl	btaon_fast_read_safe
 529 041e 0421     		movs	r1, #4
 530 0420 0143     		orrs	r1, r0
 531 0422 89B2     		uxth	r1, r1
 532 0424 5846     		mov	r0, fp
 533 0426 FFF7FEFF 		bl	btaon_fast_write_safe
 534 042a 5346     		mov	r3, r10
 535 042c E258     		ldr	r2, [r4, r3]
 536 042e 1D3B     		subs	r3, r3, #29
 537 0430 FF3B     		subs	r3, r3, #255
 538 0432 1343     		orrs	r3, r2
 539 0434 5246     		mov	r2, r10
 540 0436 A350     		str	r3, [r4, r2]
 541 0438 8C23     		movs	r3, #140
 542 043a 9B00     		lsls	r3, r3, #2
 543 043c E258     		ldr	r2, [r4, r3]
 544 043e 1643     		orrs	r6, r2
 545 0440 E650     		str	r6, [r4, r3]
 546 0442 794B     		ldr	r3, .L23+24
 547 0444 5968     		ldr	r1, [r3, #4]
 548 0446 794A     		ldr	r2, .L23+28
 549 0448 5160     		str	r1, [r2, #4]
 550 044a 9968     		ldr	r1, [r3, #8]
 551 044c 9160     		str	r1, [r2, #8]
 552 044e 1969     		ldr	r1, [r3, #16]
 553 0450 5163     		str	r1, [r2, #52]
 554 0452 5969     		ldr	r1, [r3, #20]
 555 0454 9163     		str	r1, [r2, #56]
 556 0456 9969     		ldr	r1, [r3, #24]
 557 0458 D163     		str	r1, [r2, #60]
 558 045a D969     		ldr	r1, [r3, #28]
 559 045c 9164     		str	r1, [r2, #72]
 560 045e 1968     		ldr	r1, [r3]
 561 0460 1160     		str	r1, [r2]
 562 0462 5968     		ldr	r1, [r3, #4]
 563 0464 C943     		mvns	r1, r1
 564 0466 D164     		str	r1, [r2, #76]
 565 0468 D968     		ldr	r1, [r3, #12]
 566 046a 1163     		str	r1, [r2, #48]
 567 046c 186A     		ldr	r0, [r3, #32]
 568 046e 7049     		ldr	r1, .L23+32
 569 0470 0860     		str	r0, [r1]
 570 0472 5B6A     		ldr	r3, [r3, #36]
 571 0474 9366     		str	r3, [r2, #104]
 572 0476 2A69     		ldr	r2, [r5, #16]
 573 0478 8023     		movs	r3, #128
ARM GAS  C:\Users\pc\AppData\Local\Temp\cccK565y.s 			page 11


 574 047a 5B02     		lsls	r3, r3, #9
 575 047c 1343     		orrs	r3, r2
 576 047e 2B61     		str	r3, [r5, #16]
 577 0480 2A6B     		ldr	r2, [r5, #48]
 578 0482 C023     		movs	r3, #192
 579 0484 1B02     		lsls	r3, r3, #8
 580 0486 1343     		orrs	r3, r2
 581 0488 2B63     		str	r3, [r5, #48]
 582 048a 6A4B     		ldr	r3, .L23+36
 583 048c 996C     		ldr	r1, [r3, #72]
 584 048e 6A4A     		ldr	r2, .L23+40
 585 0490 1160     		str	r1, [r2]
 586 0492 1968     		ldr	r1, [r3]
 587 0494 694A     		ldr	r2, .L23+44
 588 0496 1160     		str	r1, [r2]
 589 0498 5968     		ldr	r1, [r3, #4]
 590 049a 9160     		str	r1, [r2, #8]
 591 049c 9968     		ldr	r1, [r3, #8]
 592 049e 684A     		ldr	r2, .L23+48
 593 04a0 1160     		str	r1, [r2]
 594 04a2 D968     		ldr	r1, [r3, #12]
 595 04a4 674A     		ldr	r2, .L23+52
 596 04a6 1160     		str	r1, [r2]
 597 04a8 1969     		ldr	r1, [r3, #16]
 598 04aa 9160     		str	r1, [r2, #8]
 599 04ac 5969     		ldr	r1, [r3, #20]
 600 04ae 664A     		ldr	r2, .L23+56
 601 04b0 1160     		str	r1, [r2]
 602 04b2 9969     		ldr	r1, [r3, #24]
 603 04b4 654A     		ldr	r2, .L23+60
 604 04b6 1160     		str	r1, [r2]
 605 04b8 D969     		ldr	r1, [r3, #28]
 606 04ba 9160     		str	r1, [r2, #8]
 607 04bc 196A     		ldr	r1, [r3, #32]
 608 04be 644A     		ldr	r2, .L23+64
 609 04c0 1160     		str	r1, [r2]
 610 04c2 596A     		ldr	r1, [r3, #36]
 611 04c4 634A     		ldr	r2, .L23+68
 612 04c6 1160     		str	r1, [r2]
 613 04c8 996A     		ldr	r1, [r3, #40]
 614 04ca 9160     		str	r1, [r2, #8]
 615 04cc D96A     		ldr	r1, [r3, #44]
 616 04ce 624A     		ldr	r2, .L23+72
 617 04d0 1160     		str	r1, [r2]
 618 04d2 196B     		ldr	r1, [r3, #48]
 619 04d4 614A     		ldr	r2, .L23+76
 620 04d6 1160     		str	r1, [r2]
 621 04d8 596B     		ldr	r1, [r3, #52]
 622 04da 9160     		str	r1, [r2, #8]
 623 04dc 996B     		ldr	r1, [r3, #56]
 624 04de 604A     		ldr	r2, .L23+80
 625 04e0 1160     		str	r1, [r2]
 626 04e2 D96B     		ldr	r1, [r3, #60]
 627 04e4 5F4A     		ldr	r2, .L23+84
 628 04e6 1160     		str	r1, [r2]
 629 04e8 196C     		ldr	r1, [r3, #64]
 630 04ea 9160     		str	r1, [r2, #8]
ARM GAS  C:\Users\pc\AppData\Local\Temp\cccK565y.s 			page 12


 631 04ec 5A6C     		ldr	r2, [r3, #68]
 632 04ee 5E4B     		ldr	r3, .L23+88
 633 04f0 1A60     		str	r2, [r3]
 634 04f2 5E4B     		ldr	r3, .L23+92
 635 04f4 1A68     		ldr	r2, [r3]
 636 04f6 5E4B     		ldr	r3, .L23+96
 637 04f8 1A60     		str	r2, [r3]
 638 04fa 8622     		movs	r2, #134
 639 04fc 9200     		lsls	r2, r2, #2
 640 04fe A358     		ldr	r3, [r4, r2]
 641 0500 3B43     		orrs	r3, r7
 642 0502 A350     		str	r3, [r4, r2]
 643 0504 1C32     		adds	r2, r2, #28
 644 0506 A358     		ldr	r3, [r4, r2]
 645 0508 4946     		mov	r1, r9
 646 050a 0B43     		orrs	r3, r1
 647 050c A350     		str	r3, [r4, r2]
 648 050e 594B     		ldr	r3, .L23+100
 649 0510 DA68     		ldr	r2, [r3, #12]
 650 0512 8020     		movs	r0, #128
 651 0514 0243     		orrs	r2, r0
 652 0516 DA60     		str	r2, [r3, #12]
 653 0518 574A     		ldr	r2, .L23+104
 654 051a D169     		ldr	r1, [r2, #28]
 655 051c 1962     		str	r1, [r3, #32]
 656 051e 9169     		ldr	r1, [r2, #24]
 657 0520 D961     		str	r1, [r3, #28]
 658 0522 1168     		ldr	r1, [r2]
 659 0524 1960     		str	r1, [r3]
 660 0526 5168     		ldr	r1, [r2, #4]
 661 0528 5960     		str	r1, [r3, #4]
 662 052a D968     		ldr	r1, [r3, #12]
 663 052c 8143     		bics	r1, r0
 664 052e D960     		str	r1, [r3, #12]
 665 0530 D469     		ldr	r4, [r2, #28]
 666 0532 D069     		ldr	r0, [r2, #28]
 667 0534 640D     		lsrs	r4, r4, #21
 668 0536 0821     		movs	r1, #8
 669 0538 2140     		ands	r1, r4
 670 053a 800C     		lsrs	r0, r0, #18
 671 053c 4446     		mov	r4, r8
 672 053e 2040     		ands	r0, r4
 673 0540 0143     		orrs	r1, r0
 674 0542 0F43     		orrs	r7, r1
 675 0544 9F60     		str	r7, [r3, #8]
 676 0546 1169     		ldr	r1, [r2, #16]
 677 0548 D960     		str	r1, [r3, #12]
 678 054a 5169     		ldr	r1, [r2, #20]
 679 054c 1961     		str	r1, [r3, #16]
 680 054e 9168     		ldr	r1, [r2, #8]
 681 0550 5960     		str	r1, [r3, #4]
 682 0552 116A     		ldr	r1, [r2, #32]
 683 0554 1964     		str	r1, [r3, #64]
 684 0556 516A     		ldr	r1, [r2, #36]
 685 0558 9964     		str	r1, [r3, #72]
 686 055a 916A     		ldr	r1, [r2, #40]
 687 055c 9962     		str	r1, [r3, #40]
ARM GAS  C:\Users\pc\AppData\Local\Temp\cccK565y.s 			page 13


 688 055e D26A     		ldr	r2, [r2, #44]
 689 0560 1A65     		str	r2, [r3, #80]
 690 0562 464B     		ldr	r3, .L23+108
 691 0564 1B68     		ldr	r3, [r3]
 692 0566 002B     		cmp	r3, #0
 693 0568 00D0     		beq	.L16
 694 056a 9847     		blx	r3
 695              	.L16:
 696 056c 0023     		movs	r3, #0
 697 056e 6A46     		mov	r2, sp
 698 0570 1373     		strb	r3, [r2, #12]
 699 0572 0133     		adds	r3, r3, #1
 700 0574 1375     		strb	r3, [r2, #20]
 701 0576 0233     		adds	r3, r3, #2
 702 0578 0493     		str	r3, [sp, #16]
 703 057a 03A8     		add	r0, sp, #12
 704 057c FFF7FEFF 		bl	NVIC_Init
 705 0580 3F4B     		ldr	r3, .L23+112
 706 0582 1A68     		ldr	r2, [r3]
 707 0584 5B68     		ldr	r3, [r3, #4]
 708 0586 1342     		tst	r3, r2
 709 0588 39D1     		bne	.L22
 710              	.L17:
 711 058a 3E4B     		ldr	r3, .L23+116
 712 058c 1B68     		ldr	r3, [r3]
 713 058e 3E49     		ldr	r1, .L23+120
 714 0590 C022     		movs	r2, #192
 715 0592 9200     		lsls	r2, r2, #2
 716 0594 8858     		ldr	r0, [r1, r2]
 717 0596 1B0E     		lsrs	r3, r3, #24
 718 0598 1B06     		lsls	r3, r3, #24
 719 059a 0343     		orrs	r3, r0
 720 059c 8B50     		str	r3, [r1, r2]
 721 059e 0123     		movs	r3, #1
 722 05a0 384C     		ldr	r4, .L23+116
 723 05a2 0800     		movs	r0, r1
 724              	.L18:
 725 05a4 9A00     		lsls	r2, r3, #2
 726 05a6 1159     		ldr	r1, [r2, r4]
 727 05a8 1A00     		movs	r2, r3
 728 05aa C032     		adds	r2, r2, #192
 729 05ac 9200     		lsls	r2, r2, #2
 730 05ae 1150     		str	r1, [r2, r0]
 731 05b0 0133     		adds	r3, r3, #1
 732 05b2 082B     		cmp	r3, #8
 733 05b4 F6D1     		bne	.L18
 734 05b6 324B     		ldr	r3, .L23+112
 735 05b8 9968     		ldr	r1, [r3, #8]
 736 05ba 344A     		ldr	r2, .L23+124
 737 05bc 9160     		str	r1, [r2, #8]
 738 05be 344A     		ldr	r2, .L23+128
 739 05c0 1168     		ldr	r1, [r2]
 740 05c2 344A     		ldr	r2, .L23+132
 741 05c4 D160     		str	r1, [r2, #12]
 742 05c6 1A68     		ldr	r2, [r3]
 743 05c8 2F4B     		ldr	r3, .L23+120
 744 05ca 1A60     		str	r2, [r3]
ARM GAS  C:\Users\pc\AppData\Local\Temp\cccK565y.s 			page 14


 745 05cc 07B0     		add	sp, sp, #28
 746              		@ sp needed
 747 05ce F0BC     		pop	{r4, r5, r6, r7}
 748 05d0 BB46     		mov	fp, r7
 749 05d2 B246     		mov	r10, r6
 750 05d4 A946     		mov	r9, r5
 751 05d6 A046     		mov	r8, r4
 752 05d8 F0BD     		pop	{r4, r5, r6, r7, pc}
 753              	.L21:
 754 05da 0024     		movs	r4, #0
 755 05dc 0194     		str	r4, [sp, #4]
 756 05de 0094     		str	r4, [sp]
 757 05e0 0023     		movs	r3, #0
 758 05e2 0122     		movs	r2, #1
 759 05e4 0121     		movs	r1, #1
 760 05e6 0820     		movs	r0, #8
 761 05e8 FFF7FEFF 		bl	Pad_Config
 762 05ec 0194     		str	r4, [sp, #4]
 763 05ee 0094     		str	r4, [sp]
 764 05f0 0023     		movs	r3, #0
 765 05f2 0122     		movs	r2, #1
 766 05f4 0121     		movs	r1, #1
 767 05f6 0920     		movs	r0, #9
 768 05f8 FFF7FEFF 		bl	Pad_Config
 769 05fc B6E6     		b	.L15
 770              	.L22:
 771 05fe 204B     		ldr	r3, .L23+112
 772 0600 5B68     		ldr	r3, [r3, #4]
 773 0602 0122     		movs	r2, #1
 774 0604 2449     		ldr	r1, .L23+136
 775 0606 2548     		ldr	r0, .L23+140
 776 0608 FFF7FEFF 		bl	log_buffer
 777 060c BDE7     		b	.L17
 778              	.L24:
 779 060e C046     		.align	2
 780              	.L23:
 781 0610 00000000 		.word	.LANCHOR3
 782 0614 80020040 		.word	1073742464
 783 0618 64012000 		.word	2097508
 784 061c 00020040 		.word	1073742336
 785 0620 00000140 		.word	1073807360
 786 0624 00000000 		.word	.LANCHOR5
 787 0628 00000000 		.word	.LANCHOR6
 788 062c 00100040 		.word	1073745920
 789 0630 44030040 		.word	1073742660
 790 0634 00000000 		.word	.LANCHOR7
 791 0638 60030040 		.word	1073742688
 792 063c 00200040 		.word	1073750016
 793 0640 B0200040 		.word	1073750192
 794 0644 14200040 		.word	1073750036
 795 0648 B4200040 		.word	1073750196
 796 064c 28200040 		.word	1073750056
 797 0650 B8200040 		.word	1073750200
 798 0654 3C200040 		.word	1073750076
 799 0658 BC200040 		.word	1073750204
 800 065c 50200040 		.word	1073750096
 801 0660 C0200040 		.word	1073750208
ARM GAS  C:\Users\pc\AppData\Local\Temp\cccK565y.s 			page 15


 802 0664 64200040 		.word	1073750116
 803 0668 C4200040 		.word	1073750212
 804 066c 00000000 		.word	.LANCHOR8
 805 0670 64030040 		.word	1073742692
 806 0674 00200140 		.word	1073815552
 807 0678 00000000 		.word	.LANCHOR9
 808 067c 00000000 		.word	.LANCHOR10
 809 0680 00000000 		.word	.LANCHOR0
 810 0684 00000000 		.word	.LANCHOR1
 811 0688 00E100E0 		.word	-536813312
 812 068c 00ED00E0 		.word	-536810240
 813 0690 00000000 		.word	.LANCHOR2
 814 0694 00600040 		.word	1073766400
 815 0698 00000000 		.word	.LANCHOR11
 816 069c 01011023 		.word	588251393
 818              		.section	.text.DLPS_IORegister,"ax",%progbits
 819              		.align	1
 820              		.global	DLPS_IORegister
 821              		.syntax unified
 822              		.code	16
 823              		.thumb_func
 825              	DLPS_IORegister:
 826              		@ args = 0, pretend = 0, frame = 0
 827              		@ frame_needed = 0, uses_anonymous_args = 0
 828 0000 10B5     		push	{r4, lr}
 829 0002 0121     		movs	r1, #1
 830 0004 0348     		ldr	r0, .L26
 831 0006 FFF7FEFF 		bl	platform_pm_register_callback_func
 832 000a 0521     		movs	r1, #5
 833 000c 0248     		ldr	r0, .L26+4
 834 000e FFF7FEFF 		bl	platform_pm_register_callback_func
 835              		@ sp needed
 836 0012 10BD     		pop	{r4, pc}
 837              	.L27:
 838              		.align	2
 839              	.L26:
 840 0014 00000000 		.word	DLPS_IO_EnterDlpsCb
 841 0018 00000000 		.word	DLPS_IO_ExitDlpsCb
 843              		.global	PeriIntStoreReg
 844              		.global	CPU_StoreReg_IP
 845              		.global	CPU_StoreReg
 846              		.global	User_IO_ExitDlpsCB
 847              		.global	User_IO_EnterDlpsCB
 848              		.global	UART0_StoreReg
 849              		.global	PWM2_StoreReg
 850              		.global	TIM_StoreReg
 851              		.global	GPIO_StoreReg
 852              		.global	ADC_StoreReg
 853              		.global	Pinmux_StoreReg
 854              		.section	.TRACE,"a"
 855              		.align	2
 856              		.set	.LANCHOR11,. + 0
 859              	format.0:
 860 0000 21212A6D 		.ascii	"!!*miss interrupt: pending register: 0x%x\000"
 860      69737320 
 860      696E7465 
 860      72727570 
ARM GAS  C:\Users\pc\AppData\Local\Temp\cccK565y.s 			page 16


 860      743A2070 
 861              		.section	.bss.ADC_StoreReg,"aw",%nobits
 862              		.align	2
 863              		.set	.LANCHOR5,. + 0
 866              	ADC_StoreReg:
 867 0000 00000000 		.space	60
 867      00000000 
 867      00000000 
 867      00000000 
 867      00000000 
 868              		.section	.bss.CPU_StoreReg,"aw",%nobits
 869              		.align	2
 870              		.set	.LANCHOR0,. + 0
 873              	CPU_StoreReg:
 874 0000 00000000 		.space	12
 874      00000000 
 874      00000000 
 875              		.section	.bss.CPU_StoreReg_IP,"aw",%nobits
 876              		.align	2
 877              		.set	.LANCHOR1,. + 0
 880              	CPU_StoreReg_IP:
 881 0000 00000000 		.space	32
 881      00000000 
 881      00000000 
 881      00000000 
 881      00000000 
 882              		.section	.bss.GPIO_StoreReg,"aw",%nobits
 883              		.align	2
 884              		.set	.LANCHOR6,. + 0
 887              	GPIO_StoreReg:
 888 0000 00000000 		.space	40
 888      00000000 
 888      00000000 
 888      00000000 
 888      00000000 
 889              		.section	.bss.PWM2_StoreReg,"aw",%nobits
 890              		.align	2
 891              		.set	.LANCHOR8,. + 0
 894              	PWM2_StoreReg:
 895 0000 00000000 		.space	4
 896              		.section	.bss.PeriIntStoreReg,"aw",%nobits
 897              		.align	2
 898              		.set	.LANCHOR2,. + 0
 901              	PeriIntStoreReg:
 902 0000 00000000 		.space	4
 903              		.section	.bss.Pinmux_StoreReg,"aw",%nobits
 904              		.align	2
 905              		.set	.LANCHOR3,. + 0
 908              	Pinmux_StoreReg:
 909 0000 00000000 		.space	40
 909      00000000 
 909      00000000 
 909      00000000 
 909      00000000 
 910              		.section	.bss.TIM_StoreReg,"aw",%nobits
 911              		.align	2
 912              		.set	.LANCHOR7,. + 0
ARM GAS  C:\Users\pc\AppData\Local\Temp\cccK565y.s 			page 17


 915              	TIM_StoreReg:
 916 0000 00000000 		.space	112
 916      00000000 
 916      00000000 
 916      00000000 
 916      00000000 
 917              		.section	.bss.UART0_StoreReg,"aw",%nobits
 918              		.align	2
 919              		.set	.LANCHOR9,. + 0
 922              	UART0_StoreReg:
 923 0000 00000000 		.space	48
 923      00000000 
 923      00000000 
 923      00000000 
 923      00000000 
 924              		.section	.bss.User_IO_EnterDlpsCB,"aw",%nobits
 925              		.align	2
 926              		.set	.LANCHOR4,. + 0
 929              	User_IO_EnterDlpsCB:
 930 0000 00000000 		.space	4
 931              		.section	.bss.User_IO_ExitDlpsCB,"aw",%nobits
 932              		.align	2
 933              		.set	.LANCHOR10,. + 0
 936              	User_IO_ExitDlpsCB:
 937 0000 00000000 		.space	4
 938              		.ident	"GCC: (GNU Arm Embedded Toolchain 10.3-2021.10) 10.3.1 20210824 (release)"
ARM GAS  C:\Users\pc\AppData\Local\Temp\cccK565y.s 			page 18


DEFINED SYMBOLS
                            *ABS*:00000000 rtl876x_io_dlps.c
C:\Users\pc\AppData\Local\Temp\cccK565y.s:16     .app.data_ram.text:00000000 $t
C:\Users\pc\AppData\Local\Temp\cccK565y.s:22     .app.data_ram.text:00000000 DLPS_IO_EnterDlpsCb
C:\Users\pc\AppData\Local\Temp\cccK565y.s:356    .app.data_ram.text:00000290 $d
C:\Users\pc\AppData\Local\Temp\cccK565y.s:394    .app.data_ram.text:00000324 $t
C:\Users\pc\AppData\Local\Temp\cccK565y.s:400    .app.data_ram.text:00000324 DLPS_IO_ExitDlpsCb
C:\Users\pc\AppData\Local\Temp\cccK565y.s:781    .app.data_ram.text:00000610 $d
C:\Users\pc\AppData\Local\Temp\cccK565y.s:819    .text.DLPS_IORegister:00000000 $t
C:\Users\pc\AppData\Local\Temp\cccK565y.s:825    .text.DLPS_IORegister:00000000 DLPS_IORegister
C:\Users\pc\AppData\Local\Temp\cccK565y.s:840    .text.DLPS_IORegister:00000014 $d
C:\Users\pc\AppData\Local\Temp\cccK565y.s:901    .bss.PeriIntStoreReg:00000000 PeriIntStoreReg
C:\Users\pc\AppData\Local\Temp\cccK565y.s:880    .bss.CPU_StoreReg_IP:00000000 CPU_StoreReg_IP
C:\Users\pc\AppData\Local\Temp\cccK565y.s:873    .bss.CPU_StoreReg:00000000 CPU_StoreReg
C:\Users\pc\AppData\Local\Temp\cccK565y.s:936    .bss.User_IO_ExitDlpsCB:00000000 User_IO_ExitDlpsCB
C:\Users\pc\AppData\Local\Temp\cccK565y.s:929    .bss.User_IO_EnterDlpsCB:00000000 User_IO_EnterDlpsCB
C:\Users\pc\AppData\Local\Temp\cccK565y.s:922    .bss.UART0_StoreReg:00000000 UART0_StoreReg
C:\Users\pc\AppData\Local\Temp\cccK565y.s:894    .bss.PWM2_StoreReg:00000000 PWM2_StoreReg
C:\Users\pc\AppData\Local\Temp\cccK565y.s:915    .bss.TIM_StoreReg:00000000 TIM_StoreReg
C:\Users\pc\AppData\Local\Temp\cccK565y.s:887    .bss.GPIO_StoreReg:00000000 GPIO_StoreReg
C:\Users\pc\AppData\Local\Temp\cccK565y.s:866    .bss.ADC_StoreReg:00000000 ADC_StoreReg
C:\Users\pc\AppData\Local\Temp\cccK565y.s:908    .bss.Pinmux_StoreReg:00000000 Pinmux_StoreReg
C:\Users\pc\AppData\Local\Temp\cccK565y.s:855    .TRACE:00000000 $d
C:\Users\pc\AppData\Local\Temp\cccK565y.s:859    .TRACE:00000000 format.0
C:\Users\pc\AppData\Local\Temp\cccK565y.s:862    .bss.ADC_StoreReg:00000000 $d
C:\Users\pc\AppData\Local\Temp\cccK565y.s:869    .bss.CPU_StoreReg:00000000 $d
C:\Users\pc\AppData\Local\Temp\cccK565y.s:876    .bss.CPU_StoreReg_IP:00000000 $d
C:\Users\pc\AppData\Local\Temp\cccK565y.s:883    .bss.GPIO_StoreReg:00000000 $d
C:\Users\pc\AppData\Local\Temp\cccK565y.s:890    .bss.PWM2_StoreReg:00000000 $d
C:\Users\pc\AppData\Local\Temp\cccK565y.s:897    .bss.PeriIntStoreReg:00000000 $d
C:\Users\pc\AppData\Local\Temp\cccK565y.s:904    .bss.Pinmux_StoreReg:00000000 $d
C:\Users\pc\AppData\Local\Temp\cccK565y.s:911    .bss.TIM_StoreReg:00000000 $d
C:\Users\pc\AppData\Local\Temp\cccK565y.s:918    .bss.UART0_StoreReg:00000000 $d
C:\Users\pc\AppData\Local\Temp\cccK565y.s:925    .bss.User_IO_EnterDlpsCB:00000000 $d
C:\Users\pc\AppData\Local\Temp\cccK565y.s:932    .bss.User_IO_ExitDlpsCB:00000000 $d

UNDEFINED SYMBOLS
platform_pm_get_power_mode
btaon_fast_read_safe
btaon_fast_write_safe
Pad_Config
NVIC_Init
log_buffer
platform_pm_register_callback_func
