ARM GAS  C:\Users\pc\AppData\Local\Temp\ccYKTCVF.s 			page 1


   1              		.cpu cortex-m0plus
   2              		.arch armv6s-m
   3              		.fpu softvfp
   4              		.eabi_attribute 20, 1
   5              		.eabi_attribute 21, 1
   6              		.eabi_attribute 23, 3
   7              		.eabi_attribute 24, 1
   8              		.eabi_attribute 25, 1
   9              		.eabi_attribute 26, 1
  10              		.eabi_attribute 30, 1
  11              		.eabi_attribute 34, 0
  12              		.eabi_attribute 18, 4
  13              		.file	"rtl876x_nvic.c"
  14              		.text
  15              		.section	.text.NVIC_Init,"ax",%progbits
  16              		.align	1
  17              		.global	NVIC_Init
  18              		.syntax unified
  19              		.code	16
  20              		.thumb_func
  22              	NVIC_Init:
  23              		@ args = 0, pretend = 0, frame = 0
  24              		@ frame_needed = 0, uses_anonymous_args = 0
  25 0000 F0B5     		push	{r4, r5, r6, r7, lr}
  26 0002 037A     		ldrb	r3, [r0, #8]
  27 0004 002B     		cmp	r3, #0
  28 0006 4DD0     		beq	.L2
  29 0008 0023     		movs	r3, #0
  30 000a C356     		ldrsb	r3, [r0, r3]
  31 000c 312B     		cmp	r3, #49
  32 000e 09DD     		ble	.L3
  33 0010 3249     		ldr	r1, .L9
  34 0012 CC68     		ldr	r4, [r1, #12]
  35 0014 323B     		subs	r3, r3, #50
  36 0016 0122     		movs	r2, #1
  37 0018 9A40     		lsls	r2, r2, r3
  38 001a 1300     		movs	r3, r2
  39 001c 2343     		orrs	r3, r4
  40 001e CB60     		str	r3, [r1, #12]
  41 0020 1323     		movs	r3, #19
  42 0022 0370     		strb	r3, [r0]
  43              	.L3:
  44 0024 0378     		ldrb	r3, [r0]
  45 0026 1F22     		movs	r2, #31
  46 0028 1A40     		ands	r2, r3
  47 002a 0123     		movs	r3, #1
  48 002c 9340     		lsls	r3, r3, r2
  49 002e 2C49     		ldr	r1, .L9+4
  50 0030 C022     		movs	r2, #192
  51 0032 5200     		lsls	r2, r2, #1
  52 0034 8B50     		str	r3, [r1, r2]
  53 0036 0025     		movs	r5, #0
  54 0038 4557     		ldrsb	r5, [r0, r5]
  55 003a 4468     		ldr	r4, [r0, #4]
  56 003c 002D     		cmp	r5, #0
  57 003e 1BDB     		blt	.L8
  58 0040 A908     		lsrs	r1, r5, #2
ARM GAS  C:\Users\pc\AppData\Local\Temp\ccYKTCVF.s 			page 2


  59 0042 8900     		lsls	r1, r1, #2
  60 0044 264B     		ldr	r3, .L9+4
  61 0046 9C46     		mov	ip, r3
  62 0048 6144     		add	r1, r1, ip
  63 004a C026     		movs	r6, #192
  64 004c B600     		lsls	r6, r6, #2
  65 004e 8F59     		ldr	r7, [r1, r6]
  66 0050 0322     		movs	r2, #3
  67 0052 2A40     		ands	r2, r5
  68 0054 D200     		lsls	r2, r2, #3
  69 0056 FF23     		movs	r3, #255
  70 0058 1D00     		movs	r5, r3
  71 005a 9540     		lsls	r5, r5, r2
  72 005c AF43     		bics	r7, r5
  73 005e 6401     		lsls	r4, r4, #5
  74 0060 2340     		ands	r3, r4
  75 0062 9340     		lsls	r3, r3, r2
  76 0064 3B43     		orrs	r3, r7
  77 0066 8B51     		str	r3, [r1, r6]
  78              	.L5:
  79 0068 0378     		ldrb	r3, [r0]
  80 006a 1F22     		movs	r2, #31
  81 006c 1A40     		ands	r2, r3
  82 006e 0123     		movs	r3, #1
  83 0070 9340     		lsls	r3, r3, r2
  84 0072 1B4A     		ldr	r2, .L9+4
  85 0074 1360     		str	r3, [r2]
  86              	.L1:
  87              		@ sp needed
  88 0076 F0BD     		pop	{r4, r5, r6, r7, pc}
  89              	.L8:
  90 0078 0F23     		movs	r3, #15
  91 007a 2B40     		ands	r3, r5
  92 007c 083B     		subs	r3, r3, #8
  93 007e 9B08     		lsrs	r3, r3, #2
  94 0080 9B00     		lsls	r3, r3, #2
  95 0082 184A     		ldr	r2, .L9+8
  96 0084 9446     		mov	ip, r2
  97 0086 6344     		add	r3, r3, ip
  98 0088 DE69     		ldr	r6, [r3, #28]
  99 008a 0322     		movs	r2, #3
 100 008c 2A40     		ands	r2, r5
 101 008e D200     		lsls	r2, r2, #3
 102 0090 FF21     		movs	r1, #255
 103 0092 0D00     		movs	r5, r1
 104 0094 9540     		lsls	r5, r5, r2
 105 0096 AE43     		bics	r6, r5
 106 0098 6401     		lsls	r4, r4, #5
 107 009a 2140     		ands	r1, r4
 108 009c 9140     		lsls	r1, r1, r2
 109 009e 3143     		orrs	r1, r6
 110 00a0 D961     		str	r1, [r3, #28]
 111 00a2 E1E7     		b	.L5
 112              	.L2:
 113 00a4 0023     		movs	r3, #0
 114 00a6 C356     		ldrsb	r3, [r0, r3]
 115 00a8 312B     		cmp	r3, #49
ARM GAS  C:\Users\pc\AppData\Local\Temp\ccYKTCVF.s 			page 3


 116 00aa 0FDD     		ble	.L7
 117 00ac 0B4A     		ldr	r2, .L9
 118 00ae D168     		ldr	r1, [r2, #12]
 119 00b0 323B     		subs	r3, r3, #50
 120 00b2 0120     		movs	r0, #1
 121 00b4 9840     		lsls	r0, r0, r3
 122 00b6 8143     		bics	r1, r0
 123 00b8 D160     		str	r1, [r2, #12]
 124 00ba D368     		ldr	r3, [r2, #12]
 125 00bc 002B     		cmp	r3, #0
 126 00be DAD1     		bne	.L1
 127 00c0 074A     		ldr	r2, .L9+4
 128 00c2 8033     		adds	r3, r3, #128
 129 00c4 8021     		movs	r1, #128
 130 00c6 0903     		lsls	r1, r1, #12
 131 00c8 D150     		str	r1, [r2, r3]
 132 00ca D4E7     		b	.L1
 133              	.L7:
 134 00cc 1F22     		movs	r2, #31
 135 00ce 1A40     		ands	r2, r3
 136 00d0 0123     		movs	r3, #1
 137 00d2 9340     		lsls	r3, r3, r2
 138 00d4 0249     		ldr	r1, .L9+4
 139 00d6 8022     		movs	r2, #128
 140 00d8 8B50     		str	r3, [r1, r2]
 141 00da CCE7     		b	.L1
 142              	.L10:
 143              		.align	2
 144              	.L9:
 145 00dc 00600040 		.word	1073766400
 146 00e0 00E100E0 		.word	-536813312
 147 00e4 00ED00E0 		.word	-536810240
 149              		.ident	"GCC: (GNU Arm Embedded Toolchain 10.3-2021.10) 10.3.1 20210824 (release)"
ARM GAS  C:\Users\pc\AppData\Local\Temp\ccYKTCVF.s 			page 4


DEFINED SYMBOLS
                            *ABS*:00000000 rtl876x_nvic.c
C:\Users\pc\AppData\Local\Temp\ccYKTCVF.s:16     .text.NVIC_Init:00000000 $t
C:\Users\pc\AppData\Local\Temp\ccYKTCVF.s:22     .text.NVIC_Init:00000000 NVIC_Init
C:\Users\pc\AppData\Local\Temp\ccYKTCVF.s:145    .text.NVIC_Init:000000dc $d

NO UNDEFINED SYMBOLS
