ARM GAS  C:\Users\pc\AppData\Local\Temp\cckrvtPE.s 			page 1


   1              		.cpu cortex-m0plus
   2              		.arch armv6s-m
   3              		.fpu softvfp
   4              		.eabi_attribute 20, 1
   5              		.eabi_attribute 21, 1
   6              		.eabi_attribute 23, 3
   7              		.eabi_attribute 24, 1
   8              		.eabi_attribute 25, 1
   9              		.eabi_attribute 26, 1
  10              		.eabi_attribute 30, 1
  11              		.eabi_attribute 34, 0
  12              		.eabi_attribute 18, 4
  13              		.file	"rtl876x_adc.c"
  14              		.text
  15              		.section	.text.ADC_DeInit,"ax",%progbits
  16              		.align	1
  17              		.global	ADC_DeInit
  18              		.syntax unified
  19              		.code	16
  20              		.thumb_func
  22              	ADC_DeInit:
  23              		@ args = 0, pretend = 0, frame = 0
  24              		@ frame_needed = 0, uses_anonymous_args = 0
  25 0000 10B5     		push	{r4, lr}
  26 0002 C221     		movs	r1, #194
  27 0004 0022     		movs	r2, #0
  28 0006 C905     		lsls	r1, r1, #23
  29 0008 0148     		ldr	r0, .L2
  30 000a FFF7FEFF 		bl	RCC_PeriphClockCmd
  31              		@ sp needed
  32 000e 10BD     		pop	{r4, pc}
  33              	.L3:
  34              		.align	2
  35              	.L2:
  36 0010 0100000C 		.word	201326593
  38              		.section	.text.ADC_Init,"ax",%progbits
  39              		.align	1
  40              		.global	ADC_Init
  41              		.syntax unified
  42              		.code	16
  43              		.thumb_func
  45              	ADC_Init:
  46              		@ args = 0, pretend = 0, frame = 0
  47              		@ frame_needed = 0, uses_anonymous_args = 0
  48 0000 F8B5     		push	{r3, r4, r5, r6, r7, lr}
  49 0002 0500     		movs	r5, r0
  50 0004 0C00     		movs	r4, r1
  51 0006 8B26     		movs	r6, #139
  52 0008 7600     		lsls	r6, r6, #1
  53 000a 3000     		movs	r0, r6
  54 000c FFF7FEFF 		bl	btaon_fast_read_safe
  55 0010 8021     		movs	r1, #128
  56 0012 C900     		lsls	r1, r1, #3
  57 0014 0143     		orrs	r1, r0
  58 0016 89B2     		uxth	r1, r1
  59 0018 3000     		movs	r0, r6
  60 001a FFF7FEFF 		bl	btaon_fast_write_safe
ARM GAS  C:\Users\pc\AppData\Local\Temp\cckrvtPE.s 			page 2


  61 001e 3000     		movs	r0, r6
  62 0020 FFF7FEFF 		bl	btaon_fast_read_safe
  63 0024 3021     		movs	r1, #48
  64 0026 0143     		orrs	r1, r0
  65 0028 89B2     		uxth	r1, r1
  66 002a 3000     		movs	r0, r6
  67 002c FFF7FEFF 		bl	btaon_fast_write_safe
  68 0030 EB68     		ldr	r3, [r5, #12]
  69 0032 1F22     		movs	r2, #31
  70 0034 9343     		bics	r3, r2
  71 0036 EB60     		str	r3, [r5, #12]
  72 0038 E36D     		ldr	r3, [r4, #92]
  73 003a 9B01     		lsls	r3, r3, #6
  74 003c A232     		adds	r2, r2, #162
  75 003e FF32     		adds	r2, r2, #255
  76 0040 1340     		ands	r3, r2
  77 0042 A26D     		ldr	r2, [r4, #88]
  78 0044 616D     		ldr	r1, [r4, #84]
  79 0046 0A43     		orrs	r2, r1
  80 0048 1343     		orrs	r3, r2
  81 004a 2B65     		str	r3, [r5, #80]
  82 004c 636D     		ldr	r3, [r4, #84]
  83 004e 002B     		cmp	r3, #0
  84 0050 07D1     		bne	.L5
  85 0052 2A6D     		ldr	r2, [r5, #80]
  86 0054 236E     		ldr	r3, [r4, #96]
  87 0056 616E     		ldr	r1, [r4, #100]
  88 0058 0B43     		orrs	r3, r1
  89 005a A16E     		ldr	r1, [r4, #104]
  90 005c 0B43     		orrs	r3, r1
  91 005e 1343     		orrs	r3, r2
  92 0060 2B65     		str	r3, [r5, #80]
  93              	.L5:
  94 0062 8023     		movs	r3, #128
  95 0064 5B04     		lsls	r3, r3, #17
  96 0066 226D     		ldr	r2, [r4, #80]
  97 0068 9A42     		cmp	r2, r3
  98 006a 51D0     		beq	.L11
  99 006c AB68     		ldr	r3, [r5, #8]
 100 006e 1B0C     		lsrs	r3, r3, #16
 101 0070 1B04     		lsls	r3, r3, #16
 102 0072 AB60     		str	r3, [r5, #8]
 103 0074 2200     		movs	r2, r4
 104 0076 1C32     		adds	r2, r2, #28
 105 0078 2800     		movs	r0, r5
 106 007a 1030     		adds	r0, r0, #16
 107 007c 3023     		movs	r3, #48
 108 007e 9C46     		mov	ip, r3
 109 0080 AC44     		add	ip, ip, r5
 110 0082 F827     		movs	r7, #248
 111 0084 7F03     		lsls	r7, r7, #13
 112 0086 1F26     		movs	r6, #31
 113              	.L8:
 114 0088 5388     		ldrh	r3, [r2, #2]
 115 008a 1B04     		lsls	r3, r3, #16
 116 008c 3B40     		ands	r3, r7
 117 008e 1188     		ldrh	r1, [r2]
ARM GAS  C:\Users\pc\AppData\Local\Temp\cckrvtPE.s 			page 3


 118 0090 3140     		ands	r1, r6
 119 0092 0B43     		orrs	r3, r1
 120 0094 08C0     		stmia	r0!, {r3}
 121 0096 0432     		adds	r2, r2, #4
 122 0098 6045     		cmp	r0, ip
 123 009a F5D1     		bne	.L8
 124 009c A38F     		ldrh	r3, [r4, #60]
 125 009e AB60     		str	r3, [r5, #8]
 126              	.L7:
 127 00a0 A368     		ldr	r3, [r4, #8]
 128 00a2 6269     		ldr	r2, [r4, #20]
 129 00a4 1343     		orrs	r3, r2
 130 00a6 A269     		ldr	r2, [r4, #24]
 131 00a8 1343     		orrs	r3, r2
 132 00aa E268     		ldr	r2, [r4, #12]
 133 00ac 1205     		lsls	r2, r2, #20
 134 00ae FC21     		movs	r1, #252
 135 00b0 8904     		lsls	r1, r1, #18
 136 00b2 0A40     		ands	r2, r1
 137 00b4 1343     		orrs	r3, r2
 138 00b6 2269     		ldr	r2, [r4, #16]
 139 00b8 9203     		lsls	r2, r2, #14
 140 00ba FC21     		movs	r1, #252
 141 00bc 0903     		lsls	r1, r1, #12
 142 00be 0A40     		ands	r2, r1
 143 00c0 1343     		orrs	r3, r2
 144 00c2 6B60     		str	r3, [r5, #4]
 145 00c4 636C     		ldr	r3, [r4, #68]
 146 00c6 226C     		ldr	r2, [r4, #64]
 147 00c8 1343     		orrs	r3, r2
 148 00ca A26C     		ldr	r2, [r4, #72]
 149 00cc 1204     		lsls	r2, r2, #16
 150 00ce 1949     		ldr	r1, .L12
 151 00d0 0A40     		ands	r2, r1
 152 00d2 1343     		orrs	r3, r2
 153 00d4 6B65     		str	r3, [r5, #84]
 154 00d6 AA6D     		ldr	r2, [r5, #88]
 155 00d8 C023     		movs	r3, #192
 156 00da 1B01     		lsls	r3, r3, #4
 157 00dc 1343     		orrs	r3, r2
 158 00de AB65     		str	r3, [r5, #88]
 159 00e0 2368     		ldr	r3, [r4]
 160 00e2 9B04     		lsls	r3, r3, #18
 161 00e4 9B0C     		lsrs	r3, r3, #18
 162 00e6 122B     		cmp	r3, #18
 163 00e8 01D8     		bhi	.L9
 164 00ea 1323     		movs	r3, #19
 165 00ec 2360     		str	r3, [r4]
 166              	.L9:
 167 00ee 2368     		ldr	r3, [r4]
 168 00f0 9B04     		lsls	r3, r3, #18
 169 00f2 9B0C     		lsrs	r3, r3, #18
 170 00f4 6268     		ldr	r2, [r4, #4]
 171 00f6 1343     		orrs	r3, r2
 172 00f8 EB65     		str	r3, [r5, #92]
 173 00fa 6A68     		ldr	r2, [r5, #4]
 174 00fc 8023     		movs	r3, #128
ARM GAS  C:\Users\pc\AppData\Local\Temp\cckrvtPE.s 			page 4


 175 00fe DB04     		lsls	r3, r3, #19
 176 0100 1343     		orrs	r3, r2
 177 0102 6B60     		str	r3, [r5, #4]
 178 0104 EA68     		ldr	r2, [r5, #12]
 179 0106 F823     		movs	r3, #248
 180 0108 5B01     		lsls	r3, r3, #5
 181 010a 1343     		orrs	r3, r2
 182 010c EB60     		str	r3, [r5, #12]
 183              		@ sp needed
 184 010e F8BD     		pop	{r3, r4, r5, r6, r7, pc}
 185              	.L11:
 186 0110 2A6D     		ldr	r2, [r5, #80]
 187 0112 E36C     		ldr	r3, [r4, #76]
 188 0114 1A43     		orrs	r2, r3
 189 0116 8023     		movs	r3, #128
 190 0118 5B04     		lsls	r3, r3, #17
 191 011a 1343     		orrs	r3, r2
 192 011c 2B65     		str	r3, [r5, #80]
 193 011e AB68     		ldr	r3, [r5, #8]
 194 0120 1B0C     		lsrs	r3, r3, #16
 195 0122 1B04     		lsls	r3, r3, #16
 196 0124 AB60     		str	r3, [r5, #8]
 197 0126 A38B     		ldrh	r3, [r4, #28]
 198 0128 2B61     		str	r3, [r5, #16]
 199 012a AB68     		ldr	r3, [r5, #8]
 200 012c 0122     		movs	r2, #1
 201 012e 1343     		orrs	r3, r2
 202 0130 AB60     		str	r3, [r5, #8]
 203 0132 B5E7     		b	.L7
 204              	.L13:
 205              		.align	2
 206              	.L12:
 207 0134 0000FF0F 		.word	268369920
 209              		.section	.text.ADC_StructInit,"ax",%progbits
 210              		.align	1
 211              		.global	ADC_StructInit
 212              		.syntax unified
 213              		.code	16
 214              		.thumb_func
 216              	ADC_StructInit:
 217              		@ args = 0, pretend = 0, frame = 0
 218              		@ frame_needed = 0, uses_anonymous_args = 0
 219              		@ link register save eliminated.
 220 0000 FF23     		movs	r3, #255
 221 0002 0360     		str	r3, [r0]
 222 0004 0023     		movs	r3, #0
 223 0006 4360     		str	r3, [r0, #4]
 224 0008 8360     		str	r3, [r0, #8]
 225 000a 0A22     		movs	r2, #10
 226 000c C260     		str	r2, [r0, #12]
 227 000e 093A     		subs	r2, r2, #9
 228 0010 0261     		str	r2, [r0, #16]
 229 0012 8021     		movs	r1, #128
 230 0014 8901     		lsls	r1, r1, #6
 231 0016 4161     		str	r1, [r0, #20]
 232 0018 8361     		str	r3, [r0, #24]
 233 001a 8383     		strh	r3, [r0, #28]
ARM GAS  C:\Users\pc\AppData\Local\Temp\cckrvtPE.s 			page 5


 234 001c C383     		strh	r3, [r0, #30]
 235 001e 0384     		strh	r3, [r0, #32]
 236 0020 4384     		strh	r3, [r0, #34]
 237 0022 8384     		strh	r3, [r0, #36]
 238 0024 C384     		strh	r3, [r0, #38]
 239 0026 0385     		strh	r3, [r0, #40]
 240 0028 4385     		strh	r3, [r0, #42]
 241 002a 8385     		strh	r3, [r0, #44]
 242 002c C385     		strh	r3, [r0, #46]
 243 002e 0386     		strh	r3, [r0, #48]
 244 0030 4386     		strh	r3, [r0, #50]
 245 0032 8386     		strh	r3, [r0, #52]
 246 0034 C386     		strh	r3, [r0, #54]
 247 0036 0387     		strh	r3, [r0, #56]
 248 0038 4387     		strh	r3, [r0, #58]
 249 003a 8387     		strh	r3, [r0, #60]
 250 003c 0364     		str	r3, [r0, #64]
 251 003e 4364     		str	r3, [r0, #68]
 252 0040 8364     		str	r3, [r0, #72]
 253 0042 0365     		str	r3, [r0, #80]
 254 0044 C364     		str	r3, [r0, #76]
 255 0046 4365     		str	r3, [r0, #84]
 256 0048 8365     		str	r3, [r0, #88]
 257 004a C265     		str	r2, [r0, #92]
 258 004c 0366     		str	r3, [r0, #96]
 259 004e 4366     		str	r3, [r0, #100]
 260 0050 8366     		str	r3, [r0, #104]
 261              		@ sp needed
 262 0052 7047     		bx	lr
 264              		.section	.text.ADC_Cmd,"ax",%progbits
 265              		.align	1
 266              		.global	ADC_Cmd
 267              		.syntax unified
 268              		.code	16
 269              		.thumb_func
 271              	ADC_Cmd:
 272              		@ args = 0, pretend = 0, frame = 0
 273              		@ frame_needed = 0, uses_anonymous_args = 0
 274 0000 70B5     		push	{r4, r5, r6, lr}
 275 0002 0400     		movs	r4, r0
 276 0004 0D00     		movs	r5, r1
 277 0006 012A     		cmp	r2, #1
 278 0008 0FD0     		beq	.L19
 279 000a 4368     		ldr	r3, [r0, #4]
 280 000c 0322     		movs	r2, #3
 281 000e 9343     		bics	r3, r2
 282 0010 4360     		str	r3, [r0, #4]
 283 0012 1424     		movs	r4, #20
 284 0014 FF34     		adds	r4, r4, #255
 285 0016 2000     		movs	r0, r4
 286 0018 FFF7FEFF 		bl	btaon_fast_read_safe
 287 001c 0421     		movs	r1, #4
 288 001e 0143     		orrs	r1, r0
 289 0020 C9B2     		uxtb	r1, r1
 290 0022 2000     		movs	r0, r4
 291 0024 FFF7FEFF 		bl	btaon_fast_write_safe
 292              	.L15:
ARM GAS  C:\Users\pc\AppData\Local\Temp\cckrvtPE.s 			page 6


 293              		@ sp needed
 294 0028 70BD     		pop	{r4, r5, r6, pc}
 295              	.L19:
 296 002a 1426     		movs	r6, #20
 297 002c FF36     		adds	r6, r6, #255
 298 002e 3000     		movs	r0, r6
 299 0030 FFF7FEFF 		bl	btaon_fast_read_safe
 300 0034 FB21     		movs	r1, #251
 301 0036 0140     		ands	r1, r0
 302 0038 3000     		movs	r0, r6
 303 003a FFF7FEFF 		bl	btaon_fast_write_safe
 304 003e 236D     		ldr	r3, [r4, #80]
 305 0040 1B03     		lsls	r3, r3, #12
 306 0042 1ED5     		bpl	.L17
 307 0044 226D     		ldr	r2, [r4, #80]
 308 0046 F023     		movs	r3, #240
 309 0048 9B01     		lsls	r3, r3, #6
 310 004a 1343     		orrs	r3, r2
 311 004c 2365     		str	r3, [r4, #80]
 312 004e 114E     		ldr	r6, .L20
 313 0050 5020     		movs	r0, #80
 314 0052 3368     		ldr	r3, [r6]
 315 0054 9847     		blx	r3
 316 0056 226D     		ldr	r2, [r4, #80]
 317 0058 C023     		movs	r3, #192
 318 005a 1B02     		lsls	r3, r3, #8
 319 005c 1343     		orrs	r3, r2
 320 005e 2365     		str	r3, [r4, #80]
 321 0060 A020     		movs	r0, #160
 322 0062 4000     		lsls	r0, r0, #1
 323 0064 3368     		ldr	r3, [r6]
 324 0066 9847     		blx	r3
 325 0068 226D     		ldr	r2, [r4, #80]
 326 006a C023     		movs	r3, #192
 327 006c 9B02     		lsls	r3, r3, #10
 328 006e 1343     		orrs	r3, r2
 329 0070 2365     		str	r3, [r4, #80]
 330 0072 3368     		ldr	r3, [r6]
 331 0074 F020     		movs	r0, #240
 332 0076 9847     		blx	r3
 333 0078 226D     		ldr	r2, [r4, #80]
 334 007a 8023     		movs	r3, #128
 335 007c DB02     		lsls	r3, r3, #11
 336 007e 1343     		orrs	r3, r2
 337 0080 2365     		str	r3, [r4, #80]
 338              	.L17:
 339 0082 6368     		ldr	r3, [r4, #4]
 340 0084 0322     		movs	r2, #3
 341 0086 9343     		bics	r3, r2
 342 0088 6360     		str	r3, [r4, #4]
 343 008a 6168     		ldr	r1, [r4, #4]
 344 008c 2943     		orrs	r1, r5
 345 008e 6160     		str	r1, [r4, #4]
 346 0090 CAE7     		b	.L15
 347              	.L21:
 348 0092 C046     		.align	2
 349              	.L20:
ARM GAS  C:\Users\pc\AppData\Local\Temp\cckrvtPE.s 			page 7


 350 0094 00000000 		.word	platform_delay_us
 352              		.section	.text.ADC_INTConfig,"ax",%progbits
 353              		.align	1
 354              		.global	ADC_INTConfig
 355              		.syntax unified
 356              		.code	16
 357              		.thumb_func
 359              	ADC_INTConfig:
 360              		@ args = 0, pretend = 0, frame = 0
 361              		@ frame_needed = 0, uses_anonymous_args = 0
 362              		@ link register save eliminated.
 363 0000 002A     		cmp	r2, #0
 364 0002 03D0     		beq	.L23
 365 0004 C368     		ldr	r3, [r0, #12]
 366 0006 1943     		orrs	r1, r3
 367 0008 C160     		str	r1, [r0, #12]
 368              	.L22:
 369              		@ sp needed
 370 000a 7047     		bx	lr
 371              	.L23:
 372 000c C368     		ldr	r3, [r0, #12]
 373 000e 8B43     		bics	r3, r1
 374 0010 C360     		str	r3, [r0, #12]
 375 0012 FAE7     		b	.L22
 377              		.section	.text.ADC_ReadRawData,"ax",%progbits
 378              		.align	1
 379              		.global	ADC_ReadRawData
 380              		.syntax unified
 381              		.code	16
 382              		.thumb_func
 384              	ADC_ReadRawData:
 385              		@ args = 0, pretend = 0, frame = 0
 386              		@ frame_needed = 0, uses_anonymous_args = 0
 387              		@ link register save eliminated.
 388 0000 CB07     		lsls	r3, r1, #31
 389 0002 04D5     		bpl	.L26
 390 0004 4908     		lsrs	r1, r1, #1
 391 0006 8900     		lsls	r1, r1, #2
 392 0008 4118     		adds	r1, r0, r1
 393 000a 488E     		ldrh	r0, [r1, #50]
 394              	.L27:
 395              		@ sp needed
 396 000c 7047     		bx	lr
 397              	.L26:
 398 000e 4908     		lsrs	r1, r1, #1
 399 0010 8900     		lsls	r1, r1, #2
 400 0012 4118     		adds	r1, r0, r1
 401 0014 088E     		ldrh	r0, [r1, #48]
 402 0016 F9E7     		b	.L27
 404              		.section	.text.ADC_ReadAvgRawData,"ax",%progbits
 405              		.align	1
 406              		.global	ADC_ReadAvgRawData
 407              		.syntax unified
 408              		.code	16
 409              		.thumb_func
 411              	ADC_ReadAvgRawData:
 412              		@ args = 0, pretend = 0, frame = 0
ARM GAS  C:\Users\pc\AppData\Local\Temp\cckrvtPE.s 			page 8


 413              		@ frame_needed = 0, uses_anonymous_args = 0
 414              		@ link register save eliminated.
 415 0000 006B     		ldr	r0, [r0, #48]
 416 0002 80B2     		uxth	r0, r0
 417              		@ sp needed
 418 0004 7047     		bx	lr
 420              		.section	.text.ADC_ReadFIFO,"ax",%progbits
 421              		.align	1
 422              		.global	ADC_ReadFIFO
 423              		.syntax unified
 424              		.code	16
 425              		.thumb_func
 427              	ADC_ReadFIFO:
 428              		@ args = 0, pretend = 0, frame = 0
 429              		@ frame_needed = 0, uses_anonymous_args = 0
 430              		@ link register save eliminated.
 431 0000 0068     		ldr	r0, [r0]
 432 0002 0005     		lsls	r0, r0, #20
 433 0004 000D     		lsrs	r0, r0, #20
 434              		@ sp needed
 435 0006 7047     		bx	lr
 437              		.section	.text.ADC_ReadFIFOData,"ax",%progbits
 438              		.align	1
 439              		.global	ADC_ReadFIFOData
 440              		.syntax unified
 441              		.code	16
 442              		.thumb_func
 444              	ADC_ReadFIFOData:
 445              		@ args = 0, pretend = 0, frame = 0
 446              		@ frame_needed = 0, uses_anonymous_args = 0
 447 0000 10B5     		push	{r4, lr}
 448 0002 531E     		subs	r3, r2, #1
 449 0004 9BB2     		uxth	r3, r3
 450 0006 002A     		cmp	r2, #0
 451 0008 07D0     		beq	.L30
 452 000a 044C     		ldr	r4, .L34
 453              	.L32:
 454 000c 0268     		ldr	r2, [r0]
 455 000e 0A80     		strh	r2, [r1]
 456 0010 013B     		subs	r3, r3, #1
 457 0012 9BB2     		uxth	r3, r3
 458 0014 0231     		adds	r1, r1, #2
 459 0016 A342     		cmp	r3, r4
 460 0018 F8D1     		bne	.L32
 461              	.L30:
 462              		@ sp needed
 463 001a 10BD     		pop	{r4, pc}
 464              	.L35:
 465              		.align	2
 466              	.L34:
 467 001c FFFF0000 		.word	65535
 469              		.section	.text.ADC_GetFIFODataLen,"ax",%progbits
 470              		.align	1
 471              		.global	ADC_GetFIFODataLen
 472              		.syntax unified
 473              		.code	16
 474              		.thumb_func
ARM GAS  C:\Users\pc\AppData\Local\Temp\cckrvtPE.s 			page 9


 476              	ADC_GetFIFODataLen:
 477              		@ args = 0, pretend = 0, frame = 0
 478              		@ frame_needed = 0, uses_anonymous_args = 0
 479              		@ link register save eliminated.
 480 0000 8068     		ldr	r0, [r0, #8]
 481 0002 8002     		lsls	r0, r0, #10
 482 0004 800E     		lsrs	r0, r0, #26
 483              		@ sp needed
 484 0006 7047     		bx	lr
 486              		.section	.text.ADC_SchIndexConfig,"ax",%progbits
 487              		.align	1
 488              		.global	ADC_SchIndexConfig
 489              		.syntax unified
 490              		.code	16
 491              		.thumb_func
 493              	ADC_SchIndexConfig:
 494              		@ args = 0, pretend = 0, frame = 0
 495              		@ frame_needed = 0, uses_anonymous_args = 0
 496              		@ link register save eliminated.
 497 0000 D307     		lsls	r3, r2, #31
 498 0002 08D5     		bpl	.L38
 499 0004 1030     		adds	r0, r0, #16
 500 0006 5208     		lsrs	r2, r2, #1
 501 0008 9200     		lsls	r2, r2, #2
 502 000a 8018     		adds	r0, r0, r2
 503 000c 0904     		lsls	r1, r1, #16
 504 000e 0368     		ldr	r3, [r0]
 505 0010 1943     		orrs	r1, r3
 506 0012 0160     		str	r1, [r0]
 507              	.L37:
 508              		@ sp needed
 509 0014 7047     		bx	lr
 510              	.L38:
 511 0016 1030     		adds	r0, r0, #16
 512 0018 5208     		lsrs	r2, r2, #1
 513 001a 9200     		lsls	r2, r2, #2
 514 001c 8018     		adds	r0, r0, r2
 515 001e 0368     		ldr	r3, [r0]
 516 0020 1943     		orrs	r1, r3
 517 0022 0160     		str	r1, [r0]
 518 0024 F6E7     		b	.L37
 520              		.section	.text.ADC_SchTableConfig,"ax",%progbits
 521              		.align	1
 522              		.global	ADC_SchTableConfig
 523              		.syntax unified
 524              		.code	16
 525              		.thumb_func
 527              	ADC_SchTableConfig:
 528              		@ args = 0, pretend = 0, frame = 0
 529              		@ frame_needed = 0, uses_anonymous_args = 0
 530              		@ link register save eliminated.
 531 0000 CB07     		lsls	r3, r1, #31
 532 0002 08D5     		bpl	.L41
 533 0004 1030     		adds	r0, r0, #16
 534 0006 4908     		lsrs	r1, r1, #1
 535 0008 8900     		lsls	r1, r1, #2
 536 000a 4018     		adds	r0, r0, r1
ARM GAS  C:\Users\pc\AppData\Local\Temp\cckrvtPE.s 			page 10


 537 000c 1204     		lsls	r2, r2, #16
 538 000e 0368     		ldr	r3, [r0]
 539 0010 1A43     		orrs	r2, r3
 540 0012 0260     		str	r2, [r0]
 541              	.L40:
 542              		@ sp needed
 543 0014 7047     		bx	lr
 544              	.L41:
 545 0016 1030     		adds	r0, r0, #16
 546 0018 4908     		lsrs	r1, r1, #1
 547 001a 8900     		lsls	r1, r1, #2
 548 001c 4018     		adds	r0, r0, r1
 549 001e 0368     		ldr	r3, [r0]
 550 0020 1A43     		orrs	r2, r3
 551 0022 0260     		str	r2, [r0]
 552 0024 F6E7     		b	.L40
 554              		.section	.text.ADC_BitMapConfig,"ax",%progbits
 555              		.align	1
 556              		.global	ADC_BitMapConfig
 557              		.syntax unified
 558              		.code	16
 559              		.thumb_func
 561              	ADC_BitMapConfig:
 562              		@ args = 0, pretend = 0, frame = 0
 563              		@ frame_needed = 0, uses_anonymous_args = 0
 564              		@ link register save eliminated.
 565 0000 012A     		cmp	r2, #1
 566 0002 03D0     		beq	.L46
 567 0004 8368     		ldr	r3, [r0, #8]
 568 0006 8B43     		bics	r3, r1
 569 0008 8360     		str	r3, [r0, #8]
 570              	.L43:
 571              		@ sp needed
 572 000a 7047     		bx	lr
 573              	.L46:
 574 000c 8368     		ldr	r3, [r0, #8]
 575 000e 1943     		orrs	r1, r3
 576 0010 8160     		str	r1, [r0, #8]
 577 0012 FAE7     		b	.L43
 579              		.section	.text.ADC_ManualPowerOnCmd,"ax",%progbits
 580              		.align	1
 581              		.global	ADC_ManualPowerOnCmd
 582              		.syntax unified
 583              		.code	16
 584              		.thumb_func
 586              	ADC_ManualPowerOnCmd:
 587              		@ args = 0, pretend = 0, frame = 0
 588              		@ frame_needed = 0, uses_anonymous_args = 0
 589              		@ link register save eliminated.
 590 0000 0029     		cmp	r1, #0
 591 0002 05D0     		beq	.L48
 592 0004 026D     		ldr	r2, [r0, #80]
 593 0006 8023     		movs	r3, #128
 594 0008 1B03     		lsls	r3, r3, #12
 595 000a 1343     		orrs	r3, r2
 596 000c 0365     		str	r3, [r0, #80]
 597              	.L47:
ARM GAS  C:\Users\pc\AppData\Local\Temp\cckrvtPE.s 			page 11


 598              		@ sp needed
 599 000e 7047     		bx	lr
 600              	.L48:
 601 0010 036D     		ldr	r3, [r0, #80]
 602 0012 024A     		ldr	r2, .L50
 603 0014 1340     		ands	r3, r2
 604 0016 0365     		str	r3, [r0, #80]
 605 0018 F9E7     		b	.L47
 606              	.L51:
 607 001a C046     		.align	2
 608              	.L50:
 609 001c FFFFF7FF 		.word	-524289
 611              		.section	.text.ADC_WriteFIFOCmd,"ax",%progbits
 612              		.align	1
 613              		.global	ADC_WriteFIFOCmd
 614              		.syntax unified
 615              		.code	16
 616              		.thumb_func
 618              	ADC_WriteFIFOCmd:
 619              		@ args = 0, pretend = 0, frame = 0
 620              		@ frame_needed = 0, uses_anonymous_args = 0
 621              		@ link register save eliminated.
 622 0000 0029     		cmp	r1, #0
 623 0002 05D1     		bne	.L53
 624 0004 026D     		ldr	r2, [r0, #80]
 625 0006 8023     		movs	r3, #128
 626 0008 9B03     		lsls	r3, r3, #14
 627 000a 1343     		orrs	r3, r2
 628 000c 0365     		str	r3, [r0, #80]
 629              	.L52:
 630              		@ sp needed
 631 000e 7047     		bx	lr
 632              	.L53:
 633 0010 036D     		ldr	r3, [r0, #80]
 634 0012 024A     		ldr	r2, .L55
 635 0014 1340     		ands	r3, r2
 636 0016 0365     		str	r3, [r0, #80]
 637 0018 F9E7     		b	.L52
 638              	.L56:
 639 001a C046     		.align	2
 640              	.L55:
 641 001c FFFFDFFF 		.word	-2097153
 643              		.section	.text.ADC_BypassCmd,"ax",%progbits
 644              		.align	1
 645              		.global	ADC_BypassCmd
 646              		.syntax unified
 647              		.code	16
 648              		.thumb_func
 650              	ADC_BypassCmd:
 651              		@ args = 0, pretend = 0, frame = 0
 652              		@ frame_needed = 0, uses_anonymous_args = 0
 653 0000 70B5     		push	{r4, r5, r6, lr}
 654 0002 0400     		movs	r4, r0
 655 0004 0328     		cmp	r0, #3
 656 0006 0DD8     		bhi	.L57
 657 0008 0029     		cmp	r1, #0
 658 000a 0CD0     		beq	.L59
ARM GAS  C:\Users\pc\AppData\Local\Temp\cckrvtPE.s 			page 12


 659 000c 8C25     		movs	r5, #140
 660 000e 6D00     		lsls	r5, r5, #1
 661 0010 2800     		movs	r0, r5
 662 0012 FFF7FEFF 		bl	btaon_fast_read_safe
 663 0016 0121     		movs	r1, #1
 664 0018 A140     		lsls	r1, r1, r4
 665 001a 0143     		orrs	r1, r0
 666 001c 89B2     		uxth	r1, r1
 667 001e 2800     		movs	r0, r5
 668 0020 FFF7FEFF 		bl	btaon_fast_write_safe
 669              	.L57:
 670              		@ sp needed
 671 0024 70BD     		pop	{r4, r5, r6, pc}
 672              	.L59:
 673 0026 8C25     		movs	r5, #140
 674 0028 6D00     		lsls	r5, r5, #1
 675 002a 2800     		movs	r0, r5
 676 002c FFF7FEFF 		bl	btaon_fast_read_safe
 677 0030 0123     		movs	r3, #1
 678 0032 A340     		lsls	r3, r3, r4
 679 0034 9843     		bics	r0, r3
 680 0036 81B2     		uxth	r1, r0
 681 0038 2800     		movs	r0, r5
 682 003a FFF7FEFF 		bl	btaon_fast_write_safe
 683 003e F1E7     		b	.L57
 685              		.section	.text.ADC_GetINTStatus,"ax",%progbits
 686              		.align	1
 687              		.global	ADC_GetINTStatus
 688              		.syntax unified
 689              		.code	16
 690              		.thumb_func
 692              	ADC_GetINTStatus:
 693              		@ args = 0, pretend = 0, frame = 0
 694              		@ frame_needed = 0, uses_anonymous_args = 0
 695              		@ link register save eliminated.
 696 0000 C068     		ldr	r0, [r0, #12]
 697 0002 0904     		lsls	r1, r1, #16
 698 0004 0840     		ands	r0, r1
 699 0006 431E     		subs	r3, r0, #1
 700 0008 9841     		sbcs	r0, r0, r3
 701 000a C0B2     		uxtb	r0, r0
 702              		@ sp needed
 703 000c 7047     		bx	lr
 705              		.section	.text.ADC_ClearINTPendingBit,"ax",%progbits
 706              		.align	1
 707              		.global	ADC_ClearINTPendingBit
 708              		.syntax unified
 709              		.code	16
 710              		.thumb_func
 712              	ADC_ClearINTPendingBit:
 713              		@ args = 0, pretend = 0, frame = 0
 714              		@ frame_needed = 0, uses_anonymous_args = 0
 715              		@ link register save eliminated.
 716 0000 C368     		ldr	r3, [r0, #12]
 717 0002 0902     		lsls	r1, r1, #8
 718 0004 1943     		orrs	r1, r3
 719 0006 C160     		str	r1, [r0, #12]
ARM GAS  C:\Users\pc\AppData\Local\Temp\cckrvtPE.s 			page 13


 720              		@ sp needed
 721 0008 7047     		bx	lr
 723              		.ident	"GCC: (GNU Arm Embedded Toolchain 10.3-2021.10) 10.3.1 20210824 (release)"
ARM GAS  C:\Users\pc\AppData\Local\Temp\cckrvtPE.s 			page 14


DEFINED SYMBOLS
                            *ABS*:00000000 rtl876x_adc.c
C:\Users\pc\AppData\Local\Temp\cckrvtPE.s:16     .text.ADC_DeInit:00000000 $t
C:\Users\pc\AppData\Local\Temp\cckrvtPE.s:22     .text.ADC_DeInit:00000000 ADC_DeInit
C:\Users\pc\AppData\Local\Temp\cckrvtPE.s:36     .text.ADC_DeInit:00000010 $d
C:\Users\pc\AppData\Local\Temp\cckrvtPE.s:39     .text.ADC_Init:00000000 $t
C:\Users\pc\AppData\Local\Temp\cckrvtPE.s:45     .text.ADC_Init:00000000 ADC_Init
C:\Users\pc\AppData\Local\Temp\cckrvtPE.s:207    .text.ADC_Init:00000134 $d
C:\Users\pc\AppData\Local\Temp\cckrvtPE.s:210    .text.ADC_StructInit:00000000 $t
C:\Users\pc\AppData\Local\Temp\cckrvtPE.s:216    .text.ADC_StructInit:00000000 ADC_StructInit
C:\Users\pc\AppData\Local\Temp\cckrvtPE.s:265    .text.ADC_Cmd:00000000 $t
C:\Users\pc\AppData\Local\Temp\cckrvtPE.s:271    .text.ADC_Cmd:00000000 ADC_Cmd
C:\Users\pc\AppData\Local\Temp\cckrvtPE.s:350    .text.ADC_Cmd:00000094 $d
C:\Users\pc\AppData\Local\Temp\cckrvtPE.s:353    .text.ADC_INTConfig:00000000 $t
C:\Users\pc\AppData\Local\Temp\cckrvtPE.s:359    .text.ADC_INTConfig:00000000 ADC_INTConfig
C:\Users\pc\AppData\Local\Temp\cckrvtPE.s:378    .text.ADC_ReadRawData:00000000 $t
C:\Users\pc\AppData\Local\Temp\cckrvtPE.s:384    .text.ADC_ReadRawData:00000000 ADC_ReadRawData
C:\Users\pc\AppData\Local\Temp\cckrvtPE.s:405    .text.ADC_ReadAvgRawData:00000000 $t
C:\Users\pc\AppData\Local\Temp\cckrvtPE.s:411    .text.ADC_ReadAvgRawData:00000000 ADC_ReadAvgRawData
C:\Users\pc\AppData\Local\Temp\cckrvtPE.s:421    .text.ADC_ReadFIFO:00000000 $t
C:\Users\pc\AppData\Local\Temp\cckrvtPE.s:427    .text.ADC_ReadFIFO:00000000 ADC_ReadFIFO
C:\Users\pc\AppData\Local\Temp\cckrvtPE.s:438    .text.ADC_ReadFIFOData:00000000 $t
C:\Users\pc\AppData\Local\Temp\cckrvtPE.s:444    .text.ADC_ReadFIFOData:00000000 ADC_ReadFIFOData
C:\Users\pc\AppData\Local\Temp\cckrvtPE.s:467    .text.ADC_ReadFIFOData:0000001c $d
C:\Users\pc\AppData\Local\Temp\cckrvtPE.s:470    .text.ADC_GetFIFODataLen:00000000 $t
C:\Users\pc\AppData\Local\Temp\cckrvtPE.s:476    .text.ADC_GetFIFODataLen:00000000 ADC_GetFIFODataLen
C:\Users\pc\AppData\Local\Temp\cckrvtPE.s:487    .text.ADC_SchIndexConfig:00000000 $t
C:\Users\pc\AppData\Local\Temp\cckrvtPE.s:493    .text.ADC_SchIndexConfig:00000000 ADC_SchIndexConfig
C:\Users\pc\AppData\Local\Temp\cckrvtPE.s:521    .text.ADC_SchTableConfig:00000000 $t
C:\Users\pc\AppData\Local\Temp\cckrvtPE.s:527    .text.ADC_SchTableConfig:00000000 ADC_SchTableConfig
C:\Users\pc\AppData\Local\Temp\cckrvtPE.s:555    .text.ADC_BitMapConfig:00000000 $t
C:\Users\pc\AppData\Local\Temp\cckrvtPE.s:561    .text.ADC_BitMapConfig:00000000 ADC_BitMapConfig
C:\Users\pc\AppData\Local\Temp\cckrvtPE.s:580    .text.ADC_ManualPowerOnCmd:00000000 $t
C:\Users\pc\AppData\Local\Temp\cckrvtPE.s:586    .text.ADC_ManualPowerOnCmd:00000000 ADC_ManualPowerOnCmd
C:\Users\pc\AppData\Local\Temp\cckrvtPE.s:609    .text.ADC_ManualPowerOnCmd:0000001c $d
C:\Users\pc\AppData\Local\Temp\cckrvtPE.s:612    .text.ADC_WriteFIFOCmd:00000000 $t
C:\Users\pc\AppData\Local\Temp\cckrvtPE.s:618    .text.ADC_WriteFIFOCmd:00000000 ADC_WriteFIFOCmd
C:\Users\pc\AppData\Local\Temp\cckrvtPE.s:641    .text.ADC_WriteFIFOCmd:0000001c $d
C:\Users\pc\AppData\Local\Temp\cckrvtPE.s:644    .text.ADC_BypassCmd:00000000 $t
C:\Users\pc\AppData\Local\Temp\cckrvtPE.s:650    .text.ADC_BypassCmd:00000000 ADC_BypassCmd
C:\Users\pc\AppData\Local\Temp\cckrvtPE.s:686    .text.ADC_GetINTStatus:00000000 $t
C:\Users\pc\AppData\Local\Temp\cckrvtPE.s:692    .text.ADC_GetINTStatus:00000000 ADC_GetINTStatus
C:\Users\pc\AppData\Local\Temp\cckrvtPE.s:706    .text.ADC_ClearINTPendingBit:00000000 $t
C:\Users\pc\AppData\Local\Temp\cckrvtPE.s:712    .text.ADC_ClearINTPendingBit:00000000 ADC_ClearINTPendingBit

UNDEFINED SYMBOLS
RCC_PeriphClockCmd
btaon_fast_read_safe
btaon_fast_write_safe
platform_delay_us
