ARM GAS  C:\Users\pc\AppData\Local\Temp\cc6AjW6U.s 			page 1


   1              		.cpu cortex-m0plus
   2              		.arch armv6s-m
   3              		.fpu softvfp
   4              		.eabi_attribute 20, 1
   5              		.eabi_attribute 21, 1
   6              		.eabi_attribute 23, 3
   7              		.eabi_attribute 24, 1
   8              		.eabi_attribute 25, 1
   9              		.eabi_attribute 26, 1
  10              		.eabi_attribute 30, 1
  11              		.eabi_attribute 34, 0
  12              		.eabi_attribute 18, 4
  13              		.file	"rtl876x_rcc.c"
  14              		.text
  15              		.section	.text.RCC_PeriphClockCmd,"ax",%progbits
  16              		.align	1
  17              		.global	RCC_PeriphClockCmd
  18              		.syntax unified
  19              		.code	16
  20              		.thumb_func
  22              	RCC_PeriphClockCmd:
  23              		@ args = 0, pretend = 0, frame = 0
  24              		@ frame_needed = 0, uses_anonymous_args = 0
  25 0000 70B5     		push	{r4, r5, r6, lr}
  26 0002 850E     		lsrs	r5, r0, #26
  27 0004 0323     		movs	r3, #3
  28 0006 1D40     		ands	r5, r3
  29 0008 4C0F     		lsrs	r4, r1, #29
  30 000a 2340     		ands	r3, r4
  31 000c 012A     		cmp	r2, #1
  32 000e 1CD0     		beq	.L19
  33 0010 0A00     		movs	r2, r1
  34 0012 213A     		subs	r2, r2, #33
  35 0014 FF3A     		subs	r2, r2, #255
  36 0016 2024     		movs	r4, #32
  37 0018 A243     		bics	r2, r4
  38 001a 7AD0     		beq	.L15
  39 001c 1029     		cmp	r1, #16
  40 001e 78D0     		beq	.L15
  41 0020 3F4A     		ldr	r2, .L21
  42 0022 1140     		ands	r1, r2
  43 0024 AC00     		lsls	r4, r5, #2
  44 0026 3F4A     		ldr	r2, .L21+4
  45 0028 9446     		mov	ip, r2
  46 002a 6444     		add	r4, r4, ip
  47 002c 3E4A     		ldr	r2, .L21+8
  48 002e 1040     		ands	r0, r2
  49 0030 2268     		ldr	r2, [r4]
  50 0032 8243     		bics	r2, r0
  51 0034 2260     		str	r2, [r4]
  52 0036 9B00     		lsls	r3, r3, #2
  53 0038 3C4A     		ldr	r2, .L21+12
  54 003a 9446     		mov	ip, r2
  55 003c 6344     		add	r3, r3, ip
  56 003e 4800     		lsls	r0, r1, #1
  57 0040 0143     		orrs	r1, r0
  58 0042 1A68     		ldr	r2, [r3]
ARM GAS  C:\Users\pc\AppData\Local\Temp\cc6AjW6U.s 			page 2


  59 0044 8A43     		bics	r2, r1
  60 0046 1A60     		str	r2, [r3]
  61 0048 68E0     		b	.L1
  62              	.L19:
  63 004a 394A     		ldr	r2, .L21+16
  64 004c 9142     		cmp	r1, r2
  65 004e 16D0     		beq	.L20
  66 0050 C222     		movs	r2, #194
  67 0052 D205     		lsls	r2, r2, #23
  68 0054 9142     		cmp	r1, r2
  69 0056 32D0     		beq	.L5
  70 0058 364A     		ldr	r2, .L21+20
  71 005a 9142     		cmp	r1, r2
  72 005c 2FD0     		beq	.L5
  73 005e 364A     		ldr	r2, .L21+24
  74 0060 9142     		cmp	r1, r2
  75 0062 4AD0     		beq	.L8
  76 0064 354A     		ldr	r2, .L21+28
  77 0066 9142     		cmp	r1, r2
  78 0068 47D0     		beq	.L8
  79 006a 354A     		ldr	r2, .L21+32
  80 006c 9142     		cmp	r1, r2
  81 006e 36D1     		bne	.L7
  82 0070 344C     		ldr	r4, .L21+36
  83 0072 2668     		ldr	r6, [r4]
  84 0074 8022     		movs	r2, #128
  85 0076 9200     		lsls	r2, r2, #2
  86 0078 3243     		orrs	r2, r6
  87 007a 2260     		str	r2, [r4]
  88 007c 0AE0     		b	.L10
  89              	.L20:
  90 007e 324A     		ldr	r2, .L21+40
  91 0080 D668     		ldr	r6, [r2, #12]
  92 0082 8024     		movs	r4, #128
  93 0084 E404     		lsls	r4, r4, #19
  94 0086 3443     		orrs	r4, r6
  95 0088 D460     		str	r4, [r2, #12]
  96 008a D668     		ldr	r6, [r2, #12]
  97 008c 8024     		movs	r4, #128
  98 008e A405     		lsls	r4, r4, #22
  99 0090 3443     		orrs	r4, r6
 100 0092 D460     		str	r4, [r2, #12]
 101              	.L10:
 102 0094 224A     		ldr	r2, .L21
 103 0096 1140     		ands	r1, r2
 104 0098 AC00     		lsls	r4, r5, #2
 105 009a 224A     		ldr	r2, .L21+4
 106 009c 9446     		mov	ip, r2
 107 009e 6444     		add	r4, r4, ip
 108 00a0 214A     		ldr	r2, .L21+8
 109 00a2 1040     		ands	r0, r2
 110 00a4 2268     		ldr	r2, [r4]
 111 00a6 1043     		orrs	r0, r2
 112 00a8 2060     		str	r0, [r4]
 113 00aa 9B00     		lsls	r3, r3, #2
 114 00ac 1F4A     		ldr	r2, .L21+12
 115 00ae 9446     		mov	ip, r2
ARM GAS  C:\Users\pc\AppData\Local\Temp\cc6AjW6U.s 			page 3


 116 00b0 6344     		add	r3, r3, ip
 117 00b2 4A00     		lsls	r2, r1, #1
 118 00b4 1143     		orrs	r1, r2
 119 00b6 1A68     		ldr	r2, [r3]
 120 00b8 1143     		orrs	r1, r2
 121 00ba 1960     		str	r1, [r3]
 122 00bc 2EE0     		b	.L1
 123              	.L5:
 124 00be 224A     		ldr	r2, .L21+40
 125 00c0 D668     		ldr	r6, [r2, #12]
 126 00c2 8024     		movs	r4, #128
 127 00c4 E404     		lsls	r4, r4, #19
 128 00c6 3443     		orrs	r4, r6
 129 00c8 D460     		str	r4, [r2, #12]
 130 00ca D668     		ldr	r6, [r2, #12]
 131 00cc 8024     		movs	r4, #128
 132 00ce E403     		lsls	r4, r4, #15
 133 00d0 3443     		orrs	r4, r6
 134 00d2 D460     		str	r4, [r2, #12]
 135 00d4 D668     		ldr	r6, [r2, #12]
 136 00d6 8024     		movs	r4, #128
 137 00d8 6405     		lsls	r4, r4, #21
 138 00da 3443     		orrs	r4, r6
 139 00dc D460     		str	r4, [r2, #12]
 140              	.L7:
 141 00de 0A00     		movs	r2, r1
 142 00e0 213A     		subs	r2, r2, #33
 143 00e2 FF3A     		subs	r2, r2, #255
 144 00e4 2024     		movs	r4, #32
 145 00e6 A243     		bics	r2, r4
 146 00e8 01D0     		beq	.L13
 147 00ea 1029     		cmp	r1, #16
 148 00ec D2D1     		bne	.L10
 149              	.L13:
 150 00ee 164A     		ldr	r2, .L21+40
 151 00f0 136A     		ldr	r3, [r2, #32]
 152 00f2 1943     		orrs	r1, r3
 153 00f4 0843     		orrs	r0, r1
 154 00f6 1062     		str	r0, [r2, #32]
 155 00f8 10E0     		b	.L1
 156              	.L8:
 157 00fa 134A     		ldr	r2, .L21+40
 158 00fc D668     		ldr	r6, [r2, #12]
 159 00fe 8024     		movs	r4, #128
 160 0100 E404     		lsls	r4, r4, #19
 161 0102 3443     		orrs	r4, r6
 162 0104 D460     		str	r4, [r2, #12]
 163 0106 D668     		ldr	r6, [r2, #12]
 164 0108 8024     		movs	r4, #128
 165 010a 2405     		lsls	r4, r4, #20
 166 010c 3443     		orrs	r4, r6
 167 010e D460     		str	r4, [r2, #12]
 168 0110 E5E7     		b	.L7
 169              	.L15:
 170 0112 0D4A     		ldr	r2, .L21+40
 171 0114 136A     		ldr	r3, [r2, #32]
 172 0116 0843     		orrs	r0, r1
ARM GAS  C:\Users\pc\AppData\Local\Temp\cc6AjW6U.s 			page 4


 173 0118 8343     		bics	r3, r0
 174 011a 1362     		str	r3, [r2, #32]
 175              	.L1:
 176              		@ sp needed
 177 011c 70BD     		pop	{r4, r5, r6, pc}
 178              	.L22:
 179 011e C046     		.align	2
 180              	.L21:
 181 0120 FFFFFF9F 		.word	-1610612737
 182 0124 10020040 		.word	1073742352
 183 0128 FFFFFFF3 		.word	-201326593
 184 012c 2C020040 		.word	1073742380
 185 0130 40000060 		.word	1610612800
 186 0134 00100040 		.word	1073745920
 187 0138 10000060 		.word	1610612752
 188 013c 00000160 		.word	1610678272
 189 0140 00400020 		.word	536887296
 190 0144 60030040 		.word	1073742688
 191 0148 00020040 		.word	1073742336
 193              		.section	.text.RCC_PeriFunctionConfig,"ax",%progbits
 194              		.align	1
 195              		.global	RCC_PeriFunctionConfig
 196              		.syntax unified
 197              		.code	16
 198              		.thumb_func
 200              	RCC_PeriFunctionConfig:
 201              		@ args = 0, pretend = 0, frame = 0
 202              		@ frame_needed = 0, uses_anonymous_args = 0
 203              		@ link register save eliminated.
 204 0000 0301     		lsls	r3, r0, #4
 205 0002 9B0F     		lsrs	r3, r3, #30
 206 0004 0129     		cmp	r1, #1
 207 0006 0ED0     		beq	.L30
 208 0008 0428     		cmp	r0, #4
 209 000a 20D0     		beq	.L28
 210 000c 421E     		subs	r2, r0, #1
 211 000e 012A     		cmp	r2, #1
 212 0010 1DD9     		bls	.L28
 213 0012 9B00     		lsls	r3, r3, #2
 214 0014 104A     		ldr	r2, .L31
 215 0016 9446     		mov	ip, r2
 216 0018 6344     		add	r3, r3, ip
 217 001a 104A     		ldr	r2, .L31+4
 218 001c 1040     		ands	r0, r2
 219 001e 1A68     		ldr	r2, [r3]
 220 0020 8243     		bics	r2, r0
 221 0022 1A60     		str	r2, [r3]
 222 0024 17E0     		b	.L23
 223              	.L30:
 224 0026 0428     		cmp	r0, #4
 225 0028 0CD0     		beq	.L25
 226 002a 421E     		subs	r2, r0, #1
 227 002c 012A     		cmp	r2, #1
 228 002e 09D9     		bls	.L25
 229 0030 9B00     		lsls	r3, r3, #2
 230 0032 094A     		ldr	r2, .L31
 231 0034 9446     		mov	ip, r2
ARM GAS  C:\Users\pc\AppData\Local\Temp\cc6AjW6U.s 			page 5


 232 0036 6344     		add	r3, r3, ip
 233 0038 084A     		ldr	r2, .L31+4
 234 003a 1040     		ands	r0, r2
 235 003c 1A68     		ldr	r2, [r3]
 236 003e 1043     		orrs	r0, r2
 237 0040 1860     		str	r0, [r3]
 238 0042 08E0     		b	.L23
 239              	.L25:
 240 0044 064A     		ldr	r2, .L31+8
 241 0046 136A     		ldr	r3, [r2, #32]
 242 0048 1843     		orrs	r0, r3
 243 004a 1062     		str	r0, [r2, #32]
 244 004c 03E0     		b	.L23
 245              	.L28:
 246 004e 044A     		ldr	r2, .L31+8
 247 0050 136A     		ldr	r3, [r2, #32]
 248 0052 8343     		bics	r3, r0
 249 0054 1362     		str	r3, [r2, #32]
 250              	.L23:
 251              		@ sp needed
 252 0056 7047     		bx	lr
 253              	.L32:
 254              		.align	2
 255              	.L31:
 256 0058 10020040 		.word	1073742352
 257 005c FFFFFFF3 		.word	-201326593
 258 0060 00020040 		.word	1073742336
 260              		.section	.text.RCC_PeriClockConfig,"ax",%progbits
 261              		.align	1
 262              		.global	RCC_PeriClockConfig
 263              		.syntax unified
 264              		.code	16
 265              		.thumb_func
 267              	RCC_PeriClockConfig:
 268              		@ args = 0, pretend = 0, frame = 0
 269              		@ frame_needed = 0, uses_anonymous_args = 0
 270              		@ link register save eliminated.
 271 0000 4300     		lsls	r3, r0, #1
 272 0002 9B0F     		lsrs	r3, r3, #30
 273 0004 0129     		cmp	r1, #1
 274 0006 13D0     		beq	.L40
 275 0008 0200     		movs	r2, r0
 276 000a 213A     		subs	r2, r2, #33
 277 000c FF3A     		subs	r2, r2, #255
 278 000e 2021     		movs	r1, #32
 279 0010 8A43     		bics	r2, r1
 280 0012 26D0     		beq	.L38
 281 0014 1028     		cmp	r0, #16
 282 0016 24D0     		beq	.L38
 283 0018 144A     		ldr	r2, .L41
 284 001a 1040     		ands	r0, r2
 285 001c 9B00     		lsls	r3, r3, #2
 286 001e 144A     		ldr	r2, .L41+4
 287 0020 9446     		mov	ip, r2
 288 0022 6344     		add	r3, r3, ip
 289 0024 4200     		lsls	r2, r0, #1
 290 0026 1043     		orrs	r0, r2
ARM GAS  C:\Users\pc\AppData\Local\Temp\cc6AjW6U.s 			page 6


 291 0028 1A68     		ldr	r2, [r3]
 292 002a 8243     		bics	r2, r0
 293 002c 1A60     		str	r2, [r3]
 294 002e 1CE0     		b	.L33
 295              	.L40:
 296 0030 0200     		movs	r2, r0
 297 0032 213A     		subs	r2, r2, #33
 298 0034 FF3A     		subs	r2, r2, #255
 299 0036 1F31     		adds	r1, r1, #31
 300 0038 8A43     		bics	r2, r1
 301 003a 0DD0     		beq	.L35
 302 003c 1028     		cmp	r0, #16
 303 003e 0BD0     		beq	.L35
 304 0040 0A4A     		ldr	r2, .L41
 305 0042 1040     		ands	r0, r2
 306 0044 9B00     		lsls	r3, r3, #2
 307 0046 0A4A     		ldr	r2, .L41+4
 308 0048 9446     		mov	ip, r2
 309 004a 6344     		add	r3, r3, ip
 310 004c 4200     		lsls	r2, r0, #1
 311 004e 1043     		orrs	r0, r2
 312 0050 1A68     		ldr	r2, [r3]
 313 0052 1043     		orrs	r0, r2
 314 0054 1860     		str	r0, [r3]
 315 0056 08E0     		b	.L33
 316              	.L35:
 317 0058 064A     		ldr	r2, .L41+8
 318 005a 136A     		ldr	r3, [r2, #32]
 319 005c 1843     		orrs	r0, r3
 320 005e 1062     		str	r0, [r2, #32]
 321 0060 03E0     		b	.L33
 322              	.L38:
 323 0062 044A     		ldr	r2, .L41+8
 324 0064 136A     		ldr	r3, [r2, #32]
 325 0066 8343     		bics	r3, r0
 326 0068 1362     		str	r3, [r2, #32]
 327              	.L33:
 328              		@ sp needed
 329 006a 7047     		bx	lr
 330              	.L42:
 331              		.align	2
 332              	.L41:
 333 006c FFFFFF9F 		.word	-1610612737
 334 0070 2C020040 		.word	1073742380
 335 0074 00020040 		.word	1073742336
 337              		.section	.text.RCC_I2CClkDivConfig,"ax",%progbits
 338              		.align	1
 339              		.global	RCC_I2CClkDivConfig
 340              		.syntax unified
 341              		.code	16
 342              		.thumb_func
 344              	RCC_I2CClkDivConfig:
 345              		@ args = 0, pretend = 0, frame = 0
 346              		@ frame_needed = 0, uses_anonymous_args = 0
 347 0000 30B5     		push	{r4, r5, lr}
 348 0002 154B     		ldr	r3, .L48
 349 0004 9842     		cmp	r0, r3
ARM GAS  C:\Users\pc\AppData\Local\Temp\cc6AjW6U.s 			page 7


 350 0006 03D0     		beq	.L46
 351 0008 144B     		ldr	r3, .L48+4
 352 000a 9842     		cmp	r0, r3
 353 000c 12D0     		beq	.L47
 354              	.L43:
 355              		@ sp needed
 356 000e 30BD     		pop	{r4, r5, pc}
 357              	.L46:
 358 0010 134B     		ldr	r3, .L48+8
 359 0012 986B     		ldr	r0, [r3, #56]
 360 0014 0124     		movs	r4, #1
 361 0016 A043     		bics	r0, r4
 362 0018 9863     		str	r0, [r3, #56]
 363 001a 124A     		ldr	r2, .L48+12
 364 001c 1068     		ldr	r0, [r2]
 365 001e 124D     		ldr	r5, .L48+16
 366 0020 2840     		ands	r0, r5
 367 0022 1060     		str	r0, [r2]
 368 0024 1068     		ldr	r0, [r2]
 369 0026 C903     		lsls	r1, r1, #15
 370 0028 0143     		orrs	r1, r0
 371 002a 1160     		str	r1, [r2]
 372 002c 9A6B     		ldr	r2, [r3, #56]
 373 002e 2243     		orrs	r2, r4
 374 0030 9A63     		str	r2, [r3, #56]
 375 0032 ECE7     		b	.L43
 376              	.L47:
 377 0034 0A4B     		ldr	r3, .L48+8
 378 0036 986B     		ldr	r0, [r3, #56]
 379 0038 0424     		movs	r4, #4
 380 003a A043     		bics	r0, r4
 381 003c 9863     		str	r0, [r3, #56]
 382 003e 094A     		ldr	r2, .L48+12
 383 0040 1068     		ldr	r0, [r2]
 384 0042 0A4D     		ldr	r5, .L48+20
 385 0044 2840     		ands	r0, r5
 386 0046 1060     		str	r0, [r2]
 387 0048 1068     		ldr	r0, [r2]
 388 004a 4904     		lsls	r1, r1, #17
 389 004c 0143     		orrs	r1, r0
 390 004e 1160     		str	r1, [r2]
 391 0050 9A6B     		ldr	r2, [r3, #56]
 392 0052 2243     		orrs	r2, r4
 393 0054 9A63     		str	r2, [r3, #56]
 394 0056 DAE7     		b	.L43
 395              	.L49:
 396              		.align	2
 397              	.L48:
 398 0058 00500140 		.word	1073827840
 399 005c 00540140 		.word	1073828864
 400 0060 00020040 		.word	1073742336
 401 0064 5C030040 		.word	1073742684
 402 0068 FF7FFEFF 		.word	-98305
 403 006c FFFFF9FF 		.word	-393217
 405              		.section	.text.RCC_SPIClkDivConfig,"ax",%progbits
 406              		.align	1
 407              		.global	RCC_SPIClkDivConfig
ARM GAS  C:\Users\pc\AppData\Local\Temp\cc6AjW6U.s 			page 8


 408              		.syntax unified
 409              		.code	16
 410              		.thumb_func
 412              	RCC_SPIClkDivConfig:
 413              		@ args = 0, pretend = 0, frame = 0
 414              		@ frame_needed = 0, uses_anonymous_args = 0
 415 0000 10B5     		push	{r4, lr}
 416 0002 174B     		ldr	r3, .L55
 417 0004 9842     		cmp	r0, r3
 418 0006 03D0     		beq	.L53
 419 0008 164B     		ldr	r3, .L55+4
 420 000a 9842     		cmp	r0, r3
 421 000c 14D0     		beq	.L54
 422              	.L50:
 423              		@ sp needed
 424 000e 10BD     		pop	{r4, pc}
 425              	.L53:
 426 0010 154B     		ldr	r3, .L55+8
 427 0012 5A6B     		ldr	r2, [r3, #52]
 428 0014 1548     		ldr	r0, .L55+12
 429 0016 0240     		ands	r2, r0
 430 0018 5A63     		str	r2, [r3, #52]
 431 001a 154A     		ldr	r2, .L55+16
 432 001c 1068     		ldr	r0, [r2]
 433 001e 154C     		ldr	r4, .L55+20
 434 0020 2040     		ands	r0, r4
 435 0022 1060     		str	r0, [r2]
 436 0024 1068     		ldr	r0, [r2]
 437 0026 C904     		lsls	r1, r1, #19
 438 0028 0143     		orrs	r1, r0
 439 002a 1160     		str	r1, [r2]
 440 002c 596B     		ldr	r1, [r3, #52]
 441 002e 8022     		movs	r2, #128
 442 0030 5202     		lsls	r2, r2, #9
 443 0032 0A43     		orrs	r2, r1
 444 0034 5A63     		str	r2, [r3, #52]
 445 0036 EAE7     		b	.L50
 446              	.L54:
 447 0038 0B4B     		ldr	r3, .L55+8
 448 003a 5A6B     		ldr	r2, [r3, #52]
 449 003c 0E48     		ldr	r0, .L55+24
 450 003e 0240     		ands	r2, r0
 451 0040 5A63     		str	r2, [r3, #52]
 452 0042 0B4A     		ldr	r2, .L55+16
 453 0044 1068     		ldr	r0, [r2]
 454 0046 0D4C     		ldr	r4, .L55+28
 455 0048 2040     		ands	r0, r4
 456 004a 1060     		str	r0, [r2]
 457 004c 1068     		ldr	r0, [r2]
 458 004e 4905     		lsls	r1, r1, #21
 459 0050 0143     		orrs	r1, r0
 460 0052 1160     		str	r1, [r2]
 461 0054 596B     		ldr	r1, [r3, #52]
 462 0056 8022     		movs	r2, #128
 463 0058 D202     		lsls	r2, r2, #11
 464 005a 0A43     		orrs	r2, r1
 465 005c 5A63     		str	r2, [r3, #52]
ARM GAS  C:\Users\pc\AppData\Local\Temp\cc6AjW6U.s 			page 9


 466 005e D6E7     		b	.L50
 467              	.L56:
 468              		.align	2
 469              	.L55:
 470 0060 00300140 		.word	1073819648
 471 0064 00340140 		.word	1073820672
 472 0068 00020040 		.word	1073742336
 473 006c FFFFFEFF 		.word	-65537
 474 0070 5C030040 		.word	1073742684
 475 0074 FFFFE7FF 		.word	-1572865
 476 0078 FFFFFBFF 		.word	-262145
 477 007c FFFF9FFF 		.word	-6291457
 479              		.section	.text.RCC_TIMClkDivConfig,"ax",%progbits
 480              		.align	1
 481              		.global	RCC_TIMClkDivConfig
 482              		.syntax unified
 483              		.code	16
 484              		.thumb_func
 486              	RCC_TIMClkDivConfig:
 487              		@ args = 0, pretend = 0, frame = 0
 488              		@ frame_needed = 0, uses_anonymous_args = 0
 489 0000 30B5     		push	{r4, r5, lr}
 490 0002 0C4B     		ldr	r3, .L58
 491 0004 1A6B     		ldr	r2, [r3, #48]
 492 0006 0C4C     		ldr	r4, .L58+4
 493 0008 2240     		ands	r2, r4
 494 000a 1A63     		str	r2, [r3, #48]
 495 000c 0B4A     		ldr	r2, .L58+8
 496 000e 1568     		ldr	r5, [r2]
 497 0010 841E     		subs	r4, r0, #2
 498 0012 6000     		lsls	r0, r4, #1
 499 0014 0019     		adds	r0, r0, r4
 500 0016 0D30     		adds	r0, r0, #13
 501 0018 0724     		movs	r4, #7
 502 001a 8440     		lsls	r4, r4, r0
 503 001c A543     		bics	r5, r4
 504 001e 1560     		str	r5, [r2]
 505 0020 1468     		ldr	r4, [r2]
 506 0022 8140     		lsls	r1, r1, r0
 507 0024 2143     		orrs	r1, r4
 508 0026 1160     		str	r1, [r2]
 509 0028 196B     		ldr	r1, [r3, #48]
 510 002a 8022     		movs	r2, #128
 511 002c D201     		lsls	r2, r2, #7
 512 002e 0A43     		orrs	r2, r1
 513 0030 1A63     		str	r2, [r3, #48]
 514              		@ sp needed
 515 0032 30BD     		pop	{r4, r5, pc}
 516              	.L59:
 517              		.align	2
 518              	.L58:
 519 0034 00020040 		.word	1073742336
 520 0038 FFBFFFFF 		.word	-16385
 521 003c 60030040 		.word	1073742688
 523              		.section	.text.RCC_UARTClkDivConfig,"ax",%progbits
 524              		.align	1
 525              		.global	RCC_UARTClkDivConfig
ARM GAS  C:\Users\pc\AppData\Local\Temp\cc6AjW6U.s 			page 10


 526              		.syntax unified
 527              		.code	16
 528              		.thumb_func
 530              	RCC_UARTClkDivConfig:
 531              		@ args = 0, pretend = 0, frame = 0
 532              		@ frame_needed = 0, uses_anonymous_args = 0
 533 0000 30B5     		push	{r4, r5, lr}
 534 0002 164B     		ldr	r3, .L65
 535 0004 9842     		cmp	r0, r3
 536 0006 03D0     		beq	.L63
 537 0008 154B     		ldr	r3, .L65+4
 538 000a 9842     		cmp	r0, r3
 539 000c 12D0     		beq	.L64
 540              	.L60:
 541              		@ sp needed
 542 000e 30BD     		pop	{r4, r5, pc}
 543              	.L63:
 544 0010 144B     		ldr	r3, .L65+8
 545 0012 586B     		ldr	r0, [r3, #52]
 546 0014 0124     		movs	r4, #1
 547 0016 A043     		bics	r0, r4
 548 0018 5863     		str	r0, [r3, #52]
 549 001a 134A     		ldr	r2, .L65+12
 550 001c 1068     		ldr	r0, [r2]
 551 001e 134D     		ldr	r5, .L65+16
 552 0020 2840     		ands	r0, r5
 553 0022 1060     		str	r0, [r2]
 554 0024 1068     		ldr	r0, [r2]
 555 0026 4902     		lsls	r1, r1, #9
 556 0028 0143     		orrs	r1, r0
 557 002a 1160     		str	r1, [r2]
 558 002c 5A6B     		ldr	r2, [r3, #52]
 559 002e 2243     		orrs	r2, r4
 560 0030 5A63     		str	r2, [r3, #52]
 561 0032 ECE7     		b	.L60
 562              	.L64:
 563 0034 0B4B     		ldr	r3, .L65+8
 564 0036 1A6B     		ldr	r2, [r3, #48]
 565 0038 0D48     		ldr	r0, .L65+20
 566 003a 0240     		ands	r2, r0
 567 003c 1A63     		str	r2, [r3, #48]
 568 003e 0A4A     		ldr	r2, .L65+12
 569 0040 1068     		ldr	r0, [r2]
 570 0042 0C4C     		ldr	r4, .L65+24
 571 0044 2040     		ands	r0, r4
 572 0046 1060     		str	r0, [r2]
 573 0048 1068     		ldr	r0, [r2]
 574 004a C902     		lsls	r1, r1, #11
 575 004c 0143     		orrs	r1, r0
 576 004e 1160     		str	r1, [r2]
 577 0050 196B     		ldr	r1, [r3, #48]
 578 0052 8022     		movs	r2, #128
 579 0054 5201     		lsls	r2, r2, #5
 580 0056 0A43     		orrs	r2, r1
 581 0058 1A63     		str	r2, [r3, #48]
 582 005a D8E7     		b	.L60
 583              	.L66:
ARM GAS  C:\Users\pc\AppData\Local\Temp\cc6AjW6U.s 			page 11


 584              		.align	2
 585              	.L65:
 586 005c 00200140 		.word	1073815552
 587 0060 00100140 		.word	1073811456
 588 0064 00020040 		.word	1073742336
 589 0068 5C030040 		.word	1073742684
 590 006c FFF9FFFF 		.word	-1537
 591 0070 FFEFFFFF 		.word	-4097
 592 0074 FFE7FFFF 		.word	-6145
 594              		.ident	"GCC: (GNU Arm Embedded Toolchain 10.3-2021.10) 10.3.1 20210824 (release)"
ARM GAS  C:\Users\pc\AppData\Local\Temp\cc6AjW6U.s 			page 12


DEFINED SYMBOLS
                            *ABS*:00000000 rtl876x_rcc.c
C:\Users\pc\AppData\Local\Temp\cc6AjW6U.s:16     .text.RCC_PeriphClockCmd:00000000 $t
C:\Users\pc\AppData\Local\Temp\cc6AjW6U.s:22     .text.RCC_PeriphClockCmd:00000000 RCC_PeriphClockCmd
C:\Users\pc\AppData\Local\Temp\cc6AjW6U.s:181    .text.RCC_PeriphClockCmd:00000120 $d
C:\Users\pc\AppData\Local\Temp\cc6AjW6U.s:194    .text.RCC_PeriFunctionConfig:00000000 $t
C:\Users\pc\AppData\Local\Temp\cc6AjW6U.s:200    .text.RCC_PeriFunctionConfig:00000000 RCC_PeriFunctionConfig
C:\Users\pc\AppData\Local\Temp\cc6AjW6U.s:256    .text.RCC_PeriFunctionConfig:00000058 $d
C:\Users\pc\AppData\Local\Temp\cc6AjW6U.s:261    .text.RCC_PeriClockConfig:00000000 $t
C:\Users\pc\AppData\Local\Temp\cc6AjW6U.s:267    .text.RCC_PeriClockConfig:00000000 RCC_PeriClockConfig
C:\Users\pc\AppData\Local\Temp\cc6AjW6U.s:333    .text.RCC_PeriClockConfig:0000006c $d
C:\Users\pc\AppData\Local\Temp\cc6AjW6U.s:338    .text.RCC_I2CClkDivConfig:00000000 $t
C:\Users\pc\AppData\Local\Temp\cc6AjW6U.s:344    .text.RCC_I2CClkDivConfig:00000000 RCC_I2CClkDivConfig
C:\Users\pc\AppData\Local\Temp\cc6AjW6U.s:398    .text.RCC_I2CClkDivConfig:00000058 $d
C:\Users\pc\AppData\Local\Temp\cc6AjW6U.s:406    .text.RCC_SPIClkDivConfig:00000000 $t
C:\Users\pc\AppData\Local\Temp\cc6AjW6U.s:412    .text.RCC_SPIClkDivConfig:00000000 RCC_SPIClkDivConfig
C:\Users\pc\AppData\Local\Temp\cc6AjW6U.s:470    .text.RCC_SPIClkDivConfig:00000060 $d
C:\Users\pc\AppData\Local\Temp\cc6AjW6U.s:480    .text.RCC_TIMClkDivConfig:00000000 $t
C:\Users\pc\AppData\Local\Temp\cc6AjW6U.s:486    .text.RCC_TIMClkDivConfig:00000000 RCC_TIMClkDivConfig
C:\Users\pc\AppData\Local\Temp\cc6AjW6U.s:519    .text.RCC_TIMClkDivConfig:00000034 $d
C:\Users\pc\AppData\Local\Temp\cc6AjW6U.s:524    .text.RCC_UARTClkDivConfig:00000000 $t
C:\Users\pc\AppData\Local\Temp\cc6AjW6U.s:530    .text.RCC_UARTClkDivConfig:00000000 RCC_UARTClkDivConfig
C:\Users\pc\AppData\Local\Temp\cc6AjW6U.s:586    .text.RCC_UARTClkDivConfig:0000005c $d

NO UNDEFINED SYMBOLS
