ARM GAS  C:\Users\pc\AppData\Local\Temp\cc6AP5S7.s 			page 1


   1              		.cpu cortex-m0plus
   2              		.arch armv6s-m
   3              		.fpu softvfp
   4              		.eabi_attribute 20, 1
   5              		.eabi_attribute 21, 1
   6              		.eabi_attribute 23, 3
   7              		.eabi_attribute 24, 1
   8              		.eabi_attribute 25, 1
   9              		.eabi_attribute 26, 1
  10              		.eabi_attribute 30, 1
  11              		.eabi_attribute 34, 0
  12              		.eabi_attribute 18, 4
  13              		.file	"simple_ble_service.c"
  14              		.text
  15              		.section	.text.simp_ble_service_attr_read_cb,"ax",%progbits
  16              		.align	1
  17              		.global	simp_ble_service_attr_read_cb
  18              		.syntax unified
  19              		.code	16
  20              		.thumb_func
  22              	simp_ble_service_attr_read_cb:
  23              		@ args = 8, pretend = 0, frame = 16
  24              		@ frame_needed = 0, uses_anonymous_args = 0
  25 0000 10B5     		push	{r4, lr}
  26 0002 84B0     		sub	sp, sp, #16
  27 0004 0C00     		movs	r4, r1
  28 0006 1300     		movs	r3, r2
  29 0008 022A     		cmp	r2, #2
  30 000a 16D1     		bne	.L5
  31 000c 01AB     		add	r3, sp, #4
  32 000e 0222     		movs	r2, #2
  33 0010 5A70     		strb	r2, [r3, #1]
  34 0012 013A     		subs	r2, r2, #1
  35 0014 1A71     		strb	r2, [r3, #4]
  36 0016 1870     		strb	r0, [r3]
  37 0018 0B4B     		ldr	r3, .L6
  38 001a 1B68     		ldr	r3, [r3]
  39 001c 002B     		cmp	r3, #0
  40 001e 02D0     		beq	.L4
  41 0020 01A9     		add	r1, sp, #4
  42 0022 2000     		movs	r0, r4
  43 0024 9847     		blx	r3
  44              	.L4:
  45 0026 079B     		ldr	r3, [sp, #28]
  46 0028 084A     		ldr	r2, .L6+4
  47 002a 1A60     		str	r2, [r3]
  48 002c 084B     		ldr	r3, .L6+8
  49 002e 1B88     		ldrh	r3, [r3]
  50 0030 069A     		ldr	r2, [sp, #24]
  51 0032 1380     		strh	r3, [r2]
  52 0034 0020     		movs	r0, #0
  53              	.L3:
  54 0036 04B0     		add	sp, sp, #16
  55              		@ sp needed
  56 0038 10BD     		pop	{r4, pc}
  57              	.L5:
  58 003a 0122     		movs	r2, #1
ARM GAS  C:\Users\pc\AppData\Local\Temp\cc6AP5S7.s 			page 2


  59 003c 0549     		ldr	r1, .L6+12
  60 003e 0648     		ldr	r0, .L6+16
  61 0040 FFF7FEFF 		bl	log_buffer
  62 0044 0548     		ldr	r0, .L6+20
  63 0046 F6E7     		b	.L3
  64              	.L7:
  65              		.align	2
  66              	.L6:
  67 0048 00000000 		.word	.LANCHOR1
  68 004c 00000000 		.word	simple_char_read_value
  69 0050 00000000 		.word	.LANCHOR2
  70 0054 00000000 		.word	.LANCHOR0
  71 0058 00301023 		.word	588263424
  72 005c 0A040000 		.word	1034
  74              		.section	.text.simple_write_post_callback,"ax",%progbits
  75              		.align	1
  76              		.global	simple_write_post_callback
  77              		.syntax unified
  78              		.code	16
  79              		.thumb_func
  81              	simple_write_post_callback:
  82              		@ args = 4, pretend = 0, frame = 0
  83              		@ frame_needed = 0, uses_anonymous_args = 0
  84 0000 10B5     		push	{r4, lr}
  85 0002 84B0     		sub	sp, sp, #16
  86 0004 064C     		ldr	r4, .L9
  87 0006 0293     		str	r3, [sp, #8]
  88 0008 0192     		str	r2, [sp, #4]
  89 000a 0091     		str	r1, [sp]
  90 000c 0300     		movs	r3, r0
  91 000e 0422     		movs	r2, #4
  92 0010 2100     		movs	r1, r4
  93 0012 3C31     		adds	r1, r1, #60
  94 0014 0348     		ldr	r0, .L9+4
  95 0016 FFF7FEFF 		bl	log_buffer
  96 001a 04B0     		add	sp, sp, #16
  97              		@ sp needed
  98 001c 10BD     		pop	{r4, pc}
  99              	.L10:
 100 001e C046     		.align	2
 101              	.L9:
 102 0020 00000000 		.word	.LANCHOR0
 103 0024 02301023 		.word	588263426
 105              		.section	.text.simp_ble_service_attr_write_cb,"ax",%progbits
 106              		.align	1
 107              		.global	simp_ble_service_attr_write_cb
 108              		.syntax unified
 109              		.code	16
 110              		.thumb_func
 112              	simp_ble_service_attr_write_cb:
 113              		@ args = 12, pretend = 0, frame = 24
 114              		@ frame_needed = 0, uses_anonymous_args = 0
 115 0000 F0B5     		push	{r4, r5, r6, r7, lr}
 116 0002 89B0     		sub	sp, sp, #36
 117 0004 0600     		movs	r6, r0
 118 0006 0391     		str	r1, [sp, #12]
 119 0008 1500     		movs	r5, r2
ARM GAS  C:\Users\pc\AppData\Local\Temp\cc6AP5S7.s 			page 3


 120 000a 1C00     		movs	r4, r3
 121 000c 0EAB     		add	r3, sp, #56
 122 000e 1F88     		ldrh	r7, [r3]
 123 0010 1849     		ldr	r1, .L16
 124 0012 2300     		movs	r3, r4
 125 0014 0122     		movs	r2, #1
 126 0016 1431     		adds	r1, r1, #20
 127 0018 1748     		ldr	r0, .L16+4
 128 001a FFF7FEFF 		bl	log_buffer
 129 001e 109B     		ldr	r3, [sp, #64]
 130 0020 164A     		ldr	r2, .L16+8
 131 0022 1A60     		str	r2, [r3]
 132 0024 052D     		cmp	r5, #5
 133 0026 16D1     		bne	.L12
 134 0028 0F9B     		ldr	r3, [sp, #60]
 135 002a 002B     		cmp	r3, #0
 136 002c 1DD0     		beq	.L14
 137 002e 05AB     		add	r3, sp, #20
 138 0030 0322     		movs	r2, #3
 139 0032 5A70     		strb	r2, [r3, #1]
 140 0034 1E70     		strb	r6, [r3]
 141 0036 023A     		subs	r2, r2, #2
 142 0038 1A71     		strb	r2, [r3, #4]
 143 003a 5C71     		strb	r4, [r3, #5]
 144 003c DF80     		strh	r7, [r3, #6]
 145 003e 0F9A     		ldr	r2, [sp, #60]
 146 0040 0792     		str	r2, [sp, #28]
 147 0042 0F4B     		ldr	r3, .L16+12
 148 0044 1B68     		ldr	r3, [r3]
 149 0046 002B     		cmp	r3, #0
 150 0048 11D0     		beq	.L15
 151 004a 05A9     		add	r1, sp, #20
 152 004c 0398     		ldr	r0, [sp, #12]
 153 004e 9847     		blx	r3
 154 0050 0020     		movs	r0, #0
 155              	.L13:
 156 0052 09B0     		add	sp, sp, #36
 157              		@ sp needed
 158 0054 F0BD     		pop	{r4, r5, r6, r7, pc}
 159              	.L12:
 160 0056 0749     		ldr	r1, .L16
 161 0058 0097     		str	r7, [sp]
 162 005a 2B00     		movs	r3, r5
 163 005c 0222     		movs	r2, #2
 164 005e 4831     		adds	r1, r1, #72
 165 0060 0848     		ldr	r0, .L16+16
 166 0062 FFF7FEFF 		bl	log_buffer
 167 0066 0848     		ldr	r0, .L16+20
 168 0068 F3E7     		b	.L13
 169              	.L14:
 170 006a 0848     		ldr	r0, .L16+24
 171 006c F1E7     		b	.L13
 172              	.L15:
 173 006e 0020     		movs	r0, #0
 174 0070 EFE7     		b	.L13
 175              	.L17:
 176 0072 C046     		.align	2
ARM GAS  C:\Users\pc\AppData\Local\Temp\cc6AP5S7.s 			page 4


 177              	.L16:
 178 0074 80000000 		.word	.LANCHOR3
 179 0078 02301023 		.word	588263426
 180 007c 00000000 		.word	simple_write_post_callback
 181 0080 00000000 		.word	.LANCHOR1
 182 0084 00301023 		.word	588263424
 183 0088 0A040000 		.word	1034
 184 008c 0D040000 		.word	1037
 186              		.section	.text.simp_ble_service_cccd_update_cb,"ax",%progbits
 187              		.align	1
 188              		.global	simp_ble_service_cccd_update_cb
 189              		.syntax unified
 190              		.code	16
 191              		.thumb_func
 193              	simp_ble_service_cccd_update_cb:
 194              		@ args = 0, pretend = 0, frame = 16
 195              		@ frame_needed = 0, uses_anonymous_args = 0
 196 0000 70B5     		push	{r4, r5, r6, lr}
 197 0002 86B0     		sub	sp, sp, #24
 198 0004 0E00     		movs	r6, r1
 199 0006 1400     		movs	r4, r2
 200 0008 1D00     		movs	r5, r3
 201 000a 03AB     		add	r3, sp, #12
 202 000c 1870     		strb	r0, [r3]
 203 000e 0122     		movs	r2, #1
 204 0010 5A70     		strb	r2, [r3, #1]
 205 0012 1449     		ldr	r1, .L26
 206 0014 0095     		str	r5, [sp]
 207 0016 2300     		movs	r3, r4
 208 0018 0132     		adds	r2, r2, #1
 209 001a 1031     		adds	r1, r1, #16
 210 001c 1248     		ldr	r0, .L26+4
 211 001e FFF7FEFF 		bl	log_buffer
 212 0022 082C     		cmp	r4, #8
 213 0024 03D0     		beq	.L19
 214 0026 0B2C     		cmp	r4, #11
 215 0028 12D0     		beq	.L20
 216              	.L18:
 217 002a 06B0     		add	sp, sp, #24
 218              		@ sp needed
 219 002c 70BD     		pop	{r4, r5, r6, pc}
 220              	.L19:
 221 002e EB07     		lsls	r3, r5, #31
 222 0030 0AD5     		bpl	.L22
 223 0032 03AB     		add	r3, sp, #12
 224 0034 0122     		movs	r2, #1
 225 0036 1A71     		strb	r2, [r3, #4]
 226              	.L23:
 227 0038 0C4B     		ldr	r3, .L26+8
 228 003a 1B68     		ldr	r3, [r3]
 229 003c 002B     		cmp	r3, #0
 230 003e F4D0     		beq	.L18
 231 0040 03A9     		add	r1, sp, #12
 232 0042 3000     		movs	r0, r6
 233 0044 9847     		blx	r3
 234 0046 F0E7     		b	.L18
 235              	.L22:
ARM GAS  C:\Users\pc\AppData\Local\Temp\cc6AP5S7.s 			page 5


 236 0048 03AB     		add	r3, sp, #12
 237 004a 0222     		movs	r2, #2
 238 004c 1A71     		strb	r2, [r3, #4]
 239 004e F3E7     		b	.L23
 240              	.L20:
 241 0050 AB07     		lsls	r3, r5, #30
 242 0052 03D5     		bpl	.L24
 243 0054 03AB     		add	r3, sp, #12
 244 0056 0322     		movs	r2, #3
 245 0058 1A71     		strb	r2, [r3, #4]
 246 005a EDE7     		b	.L23
 247              	.L24:
 248 005c 03AB     		add	r3, sp, #12
 249 005e 0422     		movs	r2, #4
 250 0060 1A71     		strb	r2, [r3, #4]
 251 0062 E9E7     		b	.L23
 252              	.L27:
 253              		.align	2
 254              	.L26:
 255 0064 00010000 		.word	.LANCHOR4
 256 0068 02301023 		.word	588263426
 257 006c 00000000 		.word	.LANCHOR1
 259              		.section	.text.simp_ble_service_set_parameter,"ax",%progbits
 260              		.align	1
 261              		.global	simp_ble_service_set_parameter
 262              		.syntax unified
 263              		.code	16
 264              		.thumb_func
 266              	simp_ble_service_set_parameter:
 267              		@ args = 0, pretend = 0, frame = 0
 268              		@ frame_needed = 0, uses_anonymous_args = 0
 269 0000 10B5     		push	{r4, lr}
 270 0002 0C00     		movs	r4, r1
 271 0004 1100     		movs	r1, r2
 272 0006 0128     		cmp	r0, #1
 273 0008 03D1     		bne	.L29
 274 000a 9623     		movs	r3, #150
 275 000c 5B00     		lsls	r3, r3, #1
 276 000e 9C42     		cmp	r4, r3
 277 0010 07D9     		bls	.L31
 278              	.L29:
 279 0012 0849     		ldr	r1, .L32
 280 0014 0022     		movs	r2, #0
 281 0016 5031     		adds	r1, r1, #80
 282 0018 0748     		ldr	r0, .L32+4
 283 001a FFF7FEFF 		bl	log_buffer
 284 001e 0020     		movs	r0, #0
 285              	.L30:
 286              		@ sp needed
 287 0020 10BD     		pop	{r4, pc}
 288              	.L31:
 289 0022 2200     		movs	r2, r4
 290 0024 0548     		ldr	r0, .L32+8
 291 0026 FFF7FEFF 		bl	memcpy
 292 002a 054B     		ldr	r3, .L32+12
 293 002c 1C80     		strh	r4, [r3]
 294 002e 0120     		movs	r0, #1
ARM GAS  C:\Users\pc\AppData\Local\Temp\cc6AP5S7.s 			page 6


 295 0030 F6E7     		b	.L30
 296              	.L33:
 297 0032 C046     		.align	2
 298              	.L32:
 299 0034 00010000 		.word	.LANCHOR4
 300 0038 00301023 		.word	588263424
 301 003c 00000000 		.word	simple_char_read_value
 302 0040 00000000 		.word	.LANCHOR2
 304              		.section	.text.simp_ble_service_send_v3_notify,"ax",%progbits
 305              		.align	1
 306              		.global	simp_ble_service_send_v3_notify
 307              		.syntax unified
 308              		.code	16
 309              		.thumb_func
 311              	simp_ble_service_send_v3_notify:
 312              		@ args = 0, pretend = 0, frame = 0
 313              		@ frame_needed = 0, uses_anonymous_args = 0
 314 0000 F0B5     		push	{r4, r5, r6, r7, lr}
 315 0002 83B0     		sub	sp, sp, #12
 316 0004 0400     		movs	r4, r0
 317 0006 0D00     		movs	r5, r1
 318 0008 1600     		movs	r6, r2
 319 000a 1F00     		movs	r7, r3
 320 000c 0849     		ldr	r1, .L35
 321 000e 0022     		movs	r2, #0
 322 0010 7C31     		adds	r1, r1, #124
 323 0012 0848     		ldr	r0, .L35+4
 324 0014 FFF7FEFF 		bl	log_buffer
 325 0018 0023     		movs	r3, #0
 326 001a 0193     		str	r3, [sp, #4]
 327 001c 0097     		str	r7, [sp]
 328 001e 3300     		movs	r3, r6
 329 0020 0722     		movs	r2, #7
 330 0022 2900     		movs	r1, r5
 331 0024 2000     		movs	r0, r4
 332 0026 FFF7FEFF 		bl	server_send_data
 333 002a 03B0     		add	sp, sp, #12
 334              		@ sp needed
 335 002c F0BD     		pop	{r4, r5, r6, r7, pc}
 336              	.L36:
 337 002e C046     		.align	2
 338              	.L35:
 339 0030 00010000 		.word	.LANCHOR4
 340 0034 02301023 		.word	588263426
 342              		.section	.text.simp_ble_service_send_v4_indicate,"ax",%progbits
 343              		.align	1
 344              		.global	simp_ble_service_send_v4_indicate
 345              		.syntax unified
 346              		.code	16
 347              		.thumb_func
 349              	simp_ble_service_send_v4_indicate:
 350              		@ args = 0, pretend = 0, frame = 0
 351              		@ frame_needed = 0, uses_anonymous_args = 0
 352 0000 F0B5     		push	{r4, r5, r6, r7, lr}
 353 0002 83B0     		sub	sp, sp, #12
 354 0004 0400     		movs	r4, r0
 355 0006 0D00     		movs	r5, r1
ARM GAS  C:\Users\pc\AppData\Local\Temp\cc6AP5S7.s 			page 7


 356 0008 1600     		movs	r6, r2
 357 000a 1F00     		movs	r7, r3
 358 000c 0849     		ldr	r1, .L38
 359 000e 0022     		movs	r2, #0
 360 0010 2031     		adds	r1, r1, #32
 361 0012 0848     		ldr	r0, .L38+4
 362 0014 FFF7FEFF 		bl	log_buffer
 363 0018 0023     		movs	r3, #0
 364 001a 0193     		str	r3, [sp, #4]
 365 001c 0097     		str	r7, [sp]
 366 001e 3300     		movs	r3, r6
 367 0020 0A22     		movs	r2, #10
 368 0022 2900     		movs	r1, r5
 369 0024 2000     		movs	r0, r4
 370 0026 FFF7FEFF 		bl	server_send_data
 371 002a 03B0     		add	sp, sp, #12
 372              		@ sp needed
 373 002c F0BD     		pop	{r4, r5, r6, r7, pc}
 374              	.L39:
 375 002e C046     		.align	2
 376              	.L38:
 377 0030 80010000 		.word	.LANCHOR5
 378 0034 02301023 		.word	588263426
 380              		.section	.text.simp_ble_service_add_service,"ax",%progbits
 381              		.align	1
 382              		.global	simp_ble_service_add_service
 383              		.syntax unified
 384              		.code	16
 385              		.thumb_func
 387              	simp_ble_service_add_service:
 388              		@ args = 0, pretend = 0, frame = 0
 389              		@ frame_needed = 0, uses_anonymous_args = 0
 390 0000 70B5     		push	{r4, r5, r6, lr}
 391 0002 82B0     		sub	sp, sp, #8
 392 0004 0400     		movs	r4, r0
 393 0006 0F49     		ldr	r1, .L44
 394 0008 A822     		movs	r2, #168
 395 000a 0B1D     		adds	r3, r1, #4
 396 000c 6846     		mov	r0, sp
 397 000e 60CB     		ldmia	r3!, {r5, r6}
 398 0010 60C0     		stmia	r0!, {r5, r6}
 399 0012 0B68     		ldr	r3, [r1]
 400 0014 5200     		lsls	r2, r2, #1
 401 0016 0C49     		ldr	r1, .L44+4
 402 0018 0C48     		ldr	r0, .L44+8
 403 001a FFF7FEFF 		bl	server_add_service
 404 001e 0028     		cmp	r0, #0
 405 0020 05D0     		beq	.L43
 406 0022 0B4B     		ldr	r3, .L44+12
 407 0024 1C60     		str	r4, [r3]
 408 0026 094B     		ldr	r3, .L44+8
 409 0028 1878     		ldrb	r0, [r3]
 410              	.L42:
 411 002a 02B0     		add	sp, sp, #8
 412              		@ sp needed
 413 002c 70BD     		pop	{r4, r5, r6, pc}
 414              	.L43:
ARM GAS  C:\Users\pc\AppData\Local\Temp\cc6AP5S7.s 			page 8


 415 002e 0949     		ldr	r1, .L44+16
 416 0030 0022     		movs	r2, #0
 417 0032 4831     		adds	r1, r1, #72
 418 0034 0848     		ldr	r0, .L44+20
 419 0036 FFF7FEFF 		bl	log_buffer
 420 003a 044B     		ldr	r3, .L44+8
 421 003c FF22     		movs	r2, #255
 422 003e 1A70     		strb	r2, [r3]
 423 0040 FF20     		movs	r0, #255
 424 0042 F2E7     		b	.L42
 425              	.L45:
 426              		.align	2
 427              	.L44:
 428 0044 00000000 		.word	.LANCHOR6
 429 0048 00000000 		.word	simple_ble_service_tbl
 430 004c 00000000 		.word	.LANCHOR7
 431 0050 00000000 		.word	.LANCHOR1
 432 0054 80010000 		.word	.LANCHOR5
 433 0058 00301023 		.word	588263424
 435              		.global	simp_ble_service_cbs
 436              		.global	simple_ble_service_tbl
 437              		.global	v1_user_descr
 438              		.global	simp_service_id
 439              		.section	.TRACE,"a"
 440              		.align	2
 441              		.set	.LANCHOR0,. + 0
 442              		.set	.LANCHOR3,. + 128
 443              		.set	.LANCHOR4,. + 256
 444              		.set	.LANCHOR5,. + 384
 447              	format.7:
 448 0000 21212173 		.ascii	"!!!simp_ble_service_attr_read_cb, Attr not found, i"
 448      696D705F 
 448      626C655F 
 448      73657276 
 448      6963655F 
 449 0033 6E646578 		.ascii	"ndex %d\000"
 449      20256400 
 450 003b 00       		.space	1
 453              	format.6:
 454 003c 212A2A73 		.ascii	"!**simple_write_post_callback: conn_id %d, service_"
 454      696D706C 
 454      655F7772 
 454      6974655F 
 454      706F7374 
 455 006f 69642025 		.ascii	"id %d, attrib_index 0x%x, length %d\000"
 455      642C2061 
 455      74747269 
 455      625F696E 
 455      64657820 
 456 0093 00       		.space	1
 459              	format.5:
 460 0094 212A2A73 		.ascii	"!**simp_ble_service_attr_write_cb write_type = 0x%x"
 460      696D705F 
 460      626C655F 
 460      73657276 
 460      6963655F 
 461 00c7 00       		.ascii	"\000"
ARM GAS  C:\Users\pc\AppData\Local\Temp\cc6AP5S7.s 			page 9


 464              	format.4:
 465 00c8 21212173 		.ascii	"!!!simp_ble_service_attr_write_cb Error: attrib_ind"
 465      696D705F 
 465      626C655F 
 465      73657276 
 465      6963655F 
 466 00fb 65782030 		.ascii	"ex 0x%x, length %d\000"
 466      7825782C 
 466      206C656E 
 466      67746820 
 466      256400
 467 010e 0000     		.space	2
 470              	format.1:
 471 0110 212A2A73 		.ascii	"!**simp_ble_service_cccd_update_cb: index = %d, ccc"
 471      696D705F 
 471      626C655F 
 471      73657276 
 471      6963655F 
 472 0143 62697473 		.ascii	"bits 0x%x\000"
 472      20307825 
 472      7800
 473 014d 000000   		.space	3
 476              	format.8:
 477 0150 21212173 		.ascii	"!!!simp_ble_service_set_parameter failed\000"
 477      696D705F 
 477      626C655F 
 477      73657276 
 477      6963655F 
 478 0179 000000   		.space	3
 481              	format.3:
 482 017c 212A2A73 		.ascii	"!**simp_ble_service_send_v3_notify\000"
 482      696D705F 
 482      626C655F 
 482      73657276 
 482      6963655F 
 483 019f 00       		.space	1
 486              	format.2:
 487 01a0 212A2A73 		.ascii	"!**simp_ble_service_send_v4_indicate\000"
 487      696D705F 
 487      626C655F 
 487      73657276 
 487      6963655F 
 488 01c5 000000   		.space	3
 491              	format.0:
 492 01c8 21212173 		.ascii	"!!!simp_ble_service_add_service: fail\000"
 492      696D705F 
 492      626C655F 
 492      73657276 
 492      6963655F 
 493              		.section	.bss.pfn_simp_ble_service_cb,"aw",%nobits
 494              		.align	2
 495              		.set	.LANCHOR1,. + 0
 498              	pfn_simp_ble_service_cb:
 499 0000 00000000 		.space	4
 500              		.section	.bss.simp_service_id,"aw",%nobits
 501              		.set	.LANCHOR7,. + 0
 504              	simp_service_id:
ARM GAS  C:\Users\pc\AppData\Local\Temp\cc6AP5S7.s 			page 10


 505 0000 00       		.space	1
 506              		.section	.bss.simple_char_read_value,"aw",%nobits
 507              		.align	2
 510              	simple_char_read_value:
 511 0000 00000000 		.space	300
 511      00000000 
 511      00000000 
 511      00000000 
 511      00000000 
 512              		.section	.data.simple_char_read_len,"aw"
 513              		.align	1
 514              		.set	.LANCHOR2,. + 0
 517              	simple_char_read_len:
 518 0000 0100     		.short	1
 519              		.section	.data.v1_user_descr,"aw"
 520              		.align	2
 523              	v1_user_descr:
 524 0000 56312072 		.ascii	"V1 read characteristic\000"
 524      65616420 
 524      63686172 
 524      61637465 
 524      72697374 
 525              		.section	.rodata.simp_ble_service_cbs,"a"
 526              		.align	2
 527              		.set	.LANCHOR6,. + 0
 530              	simp_ble_service_cbs:
 531 0000 00000000 		.word	simp_ble_service_attr_read_cb
 532 0004 00000000 		.word	simp_ble_service_attr_write_cb
 533 0008 00000000 		.word	simp_ble_service_cccd_update_cb
 534              		.section	.rodata.simple_ble_service_tbl,"a"
 535              		.align	2
 538              	simple_ble_service_tbl:
 539 0000 0208     		.short	2050
 540 0002 00280AA0 		.ascii	"\000(\012\240\000"
 540      00
 541 0007 00000000 		.space	11
 541      00000000 
 541      000000
 542 0012 0200     		.short	2
 543 0014 00000000 		.word	0
 544 0018 01000000 		.word	1
 545 001c 0200     		.short	2
 546 001e 03280200 		.ascii	"\003(\002\000"
 547 0022 00000000 		.space	12
 547      00000000 
 547      00000000 
 548 002e 0100     		.short	1
 549 0030 00000000 		.word	0
 550 0034 01000000 		.word	1
 551 0038 0400     		.short	4
 552 003a 01B000   		.ascii	"\001\260\000"
 553 003d 00000000 		.space	13
 553      00000000 
 553      00000000 
 553      00
 554 004a 0000     		.short	0
 555 004c 00000000 		.word	0
ARM GAS  C:\Users\pc\AppData\Local\Temp\cc6AP5S7.s 			page 11


 556 0050 01000000 		.word	1
 557 0054 0800     		.short	8
 558 0056 012900   		.ascii	"\001)\000"
 559 0059 00000000 		.space	13
 559      00000000 
 559      00000000 
 559      00
 560 0066 1600     		.short	22
 561 0068 00000000 		.word	v1_user_descr
 562 006c 01000000 		.word	1
 563 0070 0200     		.short	2
 564 0072 03280C00 		.ascii	"\003(\014\000"
 565 0076 00000000 		.space	12
 565      00000000 
 565      00000000 
 566 0082 0100     		.short	1
 567 0084 00000000 		.word	0
 568 0088 01000000 		.word	1
 569 008c 0400     		.short	4
 570 008e 02B000   		.ascii	"\002\260\000"
 571 0091 00000000 		.space	13
 571      00000000 
 571      00000000 
 571      00
 572 009e 0000     		.short	0
 573 00a0 00000000 		.word	0
 574 00a4 10000000 		.word	16
 575 00a8 0200     		.short	2
 576 00aa 03281000 		.ascii	"\003(\020\000"
 577 00ae 00000000 		.space	12
 577      00000000 
 577      00000000 
 578 00ba 0100     		.short	1
 579 00bc 00000000 		.word	0
 580 00c0 01000000 		.word	1
 581 00c4 0400     		.short	4
 582 00c6 03B000   		.ascii	"\003\260\000"
 583 00c9 00000000 		.space	13
 583      00000000 
 583      00000000 
 583      00
 584 00d6 0000     		.short	0
 585 00d8 00000000 		.word	0
 586 00dc 00000000 		.word	0
 587 00e0 1200     		.short	18
 588 00e2 02290000 		.ascii	"\002)\000\000\000"
 588      00
 589 00e7 00000000 		.space	11
 589      00000000 
 589      000000
 590 00f2 0200     		.short	2
 591 00f4 00000000 		.word	0
 592 00f8 11000000 		.word	17
 593 00fc 0200     		.short	2
 594 00fe 03282000 		.ascii	"\003( \000"
 595 0102 00000000 		.space	12
 595      00000000 
ARM GAS  C:\Users\pc\AppData\Local\Temp\cc6AP5S7.s 			page 12


 595      00000000 
 596 010e 0100     		.short	1
 597 0110 00000000 		.word	0
 598 0114 01000000 		.word	1
 599 0118 0400     		.short	4
 600 011a 04B000   		.ascii	"\004\260\000"
 601 011d 00000000 		.space	13
 601      00000000 
 601      00000000 
 601      00
 602 012a 0000     		.short	0
 603 012c 00000000 		.word	0
 604 0130 00000000 		.word	0
 605 0134 1200     		.short	18
 606 0136 02290000 		.ascii	"\002)\000\000\000"
 606      00
 607 013b 00000000 		.space	11
 607      00000000 
 607      000000
 608 0146 0200     		.short	2
 609 0148 00000000 		.word	0
 610 014c 11000000 		.word	17
 611              		.ident	"GCC: (GNU Arm Embedded Toolchain 10.3-2021.10) 10.3.1 20210824 (release)"
ARM GAS  C:\Users\pc\AppData\Local\Temp\cc6AP5S7.s 			page 13


DEFINED SYMBOLS
                            *ABS*:00000000 simple_ble_service.c
C:\Users\pc\AppData\Local\Temp\cc6AP5S7.s:16     .text.simp_ble_service_attr_read_cb:00000000 $t
C:\Users\pc\AppData\Local\Temp\cc6AP5S7.s:22     .text.simp_ble_service_attr_read_cb:00000000 simp_ble_service_attr_read_cb
C:\Users\pc\AppData\Local\Temp\cc6AP5S7.s:67     .text.simp_ble_service_attr_read_cb:00000048 $d
C:\Users\pc\AppData\Local\Temp\cc6AP5S7.s:510    .bss.simple_char_read_value:00000000 simple_char_read_value
C:\Users\pc\AppData\Local\Temp\cc6AP5S7.s:75     .text.simple_write_post_callback:00000000 $t
C:\Users\pc\AppData\Local\Temp\cc6AP5S7.s:81     .text.simple_write_post_callback:00000000 simple_write_post_callback
C:\Users\pc\AppData\Local\Temp\cc6AP5S7.s:102    .text.simple_write_post_callback:00000020 $d
C:\Users\pc\AppData\Local\Temp\cc6AP5S7.s:106    .text.simp_ble_service_attr_write_cb:00000000 $t
C:\Users\pc\AppData\Local\Temp\cc6AP5S7.s:112    .text.simp_ble_service_attr_write_cb:00000000 simp_ble_service_attr_write_cb
C:\Users\pc\AppData\Local\Temp\cc6AP5S7.s:178    .text.simp_ble_service_attr_write_cb:00000074 $d
C:\Users\pc\AppData\Local\Temp\cc6AP5S7.s:187    .text.simp_ble_service_cccd_update_cb:00000000 $t
C:\Users\pc\AppData\Local\Temp\cc6AP5S7.s:193    .text.simp_ble_service_cccd_update_cb:00000000 simp_ble_service_cccd_update_cb
C:\Users\pc\AppData\Local\Temp\cc6AP5S7.s:255    .text.simp_ble_service_cccd_update_cb:00000064 $d
C:\Users\pc\AppData\Local\Temp\cc6AP5S7.s:260    .text.simp_ble_service_set_parameter:00000000 $t
C:\Users\pc\AppData\Local\Temp\cc6AP5S7.s:266    .text.simp_ble_service_set_parameter:00000000 simp_ble_service_set_parameter
C:\Users\pc\AppData\Local\Temp\cc6AP5S7.s:299    .text.simp_ble_service_set_parameter:00000034 $d
C:\Users\pc\AppData\Local\Temp\cc6AP5S7.s:305    .text.simp_ble_service_send_v3_notify:00000000 $t
C:\Users\pc\AppData\Local\Temp\cc6AP5S7.s:311    .text.simp_ble_service_send_v3_notify:00000000 simp_ble_service_send_v3_notify
C:\Users\pc\AppData\Local\Temp\cc6AP5S7.s:339    .text.simp_ble_service_send_v3_notify:00000030 $d
C:\Users\pc\AppData\Local\Temp\cc6AP5S7.s:343    .text.simp_ble_service_send_v4_indicate:00000000 $t
C:\Users\pc\AppData\Local\Temp\cc6AP5S7.s:349    .text.simp_ble_service_send_v4_indicate:00000000 simp_ble_service_send_v4_indicate
C:\Users\pc\AppData\Local\Temp\cc6AP5S7.s:377    .text.simp_ble_service_send_v4_indicate:00000030 $d
C:\Users\pc\AppData\Local\Temp\cc6AP5S7.s:381    .text.simp_ble_service_add_service:00000000 $t
C:\Users\pc\AppData\Local\Temp\cc6AP5S7.s:387    .text.simp_ble_service_add_service:00000000 simp_ble_service_add_service
C:\Users\pc\AppData\Local\Temp\cc6AP5S7.s:428    .text.simp_ble_service_add_service:00000044 $d
C:\Users\pc\AppData\Local\Temp\cc6AP5S7.s:538    .rodata.simple_ble_service_tbl:00000000 simple_ble_service_tbl
C:\Users\pc\AppData\Local\Temp\cc6AP5S7.s:530    .rodata.simp_ble_service_cbs:00000000 simp_ble_service_cbs
C:\Users\pc\AppData\Local\Temp\cc6AP5S7.s:523    .data.v1_user_descr:00000000 v1_user_descr
C:\Users\pc\AppData\Local\Temp\cc6AP5S7.s:504    .bss.simp_service_id:00000000 simp_service_id
C:\Users\pc\AppData\Local\Temp\cc6AP5S7.s:440    .TRACE:00000000 $d
C:\Users\pc\AppData\Local\Temp\cc6AP5S7.s:447    .TRACE:00000000 format.7
C:\Users\pc\AppData\Local\Temp\cc6AP5S7.s:453    .TRACE:0000003c format.6
C:\Users\pc\AppData\Local\Temp\cc6AP5S7.s:459    .TRACE:00000094 format.5
C:\Users\pc\AppData\Local\Temp\cc6AP5S7.s:464    .TRACE:000000c8 format.4
C:\Users\pc\AppData\Local\Temp\cc6AP5S7.s:470    .TRACE:00000110 format.1
C:\Users\pc\AppData\Local\Temp\cc6AP5S7.s:476    .TRACE:00000150 format.8
C:\Users\pc\AppData\Local\Temp\cc6AP5S7.s:481    .TRACE:0000017c format.3
C:\Users\pc\AppData\Local\Temp\cc6AP5S7.s:486    .TRACE:000001a0 format.2
C:\Users\pc\AppData\Local\Temp\cc6AP5S7.s:491    .TRACE:000001c8 format.0
C:\Users\pc\AppData\Local\Temp\cc6AP5S7.s:494    .bss.pfn_simp_ble_service_cb:00000000 $d
C:\Users\pc\AppData\Local\Temp\cc6AP5S7.s:498    .bss.pfn_simp_ble_service_cb:00000000 pfn_simp_ble_service_cb
C:\Users\pc\AppData\Local\Temp\cc6AP5S7.s:505    .bss.simp_service_id:00000000 $d
C:\Users\pc\AppData\Local\Temp\cc6AP5S7.s:507    .bss.simple_char_read_value:00000000 $d
C:\Users\pc\AppData\Local\Temp\cc6AP5S7.s:513    .data.simple_char_read_len:00000000 $d
C:\Users\pc\AppData\Local\Temp\cc6AP5S7.s:517    .data.simple_char_read_len:00000000 simple_char_read_len
C:\Users\pc\AppData\Local\Temp\cc6AP5S7.s:520    .data.v1_user_descr:00000000 $d
C:\Users\pc\AppData\Local\Temp\cc6AP5S7.s:526    .rodata.simp_ble_service_cbs:00000000 $d
C:\Users\pc\AppData\Local\Temp\cc6AP5S7.s:535    .rodata.simple_ble_service_tbl:00000000 $d

UNDEFINED SYMBOLS
log_buffer
memcpy
server_send_data
server_add_service
